BASE_REVISION
358c163250ad3b1f62939b01ce1314a0a31a0365
BASE_SOURCE_CALLSITE
                        q_nope=q_nope,
                        q_rope=q_rope,
                        kv_bf16=kv_cache,
                        paged_kv_cache=None,
                        page_table_1_flattened=None,
                        page_table_1=page_table_1,
                        sm_scale=layer.scaling,
                        v_head_dim=layer.v_head_dim,
                        layer_id=layer.layer_id,
                    )

                # bf16 path (dsa_impl == "flashmla_sparse").
                if _has_prefix:
                    page_table_1_flattened = (
                        self.forward_metadata.page_table_1_flattened
                    )
                    assert page_table_1_flattened is not None
                    kv_cache = dequantize_k_cache_paged(
                        kv_cache, page_table_1_flattened
                    )
                else:
                    kv_cache = _cat([k, k_rope], dim=-1)

            if q_rope is not None:
                q_all = concat_mla_absorb_q_general(q_nope, q_rope)
            return self._forward_flashmla_sparse(
                q_all=q_all,
                kv_cache=kv_cache,
                page_table_1=page_table_1,
                sm_scale=layer.scaling,
                v_head_dim=layer.v_head_dim,
BASE_IMPORT_PROBE
Traceback (most recent call last):
  File "<string>", line 1, in <module>
ImportError: cannot import name 'dequantize_k_cache_paged_selective' from 'sglang.kernels.ops.attention.dsa.dequant_k_cache' (/job/repo/python/sglang/kernels/ops/attention/dsa/dequant_k_cache.py). Did you mean: '_dequantize_k_cache_paged_kernel'?
import_exit=1
