[aiter] WARNING: NUMA balancing is enabled, which may cause errors. It is recommended to disable NUMA balancing by running "sudo sh -c 'echo 0 > /proc/sys/kernel/numa_balancing'" for more details: https://rocm.docs.amd.com/en/latest/how-to/system-optimization/mi300x.html#disable-numa-auto-balancing
[aiter] import [module_aiter_core] under /tmp/amdpilot-repo-j-75a9018acd88/cache/aiter/module_aiter_core.so
[CI Test Method] TestDSAAttentionBackendCorrectness.test_sparse_fp8_prefill_cases
uu----.
=================================== FAILURES ===================================
_ TestDSAAttentionBackendCorrectness.test_sparse_fp8_prefill_cases (impl='flashmla_sparse') _

self = <unittests.dsa.test_dsa.TestDSAAttentionBackendCorrectness testMethod=test_sparse_fp8_prefill_cases>

    def test_sparse_fp8_prefill_cases(self):
        for impl in DSA_PREFILL_IMPL_VARIANTS:
            with self.subTest(impl=impl):
                # Each impl that isn't in `DSA_FP8_COMPATIBLE_PREFILL_IMPLS`
                # emits skipTest from the helper with the reason. The
                # `flashmla_sparse` impl hits the RAGGED-topk path; the
                # others stay on PAGED.
                case = (
                    self.FP8_PREFILL_RAGGED_CASE
                    if impl == "flashmla_sparse"
                    else self.FP8_PREFILL_PAGED_CASE
                )
>               run_dsa_sparse_fp8_prefill_case(self, case, dsa_prefill_backend=impl)

test/registered/attention/unittests/dsa/test_dsa.py:304: 
_ _ _ _ _ _ _ _ _ _ _ _ _ _ _ _ _ _ _ _ _ _ _ _ _ _ _ _ _ _ _ _ _ _ _ _ _ _ _ _ 
python/sglang/test/kits/attention_unittest/attention_methods/dsa_attention.py:1404: in run_dsa_sparse_fp8_prefill_case
    run_dsa_sparse_attention_case(
python/sglang/test/kits/attention_unittest/attention_methods/dsa_attention.py:1074: in run_dsa_sparse_attention_case
    fixture = build_dsa_sparse_attention_fixture(
python/sglang/test/kits/attention_unittest/attention_methods/dsa_attention.py:848: in build_dsa_sparse_attention_fixture
    runner = DSAMockModelRunner(
python/sglang/test/kits/attention_unittest/attention_methods/dsa_attention.py:393: in __init__
    self.token_to_kv_pool = DSATokenToKVPool(
_ _ _ _ _ _ _ _ _ _ _ _ _ _ _ _ _ _ _ _ _ _ _ _ _ _ _ _ _ _ _ _ _ _ _ _ _ _ _ _ 

self = <sglang.srt.mem_cache.memory_pool.DSATokenToKVPool object at 0x7d3d10b6cce0>
size = 2240, page_size = 64, kv_lora_rank = 512, dtype = torch.float8_e4m3fn
qk_rope_head_dim = 64, layer_num = 1, device = 'cuda', index_head_dim = 128
enable_memory_saver = False, kv_cache_dim = 656, start_layer = None
end_layer = None, index_buf_size = 2240, index_kpool = 1
index_kpool_compress = False, tail_extra_slots = 0, max_running_requests = None
skip_topk_layers = None

    def __init__(
        self,
        size: int,
        page_size: int,
        kv_lora_rank: int,
        dtype: torch.dtype,
        qk_rope_head_dim: int,
        layer_num: int,
        device: str,
        index_head_dim: int,
        enable_memory_saver: bool,
        kv_cache_dim: int,
        start_layer: Optional[int] = None,
        end_layer: Optional[int] = None,
        index_buf_size: Optional[int] = None,
        index_kpool: int = 1,
        index_kpool_compress: bool = False,
        tail_extra_slots: int = 0,
        max_running_requests: Optional[int] = None,
        skip_topk_layers: Optional[List[bool]] = None,
    ):
        override_dim = (
            kv_cache_dim if kv_cache_dim != kv_lora_rank + qk_rope_head_dim else None
        )
    
        super().__init__(
            size,
            page_size,
            dtype,
            kv_lora_rank,
            qk_rope_head_dim,
            layer_num,
            device,
            enable_memory_saver,
            start_layer,
            end_layer,
            use_dsa=True,
            override_kv_cache_dim=override_dim,
        )
        # self.index_k_dtype = torch.float8_e4m3fn
        # self.index_k_scale_dtype = torch.float32
        self.index_head_dim = index_head_dim
        self.index_kpool = index_kpool
        self.index_kpool_compress = index_kpool_compress
        self.tail_extra_slots = tail_extra_slots
        self.slots_per_page = self.page_size
        if index_buf_size is None:
            index_buf_size = size
        self.index_buf_size = index_buf_size
        # num head == 1 and head dim == 128 for index_k in DSA
        assert index_head_dim == 128
    
        self.skip_topk_layers = (
            list(skip_topk_layers)
            if skip_topk_layers is not None
            else [False] * layer_num
        )
        assert len(self.skip_topk_layers) == layer_num
    
        if _is_hip:
            if aiter_can_use_preshuffle_paged_mqa():
                assert self.page_size % 16 == 0, (
                    f"HIP preshuffle requires page_size to be a multiple of 16, got {self.page_size}"
                )
            else:
>               assert self.page_size == 1, (
                       ^^^^^^^^^^^^^^^^^^^
                    f"HIP legacy DSA path requires page_size == 1, got {self.page_size}"
E                   AssertionError: HIP legacy DSA path requires page_size == 1, got 64

python/sglang/srt/mem_cache/memory_pool.py:4854: AssertionError
_ TestDSAAttentionBackendCorrectness.test_sparse_fp8_prefill_cases (impl='flashmla_kv') _

self = <unittests.dsa.test_dsa.TestDSAAttentionBackendCorrectness testMethod=test_sparse_fp8_prefill_cases>

    def test_sparse_fp8_prefill_cases(self):
        for impl in DSA_PREFILL_IMPL_VARIANTS:
            with self.subTest(impl=impl):
                # Each impl that isn't in `DSA_FP8_COMPATIBLE_PREFILL_IMPLS`
                # emits skipTest from the helper with the reason. The
                # `flashmla_sparse` impl hits the RAGGED-topk path; the
                # others stay on PAGED.
                case = (
                    self.FP8_PREFILL_RAGGED_CASE
                    if impl == "flashmla_sparse"
                    else self.FP8_PREFILL_PAGED_CASE
                )
>               run_dsa_sparse_fp8_prefill_case(self, case, dsa_prefill_backend=impl)

test/registered/attention/unittests/dsa/test_dsa.py:304: 
_ _ _ _ _ _ _ _ _ _ _ _ _ _ _ _ _ _ _ _ _ _ _ _ _ _ _ _ _ _ _ _ _ _ _ _ _ _ _ _ 
python/sglang/test/kits/attention_unittest/attention_methods/dsa_attention.py:1404: in run_dsa_sparse_fp8_prefill_case
    run_dsa_sparse_attention_case(
python/sglang/test/kits/attention_unittest/attention_methods/dsa_attention.py:1074: in run_dsa_sparse_attention_case
    fixture = build_dsa_sparse_attention_fixture(
python/sglang/test/kits/attention_unittest/attention_methods/dsa_attention.py:848: in build_dsa_sparse_attention_fixture
    runner = DSAMockModelRunner(
python/sglang/test/kits/attention_unittest/attention_methods/dsa_attention.py:393: in __init__
    self.token_to_kv_pool = DSATokenToKVPool(
_ _ _ _ _ _ _ _ _ _ _ _ _ _ _ _ _ _ _ _ _ _ _ _ _ _ _ _ _ _ _ _ _ _ _ _ _ _ _ _ 

self = <sglang.srt.mem_cache.memory_pool.DSATokenToKVPool object at 0x7d3d1032a720>
size = 2240, page_size = 64, kv_lora_rank = 512, dtype = torch.float8_e4m3fn
qk_rope_head_dim = 64, layer_num = 1, device = 'cuda', index_head_dim = 128
enable_memory_saver = False, kv_cache_dim = 656, start_layer = None
end_layer = None, index_buf_size = 2240, index_kpool = 1
index_kpool_compress = False, tail_extra_slots = 0, max_running_requests = None
skip_topk_layers = None

    def __init__(
        self,
        size: int,
        page_size: int,
        kv_lora_rank: int,
        dtype: torch.dtype,
        qk_rope_head_dim: int,
        layer_num: int,
        device: str,
        index_head_dim: int,
        enable_memory_saver: bool,
        kv_cache_dim: int,
        start_layer: Optional[int] = None,
        end_layer: Optional[int] = None,
        index_buf_size: Optional[int] = None,
        index_kpool: int = 1,
        index_kpool_compress: bool = False,
        tail_extra_slots: int = 0,
        max_running_requests: Optional[int] = None,
        skip_topk_layers: Optional[List[bool]] = None,
    ):
        override_dim = (
            kv_cache_dim if kv_cache_dim != kv_lora_rank + qk_rope_head_dim else None
        )
    
        super().__init__(
            size,
            page_size,
            dtype,
            kv_lora_rank,
            qk_rope_head_dim,
            layer_num,
            device,
            enable_memory_saver,
            start_layer,
            end_layer,
            use_dsa=True,
            override_kv_cache_dim=override_dim,
        )
        # self.index_k_dtype = torch.float8_e4m3fn
        # self.index_k_scale_dtype = torch.float32
        self.index_head_dim = index_head_dim
        self.index_kpool = index_kpool
        self.index_kpool_compress = index_kpool_compress
        self.tail_extra_slots = tail_extra_slots
        self.slots_per_page = self.page_size
        if index_buf_size is None:
            index_buf_size = size
        self.index_buf_size = index_buf_size
        # num head == 1 and head dim == 128 for index_k in DSA
        assert index_head_dim == 128
    
        self.skip_topk_layers = (
            list(skip_topk_layers)
            if skip_topk_layers is not None
            else [False] * layer_num
        )
        assert len(self.skip_topk_layers) == layer_num
    
        if _is_hip:
            if aiter_can_use_preshuffle_paged_mqa():
                assert self.page_size % 16 == 0, (
                    f"HIP preshuffle requires page_size to be a multiple of 16, got {self.page_size}"
                )
            else:
>               assert self.page_size == 1, (
                       ^^^^^^^^^^^^^^^^^^^
                    f"HIP legacy DSA path requires page_size == 1, got {self.page_size}"
E                   AssertionError: HIP legacy DSA path requires page_size == 1, got 64

python/sglang/srt/mem_cache/memory_pool.py:4854: AssertionError
=============================== warnings summary ===============================
../../opt/venv/lib/python3.12/site-packages/_pytest/config/__init__.py:1434
  /opt/venv/lib/python3.12/site-packages/_pytest/config/__init__.py:1434: PytestConfigWarning: Unknown config option: asyncio_mode
  
    self._warn_or_fail_if_strict(f"Unknown config option: {key}\n")

../../opt/venv/lib/python3.12/site-packages/torch/jit/_script.py:365: 14 warnings
  /opt/venv/lib/python3.12/site-packages/torch/jit/_script.py:365: DeprecationWarning: `torch.jit.script_method` is deprecated. Please switch to `torch.compile` or `torch.export`.
    warnings.warn(

../../opt/venv/lib/python3.12/site-packages/Cython/Distutils/old_build_ext.py:15
../../opt/venv/lib/python3.12/site-packages/Cython/Distutils/old_build_ext.py:15
  /opt/venv/lib/python3.12/site-packages/Cython/Distutils/old_build_ext.py:15: DeprecationWarning: dep_util is Deprecated. Use functions from setuptools instead.
    from distutils.dep_util import newer, newer_group

-- Docs: https://docs.pytest.org/en/stable/how-to/capture-warnings.html
=========================== short test summary info ============================
SUBFAILED(impl='flashmla_sparse') test/registered/attention/unittests/dsa/test_dsa.py::TestDSAAttentionBackendCorrectness::test_sparse_fp8_prefill_cases
SUBFAILED(impl='flashmla_kv') test/registered/attention/unittests/dsa/test_dsa.py::TestDSAAttentionBackendCorrectness::test_sparse_fp8_prefill_cases
2 failed, 1 passed, 4 skipped, 15 deselected, 17 warnings in 21.87s
