[aiter] WARNING: NUMA balancing is enabled, which may cause errors. It is recommended to disable NUMA balancing by running "sudo sh -c 'echo 0 > /proc/sys/kernel/numa_balancing'" for more details: https://rocm.docs.amd.com/en/latest/how-to/system-optimization/mi300x.html#disable-numa-auto-balancing
[aiter] import [module_aiter_core] under /tmp/amdpilot-repo-j-d125a50639ad/cache/aiter/module_aiter_core.so
error: invalid instruction
        griddepcontrol.launch_dependents; // dummy s0
        ^
error: invalid instruction
        griddepcontrol.launch_dependents; // dummy s0
        ^
Traceback (most recent call last):
  File "/job/repo/python/sglang/srt/utils/common.py", line 3514, in retry
    return fn()
           ^^^^
  File "/job/repo/python/sglang/test/test_utils.py", line 2195, in <lambda>
    lambda: super(CustomTestCase, self)._callTestMethod(method),
            ^^^^^^^^^^^^^^^^^^^^^^^^^^^^^^^^^^^^^^^^^^^^^^^^^^^
  File "/usr/lib/python3.12/unittest/case.py", line 589, in _callTestMethod
    if method() is not None:
       ^^^^^^^^
  File "/job/repo/test/registered/kernels/ops/attention/test_fused_qk_rmsnorm_rope_gate.py", line 110, in test_matches_reference_for_1d_positions
    q_out, k_out, gate_out = self.call(positions)
                             ^^^^^^^^^^^^^^^^^^^^
  File "/job/repo/test/registered/kernels/ops/attention/test_fused_qk_rmsnorm_rope_gate.py", line 69, in call
    return fused_qk_gemma_rmsnorm_rope_gate(
           ^^^^^^^^^^^^^^^^^^^^^^^^^^^^^^^^^
  File "/job/repo/python/sglang/kernels/ops/attention/fused_qk_rmsnorm_rope_gate.py", line 193, in fused_qk_gemma_rmsnorm_rope_gate
    _fused_qk_rmsnorm_rope_gate_kernel[grid](
  File "/opt/venv/lib/python3.12/site-packages/triton/runtime/jit.py", line 370, in <lambda>
    return lambda *args, **kwargs: self.run(grid=grid, warmup=False, *args, **kwargs)
                                   ^^^^^^^^^^^^^^^^^^^^^^^^^^^^^^^^^^^^^^^^^^^^^^^^^^
  File "/opt/venv/lib/python3.12/site-packages/triton/runtime/jit.py", line 751, in run
    kernel = self._do_compile(key, signature, device, constexprs, options, attrs, warmup)
             ^^^^^^^^^^^^^^^^^^^^^^^^^^^^^^^^^^^^^^^^^^^^^^^^^^^^^^^^^^^^^^^^^^^^^^^^^^^^
  File "/opt/venv/lib/python3.12/site-packages/triton/runtime/jit.py", line 896, in _do_compile
    kernel = self.compile(src, target=target, options=options.__dict__)
             ^^^^^^^^^^^^^^^^^^^^^^^^^^^^^^^^^^^^^^^^^^^^^^^^^^^^^^^^^^
  File "/opt/venv/lib/python3.12/site-packages/triton/compiler/compiler.py", line 327, in compile
    next_module = compile_ir(module, metadata)
                  ^^^^^^^^^^^^^^^^^^^^^^^^^^^^
  File "/opt/venv/lib/python3.12/site-packages/triton/backends/amd/compiler.py", line 574, in <lambda>
    stages["hsaco"] = lambda src, metadata: self.make_hsaco(src, metadata, options)
                                            ^^^^^^^^^^^^^^^^^^^^^^^^^^^^^^^^^^^^^^^
  File "/opt/venv/lib/python3.12/site-packages/triton/backends/amd/compiler.py", line 561, in make_hsaco
    amd.link_hsaco(tmp_in.name, tmp_out.name)
RuntimeError: LLD failed to link hsaco source /tmp/tmpyherw33v into object file /tmp/tmp6ip94g_p because ld.lld: error: target emulation unknown: -m or at least one .o file required

Eerror: invalid instruction
        griddepcontrol.launch_dependents; // dummy s0
        ^
error: invalid instruction
        griddepcontrol.launch_dependents; // dummy s0
        ^
Eerror: invalid instruction
        griddepcontrol.launch_dependents; // dummy s0
        ^
error: invalid instruction
        griddepcontrol.launch_dependents; // dummy s0
        ^
Eerror: invalid instruction
        griddepcontrol.launch_dependents; // dummy s0
        ^
error: invalid instruction
        griddepcontrol.launch_dependents; // dummy s0
        ^
E.
======================================================================
ERROR: test_matches_reference_for_1d_positions (__main__.TestFusedQKRMSNormRoPEGate.test_matches_reference_for_1d_positions)
----------------------------------------------------------------------
Traceback (most recent call last):
  File "/job/repo/python/sglang/srt/utils/common.py", line 3514, in retry
    return fn()
           ^^^^
  File "/job/repo/python/sglang/test/test_utils.py", line 2195, in <lambda>
    lambda: super(CustomTestCase, self)._callTestMethod(method),
            ^^^^^^^^^^^^^^^^^^^^^^^^^^^^^^^^^^^^^^^^^^^^^^^^^^^
  File "/usr/lib/python3.12/unittest/case.py", line 589, in _callTestMethod
    if method() is not None:
       ^^^^^^^^
  File "/job/repo/test/registered/kernels/ops/attention/test_fused_qk_rmsnorm_rope_gate.py", line 110, in test_matches_reference_for_1d_positions
    q_out, k_out, gate_out = self.call(positions)
                             ^^^^^^^^^^^^^^^^^^^^
  File "/job/repo/test/registered/kernels/ops/attention/test_fused_qk_rmsnorm_rope_gate.py", line 69, in call
    return fused_qk_gemma_rmsnorm_rope_gate(
           ^^^^^^^^^^^^^^^^^^^^^^^^^^^^^^^^^
  File "/job/repo/python/sglang/kernels/ops/attention/fused_qk_rmsnorm_rope_gate.py", line 193, in fused_qk_gemma_rmsnorm_rope_gate
    _fused_qk_rmsnorm_rope_gate_kernel[grid](
  File "/opt/venv/lib/python3.12/site-packages/triton/runtime/jit.py", line 370, in <lambda>
    return lambda *args, **kwargs: self.run(grid=grid, warmup=False, *args, **kwargs)
                                   ^^^^^^^^^^^^^^^^^^^^^^^^^^^^^^^^^^^^^^^^^^^^^^^^^^
  File "/opt/venv/lib/python3.12/site-packages/triton/runtime/jit.py", line 751, in run
    kernel = self._do_compile(key, signature, device, constexprs, options, attrs, warmup)
             ^^^^^^^^^^^^^^^^^^^^^^^^^^^^^^^^^^^^^^^^^^^^^^^^^^^^^^^^^^^^^^^^^^^^^^^^^^^^
  File "/opt/venv/lib/python3.12/site-packages/triton/runtime/jit.py", line 896, in _do_compile
    kernel = self.compile(src, target=target, options=options.__dict__)
             ^^^^^^^^^^^^^^^^^^^^^^^^^^^^^^^^^^^^^^^^^^^^^^^^^^^^^^^^^^
  File "/opt/venv/lib/python3.12/site-packages/triton/compiler/compiler.py", line 327, in compile
    next_module = compile_ir(module, metadata)
                  ^^^^^^^^^^^^^^^^^^^^^^^^^^^^
  File "/opt/venv/lib/python3.12/site-packages/triton/backends/amd/compiler.py", line 574, in <lambda>
    stages["hsaco"] = lambda src, metadata: self.make_hsaco(src, metadata, options)
                                            ^^^^^^^^^^^^^^^^^^^^^^^^^^^^^^^^^^^^^^^
  File "/opt/venv/lib/python3.12/site-packages/triton/backends/amd/compiler.py", line 561, in make_hsaco
    amd.link_hsaco(tmp_in.name, tmp_out.name)
RuntimeError: LLD failed to link hsaco source /tmp/tmpyherw33v into object file /tmp/tmp6ip94g_p because ld.lld: error: target emulation unknown: -m or at least one .o file required


During handling of the above exception, another exception occurred:

Traceback (most recent call last):
  File "/job/repo/python/sglang/test/test_utils.py", line 2194, in _callTestMethod
    retry(
  File "/job/repo/python/sglang/srt/utils/common.py", line 3529, in retry
    raise Exception(f"retry() exceed maximum number of retries.")
Exception: retry() exceed maximum number of retries.

======================================================================
ERROR: test_mrope_matches_the_rotary_module (__main__.TestFusedQKRMSNormRoPEGate.test_mrope_matches_the_rotary_module) (section=[11, 11, 10], interleaved=False)
With t == h == w every layout agrees, so only distinct rows catch a wrong
----------------------------------------------------------------------
Traceback (most recent call last):
  File "/job/repo/test/registered/kernels/ops/attention/test_fused_qk_rmsnorm_rope_gate.py", line 171, in test_mrope_matches_the_rotary_module
    q_out, k_out, _gate = self.call(
                          ^^^^^^^^^^
  File "/job/repo/test/registered/kernels/ops/attention/test_fused_qk_rmsnorm_rope_gate.py", line 69, in call
    return fused_qk_gemma_rmsnorm_rope_gate(
           ^^^^^^^^^^^^^^^^^^^^^^^^^^^^^^^^^
  File "/job/repo/python/sglang/kernels/ops/attention/fused_qk_rmsnorm_rope_gate.py", line 193, in fused_qk_gemma_rmsnorm_rope_gate
    _fused_qk_rmsnorm_rope_gate_kernel[grid](
  File "/opt/venv/lib/python3.12/site-packages/triton/runtime/jit.py", line 370, in <lambda>
    return lambda *args, **kwargs: self.run(grid=grid, warmup=False, *args, **kwargs)
                                   ^^^^^^^^^^^^^^^^^^^^^^^^^^^^^^^^^^^^^^^^^^^^^^^^^^
  File "/opt/venv/lib/python3.12/site-packages/triton/runtime/jit.py", line 751, in run
    kernel = self._do_compile(key, signature, device, constexprs, options, attrs, warmup)
             ^^^^^^^^^^^^^^^^^^^^^^^^^^^^^^^^^^^^^^^^^^^^^^^^^^^^^^^^^^^^^^^^^^^^^^^^^^^^
  File "/opt/venv/lib/python3.12/site-packages/triton/runtime/jit.py", line 896, in _do_compile
    kernel = self.compile(src, target=target, options=options.__dict__)
             ^^^^^^^^^^^^^^^^^^^^^^^^^^^^^^^^^^^^^^^^^^^^^^^^^^^^^^^^^^
  File "/opt/venv/lib/python3.12/site-packages/triton/compiler/compiler.py", line 327, in compile
    next_module = compile_ir(module, metadata)
                  ^^^^^^^^^^^^^^^^^^^^^^^^^^^^
  File "/opt/venv/lib/python3.12/site-packages/triton/backends/amd/compiler.py", line 574, in <lambda>
    stages["hsaco"] = lambda src, metadata: self.make_hsaco(src, metadata, options)
                                            ^^^^^^^^^^^^^^^^^^^^^^^^^^^^^^^^^^^^^^^
  File "/opt/venv/lib/python3.12/site-packages/triton/backends/amd/compiler.py", line 561, in make_hsaco
    amd.link_hsaco(tmp_in.name, tmp_out.name)
RuntimeError: LLD failed to link hsaco source /tmp/tmpywy52cd_ into object file /tmp/tmplymsvn0i because ld.lld: error: target emulation unknown: -m or at least one .o file required


======================================================================
ERROR: test_mrope_matches_the_rotary_module (__main__.TestFusedQKRMSNormRoPEGate.test_mrope_matches_the_rotary_module) (section=[11, 11, 10], interleaved=True)
With t == h == w every layout agrees, so only distinct rows catch a wrong
----------------------------------------------------------------------
Traceback (most recent call last):
  File "/job/repo/test/registered/kernels/ops/attention/test_fused_qk_rmsnorm_rope_gate.py", line 171, in test_mrope_matches_the_rotary_module
    q_out, k_out, _gate = self.call(
                          ^^^^^^^^^^
  File "/job/repo/test/registered/kernels/ops/attention/test_fused_qk_rmsnorm_rope_gate.py", line 69, in call
    return fused_qk_gemma_rmsnorm_rope_gate(
           ^^^^^^^^^^^^^^^^^^^^^^^^^^^^^^^^^
  File "/job/repo/python/sglang/kernels/ops/attention/fused_qk_rmsnorm_rope_gate.py", line 193, in fused_qk_gemma_rmsnorm_rope_gate
    _fused_qk_rmsnorm_rope_gate_kernel[grid](
  File "/opt/venv/lib/python3.12/site-packages/triton/runtime/jit.py", line 370, in <lambda>
    return lambda *args, **kwargs: self.run(grid=grid, warmup=False, *args, **kwargs)
                                   ^^^^^^^^^^^^^^^^^^^^^^^^^^^^^^^^^^^^^^^^^^^^^^^^^^
  File "/opt/venv/lib/python3.12/site-packages/triton/runtime/jit.py", line 751, in run
    kernel = self._do_compile(key, signature, device, constexprs, options, attrs, warmup)
             ^^^^^^^^^^^^^^^^^^^^^^^^^^^^^^^^^^^^^^^^^^^^^^^^^^^^^^^^^^^^^^^^^^^^^^^^^^^^
  File "/opt/venv/lib/python3.12/site-packages/triton/runtime/jit.py", line 896, in _do_compile
    kernel = self.compile(src, target=target, options=options.__dict__)
             ^^^^^^^^^^^^^^^^^^^^^^^^^^^^^^^^^^^^^^^^^^^^^^^^^^^^^^^^^^
  File "/opt/venv/lib/python3.12/site-packages/triton/compiler/compiler.py", line 327, in compile
    next_module = compile_ir(module, metadata)
                  ^^^^^^^^^^^^^^^^^^^^^^^^^^^^
  File "/opt/venv/lib/python3.12/site-packages/triton/backends/amd/compiler.py", line 574, in <lambda>
    stages["hsaco"] = lambda src, metadata: self.make_hsaco(src, metadata, options)
                                            ^^^^^^^^^^^^^^^^^^^^^^^^^^^^^^^^^^^^^^^
  File "/opt/venv/lib/python3.12/site-packages/triton/backends/amd/compiler.py", line 561, in make_hsaco
    amd.link_hsaco(tmp_in.name, tmp_out.name)
RuntimeError: LLD failed to link hsaco source /tmp/tmpujs38tb0 into object file /tmp/tmp9we5j3gb because ld.lld: error: target emulation unknown: -m or at least one .o file required


======================================================================
ERROR: test_mrope_matches_the_rotary_module (__main__.TestFusedQKRMSNormRoPEGate.test_mrope_matches_the_rotary_module) (section=[24, 20, 20], interleaved=True)
With t == h == w every layout agrees, so only distinct rows catch a wrong
----------------------------------------------------------------------
Traceback (most recent call last):
  File "/job/repo/test/registered/kernels/ops/attention/test_fused_qk_rmsnorm_rope_gate.py", line 171, in test_mrope_matches_the_rotary_module
    q_out, k_out, _gate = self.call(
                          ^^^^^^^^^^
  File "/job/repo/test/registered/kernels/ops/attention/test_fused_qk_rmsnorm_rope_gate.py", line 69, in call
    return fused_qk_gemma_rmsnorm_rope_gate(
           ^^^^^^^^^^^^^^^^^^^^^^^^^^^^^^^^^
  File "/job/repo/python/sglang/kernels/ops/attention/fused_qk_rmsnorm_rope_gate.py", line 193, in fused_qk_gemma_rmsnorm_rope_gate
    _fused_qk_rmsnorm_rope_gate_kernel[grid](
  File "/opt/venv/lib/python3.12/site-packages/triton/runtime/jit.py", line 370, in <lambda>
    return lambda *args, **kwargs: self.run(grid=grid, warmup=False, *args, **kwargs)
                                   ^^^^^^^^^^^^^^^^^^^^^^^^^^^^^^^^^^^^^^^^^^^^^^^^^^
  File "/opt/venv/lib/python3.12/site-packages/triton/runtime/jit.py", line 751, in run
    kernel = self._do_compile(key, signature, device, constexprs, options, attrs, warmup)
             ^^^^^^^^^^^^^^^^^^^^^^^^^^^^^^^^^^^^^^^^^^^^^^^^^^^^^^^^^^^^^^^^^^^^^^^^^^^^
  File "/opt/venv/lib/python3.12/site-packages/triton/runtime/jit.py", line 896, in _do_compile
    kernel = self.compile(src, target=target, options=options.__dict__)
             ^^^^^^^^^^^^^^^^^^^^^^^^^^^^^^^^^^^^^^^^^^^^^^^^^^^^^^^^^^
  File "/opt/venv/lib/python3.12/site-packages/triton/compiler/compiler.py", line 327, in compile
    next_module = compile_ir(module, metadata)
                  ^^^^^^^^^^^^^^^^^^^^^^^^^^^^
  File "/opt/venv/lib/python3.12/site-packages/triton/backends/amd/compiler.py", line 574, in <lambda>
    stages["hsaco"] = lambda src, metadata: self.make_hsaco(src, metadata, options)
                                            ^^^^^^^^^^^^^^^^^^^^^^^^^^^^^^^^^^^^^^^
  File "/opt/venv/lib/python3.12/site-packages/triton/backends/amd/compiler.py", line 561, in make_hsaco
    amd.link_hsaco(tmp_in.name, tmp_out.name)
RuntimeError: LLD failed to link hsaco source /tmp/tmp01u2i56_ into object file /tmp/tmpqtpnusnd because ld.lld: error: target emulation unknown: -m or at least one .o file required


----------------------------------------------------------------------
Ran 3 tests in 2.113s

FAILED (errors=4)
