EEEEE
======================================================================
ERROR: test_clear_handles_missing_base_directory (__main__.TestNixlFileManagerClear.test_clear_handles_missing_base_directory)
----------------------------------------------------------------------
Traceback (most recent call last):
  File "/job/repo/test/registered/unit/mem_cache/test_hicache_nixl_file_manager.py", line 61, in test_clear_handles_missing_base_directory
    self.manager.clear(suffix="_model-a_0_1")
TypeError: NixlFileManager.clear() got an unexpected keyword argument 'suffix'

======================================================================
ERROR: test_clear_only_removes_the_calling_instance_files (__main__.TestNixlFileManagerClear.test_clear_only_removes_the_calling_instance_files)
----------------------------------------------------------------------
Traceback (most recent call last):
  File "/job/repo/test/registered/unit/mem_cache/test_hicache_nixl_file_manager.py", line 42, in test_clear_only_removes_the_calling_instance_files
    self.manager.clear(suffix="_model-a_0_1")
TypeError: NixlFileManager.clear() got an unexpected keyword argument 'suffix'

======================================================================
ERROR: test_clear_rejects_empty_or_degenerate_scope (__main__.TestNixlFileManagerClear.test_clear_rejects_empty_or_degenerate_scope) (suffix=None)
----------------------------------------------------------------------
Traceback (most recent call last):
  File "/job/repo/test/registered/unit/mem_cache/test_hicache_nixl_file_manager.py", line 54, in test_clear_rejects_empty_or_degenerate_scope
    self.manager.clear(suffix=suffix)
TypeError: NixlFileManager.clear() got an unexpected keyword argument 'suffix'

======================================================================
ERROR: test_clear_rejects_empty_or_degenerate_scope (__main__.TestNixlFileManagerClear.test_clear_rejects_empty_or_degenerate_scope) (suffix='')
----------------------------------------------------------------------
Traceback (most recent call last):
  File "/job/repo/test/registered/unit/mem_cache/test_hicache_nixl_file_manager.py", line 54, in test_clear_rejects_empty_or_degenerate_scope
    self.manager.clear(suffix=suffix)
TypeError: NixlFileManager.clear() got an unexpected keyword argument 'suffix'

======================================================================
ERROR: test_clear_rejects_empty_or_degenerate_scope (__main__.TestNixlFileManagerClear.test_clear_rejects_empty_or_degenerate_scope) (suffix='_')
----------------------------------------------------------------------
Traceback (most recent call last):
  File "/job/repo/test/registered/unit/mem_cache/test_hicache_nixl_file_manager.py", line 54, in test_clear_rejects_empty_or_degenerate_scope
    self.manager.clear(suffix=suffix)
TypeError: NixlFileManager.clear() got an unexpected keyword argument 'suffix'

----------------------------------------------------------------------
Ran 3 tests in 0.065s

FAILED (errors=5)
