

============================ ROCm System Management Interface ============================
======================================= Unique ID ========================================
GPU[0]		: Unique ID: 0x5fb42ff90866060e
==========================================================================================
====================================== Product Info ======================================
GPU[0]		: Card Series: 		AMD Instinct MI350X
GPU[0]		: Card Model: 		0x75a0
GPU[0]		: Card Vendor: 		Advanced Micro Devices, Inc. [AMD/ATI]
GPU[0]		: Card SKU: 		N/A
GPU[0]		: Subsystem ID: 	0x75a0
GPU[0]		: Device Rev: 		0x00
GPU[0]		: Node ID: 		8
GPU[0]		: GUID: 		58070
GPU[0]		: GFX Version: 		gfx950
==========================================================================================
================================== End of ROCm SMI Log ===================================
torch 2.11.0+rocm7.2
hip 7.2.26015
cuda_available True
device_count 1
device0 AMD Instinct MI350X
arch gfx950:sramecc+:xnack-
