{
  "device": "AMD Instinct MI355X",
  "torch": "2.11.0+rocm7.2",
  "cold_compile_and_rollout_seconds": 2.007451125071384,
  "warm_rollout_seconds": 0.0008126389002427459,
  "full_trajectory_passed": true,
  "reset_short_history_passed": true,
  "perturbation_rejected": true,
  "perturbation_failures": [
    "tensor:state:1:max_abs",
    "tensor:state:1:mae",
    "tensor:state:1:cosine_similarity"
  ],
  "per_step_metrics": [
    {
      "max_abs": 5.960464477539063e-08,
      "mae": 4.6566128730773926e-09,
      "max_relative": 9.928639886543447e-08,
      "cosine_similarity": 0.9999999999999998
    },
    {
      "max_abs": 5.960464477539063e-08,
      "mae": 1.0593794286251068e-08,
      "max_relative": 9.363777001182528e-07,
      "cosine_similarity": 0.9999999999999993
    },
    {
      "max_abs": 1.1920928955078125e-07,
      "mae": 1.618172973394394e-08,
      "max_relative": 2.7137764692852234e-06,
      "cosine_similarity": 0.9999999999999986
    },
    {
      "max_abs": 1.1920928955078125e-07,
      "mae": 1.6123522073030472e-08,
      "max_relative": 1.826628939168119e-06,
      "cosine_similarity": 0.9999999999999989
    }
  ]
}
