F                                                                        [100%]
=================================== FAILURES ===================================
_______ TestRidToStateCleanupOnAbort.test_abort_releases_lora_reference ________

self = <test_tokenizer_manager_rid_cleanup.TestRidToStateCleanupOnAbort testMethod=test_abort_releases_lora_reference>

    def test_abort_releases_lora_reference(self):
        """Direct abort should release the request's acquired LoRA reference."""
    
        async def run():
            tm = _make_tokenizer_manager(self)
            tm.enable_lora = True
            tm.lora_registry = MagicMock()
            tm.lora_registry.release = AsyncMock()
            rid = "abort_lora_rid"
            state = _make_req_state(rid)
            state.obj.lora_path = "abort_lora_path"
            state.obj.lora_id = "abort_lora_id"
            tm.rid_to_state[rid] = state
    
            tm._handle_abort_req(_make_abort_req(rid))
            await asyncio.sleep(0)
    
            tm.lora_registry.release.assert_awaited_once_with("abort_lora_id")
    
>       asyncio.run(run())

test/registered/unit/managers/test_tokenizer_manager_rid_cleanup.py:293: 
_ _ _ _ _ _ _ _ _ _ _ _ _ _ _ _ _ _ _ _ _ _ _ _ _ _ _ _ _ _ _ _ _ _ _ _ _ _ _ _ 
/usr/lib/python3.12/asyncio/runners.py:194: in run
    return runner.run(main)
           ^^^^^^^^^^^^^^^^
/usr/lib/python3.12/asyncio/runners.py:118: in run
    return self._loop.run_until_complete(task)
           ^^^^^^^^^^^^^^^^^^^^^^^^^^^^^^^^^^^
uvloop/loop.pyx:1518: in uvloop.loop.Loop.run_until_complete
    ???
test/registered/unit/managers/test_tokenizer_manager_rid_cleanup.py:291: in run
    tm.lora_registry.release.assert_awaited_once_with("abort_lora_id")
_ _ _ _ _ _ _ _ _ _ _ _ _ _ _ _ _ _ _ _ _ _ _ _ _ _ _ _ _ _ _ _ _ _ _ _ _ _ _ _ 

self = <AsyncMock name='mock.release' id='134093383964704'>
args = ('abort_lora_id',), kwargs = {}
msg = 'Expected release to have been awaited once. Awaited 0 times.'

    def assert_awaited_once_with(self, /, *args, **kwargs):
        """
        Assert that the mock was awaited exactly once and with the specified
        arguments.
        """
        if not self.await_count == 1:
            msg = (f"Expected {self._mock_name or 'mock'} to have been awaited once."
                   f" Awaited {self.await_count} times.")
>           raise AssertionError(msg)
E           AssertionError: Expected release to have been awaited once. Awaited 0 times.

/usr/lib/python3.12/unittest/mock.py:2333: AssertionError

During handling of the above exception, another exception occurred:
python/sglang/test/test_utils.py:2194: in _callTestMethod
    retry(
_ _ _ _ _ _ _ _ _ _ _ _ _ _ _ _ _ _ _ _ _ _ _ _ _ _ _ _ _ _ _ _ _ _ _ _ _ _ _ _ 

fn = <function CustomTestCase._callTestMethod.<locals>.<lambda> at 0x79f50c9b3420>
max_retry = 0, initial_delay = 2.0, max_delay = 60.0
should_retry = <function <lambda> at 0x79fdf299f880>

    def retry(
        fn,
        max_retry: int,
        initial_delay: float = 2.0,
        max_delay: float = 60.0,
        should_retry: Callable[[Any], bool] = lambda e: True,
    ):
        for try_index in itertools.count():
            try:
                return fn()
            except SkipTest:
                # Do NOT retry skipped tests - used in CI and unittest
                raise
            except _ShouldStop:
                # `unittest.case._ShouldStop` is raised by `subTest.__exit__`
                # when a subtest fails/skips and `result.failfast` is True
                # (CI invokes `python3 file.py -f`). It signals the outer
                # `testPartExecutor` to stop the test method cleanly; do
                # NOT retry, just propagate so unittest handles it.
                raise
            except Exception as e:
                traceback.print_exc()
    
                if try_index >= max_retry:
>                   raise Exception(f"retry() exceed maximum number of retries.")
E                   Exception: retry() exceed maximum number of retries.

python/sglang/srt/utils/common.py:3529: Exception
----------------------------- Captured stdout call -----------------------------
[CI Test Method] TestRidToStateCleanupOnAbort.test_abort_releases_lora_reference
----------------------------- Captured stderr call -----------------------------
Traceback (most recent call last):
  File "/job/repo/python/sglang/srt/utils/common.py", line 3514, in retry
    return fn()
           ^^^^
  File "/job/repo/python/sglang/test/test_utils.py", line 2195, in <lambda>
    lambda: super(CustomTestCase, self)._callTestMethod(method),
            ^^^^^^^^^^^^^^^^^^^^^^^^^^^^^^^^^^^^^^^^^^^^^^^^^^^
  File "/usr/lib/python3.12/unittest/case.py", line 589, in _callTestMethod
    if method() is not None:
       ^^^^^^^^
  File "/job/repo/test/registered/unit/managers/test_tokenizer_manager_rid_cleanup.py", line 293, in test_abort_releases_lora_reference
    asyncio.run(run())
  File "/usr/lib/python3.12/asyncio/runners.py", line 194, in run
    return runner.run(main)
           ^^^^^^^^^^^^^^^^
  File "/usr/lib/python3.12/asyncio/runners.py", line 118, in run
    return self._loop.run_until_complete(task)
           ^^^^^^^^^^^^^^^^^^^^^^^^^^^^^^^^^^^
  File "uvloop/loop.pyx", line 1518, in uvloop.loop.Loop.run_until_complete
  File "/job/repo/test/registered/unit/managers/test_tokenizer_manager_rid_cleanup.py", line 291, in run
    tm.lora_registry.release.assert_awaited_once_with("abort_lora_id")
  File "/usr/lib/python3.12/unittest/mock.py", line 2333, in assert_awaited_once_with
    raise AssertionError(msg)
AssertionError: Expected release to have been awaited once. Awaited 0 times.
=============================== warnings summary ===============================
../../opt/venv/lib/python3.12/site-packages/_pytest/config/__init__.py:1434
  /opt/venv/lib/python3.12/site-packages/_pytest/config/__init__.py:1434: PytestConfigWarning: Unknown config option: asyncio_mode
  
    self._warn_or_fail_if_strict(f"Unknown config option: {key}\n")

../../opt/venv/lib/python3.12/site-packages/torch/jit/_script.py:365: 14 warnings
  /opt/venv/lib/python3.12/site-packages/torch/jit/_script.py:365: DeprecationWarning: `torch.jit.script_method` is deprecated. Please switch to `torch.compile` or `torch.export`.
    warnings.warn(

../../opt/venv/lib/python3.12/site-packages/Cython/Distutils/old_build_ext.py:15
../../opt/venv/lib/python3.12/site-packages/Cython/Distutils/old_build_ext.py:15
  /opt/venv/lib/python3.12/site-packages/Cython/Distutils/old_build_ext.py:15: DeprecationWarning: dep_util is Deprecated. Use functions from setuptools instead.
    from distutils.dep_util import newer, newer_group

-- Docs: https://docs.pytest.org/en/stable/how-to/capture-warnings.html
=========================== short test summary info ============================
FAILED test/registered/unit/managers/test_tokenizer_manager_rid_cleanup.py::TestRidToStateCleanupOnAbort::test_abort_releases_lora_reference
1 failed, 17 warnings in 19.79s
