.F.F.                                                                    [100%]
=================================== FAILURES ===================================
_ TestQwen35GptqBaProjection.test_gptq_marlin_incompatible_width_is_unquantized _

self = <test_qwen3_5_gptq_ba_projection.TestQwen35GptqBaProjection testMethod=test_gptq_marlin_incompatible_width_is_unquantized>

    def test_gptq_marlin_incompatible_width_is_unquantized(self):
        actual, _ = self._create("gptq_marlin")
>       self.assertIsNone(actual)
E       AssertionError: <test_qwen3_5_gptq_ba_projection._QuantConfig object at 0x7a29b9c89040> is not None

../review-evidence-j-5a1612f34970/candidate/test_qwen3_5_gptq_ba_projection.py:41: AssertionError
_ TestQwen35GptqBaProjection.test_tensor_parallel_local_width_controls_compatibility _

self = <test_qwen3_5_gptq_ba_projection.TestQwen35GptqBaProjection testMethod=test_tensor_parallel_local_width_controls_compatibility>

    def test_tensor_parallel_local_width_controls_compatibility(self):
        actual, _ = self._create("gptq_marlin", num_v_heads=48, tp_size=2)
>       self.assertIsNone(actual)
E       AssertionError: <test_qwen3_5_gptq_ba_projection._QuantConfig object at 0x7a29b9c89280> is not None

../review-evidence-j-5a1612f34970/candidate/test_qwen3_5_gptq_ba_projection.py:49: AssertionError
=============================== warnings summary ===============================
../../opt/venv/lib/python3.12/site-packages/torch/jit/_script.py:365: 14 warnings
  /opt/venv/lib/python3.12/site-packages/torch/jit/_script.py:365: DeprecationWarning: `torch.jit.script_method` is deprecated. Please switch to `torch.compile` or `torch.export`.
    warnings.warn(

../../opt/venv/lib/python3.12/site-packages/Cython/Distutils/old_build_ext.py:15
../../opt/venv/lib/python3.12/site-packages/Cython/Distutils/old_build_ext.py:15
  /opt/venv/lib/python3.12/site-packages/Cython/Distutils/old_build_ext.py:15: DeprecationWarning: dep_util is Deprecated. Use functions from setuptools instead.
    from distutils.dep_util import newer, newer_group

-- Docs: https://docs.pytest.org/en/stable/how-to/capture-warnings.html
=========================== short test summary info ============================
FAILED ../review-evidence-j-5a1612f34970/candidate/test_qwen3_5_gptq_ba_projection.py::TestQwen35GptqBaProjection::test_gptq_marlin_incompatible_width_is_unquantized
FAILED ../review-evidence-j-5a1612f34970/candidate/test_qwen3_5_gptq_ba_projection.py::TestQwen35GptqBaProjection::test_tensor_parallel_local_width_controls_compatibility
2 failed, 3 passed, 16 warnings in 8.90s
