[aiter] WARNING: NUMA balancing is enabled, which may cause errors. It is recommended to disable NUMA balancing by running "sudo sh -c 'echo 0 > /proc/sys/kernel/numa_balancing'" for more details: https://rocm.docs.amd.com/en/latest/how-to/system-optimization/mi300x.html#disable-numa-auto-balancing
[aiter] import [module_aiter_core] under /tmp/amdpilot-repo-j-597c6457584a/cache/aiter/module_aiter_core.so
[CI Test Method] Test_FULL_SWA_MAMBA_ps1_sw128_h8l32.test_swa_branch_does_not_rekey_later_mamba_checkpoint
Traceback (most recent call last):
  File "/job/repo/python/sglang/srt/utils/common.py", line 3514, in retry
    return fn()
           ^^^^
  File "/job/repo/python/sglang/test/test_utils.py", line 2195, in <lambda>
    lambda: super(CustomTestCase, self)._callTestMethod(method),
            ^^^^^^^^^^^^^^^^^^^^^^^^^^^^^^^^^^^^^^^^^^^^^^^^^^^
  File "/usr/lib/python3.12/unittest/case.py", line 589, in _callTestMethod
    if method() is not None:
       ^^^^^^^^
  File "/job/repo/test/registered/unit/mem_cache/test_unified_radix_cache_unittest.py", line 6020, in test_swa_branch_does_not_rekey_later_mamba_checkpoint
    self.assertEqual(effective_len, 192)
  File "/usr/lib/python3.12/unittest/case.py", line 885, in assertEqual
    assertion_func(first, second, msg=msg)
  File "/usr/lib/python3.12/unittest/case.py", line 878, in _baseAssertEqual
    raise self.failureException(msg)
AssertionError: 96 != 192
E
======================================================================
ERROR: test_swa_branch_does_not_rekey_later_mamba_checkpoint (test_unified_radix_cache_unittest.Test_FULL_SWA_MAMBA_ps1_sw128_h8l32.test_swa_branch_does_not_rekey_later_mamba_checkpoint)
----------------------------------------------------------------------
Traceback (most recent call last):
  File "/job/repo/python/sglang/srt/utils/common.py", line 3514, in retry
    return fn()
           ^^^^
  File "/job/repo/python/sglang/test/test_utils.py", line 2195, in <lambda>
    lambda: super(CustomTestCase, self)._callTestMethod(method),
            ^^^^^^^^^^^^^^^^^^^^^^^^^^^^^^^^^^^^^^^^^^^^^^^^^^^
AssertionError: 96 != 192

During handling of the above exception, another exception occurred:

Traceback (most recent call last):
  File "/job/repo/python/sglang/test/test_utils.py", line 2194, in _callTestMethod
    retry(
  File "/job/repo/python/sglang/srt/utils/common.py", line 3529, in retry
    raise Exception(f"retry() exceed maximum number of retries.")
Exception: retry() exceed maximum number of retries.

----------------------------------------------------------------------
Ran 1 test in 0.472s

FAILED (errors=1)
