[aiter] WARNING: NUMA balancing is enabled, which may cause errors. It is recommended to disable NUMA balancing by running "sudo sh -c 'echo 0 > /proc/sys/kernel/numa_balancing'" for more details: https://rocm.docs.amd.com/en/latest/how-to/system-optimization/mi300x.html#disable-numa-auto-balancing
[aiter] import [module_aiter_core] under /tmp/amdpilot-repo-j-597c6457584a/cache/aiter/module_aiter_core.so
[CI Test Method] Test_FULL_SWA_MAMBA_ps1_sw128_h8l32.test_swa_branch_does_not_rekey_later_mamba_checkpoint
Traceback (most recent call last):
  File "/job/repo/python/sglang/srt/rust_extensions/loader.py", line 334, in _command_version
    result = subprocess.run(
             ^^^^^^^^^^^^^^^
  File "/usr/lib/python3.12/subprocess.py", line 548, in run
    with Popen(*popenargs, **kwargs) as process:
         ^^^^^^^^^^^^^^^^^^^^^^^^^^^
  File "/usr/lib/python3.12/subprocess.py", line 1026, in __init__
    self._execute_child(args, executable, preexec_fn, close_fds,
  File "/usr/lib/python3.12/subprocess.py", line 1955, in _execute_child
    raise child_exception_type(errno_num, err_msg, err_filename)
PermissionError: [Errno 13] Permission denied: 'cargo'

The above exception was the direct cause of the following exception:

Traceback (most recent call last):
  File "/job/repo/python/sglang/srt/utils/common.py", line 3514, in retry
    return fn()
           ^^^^
  File "/job/repo/python/sglang/test/test_utils.py", line 2195, in <lambda>
    lambda: super(CustomTestCase, self)._callTestMethod(method),
            ^^^^^^^^^^^^^^^^^^^^^^^^^^^^^^^^^^^^^^^^^^^^^^^^^^^
  File "/usr/lib/python3.12/unittest/case.py", line 589, in _callTestMethod
    if method() is not None:
       ^^^^^^^^
  File "/job/repo/test/registered/unit/mem_cache/test_unified_radix_cache_unittest.py", line 5987, in test_swa_branch_does_not_rekey_later_mamba_checkpoint
    cache, allocator, req_to_token_pool = build_fixture(
                                          ^^^^^^^^^^^^^^
  File "/job/repo/test/registered/unit/mem_cache/test_unified_radix_cache_unittest.py", line 591, in build_fixture
    from rust_unified_tree_core_inspector import RustUnifiedTreeCoreInspector
  File "/job/repo/test/registered/unit/mem_cache/rust_unified_tree_core_inspector.py", line 13, in <module>
    from sglang.srt.mem_cache.rust_tree_core.adapter import (
  File "/job/repo/python/sglang/srt/mem_cache/rust_tree_core/adapter.py", line 30, in <module>
    from sglang.srt.mem_cache.rust_tree_core.extension import bindings
  File "/job/repo/python/sglang/srt/mem_cache/rust_tree_core/extension.py", line 33, in <module>
    bindings = load_tree_core_extension()
               ^^^^^^^^^^^^^^^^^^^^^^^^^^
  File "/job/repo/python/sglang/srt/mem_cache/rust_tree_core/extension.py", line 24, in load_tree_core_extension
    return load_rust_extension(
           ^^^^^^^^^^^^^^^^^^^^
  File "/job/repo/python/sglang/srt/rust_extensions/loader.py", line 125, in load_rust_extension
    context = _build_context(
              ^^^^^^^^^^^^^^^
  File "/job/repo/python/sglang/srt/rust_extensions/loader.py", line 259, in _build_context
    "cargo": _command_version(
             ^^^^^^^^^^^^^^^^^
  File "/job/repo/python/sglang/srt/rust_extensions/loader.py", line 342, in _command_version
    raise RuntimeError(
RuntimeError: failed to query the Rust toolchain with `cargo --version --verbose`
E
======================================================================
ERROR: test_swa_branch_does_not_rekey_later_mamba_checkpoint (test_unified_radix_cache_unittest.Test_FULL_SWA_MAMBA_ps1_sw128_h8l32.test_swa_branch_does_not_rekey_later_mamba_checkpoint)
----------------------------------------------------------------------
Traceback (most recent call last):
  File "/job/repo/python/sglang/srt/rust_extensions/loader.py", line 334, in _command_version
    result = subprocess.run(
             ^^^^^^^^^^^^^^^
  File "/usr/lib/python3.12/subprocess.py", line 548, in run
    with Popen(*popenargs, **kwargs) as process:
         ^^^^^^^^^^^^^^^^^^^^^^^^^^^
  File "/usr/lib/python3.12/subprocess.py", line 1026, in __init__
    self._execute_child(args, executable, preexec_fn, close_fds,
  File "/usr/lib/python3.12/subprocess.py", line 1955, in _execute_child
    raise child_exception_type(errno_num, err_msg, err_filename)
PermissionError: [Errno 13] Permission denied: 'cargo'

The above exception was the direct cause of the following exception:

Traceback (most recent call last):
  File "/job/repo/python/sglang/srt/utils/common.py", line 3514, in retry
    return fn()
           ^^^^
  File "/job/repo/python/sglang/test/test_utils.py", line 2195, in <lambda>
    lambda: super(CustomTestCase, self)._callTestMethod(method),
            ^^^^^^^^^^^^^^^^^^^^^^^^^^^^^^^^^^^^^^^^^^^^^^^^^^^
  File "/usr/lib/python3.12/unittest/case.py", line 589, in _callTestMethod
    if method() is not None:
       ^^^^^^^^
  File "/job/repo/test/registered/unit/mem_cache/test_unified_radix_cache_unittest.py", line 5987, in test_swa_branch_does_not_rekey_later_mamba_checkpoint
    cache, allocator, req_to_token_pool = build_fixture(
                                          ^^^^^^^^^^^^^^
  File "/job/repo/test/registered/unit/mem_cache/test_unified_radix_cache_unittest.py", line 591, in build_fixture
    from rust_unified_tree_core_inspector import RustUnifiedTreeCoreInspector
  File "/job/repo/test/registered/unit/mem_cache/rust_unified_tree_core_inspector.py", line 13, in <module>
    from sglang.srt.mem_cache.rust_tree_core.adapter import (
  File "/job/repo/python/sglang/srt/mem_cache/rust_tree_core/adapter.py", line 30, in <module>
    from sglang.srt.mem_cache.rust_tree_core.extension import bindings
  File "/job/repo/python/sglang/srt/mem_cache/rust_tree_core/extension.py", line 33, in <module>
    bindings = load_tree_core_extension()
               ^^^^^^^^^^^^^^^^^^^^^^^^^^
  File "/job/repo/python/sglang/srt/mem_cache/rust_tree_core/extension.py", line 24, in load_tree_core_extension
    return load_rust_extension(
           ^^^^^^^^^^^^^^^^^^^^
  File "/job/repo/python/sglang/srt/rust_extensions/loader.py", line 125, in load_rust_extension
    context = _build_context(
              ^^^^^^^^^^^^^^^
  File "/job/repo/python/sglang/srt/rust_extensions/loader.py", line 259, in _build_context
    "cargo": _command_version(
             ^^^^^^^^^^^^^^^^^
  File "/job/repo/python/sglang/srt/rust_extensions/loader.py", line 342, in _command_version
    raise RuntimeError(
RuntimeError: failed to query the Rust toolchain with `cargo --version --verbose`

During handling of the above exception, another exception occurred:

Traceback (most recent call last):
  File "/job/repo/python/sglang/test/test_utils.py", line 2194, in _callTestMethod
    retry(
  File "/job/repo/python/sglang/srt/utils/common.py", line 3529, in retry
    raise Exception(f"retry() exceed maximum number of retries.")
Exception: retry() exceed maximum number of retries.

----------------------------------------------------------------------
Ran 1 test in 0.090s

FAILED (errors=1)
