BASE 358c163250ad3b1f62939b01ce1314a0a31a0365
module /job/repo/python/sglang/srt/multimodal/processors/qwen_vl.py
has_qwen_cache_key False
uses_preprocess_cache False
calls_load_mm_data True

CANDIDATE 2a64f7dfc428bb7b06ccf5187c5d6b7c81c90fa2
sglang /job/repo/python/sglang/__init__.py
qwen_vl /job/repo/python/sglang/srt/multimodal/processors/qwen_vl.py
candidate regression: 4 passed
focused suite: 115 passed, 30 subtests passed

INDEPENDENT CONTRACT PROBE
changed_prompt_same_id_key_equal False
changed_prompt_compute_calls 2
fresh_processor_compute_calls 1
video_key None
audio_key None
ChatCompletionRequest explicit_save_load_fields []
ResponsesRequest explicit_save_load_fields []

NATIVE
No changed files matched C/C++/CUDA/HIP/Rust native extensions.
Native rebuild not applicable.

DIFF CHECK
reports/j-f0b2f6628d2a/raw/candidate-regression.log:5: trailing whitespace.
reports/j-f0b2f6628d2a/raw/focused-tests.log:7: trailing whitespace.
