.F.                                                                      [100%]
=================================== FAILURES ===================================
_ TestIncrementalDetokenizationWindow.test_replacement_character_stream_has_bounded_window _

self = <test_detokenizer_incremental_window.TestIncrementalDetokenizationWindow testMethod=test_replacement_character_stream_has_bounded_window>

    def test_replacement_character_stream_has_bounded_window(self):
        tokens_per_step = 4
        short = _stream([[STRAY_CONTINUATION_BYTE] * tokens_per_step] * 32)
        long = _stream([[STRAY_CONTINUATION_BYTE] * tokens_per_step] * 256)
    
>       self.assertTrue(short.get_decoded_text())
E       AssertionError: '' is not true

test/registered/unit/managers/test_detokenizer_incremental_window.py:65: AssertionError
=============================== warnings summary ===============================
../../opt/venv/lib/python3.12/site-packages/_pytest/config/__init__.py:1434
  /opt/venv/lib/python3.12/site-packages/_pytest/config/__init__.py:1434: PytestConfigWarning: Unknown config option: asyncio_mode
  
    self._warn_or_fail_if_strict(f"Unknown config option: {key}\n")

../../opt/venv/lib/python3.12/site-packages/torch/jit/_script.py:365: 14 warnings
  /opt/venv/lib/python3.12/site-packages/torch/jit/_script.py:365: DeprecationWarning: `torch.jit.script_method` is deprecated. Please switch to `torch.compile` or `torch.export`.
    warnings.warn(

../../opt/venv/lib/python3.12/site-packages/Cython/Distutils/old_build_ext.py:15
../../opt/venv/lib/python3.12/site-packages/Cython/Distutils/old_build_ext.py:15
  /opt/venv/lib/python3.12/site-packages/Cython/Distutils/old_build_ext.py:15: DeprecationWarning: dep_util is Deprecated. Use functions from setuptools instead.
    from distutils.dep_util import newer, newer_group

-- Docs: https://docs.pytest.org/en/stable/how-to/capture-warnings.html
=========================== short test summary info ============================
FAILED test/registered/unit/managers/test_detokenizer_incremental_window.py::TestIncrementalDetokenizationWindow::test_replacement_character_stream_has_bounded_window
1 failed, 2 passed, 17 warnings in 27.12s
