Candidate exact commit:
47424480865aedf18f8603ba923cb80e56768237
Files changed from recorded base:
M	docs/docs/sglang-diffusion/parallelism.mdx
A	python/sglang/multimodal_gen/runtime/server_args/parallel_advisor.py
M	python/sglang/multimodal_gen/runtime/server_args/server_args.py
A	python/sglang/multimodal_gen/test/unit/test_parallel_advisor.py
A	reports/j-70a2a746c1d2/pytest.log
A	reports/j-70a2a746c1d2/result.json
A	reports/j-7679d63b964b/REVIEW.md
A	reports/j-7679d63b964b/compatibility-after.exit
A	reports/j-7679d63b964b/compatibility-after.log
A	reports/j-7679d63b964b/failing-before.exit
A	reports/j-7679d63b964b/failing-before.log
A	reports/j-7679d63b964b/focused-after.exit
A	reports/j-7679d63b964b/focused-after.log
A	reports/j-7679d63b964b/pre-commit.exit
A	reports/j-7679d63b964b/pre-commit.log
A	reports/j-7679d63b964b/result.json
A	reports/j-7679d63b964b/runtime-environment.log
A	reports/j-f2c1b1adb595/compatibility-after.exit
A	reports/j-f2c1b1adb595/compatibility-after.log
A	reports/j-f2c1b1adb595/environment.exit
A	reports/j-f2c1b1adb595/environment.log
A	reports/j-f2c1b1adb595/failing-before.exit
A	reports/j-f2c1b1adb595/failing-before.log
A	reports/j-f2c1b1adb595/focused-after.exit
A	reports/j-f2c1b1adb595/focused-after.log
A	reports/j-f2c1b1adb595/pre-commit.exit
A	reports/j-f2c1b1adb595/pre-commit.log
A	reports/j-f2c1b1adb595/result.json
Native extensions changed:
Calibration/benchmark implementation files:
docs/docs/sglang-diffusion/parallelism.mdx
python/sglang/multimodal_gen/test/unit/test_parallel_advisor.py
python/sglang/multimodal_gen/runtime/server_args/parallel_advisor.py
python/sglang/multimodal_gen/runtime/server_args/server_args.py
Candidate files containing calibration execution or routing calls:
python/sglang/multimodal_gen/runtime/server_args/server_args.py:23:from sglang.multimodal_gen.configs.pipeline_configs.base import PipelineConfig
python/sglang/multimodal_gen/runtime/server_args/server_args.py:25:    LTX2PipelineConfig,
python/sglang/multimodal_gen/runtime/server_args/server_args.py:67:from sglang.multimodal_gen.runtime.server_args.auto_tune import (
python/sglang/multimodal_gen/runtime/server_args/server_args.py:230:        "FluxPipelineConfig",
python/sglang/multimodal_gen/runtime/server_args/server_args.py:231:        "GlmImagePipelineConfig",
python/sglang/multimodal_gen/runtime/server_args/server_args.py:232:        "Ideogram4PipelineConfig",
python/sglang/multimodal_gen/runtime/server_args/server_args.py:233:        "JoyEchoPipelineConfig",
python/sglang/multimodal_gen/runtime/server_args/server_args.py:234:        "LTX2PipelineConfig",
python/sglang/multimodal_gen/runtime/server_args/server_args.py:235:        "LTX23PipelineConfig",
python/sglang/multimodal_gen/runtime/server_args/server_args.py:236:        "LongCatImagePipelineConfig",
python/sglang/multimodal_gen/runtime/server_args/server_args.py:237:        "MiniMaxH3PipelineConfig",
python/sglang/multimodal_gen/runtime/server_args/server_args.py:238:        "QwenImagePipelineConfig",
python/sglang/multimodal_gen/runtime/server_args/server_args.py:239:        "SanaPipelineConfig",
python/sglang/multimodal_gen/runtime/server_args/server_args.py:240:        "SanaVideoPipelineConfig",
python/sglang/multimodal_gen/runtime/server_args/server_args.py:241:        "ZImagePipelineConfig",
python/sglang/multimodal_gen/runtime/server_args/server_args.py:340:    pipeline_config: PipelineConfig = field(default_factory=PipelineConfig, repr=False)
python/sglang/multimodal_gen/runtime/server_args/server_args.py:367:    # loader advertises this capability.
python/sglang/multimodal_gen/runtime/server_args/server_args.py:442:    _component_layerwise_capabilities: dict[str, bool] = field(
python/sglang/multimodal_gen/runtime/server_args/server_args.py:458:    # BCG graphs are resolution-specific, so --warmup-resolutions is required
python/sglang/multimodal_gen/runtime/server_args/server_args.py:459:    # when BCG is enabled: every requested resolution is captured at warmup so
python/sglang/multimodal_gen/runtime/server_args/server_args.py:472:    # Warmup is controlled by the canonical `warmup_mode` knob: one of WARMUP_MODES.
python/sglang/multimodal_gen/runtime/server_args/server_args.py:473:    #   - "off":     no warmup.
python/sglang/multimodal_gen/runtime/server_args/server_args.py:474:    #   - "server":  server-based warmup — a synthetic request right after the
python/sglang/multimodal_gen/runtime/server_args/server_args.py:476:    #   - "request": request-based warmup — warm on the first real request(s).
python/sglang/multimodal_gen/runtime/server_args/server_args.py:478:    # None is resolved by _adjust_warmup from the selected runtime features.
python/sglang/multimodal_gen/runtime/server_args/server_args.py:479:    warmup_mode: str | None = None
python/sglang/multimodal_gen/runtime/server_args/server_args.py:481:    warmup_resolutions: list[str] = None
python/sglang/multimodal_gen/runtime/server_args/server_args.py:482:    warmup_num_frames: int | None = None
python/sglang/multimodal_gen/runtime/server_args/server_args.py:483:    warmup_steps: int = 1
python/sglang/multimodal_gen/runtime/server_args/server_args.py:485:    # warmup and automatic residency planning. Execution remains bounded by
python/sglang/multimodal_gen/runtime/server_args/server_args.py:486:    # warmup_steps and the server warmup frame/area caps.
python/sglang/multimodal_gen/runtime/server_args/server_args.py:487:    warmup_sampling_params: dict[str, Any] | str | None = None
python/sglang/multimodal_gen/runtime/server_args/server_args.py:548:    # Disaggregation (pool mode only — launched via launch_pool_disagg_server())
python/sglang/multimodal_gen/runtime/server_args/server_args.py:559:    disagg_transfer_pool_size: int = 256 * 1024 * 1024
python/sglang/multimodal_gen/runtime/server_args/server_args.py:573:    pool_work_endpoint: str | None = None
python/sglang/multimodal_gen/runtime/server_args/server_args.py:574:    pool_result_endpoint: str | None = None
python/sglang/multimodal_gen/runtime/server_args/server_args.py:575:    pool_control_endpoint: str | None = None
python/sglang/multimodal_gen/runtime/server_args/server_args.py:576:    pool_control_advertised_endpoint: str | None = None
python/sglang/multimodal_gen/runtime/server_args/server_args.py:632:        auto_tuner = ServerArgsAutoTuner(self)
python/sglang/multimodal_gen/runtime/server_args/server_args.py:633:        auto_tuner.adjust_based_on_performance_mode()
python/sglang/multimodal_gen/runtime/server_args/server_args.py:634:        if auto_tuner.could_override_server_args():
python/sglang/multimodal_gen/runtime/server_args/server_args.py:636:            auto_tuner.maybe_adjust_auto_default_layerwise_offload()
python/sglang/multimodal_gen/runtime/server_args/server_args.py:638:        if auto_tuner.could_override_server_args():
python/sglang/multimodal_gen/runtime/server_args/server_args.py:639:            auto_tuner.maybe_adjust_auto_fsdp_with_offload_enabled()
python/sglang/multimodal_gen/runtime/server_args/server_args.py:640:            auto_tuner.maybe_adjust_auto_component_residency_after_offload()
python/sglang/multimodal_gen/runtime/server_args/server_args.py:641:            auto_tuner.maybe_replace_cpu_offloaded_components_with_layerwise()
python/sglang/multimodal_gen/runtime/server_args/server_args.py:647:        self._adjust_warmup()
python/sglang/multimodal_gen/runtime/server_args/server_args.py:655:        auto_tuner.finalize_auto_flags()
python/sglang/multimodal_gen/runtime/server_args/server_args.py:704:        is unset, so both prompt padding and warmup capture share one source of
python/sglang/multimodal_gen/runtime/server_args/server_args.py:718:        # capture every one of them at warmup; serving then never re-captures.
python/sglang/multimodal_gen/runtime/server_args/server_args.py:719:        if not self.warmup_resolutions:
python/sglang/multimodal_gen/runtime/server_args/server_args.py:720:            # No explicit resolutions: capture the model's default warmup
python/sglang/multimodal_gen/runtime/server_args/server_args.py:721:            # resolution (derived by build_warmup_reqs) so
python/sglang/multimodal_gen/runtime/server_args/server_args.py:725:            # time). Pass --warmup-resolutions to capture additional shapes.
python/sglang/multimodal_gen/runtime/server_args/server_args.py:727:                "[Diffusion BCG] --warmup-resolutions unset; capturing the "
python/sglang/multimodal_gen/runtime/server_args/server_args.py:728:                "model default warmup resolution. Requests at other "
python/sglang/multimodal_gen/runtime/server_args/server_args.py:731:        if self._is_video_gen_task() and self.warmup_num_frames is None:
python/sglang/multimodal_gen/runtime/server_args/server_args.py:732:            default_frames = self._bcg_default_warmup_num_frames()
python/sglang/multimodal_gen/runtime/server_args/server_args.py:734:                "[Diffusion BCG] --warmup-num-frames unset; capturing the "
python/sglang/multimodal_gen/runtime/server_args/server_args.py:735:                "model default warmup frame count (%s). Requests with a "
python/sglang/multimodal_gen/runtime/server_args/server_args.py:736:                "different frame count run eager. Pass --warmup-num-frames N "
python/sglang/multimodal_gen/runtime/server_args/server_args.py:753:    def _bcg_default_warmup_num_frames(self):
python/sglang/multimodal_gen/runtime/server_args/server_args.py:754:        """Best-effort preview of the warmup frame count BCG will capture."""
python/sglang/multimodal_gen/runtime/server_args/server_args.py:756:            from sglang.multimodal_gen.runtime.warmup_request_builder import (
python/sglang/multimodal_gen/runtime/server_args/server_args.py:757:                _resolve_warmup_num_frames,
python/sglang/multimodal_gen/runtime/server_args/server_args.py:762:            return _resolve_warmup_num_frames(
python/sglang/multimodal_gen/runtime/server_args/server_args.py:765:                server_based_warmup=True,
python/sglang/multimodal_gen/runtime/server_args/server_args.py:780:            if not self.warmup_resolutions:
python/sglang/multimodal_gen/runtime/server_args/server_args.py:781:                self._default_bcg_warmup_resolution()
python/sglang/multimodal_gen/runtime/server_args/server_args.py:799:    def _default_bcg_warmup_resolution(self) -> None:
python/sglang/multimodal_gen/runtime/server_args/server_args.py:800:        """Seed --warmup-resolutions with the model default for BCG.
python/sglang/multimodal_gen/runtime/server_args/server_args.py:802:        BCG graphs are resolution-specific and captured at warmup. When the
python/sglang/multimodal_gen/runtime/server_args/server_args.py:804:        warmup resolution so --enable-breakable-cuda-graph works standalone;
python/sglang/multimodal_gen/runtime/server_args/server_args.py:807:        from sglang.multimodal_gen.runtime.warmup_request_builder import (
python/sglang/multimodal_gen/runtime/server_args/server_args.py:808:            _resolve_default_warmup_resolution,
python/sglang/multimodal_gen/runtime/server_args/server_args.py:814:            width, height = _resolve_default_warmup_resolution(
python/sglang/multimodal_gen/runtime/server_args/server_args.py:815:                self, sampling_defaults, server_based_warmup=True
python/sglang/multimodal_gen/runtime/server_args/server_args.py:819:                "[Diffusion BCG] could not derive a default warmup resolution "
python/sglang/multimodal_gen/runtime/server_args/server_args.py:824:        self.warmup_resolutions = [f"{width}x{height}"]
python/sglang/multimodal_gen/runtime/server_args/server_args.py:826:            "[Diffusion BCG] --warmup-resolutions unset; capturing the model "
python/sglang/multimodal_gen/runtime/server_args/server_args.py:1099:            self.pipeline_config, LTX2PipelineConfig
python/sglang/multimodal_gen/runtime/server_args/server_args.py:1115:            MiniMaxH3PipelineConfig,
python/sglang/multimodal_gen/runtime/server_args/server_args.py:1120:            and isinstance(self.pipeline_config, MiniMaxH3PipelineConfig)
python/sglang/multimodal_gen/runtime/server_args/server_args.py:1333:    def _adjust_warmup(self):
python/sglang/multimodal_gen/runtime/server_args/server_args.py:1334:        if self.warmup_mode is not None and self.warmup_mode not in WARMUP_MODES:
python/sglang/multimodal_gen/runtime/server_args/server_args.py:1336:                f"Invalid --warmup-mode {self.warmup_mode!r}; "
python/sglang/multimodal_gen/runtime/server_args/server_args.py:1339:        if self.warmup_num_frames is not None and self.warmup_num_frames <= 0:
python/sglang/multimodal_gen/runtime/server_args/server_args.py:1340:            raise ValueError("--warmup-num-frames must be a positive integer.")
python/sglang/multimodal_gen/runtime/server_args/server_args.py:1342:        if self.enable_torch_compile and self.warmup_mode is None:
python/sglang/multimodal_gen/runtime/server_args/server_args.py:1343:            self.warmup_mode = "server"
python/sglang/multimodal_gen/runtime/server_args/server_args.py:1345:                "Automatically enabled server warmup for torch.compile so first "
python/sglang/multimodal_gen/runtime/server_args/server_args.py:1346:                "real requests do not pay compile latency. Set --warmup-mode off "
python/sglang/multimodal_gen/runtime/server_args/server_args.py:1350:        # Explicit warmup shapes need a request path unless an existing server
python/sglang/multimodal_gen/runtime/server_args/server_args.py:1353:            self.warmup_resolutions is not None or self.warmup_num_frames is not None
python/sglang/multimodal_gen/runtime/server_args/server_args.py:1354:        ) and self.warmup_mode in (None, "off"):
python/sglang/multimodal_gen/runtime/server_args/server_args.py:1355:            self.warmup_mode = "request"
python/sglang/multimodal_gen/runtime/server_args/server_args.py:1357:        # BCG captures every graph during a synthetic warmup forward at startup
python/sglang/multimodal_gen/runtime/server_args/server_args.py:1360:            self.warmup_mode = "server"
python/sglang/multimodal_gen/runtime/server_args/server_args.py:1363:        # warmup intent, but schedule it on the first request instead.
python/sglang/multimodal_gen/runtime/server_args/server_args.py:1364:        if self.disagg_role != RoleType.MONOLITHIC and self.warmup_mode == "server":
python/sglang/multimodal_gen/runtime/server_args/server_args.py:1365:            self.warmup_mode = "request"
python/sglang/multimodal_gen/runtime/server_args/server_args.py:1367:        if self.warmup_mode is None:
python/sglang/multimodal_gen/runtime/server_args/server_args.py:1368:            self.warmup_mode = "off"
python/sglang/multimodal_gen/runtime/server_args/server_args.py:1676:        if self._component_layerwise_capabilities.get(component_name, True):
python/sglang/multimodal_gen/runtime/server_args/server_args.py:1738:    def record_component_layerwise_capability(
python/sglang/multimodal_gen/runtime/server_args/server_args.py:1741:        self._component_layerwise_capabilities[component_name] = supported
python/sglang/multimodal_gen/runtime/server_args/server_args.py:1991:        self._validate_disagg_capability()
python/sglang/multimodal_gen/runtime/server_args/server_args.py:2183:                "'speed' favors GPU-resident execution for lower latency and higher throughput, and may OOM; "
python/sglang/multimodal_gen/runtime/server_args/server_args.py:2275:                "composing with encoder TP (best batched throughput); "
python/sglang/multimodal_gen/runtime/server_args/server_args.py:2380:            + "When no warmup mode is configured, this enables server warmup "
python/sglang/multimodal_gen/runtime/server_args/server_args.py:2398:            help="Offload components during the torch.compile warmup (the DiT layerwise) so max-autotune fits on tighter-memory GPUs, then restore the configured residency for serving. Skipped when the DiT is already layerwise-offloaded, or under cache-dit / FSDP.",
python/sglang/multimodal_gen/runtime/server_args/server_args.py:2408:            "Requires --warmup-resolutions; all of them are captured at warmup.",
python/sglang/multimodal_gen/runtime/server_args/server_args.py:2418:            "warmup captures one graph per bucket. Defaults to "
python/sglang/multimodal_gen/runtime/server_args/server_args.py:2434:        # warmup
python/sglang/multimodal_gen/runtime/server_args/server_args.py:2436:            "--warmup-mode",
python/sglang/multimodal_gen/runtime/server_args/server_args.py:2439:            default=ServerArgs.warmup_mode,
python/sglang/multimodal_gen/runtime/server_args/server_args.py:2441:                "Warmup mode. One of: `off` (no warmup); `request` "
python/sglang/multimodal_gen/runtime/server_args/server_args.py:2443:                "(server-based: a synthetic warmup request right after the server "
python/sglang/multimodal_gen/runtime/server_args/server_args.py:2446:                "to request-based when warmup is enabled. When enabled, look for "
python/sglang/multimodal_gen/runtime/server_args/server_args.py:2447:                "the line ending with `(with warmup excluded)` for actual "
python/sglang/multimodal_gen/runtime/server_args/server_args.py:2452:            "--warmup-resolutions",
python/sglang/multimodal_gen/runtime/server_args/server_args.py:2455:            default=ServerArgs.warmup_resolutions,
python/sglang/multimodal_gen/runtime/server_args/server_args.py:2456:            help="Specify explicit warmup resolutions. e.g., `--warmup-resolutions 256x256 720x720`",
python/sglang/multimodal_gen/runtime/server_args/server_args.py:2459:            "--warmup-num-frames",
python/sglang/multimodal_gen/runtime/server_args/server_args.py:2461:            default=ServerArgs.warmup_num_frames,
python/sglang/multimodal_gen/runtime/server_args/server_args.py:2463:                "Override the synthetic video warmup frame count. Use this with "
python/sglang/multimodal_gen/runtime/server_args/server_args.py:2469:            "--warmup-steps",
python/sglang/multimodal_gen/runtime/server_args/server_args.py:2471:            default=ServerArgs.warmup_steps,
python/sglang/multimodal_gen/runtime/server_args/server_args.py:2472:            help="The number of warmup steps to perform for each resolution.",
python/sglang/multimodal_gen/runtime/server_args/server_args.py:2475:            "--warmup-sampling-params",
python/sglang/multimodal_gen/runtime/server_args/server_args.py:2477:            default=ServerArgs.warmup_sampling_params,
python/sglang/multimodal_gen/runtime/server_args/server_args.py:2480:                "warmup and auto residency planning, for example "
python/sglang/multimodal_gen/runtime/server_args/server_args.py:2893:        PipelineConfig.add_cli_args(parser)
python/sglang/multimodal_gen/runtime/server_args/server_args.py:3409:                pipeline_config = PipelineConfig.from_kwargs(kwargs)
python/sglang/multimodal_gen/runtime/server_args/server_args.py:3410:                logger.debug(f"Using PipelineConfig: {type(pipeline_config)}")
python/sglang/multimodal_gen/runtime/server_args/server_args.py:3437:            "warmup": "warmup_mode=request or warmup_mode=off",
python/sglang/multimodal_gen/runtime/server_args/server_args.py:3438:            "server_warmup": "warmup_mode=server or warmup_mode=off",
python/sglang/multimodal_gen/runtime/server_args/server_args.py:3483:        kwargs["pipeline_config"] = PipelineConfig.from_kwargs(kwargs)
python/sglang/multimodal_gen/runtime/server_args/server_args.py:3530:        self._validate_disagg_capability()
python/sglang/multimodal_gen/runtime/server_args/server_args.py:3532:    def _validate_disagg_capability(self) -> None:
python/sglang/multimodal_gen/runtime/server_args/parallel_advisor.py:92:    quality_gate: str
python/sglang/multimodal_gen/runtime/server_args/parallel_advisor.py:94:    throughput: float | None = None
python/sglang/multimodal_gen/runtime/server_args/parallel_advisor.py:160:    capabilities: PlanCapabilities,
python/sglang/multimodal_gen/runtime/server_args/parallel_advisor.py:164:    if plan.num_gpus != capabilities.num_devices:
python/sglang/multimodal_gen/runtime/server_args/parallel_advisor.py:169:        (plan.cfg_parallel_size, capabilities.cfg_parallel_sizes, "CFG"),
python/sglang/multimodal_gen/runtime/server_args/parallel_advisor.py:170:        (plan.tensor_parallel_size, capabilities.tensor_parallel_sizes, "TP"),
python/sglang/multimodal_gen/runtime/server_args/parallel_advisor.py:171:        (plan.sequence_parallel_size, capabilities.sequence_parallel_sizes, "SP"),
python/sglang/multimodal_gen/runtime/server_args/parallel_advisor.py:172:        (plan.data_parallel_replicas, capabilities.data_parallel_replicas, "DP"),
python/sglang/multimodal_gen/runtime/server_args/parallel_advisor.py:178:    if capabilities.attention_heads is not None and (
python/sglang/multimodal_gen/runtime/server_args/parallel_advisor.py:179:        capabilities.attention_heads % plan.tensor_parallel_size
python/sglang/multimodal_gen/runtime/server_args/parallel_advisor.py:184:    if plan.fsdp and not capabilities.supports_fsdp:
python/sglang/multimodal_gen/runtime/server_args/parallel_advisor.py:188:        and capabilities.available_memory_bytes is not None
python/sglang/multimodal_gen/runtime/server_args/parallel_advisor.py:189:        and estimated_peak_memory_bytes > capabilities.available_memory_bytes
python/sglang/multimodal_gen/runtime/server_args/parallel_advisor.py:196:    signature: DiffusionWorkloadSignature, capabilities: PlanCapabilities
python/sglang/multimodal_gen/runtime/server_args/parallel_advisor.py:199:    for cfg in capabilities.cfg_parallel_sizes:
python/sglang/multimodal_gen/runtime/server_args/parallel_advisor.py:200:        for tp in capabilities.tensor_parallel_sizes:
python/sglang/multimodal_gen/runtime/server_args/parallel_advisor.py:201:            for sp in capabilities.sequence_parallel_sizes:
python/sglang/multimodal_gen/runtime/server_args/parallel_advisor.py:202:                for dp in capabilities.data_parallel_replicas:
python/sglang/multimodal_gen/runtime/server_args/parallel_advisor.py:204:                        (False, True) if capabilities.supports_fsdp else (False,)
python/sglang/multimodal_gen/runtime/server_args/parallel_advisor.py:208:                            capabilities.num_devices, cfg, tp, sp, fsdp, dp
python/sglang/multimodal_gen/runtime/server_args/parallel_advisor.py:210:                        if not validate_plan(plan, signature, capabilities):
python/sglang/multimodal_gen/runtime/server_args/parallel_advisor.py:298:    objective: str = "p95",
python/sglang/multimodal_gen/runtime/server_args/parallel_advisor.py:320:        elif result.quality_gate.lower() not in PASSING_QUALITY_GATES:
python/sglang/multimodal_gen/runtime/server_args/parallel_advisor.py:321:            rejected.append(f"quality gate={result.quality_gate}")
