Error ignored in is_in_the_same_node: [/pytorch/third_party/gloo/gloo/transport/tcp/unbound_buffer.cc:78] Timed out waiting 3000ms for recv operation to complete
F.
=================================== FAILURES ===================================
____ TestSameNodeShmFailure.test_source_shm_creation_failure_is_collective _____

self = <test_same_node_shm_failure.TestSameNodeShmFailure testMethod=test_source_shm_creation_failure_is_collective>

    def test_source_shm_creation_failure_is_collective(self):
>       self.assertEqual(
            self._run_probe(fail_creation=True),
            {0: [False, False], 1: [False, False]},
        )
E       AssertionError: {0: 'RuntimeError: [/pytorch/third_party/gloo[154 chars]ure'} != {0: [False, False], 1: [False, False]}
E       + {0: [False, False], 1: [False, False]}
E       - {0: 'RuntimeError: '
E       -     '[/pytorch/third_party/gloo/gloo/transport/tcp/unbound_buffer.cc:78] Timed '
E       -     'out waiting 3000ms for recv operation to complete',
E       -  1: 'RuntimeError: Application timeout caused pair closure'}

../review-evidence-j-a00b0a555aae/test_same_node_shm_failure.py:73: AssertionError
=========================== short test summary info ============================
FAILED ../review-evidence-j-a00b0a555aae/test_same_node_shm_failure.py::TestSameNodeShmFailure::test_source_shm_creation_failure_is_collective
1 failed, 1 passed in 18.39s
