......s.....
=============================== warnings summary ===============================
../../opt/venv/lib/python3.12/site-packages/_pytest/config/__init__.py:1434
  /opt/venv/lib/python3.12/site-packages/_pytest/config/__init__.py:1434: PytestConfigWarning: Unknown config option: asyncio_mode

    self._warn_or_fail_if_strict(f"Unknown config option: {key}\n")

registered/utils/test_stale_shm_cleanup.py::TestCleanupStaleShm::test_shm_ring_buffer_uses_reclaimable_name
  /opt/venv/lib/python3.12/site-packages/_pytest/unraisableexception.py:67: PytestUnraisableExceptionWarning: Exception ignored in: <function ShmRingBuffer.__del__ at 0x7f00b5f34180>

  Traceback (most recent call last):
    File "/job/repo/python/sglang/srt/distributed/device_communicators/shm_broadcast.py", line 147, in __del__
      self.shared_memory.unlink()
    File "/usr/lib/python3.12/multiprocessing/shared_memory.py", line 243, in unlink
      _posixshmem.shm_unlink(self._name)
  FileNotFoundError: [Errno 2] No such file or directory: '/sgl_shm_mq_4113_4797d442'

  Enable tracemalloc to get traceback where the object was allocated.
  See https://docs.pytest.org/en/stable/how-to/capture-warnings.html#resource-warnings for more info.
    warnings.warn(pytest.PytestUnraisableExceptionWarning(msg))

-- Docs: https://docs.pytest.org/en/stable/how-to/capture-warnings.html
11 passed, 1 skipped, 2 warnings in 15.57s
/usr/lib/python3.12/multiprocessing/resource_tracker.py:254: UserWarning: resource_tracker: There appear to be 6 leaked shared_memory objects to clean up at shutdown
  warnings.warn('resource_tracker: There appear to be %d '
/usr/lib/python3.12/multiprocessing/resource_tracker.py:267: UserWarning: resource_tracker: '/sgl_shm_mm_4247_eeee0000': [Errno 2] No such file or directory: '/sgl_shm_mm_4247_eeee0000'
  warnings.warn('resource_tracker: %r: %s' % (name, e))
/usr/lib/python3.12/multiprocessing/resource_tracker.py:267: UserWarning: resource_tracker: '/sgl_shm_mm_4113_bbbb0000': [Errno 2] No such file or directory: '/sgl_shm_mm_4113_bbbb0000'
  warnings.warn('resource_tracker: %r: %s' % (name, e))
/usr/lib/python3.12/multiprocessing/resource_tracker.py:267: UserWarning: resource_tracker: '/multi_tokenizer_args_4243': [Errno 2] No such file or directory: '/multi_tokenizer_args_4243'
  warnings.warn('resource_tracker: %r: %s' % (name, e))
/usr/lib/python3.12/multiprocessing/resource_tracker.py:267: UserWarning: resource_tracker: '/psm_testforeign': [Errno 2] No such file or directory: '/psm_testforeign'
  warnings.warn('resource_tracker: %r: %s' % (name, e))
/usr/lib/python3.12/multiprocessing/resource_tracker.py:267: UserWarning: resource_tracker: '/sgl_shm_mq_4245_cccc0000': [Errno 2] No such file or directory: '/sgl_shm_mq_4245_cccc0000'
  warnings.warn('resource_tracker: %r: %s' % (name, e))
/usr/lib/python3.12/multiprocessing/resource_tracker.py:267: UserWarning: resource_tracker: '/sgl_shm_mm_4246_aaaa0000': [Errno 2] No such file or directory: '/sgl_shm_mm_4246_aaaa0000'
  warnings.warn('resource_tracker: %r: %s' % (name, e))
