[aiter] WARNING: NUMA balancing is enabled, which may cause errors. It is recommended to disable NUMA balancing by running "sudo sh -c 'echo 0 > /proc/sys/kernel/numa_balancing'" for more details: https://rocm.docs.amd.com/en/latest/how-to/system-optimization/mi300x.html#disable-numa-auto-balancing
[aiter] import [module_aiter_core] under /tmp/amdpilot-repo-j-996d8dac5799/cache/aiter/module_aiter_core.so
[aiter] 
calling test_fmoe(dtype                        = torch.bfloat16,
                  token                        = 288,
                  model_dim                    = 2048,
                  inter_dim                    = 6144,
                  E                            = 256,
                  topk                         = 9,
                  actType                      = ActivationType.Silu,
                  gateMode                     = interleave,
                  qType                        = QuantType.per_128x128,
                  AQDType                      = torch.float8_e4m3fn,
                  WQDType                      = torch.float8_e4m3fn,
                  use_g1u1                     = True,
                  doweight_stage1              = False,
                  strict_accuracy              = False,
                  check_aot_cache              = False,
                  swiglu_limit                 = None,
                  kernel_bench                 = False,
                  ref_dtype                    = bf16,
                  hidden_pad                   = 0,
                  intermediate_pad             = 0,
                  preshuffle                   = True,
                  beta                         = None,
                  linear_beta                  = None,
                  disable_stage2_bias          = False)
[aiter] import [module_moe_asm] under /tmp/amdpilot-repo-j-996d8dac5799/cache/aiter/module_moe_asm.so
[aiter] [fused_moe] duplicate tuned rows after disabling act_type in /sgl-workspace/aiter/aiter/configs/tuned_fmoe.csv; keeping first match for 32 rows
[aiter] run_1stage = True, xbf16 = False, ksplit = 0 q_type = QuantType.per_1x128 block_m = 32 use_nt = True, estimated_m_per_expert = 18
[aiter] [fused_moe] using 1stage default for ('gfx950', 256, 512, 2048, 6144, 256, 9, <ActivationType.Silu: 0>, 'torch.bfloat16', 'torch.float8_e4m3fn', 'torch.float8_e4m3fn', 'QuantType.per_1x128', True, False) 
[aiter] import [module_moe_sorting_opus] under /tmp/amdpilot-repo-j-996d8dac5799/cache/aiter/module_moe_sorting_opus.so
[aiter] import [module_quant] under /tmp/amdpilot-repo-j-996d8dac5799/cache/aiter/module_quant.so
[aiter] LoadKernel: _ZN5aiter50fmoe_bf16_blockscaleFp8_g1u1_vs_silu_1tg_ps_32x384E hsaco: /sgl-workspace/aiter/hsa//gfx950/fmoe/silu/fmoe_bf16_blockscaleFp8_g1u1_vs_silu_1tg_ps_32x384.co
/opt/venv/lib/python3.12/site-packages/torch/profiler/profiler.py:224: UserWarning: Warning: Profiler clears events at the end of each cycle.Only events from the current cycle will be reported.To keep events across cycles, set acc_events=True.
  _warn_once(
[W912 05:47:37.073730637 collection.cpp:1148] Warning: ROCTracer produced duplicate flow start: 2 (function operator())
[aiter] ck_moe_2stages: 1910.88 us,   102.41 tflops......(quant:torch.float8_e4m3fn)[checkAllclose atol=0.01 rtol=0.01 [31mfailed![0m]
    a    : torch.Size([288, 2048])
           tensor([130560.,  36864., -40192.,  -8704.,  65280., -56576., -30208.,  11840.],
       device='cuda:0', dtype=torch.bfloat16)
    b    : torch.Size([288, 2048])
           tensor([127488.,  37376., -39424.,  -7520.,  64512., -57344., -29440.,  11328.],
       device='cuda:0', dtype=torch.bfloat16)
    delta:
           tensor([3072.,  512.,  768., 1184.,  768.,  768.,  768.,  512.],
       device='cuda:0', dtype=torch.bfloat16)
[aiter] -->max abs delta:9216.0, delta details: 68.2% (402462 of 589824) elements
[aiter] moe_2stage: scanned 1 cases, recorded 1 results (skipped 0)
[aiter] moe_2stage summary (markdown):
| dtype          |   token |   model_dim |   inter_dim |   E |   topk |   actType | gateMode   |   qType | AQDType             | WQDType             | use_g1u1   | doweight_stage1   | strict_accuracy   | check_aot_cache   | swiglu_limit   | kernel_bench   | ref_dtype   |   hidden_pad |   intermediate_pad | preshuffle   | beta   | linear_beta   | disable_stage2_bias   |      us |   logits_diff | model   |
|:---------------|--------:|------------:|------------:|----:|-------:|----------:|:-----------|--------:|:--------------------|:--------------------|:-----------|:------------------|:------------------|:------------------|:---------------|:---------------|:------------|-------------:|-------------------:|:-------------|:-------|:--------------|:----------------------|--------:|--------------:|:--------|
| torch.bfloat16 |     288 |        2048 |        6144 | 256 |      9 |         0 | interleave |       5 | torch.float8_e4m3fn | torch.float8_e4m3fn | True       | False             | False             | False             |                | False          | bf16        |            0 |                  0 | True         |        |               | False                 | 1910.88 |   0.000169568 | legacy  |
