[Gloo] Rank 0 is connected to 0 peer ranks. Expected number of connected peer ranks is : 0
[Gloo] Rank 0 is connected to 0 peer ranks. Expected number of connected peer ranks is : 0
[Gloo] Rank 0 is connected to 0 peer ranks. Expected number of connected peer ranks is : 0
[Gloo] Rank 0 is connected to 0 peer ranks. Expected number of connected peer ranks is : 0
[Gloo] Rank 0 is connected to 0 peer ranks. Expected number of connected peer ranks is : 0
[Gloo] Rank 0 is connected to 0 peer ranks. Expected number of connected peer ranks is : 0
[Gloo] Rank 0 is connected to 0 peer ranks. Expected number of connected peer ranks is : 0
[Gloo] Rank 0 is connected to 0 peer ranks. Expected number of connected peer ranks is : 0
[Gloo] Rank 0 is connected to 0 peer ranks. Expected number of connected peer ranks is : 0
{
  "source_root": "/job/sglang-candidate/python",
  "source_commit": "d997f8532039306c9be91c7ebdcd02590e0c52ad",
  "glm_module": "/job/sglang-candidate/python/sglang/srt/models/glm5_next.py",
  "gpu": {
    "name": "AMD Instinct MI300X",
    "gcn_arch_name": "gfx942:sramecc+:xnack-",
    "device_count": 1
  },
  "torch_version": "2.9.1+rocm7.2.0.git7e1940d4",
  "hip_version": "7.2.26015-fc0010cf6a",
  "fixture_tensor_count": 13,
  "fused_qkvbfg_output_partition_sizes": [
    8,
    8,
    8,
    2,
    4,
    4
  ],
  "fused_qkvbfg_loader_calls": [
    {
      "shard_id": 4,
      "shape": [
        4,
        8
      ],
      "first_value": 1.592803716659546,
      "computed_offset": 26,
      "param_output_dim": 0
    },
    {
      "shard_id": 4,
      "shape": [
        4,
        8
      ],
      "first_value": 1.592803716659546,
      "computed_offset": 26,
      "param_output_dim": 0
    }
  ],
  "per_tensor_results": [
    {
      "fixture_key": "model.language_model.layers.0.attn_hc.fn",
      "target": "model.layers.0.hc_attn_fn",
      "shape": [
        8,
        16
      ],
      "max_abs_diff": 0.0,
      "allclose": true
    },
    {
      "fixture_key": "model.language_model.layers.0.attn_hc.base",
      "target": "model.layers.0.hc_attn_base",
      "shape": [
        8
      ],
      "max_abs_diff": 0.0,
      "allclose": true
    },
    {
      "fixture_key": "model.language_model.layers.0.attn_hc.scale",
      "target": "model.layers.0.hc_attn_scale",
      "shape": [
        3
      ],
      "max_abs_diff": 0.0,
      "allclose": true
    },
    {
      "fixture_key": "model.language_model.layers.0.ffn_hc.fn",
      "target": "model.layers.0.hc_ffn_fn",
      "shape": [
        8,
        16
      ],
      "max_abs_diff": 0.0,
      "allclose": true
    },
    {
      "fixture_key": "model.language_model.layers.0.ffn_hc.base",
      "target": "model.layers.0.hc_ffn_base",
      "shape": [
        8
      ],
      "max_abs_diff": 0.0,
      "allclose": true
    },
    {
      "fixture_key": "model.language_model.layers.0.ffn_hc.scale",
      "target": "model.layers.0.hc_ffn_scale",
      "shape": [
        3
      ],
      "max_abs_diff": 0.0,
      "allclose": true
    },
    {
      "fixture_key": "model.language_model.layers.0.self_attn.forget_gate.f_a_proj.weight",
      "target": "model.layers.0.self_attn.fused_qkvbfg_a_proj.weight[26:30]",
      "shape": [
        4,
        8
      ],
      "max_abs_diff": 0.0,
      "allclose": true
    },
    {
      "fixture_key": "model.language_model.layers.0.self_attn.forget_gate.f_b_proj.weight",
      "target": "model.layers.0.self_attn.fused_fg_b_proj.weight[0]",
      "shape": [
        8,
        4
      ],
      "max_abs_diff": 0.0,
      "allclose": true
    },
    {
      "fixture_key": "model.language_model.layers.0.self_attn.forget_gate.dt_bias",
      "target": "model.layers.0.self_attn.dt_bias",
      "shape": [
        8
      ],
      "max_abs_diff": 0.0,
      "allclose": true
    },
    {
      "fixture_key": "model.language_model.layers.0.self_attn.forget_gate.A_log",
      "target": "model.layers.0.self_attn.A_log",
      "shape": [
        1,
        1,
        2,
        1
      ],
      "max_abs_diff": 0.0,
      "allclose": true
    },
    {
      "fixture_key": "model.language_model.layers.0.self_attn.conv1d.weight",
      "target": "model.layers.0.self_attn.qkv_conv1d.weight",
      "shape": [
        24,
        1,
        3
      ],
      "max_abs_diff": 0.0,
      "allclose": true
    },
    {
      "fixture_key": "model.language_model.layers.0.mlp.experts.gate_up_proj",
      "target": "model.layers.0.mlp.experts.w13_weight",
      "shape": [
        2,
        12,
        8
      ],
      "max_abs_diff": 0.0,
      "allclose": true
    },
    {
      "fixture_key": "model.language_model.layers.0.mlp.experts.down_proj",
      "target": "model.layers.0.mlp.experts.w2_weight",
      "shape": [
        2,
        8,
        6
      ],
      "max_abs_diff": 0.0,
      "allclose": true
    }
  ],
  "all_intended_tensors_match": true,
  "visibility": {
    "unexpected_key": "model.language_model.layers.0.unexpected.weight",
    "unexpected_changed_any_parameter": false,
    "unexpected_changed_parameters": [],
    "missing_key": "model.language_model.layers.0.ffn_hc.base",
    "missing_target": "model.layers.0.hc_ffn_base",
    "missing_target_unchanged": true,
    "loader_emitted_warning_or_error": false
  }
}
