=== SGLANG_ROCM_USE_MULTI_STREAM=0 ===
[aiter] WARNING: NUMA balancing is enabled, which may cause errors. It is recommended to disable NUMA balancing by running "sudo sh -c 'echo 0 > /proc/sys/kernel/numa_balancing'" for more details: https://rocm.docs.amd.com/en/latest/how-to/system-optimization/mi300x.html#disable-numa-auto-balancing
[aiter] import [module_aiter_core] under /sgl-workspace/aiter/aiter/jit/module_aiter_core.so
{
  "runtime_option": "0",
  "device": "AMD Instinct MI300X",
  "capability": [
    9,
    4
  ],
  "torch": "2.9.1+rocm7.2.0.git7e1940d4",
  "hip": "7.2.26015-fc0010cf6a",
  "tokens": 8,
  "threshold": 0,
  "model_alt_stream_is_none": true,
  "indexer_alt_stream_is_none": true,
  "compress_gate_stream_is_none": true,
  "half_device_sm_count_missing_before_diagnostic": true,
  "runtime_gate": false,
  "runtime_gate_alt_stream_entries": 0,
  "forced_dual_available": false,
  "forced_dual_alt_stream_entries": 0,
  "single_query_stats": {
    "min": -0.83203125,
    "max": 0.9140625,
    "mean": 0.0018875948153436184
  },
  "single_key_stats": {
    "min": -2.796875,
    "max": 3.984375,
    "mean": 0.9091081619262695
  }
}
=== SGLANG_ROCM_USE_MULTI_STREAM=1 ===
[aiter] WARNING: NUMA balancing is enabled, which may cause errors. It is recommended to disable NUMA balancing by running "sudo sh -c 'echo 0 > /proc/sys/kernel/numa_balancing'" for more details: https://rocm.docs.amd.com/en/latest/how-to/system-optimization/mi300x.html#disable-numa-auto-balancing
[aiter] import [module_aiter_core] under /sgl-workspace/aiter/aiter/jit/module_aiter_core.so
{
  "runtime_option": "1",
  "device": "AMD Instinct MI300X",
  "capability": [
    9,
    4
  ],
  "torch": "2.9.1+rocm7.2.0.git7e1940d4",
  "hip": "7.2.26015-fc0010cf6a",
  "tokens": 8,
  "threshold": 0,
  "model_alt_stream_is_none": false,
  "indexer_alt_stream_is_none": false,
  "compress_gate_stream_is_none": true,
  "half_device_sm_count_missing_before_diagnostic": true,
  "runtime_gate": false,
  "runtime_gate_alt_stream_entries": 0,
  "forced_dual_available": true,
  "forced_dual_alt_stream_entries": 1,
  "single_query_stats": {
    "min": -0.83203125,
    "max": 0.9140625,
    "mean": 0.0018875948153436184
  },
  "single_key_stats": {
    "min": -2.796875,
    "max": 3.984375,
    "mean": 0.9091081619262695
  },
  "forced_dual_query_compare": {
    "equal": true,
    "max_abs_diff": 0.0,
    "allclose_bf16": true
  },
  "forced_dual_key_compare": {
    "equal": true,
    "max_abs_diff": 0.0,
    "allclose_bf16": true
  },
  "graph_capture_replay": {
    "capture_alt_stream_entries": 1,
    "capture_output_equal_reference": {
      "query": {
        "equal": true,
        "max_abs_diff": 0.0,
        "allclose_bf16": true
      },
      "key": {
        "equal": true,
        "max_abs_diff": 0.0,
        "allclose_bf16": true
      }
    },
    "replay_alt_stream_entries": 0,
    "replay_query_compare": {
      "equal": true,
      "max_abs_diff": 0.0,
      "allclose_bf16": true
    },
    "replay_key_compare": {
      "equal": true,
      "max_abs_diff": 0.0,
      "allclose_bf16": true
    }
  }
}
