=== SGLANG_ROCM_USE_MULTI_STREAM=0 ===
[aiter] WARNING: NUMA balancing is enabled, which may cause errors. It is recommended to disable NUMA balancing by running "sudo sh -c 'echo 0 > /proc/sys/kernel/numa_balancing'" for more details: https://rocm.docs.amd.com/en/latest/how-to/system-optimization/mi300x.html#disable-numa-auto-balancing
[aiter] import [module_aiter_core] under /sgl-workspace/aiter/aiter/jit/module_aiter_core.so
{
  "runtime_option": "0",
  "model_alt_stream_is_none": true,
  "indexer_type": "IndexerKPool",
  "indexer_alt_stream_is_none": true,
  "indexer_alt_stream": null,
  "compress_gate_stream_is_none": true
}
=== SGLANG_ROCM_USE_MULTI_STREAM=1 ===
[aiter] WARNING: NUMA balancing is enabled, which may cause errors. It is recommended to disable NUMA balancing by running "sudo sh -c 'echo 0 > /proc/sys/kernel/numa_balancing'" for more details: https://rocm.docs.amd.com/en/latest/how-to/system-optimization/mi300x.html#disable-numa-auto-balancing
[aiter] import [module_aiter_core] under /sgl-workspace/aiter/aiter/jit/module_aiter_core.so
{
  "runtime_option": "1",
  "model_alt_stream_is_none": false,
  "indexer_type": "IndexerKPool",
  "indexer_alt_stream_is_none": false,
  "indexer_alt_stream": "<torch.cuda.Stream device=cuda:0 cuda_stream=0x55df9b4cbd00>",
  "compress_gate_stream_is_none": true
}
