WARNING: AMD GPU device(s) is/are in a low-power state. Check power control/runtime_status



============================ ROCm System Management Interface ============================
=========================================== ID ===========================================
GPU[0]		: Device Name: 		AMD Instinct MI300X
GPU[0]		: Device ID: 		0x74a1
GPU[0]		: Device Rev: 		0x00
GPU[0]		: Subsystem ID: 	0x74a1
GPU[0]		: GUID: 		9845
==========================================================================================
======================================= Unique ID ========================================
GPU[0]		: Unique ID: 0xb5c590cf4c10631d
==========================================================================================
===================================== Serial Number ======================================
GPU[0]		: Serial Number: 692440004306
==========================================================================================
====================================== Product Info ======================================
GPU[0]		: Card Series: 		AMD Instinct MI300X
GPU[0]		: Card Model: 		0x74a1
GPU[0]		: Card Vendor: 		Advanced Micro Devices, Inc. [AMD/ATI]
GPU[0]		: Card SKU: 		M3000108
GPU[0]		: Subsystem ID: 	0x74a1
GPU[0]		: Device Rev: 		0x00
GPU[0]		: Node ID: 		2
GPU[0]		: GUID: 		9845
GPU[0]		: GFX Version: 		gfx942
==========================================================================================
================================== End of ROCm SMI Log ===================================
