BASE IMPORT PATHS (exit 0)
sglang /job/repo/python/sglang/__init__.py
utils /job/repo/python/sglang/srt/disaggregation/utils.py
model_config /job/repo/python/sglang/srt/configs/model_config.py

LEGACY ASSERTION REPRODUCTION (exit 1, expected failure)
top None True
text None True
Traceback (most recent call last):
  File "<string>", line 1, in <module>
  File "/job/repo/python/sglang/srt/configs/model_config.py", line 293, in get_dsa_index_topk
    assert is_deepseek_dsa(config)
AssertionError

CANDIDATE REGRESSION (exit 0)
Command: PYTHONPATH=/job/repo/python /tmp/amdpilot-repo-j-7dc4bb8bf5d8/venv/bin/python -m pytest -q test/registered/unit/disaggregation/test_dsa_seed_metadata_dim.py
.....                                                                    [100%]
5 passed, 17 warnings in 8.67s

INDEPENDENT PROBE ON BASE (exit 0)
glm_top_level_override dsa= False result= 0
glm_text_level_override dsa= False result= 0
qsa_like_non_dsa dsa= False result= 0
enabled_dsa_kpool_1 dsa= True result= 2048
enabled_dsa_kpool_128 dsa= True result= 2175
enabled_dsa_kpool_0 exception= AssertionError index_kpool must be positive, got 0
missing_share_flag dsa= True result= 0

INDEPENDENT PROBE ON EXACT CANDIDATE (exit 0)
glm_top_level_override dsa= False result= 0
glm_text_level_override dsa= False result= 0
qsa_like_non_dsa dsa= False result= 0
enabled_dsa_kpool_1 dsa= True result= 2048
enabled_dsa_kpool_128 dsa= True result= 2175
enabled_dsa_kpool_0 exception= AssertionError index_kpool must be positive, got 0
missing_share_flag dsa= True result= 0

CANDIDATE PRE-COMMIT (exit 0)
Applicable checks passed, including Python AST, isort, Ruff lint/format,
codespell, merge-conflict detection, credential checks, and registered-test CI
registry validation.

GPU INVENTORY (read-only; no GPU test executed)
Card Series: AMD Instinct MI355X
GFX Version: gfx950
VRAM Total Memory (B): 309220868096
