
==================================== ERRORS ====================================
__________ ERROR collecting registered/unit/test_dsa_trtllm_utils.py ___________
ImportError while importing test module '/job/repo/test/registered/unit/test_dsa_trtllm_utils.py'.
Hint: make sure your test modules/packages have valid Python names.
Traceback:
/usr/lib/python3.12/importlib/__init__.py:90: in import_module
    return _bootstrap._gcd_import(name[level:], package, level)
           ^^^^^^^^^^^^^^^^^^^^^^^^^^^^^^^^^^^^^^^^^^^^^^^^^^^^
test/registered/unit/test_dsa_trtllm_utils.py:3: in <module>
    from sglang.srt.layers.attention.dsa.trtllm_utils import (
E   ModuleNotFoundError: No module named 'sglang.srt.layers.attention.dsa.trtllm_utils'
=============================== warnings summary ===============================
../../opt/venv/lib/python3.12/site-packages/_pytest/config/__init__.py:1434
  /opt/venv/lib/python3.12/site-packages/_pytest/config/__init__.py:1434: PytestConfigWarning: Unknown config option: asyncio_mode
  
    self._warn_or_fail_if_strict(f"Unknown config option: {key}\n")

-- Docs: https://docs.pytest.org/en/stable/how-to/capture-warnings.html
=========================== short test summary info ============================
ERROR test/registered/unit/test_dsa_trtllm_utils.py
!!!!!!!!!!!!!!!!!!!! Interrupted: 1 error during collection !!!!!!!!!!!!!!!!!!!!
1 warning, 1 error in 4.92s
