python 3.12.3
torch 2.11.0+rocm7.2
cuda_available True
torch_cuda None
torch_hip 7.2.26015
flashinfer_spec None
device_count 1
device_0 AMD Instinct MI355X


============================ ROCm System Management Interface ============================
======================================= Unique ID ========================================
GPU[0]		: Unique ID: 0xc7f45338dc68744c
==========================================================================================
====================================== Product Info ======================================
GPU[0]		: Card Series: 		AMD Instinct MI355X
GPU[0]		: Card Model: 		0x75a3
GPU[0]		: Card Vendor: 		Advanced Micro Devices, Inc. [AMD/ATI]
GPU[0]		: Card SKU: 		N/A
GPU[0]		: Subsystem ID: 	0x75a3
GPU[0]		: Device Rev: 		0x00
GPU[0]		: Node ID: 		5
GPU[0]		: GUID: 		17010
GPU[0]		: GFX Version: 		gfx950
==========================================================================================
================================== End of ROCm SMI Log ===================================
