ERROR: found no collectors for /job/repo/python/sglang/srt/layers/attention/minimax_sparse_ops/tests/test_fp8_attn_gemm.py::test_indexer_prefill_all_fp8_vs_dequant_ref


==================================== ERRORS ====================================
________________________ ERROR collecting test session _________________________
ImportError while importing test module '/job/repo/python/sglang/srt/layers/attention/minimax_sparse_ops/tests/test_fp8_attn_gemm.py'.
Hint: make sure your test modules/packages have valid Python names.
Traceback:
/usr/lib/python3.12/importlib/__init__.py:90: in import_module
    return _bootstrap._gcd_import(name[level:], package, level)
           ^^^^^^^^^^^^^^^^^^^^^^^^^^^^^^^^^^^^^^^^^^^^^^^^^^^^
python/sglang/srt/layers/attention/minimax_sparse_ops/tests/test_fp8_attn_gemm.py:17: in <module>
    from sglang.srt.layers.attention.minimax_sparse_ops.decode.flash_with_topk_idx import (
E   ModuleNotFoundError: No module named 'sglang.srt.layers.attention.minimax_sparse_ops.decode'
=============================== warnings summary ===============================
../../opt/venv/lib/python3.12/site-packages/_pytest/config/__init__.py:1434
  /opt/venv/lib/python3.12/site-packages/_pytest/config/__init__.py:1434: PytestConfigWarning: Unknown config option: asyncio_mode
  
    self._warn_or_fail_if_strict(f"Unknown config option: {key}\n")

-- Docs: https://docs.pytest.org/en/stable/how-to/capture-warnings.html
=========================== short test summary info ============================
ERROR test
1 warning, 1 error in 4.74s
