F                                                                        [100%]
=================================== FAILURES ===================================
________ test_stale_max_seqlen_k_matches_live_width_and_torch_reference ________

caplog = <_pytest.logging.LogCaptureFixture object at 0x7fe5840e16a0>

    @pytest.mark.skipif(not torch.cuda.is_available(), reason="requires a GPU")
    def test_stale_max_seqlen_k_matches_live_width_and_torch_reference(caplog):
        inputs = _build_inputs([64, 4096])
        reference = _run(inputs, 4096)
        torch.testing.assert_close(reference, _torch_topk_reference(inputs), rtol=0, atol=0)
    
        with caplog.at_level(logging.WARNING):
            stale = _run(inputs, 64)
    
>       torch.testing.assert_close(stale, reference, rtol=0, atol=0)
E       AssertionError: Tensor-likes are not equal!
E       
E       Mismatched elements: 116 / 1040 (11.2%)
E       Greatest absolute difference: 8 at index (0, 64, 7)
E       Greatest relative difference: 1.0 at index (0, 41, 1)

test/registered/kernels/ops/attention/test_minimax_sparse_prefill_score_width.py:107: AssertionError
=============================== warnings summary ===============================
../../opt/venv/lib/python3.12/site-packages/_pytest/config/__init__.py:1434
  /opt/venv/lib/python3.12/site-packages/_pytest/config/__init__.py:1434: PytestConfigWarning: Unknown config option: asyncio_mode
  
    self._warn_or_fail_if_strict(f"Unknown config option: {key}\n")

registered/kernels/ops/attention/test_minimax_sparse_prefill_score_width.py::test_stale_max_seqlen_k_matches_live_width_and_torch_reference
  /opt/venv/lib/python3.12/site-packages/triton/language/core.py:2623: UserWarning: tl.make_block_ptr is deprecated. Use TensorDescriptor or tl.make_tensor_descriptor instead.
    warn("tl.make_block_ptr is deprecated. Use TensorDescriptor or tl.make_tensor_descriptor instead.")

-- Docs: https://docs.pytest.org/en/stable/how-to/capture-warnings.html
=========================== short test summary info ============================
FAILED test/registered/kernels/ops/attention/test_minimax_sparse_prefill_score_width.py::test_stale_max_seqlen_k_matches_live_width_and_torch_reference
1 failed, 2 warnings in 8.54s
