F                                                                        [100%]
=================================== FAILURES ===================================
______________ test_deep_gemm_identity_covers_sibling_jit_sources ______________

tmp_path = PosixPath('/tmp/pytest-of-amdpilotv2/pytest-0/test_deep_gemm_identity_covers0')

    def test_deep_gemm_identity_covers_sibling_jit_sources(tmp_path: Path):
        package_dir = tmp_path / "deep_gemm"
        package_dir.mkdir()
        init_path = package_dir / "__init__.py"
        jit_path = package_dir / "jit_kernels.py"
        init_path.write_text('__version__ = "1.0.0"\n')
        jit_path.write_text('KERNEL_TEMPLATE = "v1"\n')
        module = SimpleNamespace(__file__=str(init_path), __version__="1.0.0")

        before = compile_utils._module_identity(module, ())
        jit_path.write_text('KERNEL_TEMPLATE = "v2"\n')
        after = compile_utils._module_identity(module, ())

>       assert before != after
E       AssertionError: assert {'module_sha256': '27e8febb48ada44153ea2add9969a2c50a9831a74d9755fdd53c549a888b1cc2', 'version': '1.0.0'} != {'module_sha256': '27e8febb48ada44153ea2add9969a2c50a9831a74d9755fdd53c549a888b1cc2', 'version': '1.0.0'}

test/registered/utils/test_deep_gemm_warmup_marker.py:98: AssertionError
=============================== warnings summary ===============================
../../opt/venv/lib/python3.12/site-packages/_pytest/config/__init__.py:1434
  /opt/venv/lib/python3.12/site-packages/_pytest/config/__init__.py:1434: PytestConfigWarning: Unknown config option: asyncio_mode

    self._warn_or_fail_if_strict(f"Unknown config option: {key}\n")

-- Docs: https://docs.pytest.org/en/stable/how-to/capture-warnings.html
=========================== short test summary info ============================
FAILED test/registered/utils/test_deep_gemm_warmup_marker.py::test_deep_gemm_identity_covers_sibling_jit_sources
1 failed, 9 deselected, 1 warning in 4.06s
