{
  "aiter_module": "/sgl-workspace/aiter/aiter/__init__.py",
  "bf16": {
    "elapsed_ms": 92242.10748868063,
    "max_abs_diff_vs_fp32_reference": 0.015625,
    "operator": "aiter.flash_attn_func",
    "output_dtype": "torch.bfloat16"
  },
  "capability": [
    9,
    4
  ],
  "fp8": {
    "elapsed_ms": 35333.915238734335,
    "gate": 0.055,
    "gate_unchanged": true,
    "max_abs_diff_vs_bf16_control": 0.15625,
    "operator": "aiter.flash_attn_fp8_pertensor_func",
    "output_dtype": "torch.bfloat16",
    "passed": false,
    "storage_dtype": "torch.float8_e4m3fnuz"
  },
  "gpu": "AMD Instinct MI300X",
  "shape": {
    "batch": 1,
    "head_dim": 128,
    "heads": 8,
    "kv_heads": 1,
    "seqlen_k": 128,
    "seqlen_q": 128
  },
  "torch": "2.9.1+rocm7.2.0.git7e1940d4"
}
