{
  "gpu": {
    "capability": [
      9,
      4
    ],
    "device_count": 1,
    "gcn_arch_name": "gfx942:sramecc+:xnack-",
    "name": "AMD Instinct MI300X",
    "total_memory_gb": 191.984375
  },
  "hostname_not_used_as_image_identity": "banff-cyxtera-cx57-5",
  "installed_source_context": {
    "commit": "8eaffdf382e06b7dc50fc5c76cc5aad9c36bb0e4",
    "package_path": "/sgl-workspace/sglang/python/sglang/__init__.py",
    "path": "/sgl-workspace/sglang"
  },
  "native": {
    "aiter_bf16_module": "/sgl-workspace/aiter/aiter/jit/mha_fwd_bf16_nbias_mask_nlse_ndropout_nqscale.so",
    "aiter_core": "/sgl-workspace/aiter/aiter/jit/module_aiter_core.so",
    "aiter_fp8_module": "/sgl-workspace/aiter/aiter/jit/mha_fwd_fp8bf16_nbias_mask_nlse_ndropout_pertensor.so",
    "aiter_path": "/sgl-workspace/aiter/aiter/__init__.py",
    "sgl_kernel_flash_attn_path": "/opt/venv/lib/python3.10/site-packages/sgl_kernel/flash_attn.py",
    "sgl_kernel_path": "/opt/venv/lib/python3.10/site-packages/sgl_kernel/__init__.py",
    "sgl_kernel_version": "0.4.6.post1"
  },
  "operator_specified_image": "amdpilotv2/open-job-mi300:jit-config-readable-260909-banff5",
  "operator_specified_local_image_id": "sha256:39fe745feda79ecf4c17f4d806d8ef12150bef720f2f07f5c63a20b3ccfd63f1",
  "python": {
    "arch_list": [
      "gfx908",
      "gfx90a",
      "gfx942",
      "gfx1030",
      "gfx1100",
      "gfx1101",
      "gfx1200",
      "gfx1201",
      "gfx950",
      "gfx1151",
      "gfx1150"
    ],
    "executable": "/opt/venv/bin/python",
    "hip_version": "7.2.26015-fc0010cf6a",
    "torch_path": "/opt/venv/lib/python3.10/site-packages/torch/__init__.py",
    "torch_version": "2.9.1+rocm7.2.0.git7e1940d4"
  },
  "working_clone": {
    "commit": "ffe98a4279ba6e42d1f87dc4eeb6edb4887b9ea4",
    "package_path": "/job/sglang/python/sglang/__init__.py",
    "path": "/job/sglang"
  }
}
