F.                                                                    [100%]
=================================== FAILURES ===================================
_______ TestFP4DequantWorkspaceMetadata.test_empty_cpu_metadata_is_valid _______

self = <test_fp4_dequant_workspace_metadata.TestFP4DequantWorkspaceMetadata testMethod=test_empty_cpu_metadata_is_valid>

    def test_empty_cpu_metadata_is_valid(self):
>       self.assertIsNone(self.call_prepare())
E       AssertionError: (None, None) is not None

test/registered/unit/mem_cache/test_fp4_dequant_workspace_metadata.py:45: AssertionError
_ TestFP4DequantWorkspaceMetadata.test_missing_speculative_cpu_metadata_has_actionable_error (field='req_pool_indices_cpu') _

self = <test_fp4_dequant_workspace_metadata.TestFP4DequantWorkspaceMetadata testMethod=test_missing_speculative_cpu_metadata_has_actionable_error>

    def test_missing_speculative_cpu_metadata_has_actionable_error(self):
        for field in (
            "req_pool_indices_cpu",
            "extend_prefix_lens_cpu",
            "extend_seq_lens_cpu",
        ):
            with self.subTest(field=field):
                with self.assertRaisesRegex(
                    RuntimeError, "requires CPU request, prefix-length, and extend-length"
                ):
>                   self.call_prepare(**{field: None})

test/registered/unit/mem_cache/test_fp4_dequant_workspace_metadata.py:42: 
_ _ _ _ _ _ _ _ _ _ _ _ _ _ _ _ _ _ _ _ _ _ _ _ _ _ _ _ _ _ _ _ _ _ _ _ _ _ _ _ 
test/registered/unit/mem_cache/test_fp4_dequant_workspace_metadata.py:23: in call_prepare
    return MHATokenToKVPool._prepare_dequant_extend_workspace(
_ _ _ _ _ _ _ _ _ _ _ _ _ _ _ _ _ _ _ _ _ _ _ _ _ _ _ _ _ _ _ _ _ _ _ _ _ _ _ _ 

    def _prepare_dequant_extend_workspace(
        self,
        layer_id: int,
        global_layer_id: int,
        req_to_token: torch.Tensor,
        req_pool_indices_cpu,
        extend_prefix_lens_cpu,
        extend_seq_lens_cpu,
        page_size: int,
        k_cur_fp8: Optional[torch.Tensor] = None,
        v_cur_fp8: Optional[torch.Tensor] = None,
    ) -> tuple[torch.Tensor, torch.Tensor]:
        """Build the shared FP8 workspace used by FlashInfer extend attention.
    
        Cached prefix tokens are stored as packed FP4 plus per-block scales, so
        paged prefill dequantizes those prefix tokens into the FP8 workspace.
        The current extend chunk can already be FP8 and is copied into the same
        workspace after the prefix region.
        """
        k_fp4, v_fp4, k_scales, v_scales = self.get_raw_kv_buffer(layer_id)
        dq_k, dq_v = self.get_dequant_workspace()
    
        cur_batch_start_loc_cpu = 0
        cur_token_idx_dq = page_size
    
>       for i in range(len(req_pool_indices_cpu)):
                       ^^^^^^^^^^^^^^^^^^^^^^^^^
E       TypeError: object of type 'NoneType' has no len()

python/sglang/srt/mem_cache/memory_pool.py:2833: TypeError
_ TestFP4DequantWorkspaceMetadata.test_missing_speculative_cpu_metadata_has_actionable_error (field='extend_prefix_lens_cpu') _

self = <test_fp4_dequant_workspace_metadata.TestFP4DequantWorkspaceMetadata testMethod=test_missing_speculative_cpu_metadata_has_actionable_error>

    def test_missing_speculative_cpu_metadata_has_actionable_error(self):
        for field in (
            "req_pool_indices_cpu",
            "extend_prefix_lens_cpu",
            "extend_seq_lens_cpu",
        ):
            with self.subTest(field=field):
>               with self.assertRaisesRegex(
                    RuntimeError, "requires CPU request, prefix-length, and extend-length"
                ):
E               AssertionError: RuntimeError not raised

test/registered/unit/mem_cache/test_fp4_dequant_workspace_metadata.py:39: AssertionError
_ TestFP4DequantWorkspaceMetadata.test_missing_speculative_cpu_metadata_has_actionable_error (field='extend_seq_lens_cpu') _

self = <test_fp4_dequant_workspace_metadata.TestFP4DequantWorkspaceMetadata testMethod=test_missing_speculative_cpu_metadata_has_actionable_error>

    def test_missing_speculative_cpu_metadata_has_actionable_error(self):
        for field in (
            "req_pool_indices_cpu",
            "extend_prefix_lens_cpu",
            "extend_seq_lens_cpu",
        ):
            with self.subTest(field=field):
>               with self.assertRaisesRegex(
                    RuntimeError, "requires CPU request, prefix-length, and extend-length"
                ):
E               AssertionError: RuntimeError not raised

test/registered/unit/mem_cache/test_fp4_dequant_workspace_metadata.py:39: AssertionError
=============================== warnings summary ===============================
../../opt/venv/lib/python3.12/site-packages/_pytest/config/__init__.py:1434
  /opt/venv/lib/python3.12/site-packages/_pytest/config/__init__.py:1434: PytestConfigWarning: Unknown config option: asyncio_mode
  
    self._warn_or_fail_if_strict(f"Unknown config option: {key}\n")

../../opt/venv/lib/python3.12/site-packages/torch/jit/_script.py:365: 14 warnings
  /opt/venv/lib/python3.12/site-packages/torch/jit/_script.py:365: DeprecationWarning: `torch.jit.script_method` is deprecated. Please switch to `torch.compile` or `torch.export`.
    warnings.warn(

../../opt/venv/lib/python3.12/site-packages/Cython/Distutils/old_build_ext.py:15
../../opt/venv/lib/python3.12/site-packages/Cython/Distutils/old_build_ext.py:15
  /opt/venv/lib/python3.12/site-packages/Cython/Distutils/old_build_ext.py:15: DeprecationWarning: dep_util is Deprecated. Use functions from setuptools instead.
    from distutils.dep_util import newer, newer_group

-- Docs: https://docs.pytest.org/en/stable/how-to/capture-warnings.html
=========================== short test summary info ============================
FAILED test/registered/unit/mem_cache/test_fp4_dequant_workspace_metadata.py::TestFP4DequantWorkspaceMetadata::test_empty_cpu_metadata_is_valid
SUBFAILED(field='req_pool_indices_cpu') test/registered/unit/mem_cache/test_fp4_dequant_workspace_metadata.py::TestFP4DequantWorkspaceMetadata::test_missing_speculative_cpu_metadata_has_actionable_error
SUBFAILED(field='extend_prefix_lens_cpu') test/registered/unit/mem_cache/test_fp4_dequant_workspace_metadata.py::TestFP4DequantWorkspaceMetadata::test_missing_speculative_cpu_metadata_has_actionable_error
SUBFAILED(field='extend_seq_lens_cpu') test/registered/unit/mem_cache/test_fp4_dequant_workspace_metadata.py::TestFP4DequantWorkspaceMetadata::test_missing_speculative_cpu_metadata_has_actionable_error
4 failed, 1 passed, 17 warnings in 11.54s
