[aiter] WARNING: NUMA balancing is enabled, which may cause errors. It is recommended to disable NUMA balancing by running "sudo sh -c 'echo 0 > /proc/sys/kernel/numa_balancing'" for more details: https://rocm.docs.amd.com/en/latest/how-to/system-optimization/mi300x.html#disable-numa-auto-balancing
[aiter] import [module_aiter_core] under /tmp/amdpilot-repo-j-16df850cda49/cache/aiter/module_aiter_core.so
[CI Test Method] TestMxfp4ShardedState.test_runtime_parameters_are_not_cpu_offloaded
Traceback (most recent call last):
  File "/job/repo/python/sglang/srt/utils/common.py", line 3514, in retry
    return fn()
           ^^^^
  File "/job/repo/python/sglang/test/test_utils.py", line 2195, in <lambda>
    lambda: super(CustomTestCase, self)._callTestMethod(method),
            ^^^^^^^^^^^^^^^^^^^^^^^^^^^^^^^^^^^^^^^^^^^^^^^^^^^
  File "/usr/lib/python3.12/unittest/case.py", line 589, in _callTestMethod
    if method() is not None:
       ^^^^^^^^
  File "/tmp/test_mxfp4_sharded_state.py", line 102, in test_runtime_parameters_are_not_cpu_offloaded
    self.assertIs(offloader.maybe_offload_to_cpu(layer), layer)
                  ^^^^^^^^^^^^^^^^^^^^^^^^^^^^^^^^^^^^^
  File "/job/repo/python/sglang/srt/utils/offloader.py", line 132, in maybe_offload_to_cpu
    cpu_data.copy_(p.data)
NotImplementedError: Cannot copy out of meta tensor; no data!
E[CI Test Method] TestMxfp4ShardedState.test_runtime_weight_and_scale_sharded_round_trip
Traceback (most recent call last):
  File "/job/repo/python/sglang/srt/utils/common.py", line 3514, in retry
    return fn()
           ^^^^
  File "/job/repo/python/sglang/test/test_utils.py", line 2195, in <lambda>
    lambda: super(CustomTestCase, self)._callTestMethod(method),
            ^^^^^^^^^^^^^^^^^^^^^^^^^^^^^^^^^^^^^^^^^^^^^^^^^^^
  File "/usr/lib/python3.12/unittest/case.py", line 589, in _callTestMethod
    if method() is not None:
       ^^^^^^^^
  File "/tmp/test_mxfp4_sharded_state.py", line 159, in test_runtime_weight_and_scale_sharded_round_trip
    self.assertIn(name, state)
  File "/usr/lib/python3.12/unittest/case.py", line 1152, in assertIn
    self.fail(self._formatMessage(msg, standardMsg))
  File "/usr/lib/python3.12/unittest/case.py", line 715, in fail
    raise self.failureException(msg)
AssertionError: 'w13_weight' not found in OrderedDict({'w13_weight_scale': tensor([[[113, 113],
         [113, 113],
         [113, 113],
         [113, 113],
         [113, 113],
         [113, 113],
         [113, 113],
         [113, 113],
         [113, 113],
         [113, 113],
         [113, 113],
         [113, 113],
         [113, 113],
         [113, 113],
         [113, 113],
         [113, 113],
         [113, 113],
         [113, 113],
         [113, 113],
         [113, 113],
         [113, 113],
         [113, 113],
         [113, 113],
         [113, 113],
         [113, 113],
         [113, 113],
         [113, 113],
         [113, 113],
         [113, 113],
         [113, 113],
         [113, 113],
         [113, 113],
         [113, 113],
         [113, 113],
         [113, 113],
         [113, 113],
         [113, 113],
         [113, 113],
         [113, 113],
         [113, 113],
         [113, 113],
         [113, 113],
         [113, 113],
         [113, 113],
         [113, 113],
         [113, 113],
         [113, 113],
         [113, 113],
         [113, 113],
         [113, 113],
         [113, 113],
         [113, 113],
         [113, 113],
         [113, 113],
         [113, 113],
         [113, 113],
         [113, 113],
         [113, 113],
         [113, 113],
         [113, 113],
         [113, 113],
         [113, 113],
         [113, 113],
         [113, 113],
         [113, 113],
         [113, 113],
         [113, 113],
         [113, 113],
         [113, 113],
         [113, 113],
         [113, 113],
         [113, 113],
         [113, 113],
         [113, 113],
         [113, 113],
         [113, 113],
         [113, 113],
         [113, 113],
         [113, 113],
         [113, 113],
         [113, 113],
         [113, 113],
         [113, 113],
         [113, 113],
         [113, 113],
         [113, 113],
         [113, 113],
         [113, 113],
         [113, 113],
         [113, 113],
         [113, 113],
         [113, 113],
         [113, 113],
         [113, 113],
         [113, 113],
         [113, 113],
         [113, 113],
         [113, 113],
         [113, 113],
         [113, 113],
         [113, 113],
         [113, 113],
         [113, 113],
         [113, 113],
         [113, 113],
         [113, 113],
         [113, 113],
         [113, 113],
         [113, 113],
         [113, 113],
         [113, 113],
         [113, 113],
         [113, 113],
         [113, 113],
         [113, 113],
         [113, 113],
         [113, 113],
         [113, 113],
         [113, 113],
         [113, 113],
         [113, 113],
         [113, 113],
         [113, 113],
         [113, 113],
         [113, 113],
         [113, 113],
         [113, 113],
         [113, 113]]], dtype=torch.uint8), 'w13_weight_bias': tensor([[3., 3., 3., 3., 3., 3., 3., 3., 3., 3., 3., 3., 3., 3., 3., 3., 3., 3.,
         3., 3., 3., 3., 3., 3., 3., 3., 3., 3., 3., 3., 3., 3., 3., 3., 3., 3.,
         3., 3., 3., 3., 3., 3., 3., 3., 3., 3., 3., 3., 3., 3., 3., 3., 3., 3.,
         3., 3., 3., 3., 3., 3., 3., 3., 3., 3., 3., 3., 3., 3., 3., 3., 3., 3.,
         3., 3., 3., 3., 3., 3., 3., 3., 3., 3., 3., 3., 3., 3., 3., 3., 3., 3.,
         3., 3., 3., 3., 3., 3., 3., 3., 3., 3., 3., 3., 3., 3., 3., 3., 3., 3.,
         3., 3., 3., 3., 3., 3., 3., 3., 3., 3., 3., 3., 3., 3., 3., 3., 3., 3.,
         3., 3.]]), 'w2_weight_scale': tensor([[[114, 114],
         [114, 114],
         [114, 114],
         [114, 114],
         [114, 114],
         [114, 114],
         [114, 114],
         [114, 114],
         [114, 114],
         [114, 114],
         [114, 114],
         [114, 114],
         [114, 114],
         [114, 114],
         [114, 114],
         [114, 114],
         [114, 114],
         [114, 114],
         [114, 114],
         [114, 114],
         [114, 114],
         [114, 114],
         [114, 114],
         [114, 114],
         [114, 114],
         [114, 114],
         [114, 114],
         [114, 114],
         [114, 114],
         [114, 114],
         [114, 114],
         [114, 114],
         [114, 114],
         [114, 114],
         [114, 114],
         [114, 114],
         [114, 114],
         [114, 114],
         [114, 114],
         [114, 114],
         [114, 114],
         [114, 114],
         [114, 114],
         [114, 114],
         [114, 114],
         [114, 114],
         [114, 114],
         [114, 114],
         [114, 114],
         [114, 114],
         [114, 114],
         [114, 114],
         [114, 114],
         [114, 114],
         [114, 114],
         [114, 114],
         [114, 114],
         [114, 114],
         [114, 114],
         [114, 114],
         [114, 114],
         [114, 114],
         [114, 114],
         [114, 114]]], dtype=torch.uint8), 'w2_weight_bias': tensor([[4., 4., 4., 4., 4., 4., 4., 4., 4., 4., 4., 4., 4., 4., 4., 4., 4., 4.,
         4., 4., 4., 4., 4., 4., 4., 4., 4., 4., 4., 4., 4., 4., 4., 4., 4., 4.,
         4., 4., 4., 4., 4., 4., 4., 4., 4., 4., 4., 4., 4., 4., 4., 4., 4., 4.,
         4., 4., 4., 4., 4., 4., 4., 4., 4., 4.]])})
E
======================================================================
ERROR: test_runtime_parameters_are_not_cpu_offloaded (__main__.TestMxfp4ShardedState.test_runtime_parameters_are_not_cpu_offloaded)
----------------------------------------------------------------------
Traceback (most recent call last):
  File "/job/repo/python/sglang/srt/utils/common.py", line 3514, in retry
    return fn()
           ^^^^
  File "/job/repo/python/sglang/test/test_utils.py", line 2195, in <lambda>
    lambda: super(CustomTestCase, self)._callTestMethod(method),
            ^^^^^^^^^^^^^^^^^^^^^^^^^^^^^^^^^^^^^^^^^^^^^^^^^^^
  File "/usr/lib/python3.12/unittest/case.py", line 589, in _callTestMethod
    if method() is not None:
       ^^^^^^^^
  File "/tmp/test_mxfp4_sharded_state.py", line 102, in test_runtime_parameters_are_not_cpu_offloaded
    self.assertIs(offloader.maybe_offload_to_cpu(layer), layer)
                  ^^^^^^^^^^^^^^^^^^^^^^^^^^^^^^^^^^^^^
  File "/job/repo/python/sglang/srt/utils/offloader.py", line 132, in maybe_offload_to_cpu
    cpu_data.copy_(p.data)
NotImplementedError: Cannot copy out of meta tensor; no data!

During handling of the above exception, another exception occurred:

Traceback (most recent call last):
  File "/job/repo/python/sglang/test/test_utils.py", line 2194, in _callTestMethod
    retry(
  File "/job/repo/python/sglang/srt/utils/common.py", line 3529, in retry
    raise Exception(f"retry() exceed maximum number of retries.")
Exception: retry() exceed maximum number of retries.

======================================================================
ERROR: test_runtime_weight_and_scale_sharded_round_trip (__main__.TestMxfp4ShardedState.test_runtime_weight_and_scale_sharded_round_trip)
----------------------------------------------------------------------
Traceback (most recent call last):
  File "/job/repo/python/sglang/srt/utils/common.py", line 3514, in retry
    return fn()
           ^^^^
  File "/job/repo/python/sglang/test/test_utils.py", line 2195, in <lambda>
    lambda: super(CustomTestCase, self)._callTestMethod(method),
            ^^^^^^^^^^^^^^^^^^^^^^^^^^^^^^^^^^^^^^^^^^^^^^^^^^^
AssertionError: 'w13_weight' not found in OrderedDict({'w13_weight_scale': tensor([[[113, 113],
         [113, 113],
         [113, 113],
         [113, 113],
         [113, 113],
         [113, 113],
         [113, 113],
         [113, 113],
         [113, 113],
         [113, 113],
         [113, 113],
         [113, 113],
         [113, 113],
         [113, 113],
         [113, 113],
         [113, 113],
         [113, 113],
         [113, 113],
         [113, 113],
         [113, 113],
         [113, 113],
         [113, 113],
         [113, 113],
         [113, 113],
         [113, 113],
         [113, 113],
         [113, 113],
         [113, 113],
         [113, 113],
         [113, 113],
         [113, 113],
         [113, 113],
         [113, 113],
         [113, 113],
         [113, 113],
         [113, 113],
         [113, 113],
         [113, 113],
         [113, 113],
         [113, 113],
         [113, 113],
         [113, 113],
         [113, 113],
         [113, 113],
         [113, 113],
         [113, 113],
         [113, 113],
         [113, 113],
         [113, 113],
         [113, 113],
         [113, 113],
         [113, 113],
         [113, 113],
         [113, 113],
         [113, 113],
         [113, 113],
         [113, 113],
         [113, 113],
         [113, 113],
         [113, 113],
         [113, 113],
         [113, 113],
         [113, 113],
         [113, 113],
         [113, 113],
         [113, 113],
         [113, 113],
         [113, 113],
         [113, 113],
         [113, 113],
         [113, 113],
         [113, 113],
         [113, 113],
         [113, 113],
         [113, 113],
         [113, 113],
         [113, 113],
         [113, 113],
         [113, 113],
         [113, 113],
         [113, 113],
         [113, 113],
         [113, 113],
         [113, 113],
         [113, 113],
         [113, 113],
         [113, 113],
         [113, 113],
         [113, 113],
         [113, 113],
         [113, 113],
         [113, 113],
         [113, 113],
         [113, 113],
         [113, 113],
         [113, 113],
         [113, 113],
         [113, 113],
         [113, 113],
         [113, 113],
         [113, 113],
         [113, 113],
         [113, 113],
         [113, 113],
         [113, 113],
         [113, 113],
         [113, 113],
         [113, 113],
         [113, 113],
         [113, 113],
         [113, 113],
         [113, 113],
         [113, 113],
         [113, 113],
         [113, 113],
         [113, 113],
         [113, 113],
         [113, 113],
         [113, 113],
         [113, 113],
         [113, 113],
         [113, 113],
         [113, 113],
         [113, 113],
         [113, 113],
         [113, 113],
         [113, 113],
         [113, 113]]], dtype=torch.uint8), 'w13_weight_bias': tensor([[3., 3., 3., 3., 3., 3., 3., 3., 3., 3., 3., 3., 3., 3., 3., 3., 3., 3.,
         3., 3., 3., 3., 3., 3., 3., 3., 3., 3., 3., 3., 3., 3., 3., 3., 3., 3.,
         3., 3., 3., 3., 3., 3., 3., 3., 3., 3., 3., 3., 3., 3., 3., 3., 3., 3.,
         3., 3., 3., 3., 3., 3., 3., 3., 3., 3., 3., 3., 3., 3., 3., 3., 3., 3.,
         3., 3., 3., 3., 3., 3., 3., 3., 3., 3., 3., 3., 3., 3., 3., 3., 3., 3.,
         3., 3., 3., 3., 3., 3., 3., 3., 3., 3., 3., 3., 3., 3., 3., 3., 3., 3.,
         3., 3., 3., 3., 3., 3., 3., 3., 3., 3., 3., 3., 3., 3., 3., 3., 3., 3.,
         3., 3.]]), 'w2_weight_scale': tensor([[[114, 114],
         [114, 114],
         [114, 114],
         [114, 114],
         [114, 114],
         [114, 114],
         [114, 114],
         [114, 114],
         [114, 114],
         [114, 114],
         [114, 114],
         [114, 114],
         [114, 114],
         [114, 114],
         [114, 114],
         [114, 114],
         [114, 114],
         [114, 114],
         [114, 114],
         [114, 114],
         [114, 114],
         [114, 114],
         [114, 114],
         [114, 114],
         [114, 114],
         [114, 114],
         [114, 114],
         [114, 114],
         [114, 114],
         [114, 114],
         [114, 114],
         [114, 114],
         [114, 114],
         [114, 114],
         [114, 114],
         [114, 114],
         [114, 114],
         [114, 114],
         [114, 114],
         [114, 114],
         [114, 114],
         [114, 114],
         [114, 114],
         [114, 114],
         [114, 114],
         [114, 114],
         [114, 114],
         [114, 114],
         [114, 114],
         [114, 114],
         [114, 114],
         [114, 114],
         [114, 114],
         [114, 114],
         [114, 114],
         [114, 114],
         [114, 114],
         [114, 114],
         [114, 114],
         [114, 114],
         [114, 114],
         [114, 114],
         [114, 114],
         [114, 114]]], dtype=torch.uint8), 'w2_weight_bias': tensor([[4., 4., 4., 4., 4., 4., 4., 4., 4., 4., 4., 4., 4., 4., 4., 4., 4., 4.,
         4., 4., 4., 4., 4., 4., 4., 4., 4., 4., 4., 4., 4., 4., 4., 4., 4., 4.,
         4., 4., 4., 4., 4., 4., 4., 4., 4., 4., 4., 4., 4., 4., 4., 4., 4., 4.,
         4., 4., 4., 4., 4., 4., 4., 4., 4., 4.]])})

During handling of the above exception, another exception occurred:

Traceback (most recent call last):
  File "/job/repo/python/sglang/test/test_utils.py", line 2194, in _callTestMethod
    retry(
  File "/job/repo/python/sglang/srt/utils/common.py", line 3529, in retry
    raise Exception(f"retry() exceed maximum number of retries.")
Exception: retry() exceed maximum number of retries.

----------------------------------------------------------------------
Ran 2 tests in 0.006s

FAILED (errors=2)
