{
  "device": "AMD Instinct MI350X",
  "arch": "gfx950:sramecc+:xnack-",
  "cases": [
    {
      "topk": 1,
      "cache_dtype": "torch.bfloat16",
      "max_abs_error": 0.0
    },
    {
      "topk": 16,
      "cache_dtype": "torch.bfloat16",
      "max_abs_error": 0.0078125
    },
    {
      "topk": 17,
      "cache_dtype": "torch.bfloat16",
      "max_abs_error": 0.00390625
    },
    {
      "topk": 1,
      "cache_dtype": "torch.float8_e4m3fn",
      "max_abs_error": 0.0
    },
    {
      "topk": 16,
      "cache_dtype": "torch.float8_e4m3fn",
      "max_abs_error": 0.00390625
    },
    {
      "topk": 17,
      "cache_dtype": "torch.float8_e4m3fn",
      "max_abs_error": 0.00390625
    }
  ]
}
