[aiter] WARNING: NUMA balancing is enabled, which may cause errors. It is recommended to disable NUMA balancing by running "sudo sh -c 'echo 0 > /proc/sys/kernel/numa_balancing'" for more details: https://rocm.docs.amd.com/en/latest/how-to/system-optimization/mi300x.html#disable-numa-auto-balancing
[aiter] import [module_aiter_core] under /tmp/amdpilot-repo-j-cad04e9dee25/cache/aiter/module_aiter_core.so
Writing model shards:   0%|          | 0/1 [00:00<?, ?it/s]Writing model shards: 100%|██████████| 1/1 [00:00<00:00, 1699.47it/s]
Loading weights:   0%|          | 0/11 [00:00<?, ?it/s]Loading weights: 100%|██████████| 11/11 [00:00<00:00, 13565.82it/s]
[transformers] [1mT5Model LOAD REPORT[0m from: /tmp/amdpilot-repo-j-cad04e9dee25/tiny-t5-cpu-placement
Key                                                                  | Status  | 
---------------------------------------------------------------------+---------+-
decoder.block.0.layer.1.EncDecAttention.o.weight                     | MISSING | 
decoder.block.0.layer.2.DenseReluDense.wo.weight                     | MISSING | 
decoder.block.0.layer.0.SelfAttention.o.weight                       | MISSING | 
decoder.block.0.layer.{0, 1, 2}.layer_norm.weight                    | MISSING | 
decoder.block.0.layer.0.SelfAttention.k.weight                       | MISSING | 
decoder.block.0.layer.1.EncDecAttention.v.weight                     | MISSING | 
decoder.block.0.layer.1.EncDecAttention.k.weight                     | MISSING | 
decoder.final_layer_norm.weight                                      | MISSING | 
decoder.block.0.layer.0.SelfAttention.v.weight                       | MISSING | 
decoder.block.0.layer.2.DenseReluDense.wi.weight                     | MISSING | 
decoder.block.0.layer.0.SelfAttention.relative_attention_bias.weight | MISSING | 
decoder.block.0.layer.1.EncDecAttention.q.weight                     | MISSING | 
decoder.block.0.layer.0.SelfAttention.q.weight                       | MISSING | 

Notes:
- MISSING:	those params were newly initialized because missing from the checkpoint. Consider training on your downstream task.
{'gpu': 'AMD Instinct MI350X', 'hip': '7.2.26015', 'before_bytes': 0, 'after_bytes': 0, 'delta_bytes': 0, 'parameter_devices': ['cpu']}
