[aiter] WARNING: NUMA balancing is enabled, which may cause errors. It is recommended to disable NUMA balancing by running "sudo sh -c 'echo 0 > /proc/sys/kernel/numa_balancing'" for more details: https://rocm.docs.amd.com/en/latest/how-to/system-optimization/mi300x.html#disable-numa-auto-balancing
[aiter] import [module_aiter_core] under /tmp/amdpilot-repo-j-bcaa43eb3619/cache/aiter/module_aiter_core.so
Backup operation 0 raised an exception.
Traceback (most recent call last):
  File "/job/repo/python/sglang/srt/managers/cache_controller.py", line 1328, in backup_thread_func
    self._page_backup(operation)
  File "/tmp/amdpilot-repo-j-bcaa43eb3619/reproduce_review_counterexample.py", line 21, in page_backup
    raise next(failures)
TimeoutError: remote timed out
Backup operation 1 raised an exception.
Traceback (most recent call last):
  File "/job/repo/python/sglang/srt/managers/cache_controller.py", line 1328, in backup_thread_func
    self._page_backup(operation)
  File "/tmp/amdpilot-repo-j-bcaa43eb3619/reproduce_review_counterexample.py", line 21, in page_backup
    raise next(failures)
ValueError: malformed response
Backup operation 3 raised an exception.
Traceback (most recent call last):
  File "/job/repo/python/sglang/srt/mem_cache/hybrid_cache/hybrid_cache_controller.py", line 763, in backup_thread_func
    self._page_backup(operation)
  File "/tmp/amdpilot-repo-j-bcaa43eb3619/reproduce_review_counterexample.py", line 21, in page_backup
    raise next(failures)
TimeoutError: remote timed out
Backup operation 4 raised an exception.
Traceback (most recent call last):
  File "/job/repo/python/sglang/srt/mem_cache/hybrid_cache/hybrid_cache_controller.py", line 763, in backup_thread_func
    self._page_backup(operation)
  File "/tmp/amdpilot-repo-j-bcaa43eb3619/reproduce_review_counterexample.py", line 21, in page_backup
    raise next(failures)
ValueError: malformed response
HiCacheController [{'failed': True, 'failure_kind': 'exception', 'unwritten_pages': 1, 'exception_type': None, 'exception_message': None}, {'failed': True, 'failure_kind': 'exception', 'unwritten_pages': 1, 'exception_type': None, 'exception_message': None}, {'failed': False, 'failure_kind': None, 'unwritten_pages': 0, 'exception_type': None, 'exception_message': None}]
HybridCacheController [{'failed': True, 'failure_kind': 'exception', 'unwritten_pages': 1, 'exception_type': None, 'exception_message': None}, {'failed': True, 'failure_kind': 'exception', 'unwritten_pages': 1, 'exception_type': None, 'exception_message': None}, {'failed': False, 'failure_kind': None, 'unwritten_pages': 0, 'exception_type': None, 'exception_message': None}]
Traceback (most recent call last):
  File "/tmp/amdpilot-repo-j-bcaa43eb3619/reproduce_review_counterexample.py", line 58, in <module>
    assert all(results), "distinct exceptions have indistinguishable ack metadata"
           ^^^^^^^^^^^^
AssertionError: distinct exceptions have indistinguishable ack metadata
