/tmp/amdpilot-repo-j-8da637375273/prefix/python/sglang/srt/parser/reasoning_parser.py
F...F                                                                    [100%]
=================================== FAILURES ===================================
______ test_non_stream_tools_channel_before_think_close_is_not_reasoning _______

    def test_non_stream_tools_channel_before_think_close_is_not_reasoning() -> None:
        """A tools channel emitted inside the think block, with think closing after
        it, must still reach the tool-call parser.
    
        The reasoning grammar is deferred until think closes, so nothing stops the
        model from opening the tools channel first. Splitting on think_end put the
        whole call in reasoning_text, dropping it with no log line.
        """
        detector = KimiK3Detector(force_reasoning=True)
        result = detector.detect_and_parse(
            f"thought{_TOOLS_CHANNEL}{THINK_CLOSE}{MESSAGE_CLOSE}"
        )
>       assert result.reasoning_text == "thought"
E       assert 'thought<|ope...>tools<|sep|>' == 'thought'
E         
E         - thought
E         + thought<|open|>tools<|sep|><|open|>call tool="python" index="1"<|sep|><|close|>call<|sep|><|close|>tools<|sep|>

/tmp/amdpilot-repo-j-8da637375273/prefix/test/registered/unit/parser/test_kimik3_reasoning_parser_regression.py:176: AssertionError
____________ test_streaming_tools_channel_before_think_close[1000] _____________

chunk_size = 1000

    @pytest.mark.parametrize("chunk_size", [1, 3, 7, 1000])
    def test_streaming_tools_channel_before_think_close(chunk_size: int) -> None:
        detector = KimiK3Detector(force_reasoning=True)
        text = f"thought{_TOOLS_CHANNEL}{THINK_CLOSE}{MESSAGE_CLOSE}"
        reasoning, content = _stream(detector, _chunks(text, chunk_size))
>       assert reasoning == "thought"
E       assert 'thought<|ope...>tools<|sep|>' == 'thought'
E         
E         - thought
E         + thought<|open|>tools<|sep|><|open|>call tool="python" index="1"<|sep|><|close|>call<|sep|><|close|>tools<|sep|>

/tmp/amdpilot-repo-j-8da637375273/prefix/test/registered/unit/parser/test_kimik3_reasoning_parser_regression.py:185: AssertionError
=============================== warnings summary ===============================
../../opt/venv/lib/python3.12/site-packages/_pytest/config/__init__.py:1309
  /opt/venv/lib/python3.12/site-packages/_pytest/config/__init__.py:1309: PytestAssertRewriteWarning: Module already imported so cannot be rewritten; anyio
    self._mark_plugins_for_rewrite(hook, disable_autoload)

../../opt/venv/lib/python3.12/site-packages/_pytest/config/__init__.py:1434
  /opt/venv/lib/python3.12/site-packages/_pytest/config/__init__.py:1434: PytestConfigWarning: Unknown config option: asyncio_mode
  
    self._warn_or_fail_if_strict(f"Unknown config option: {key}\n")

-- Docs: https://docs.pytest.org/en/stable/how-to/capture-warnings.html
=========================== short test summary info ============================
FAILED ../../tmp/amdpilot-repo-j-8da637375273/prefix/test/registered/unit/parser/test_kimik3_reasoning_parser_regression.py::test_non_stream_tools_channel_before_think_close_is_not_reasoning
FAILED ../../tmp/amdpilot-repo-j-8da637375273/prefix/test/registered/unit/parser/test_kimik3_reasoning_parser_regression.py::test_streaming_tools_channel_before_think_close[1000]
2 failed, 3 passed, 54 deselected, 2 warnings in 0.67s
