AMD Instinct MI350X gfx950:sramecc+:xnack-
Traceback (most recent call last):
  File "/job/repo/reports/j-b5df533cf10f/reproduce_post_quant_launch.py", line 46, in <module>
    run_masked(args.tokens, args.hidden, args.topk)
  File "/job/repo/reports/j-b5df533cf10f/reproduce_post_quant_launch.py", line 31, in run_masked
    silu_and_mul_masked_post_quant(x, out, scale, 128, masked_m, topk=topk)
  File "/job/repo/python/sglang/kernels/ops/attention/dsv4/moe.py", line 203, in silu_and_mul_masked_post_quant
    module = _jit_silu_mul_quant_varlen_module(
             ^^^^^^^^^^^^^^^^^^^^^^^^^^^^^^^^^^
  File "/job/repo/python/sglang/kernels/jit/utils/common.py", line 38, in wrapper
    result_map[key] = fn(*args, **kwargs)
                      ^^^^^^^^^^^^^^^^^^^
  File "/job/repo/python/sglang/kernels/ops/attention/dsv4/moe.py", line 64, in _jit_silu_mul_quant_varlen_module
    return load_jit(
           ^^^^^^^^^
  File "/opt/venv/lib/python3.12/site-packages/torch/_dynamo/eval_frame.py", line 1263, in _fn
    return fn(*args, **kwargs)
           ^^^^^^^^^^^^^^^^^^^
  File "/job/repo/python/sglang/kernels/jit/utils/compile/loader.py", line 170, in load_jit
    library = ninja.build(spec=spec, build_dir=staging, build_file=build_file)
              ^^^^^^^^^^^^^^^^^^^^^^^^^^^^^^^^^^^^^^^^^^^^^^^^^^^^^^^^^^^^^^^^
  File "/job/repo/python/sglang/kernels/jit/utils/compile/ninja.py", line 168, in build
    raise RuntimeError(
RuntimeError: Failed to build JIT module sgl_kernel_jit_dpsk_v4_silu_mul_quant_varlen_128_false_false_false_false in /job/.cache/sglang/jit/gfx950/sgl_kernel_jit_dpsk_v4_silu_mul_quant_varlen_128_false_false_false_false/build-f00e939dbb121123/.staging-b04af561e43b4bb38ddc1316c9d42020
stdout:
[1/2] /opt/rocm/bin/hipcc -MD -MF "cuda_0.o.d" -fPIC -D__HIP_PLATFORM_AMD__=1 -fno-gpu-rdc --offload-arch=gfx950:sramecc+:xnack- -DUSE_ROCM -std=c++20 -O3 -DHIP_FP8_TYPE_E4M3=1 -I/opt/venv/lib/python3.12/site-packages/tvm_ffi/include -I/opt/rocm/include -I/job/repo/python/sglang/kernels/jit/include -c "cuda.cu" -o "cuda_0.o"
FAILED: [code=1] cuda_0.o 
/opt/rocm/bin/hipcc -MD -MF "cuda_0.o.d" -fPIC -D__HIP_PLATFORM_AMD__=1 -fno-gpu-rdc --offload-arch=gfx950:sramecc+:xnack- -DUSE_ROCM -std=c++20 -O3 -DHIP_FP8_TYPE_E4M3=1 -I/opt/venv/lib/python3.12/site-packages/tvm_ffi/include -I/opt/rocm/include -I/job/repo/python/sglang/kernels/jit/include -c "cuda.cu" -o "cuda_0.o"
In file included from cuda.cu:6:
/job/repo/python/sglang/kernels/jit/csrc/deepseek_v4/silu_and_mul_masked_post_quant.cuh:15:10: fatal error: 'cuda_fp8.h' file not found
   15 | #include <cuda_fp8.h>
      |          ^~~~~~~~~~~~
1 error generated when compiling for gfx950.
failed to execute:/opt/rocm-7.2.4/lib/llvm/bin/clang++  --offload-arch=gfx950:sramecc+:xnack-  -MD -MF cuda_0.o.d -fPIC -D__HIP_PLATFORM_AMD__=1 -fno-gpu-rdc -DUSE_ROCM -std=c++20 -O3 -DHIP_FP8_TYPE_E4M3=1 -I/opt/venv/lib/python3.12/site-packages/tvm_ffi/include -I/opt/rocm/include -I/job/repo/python/sglang/kernels/jit/include -c -x hip cuda.cu -o "cuda_0.o"
ninja: build stopped: subcommand failed.

stderr:

