FF                                                                       [100%]
=================================== FAILURES ===================================
____________ test_masked_launcher_guards_invalid_launch_boundaries _____________

    def test_masked_launcher_guards_invalid_launch_boundaries() -> None:
        body = _run_body("SiluAndMulMaskedPostQuantKernel")
>       _assert_common_guards_precede_launch(body)

test/registered/unit/kernels/test_silu_mul_post_quant_launch_guards.py:33: 
_ _ _ _ _ _ _ _ _ _ _ _ _ _ _ _ _ _ _ _ _ _ _ _ _ _ _ _ _ _ _ _ _ _ _ _ _ _ _ _ 

body = 'struct SiluAndMulMaskedPostQuantKernel {\n  static_assert(kGroupSize == 128);\n  static constexpr auto kernel_normal ...evice.unwrap())  //\n        .enable_pdl(kUsePDL)(kernel, params);\n  }\n};\n\ntemplate <typename DType, bool kUsePDL>'

    def _assert_common_guards_precede_launch(body: str) -> None:
>       block_guard = body.index(
            'RuntimeCheck(num_threads > 0 && num_threads <= 1024, '
            '"hidden_dim/8 exceeds CUDA block limit")'
        )
E       ValueError: substring not found

test/registered/unit/kernels/test_silu_mul_post_quant_launch_guards.py:23: ValueError
__________ test_contiguous_launcher_guards_invalid_launch_boundaries ___________

    def test_contiguous_launcher_guards_invalid_launch_boundaries() -> None:
        body = _run_body("SiluAndMulContigPostQuantKernel")
>       _assert_common_guards_precede_launch(body)

test/registered/unit/kernels/test_silu_mul_post_quant_launch_guards.py:43: 
_ _ _ _ _ _ _ _ _ _ _ _ _ _ _ _ _ _ _ _ _ _ _ _ _ _ _ _ _ _ _ _ _ _ _ _ _ _ _ _ 

body = 'struct SiluAndMulContigPostQuantKernel {\n  static_assert(kGroupSize == 128);\n  static constexpr auto kernel_normal ... num_threads, device.unwrap())  //\n        .enable_pdl(kUsePDL)(kernel, params);\n  }\n};\n\n}  // namespace sglang\n'

    def _assert_common_guards_precede_launch(body: str) -> None:
>       block_guard = body.index(
            'RuntimeCheck(num_threads > 0 && num_threads <= 1024, '
            '"hidden_dim/8 exceeds CUDA block limit")'
        )
E       ValueError: substring not found

test/registered/unit/kernels/test_silu_mul_post_quant_launch_guards.py:23: ValueError
=============================== warnings summary ===============================
../../opt/venv/lib/python3.12/site-packages/_pytest/config/__init__.py:1434
  /opt/venv/lib/python3.12/site-packages/_pytest/config/__init__.py:1434: PytestConfigWarning: Unknown config option: asyncio_mode
  
    self._warn_or_fail_if_strict(f"Unknown config option: {key}\n")

-- Docs: https://docs.pytest.org/en/stable/how-to/capture-warnings.html
=========================== short test summary info ============================
FAILED test/registered/unit/kernels/test_silu_mul_post_quant_launch_guards.py::test_masked_launcher_guards_invalid_launch_boundaries
FAILED test/registered/unit/kernels/test_silu_mul_post_quant_launch_guards.py::test_contiguous_launcher_guards_invalid_launch_boundaries
2 failed, 1 warning in 0.44s
