registered/radix_cache/unified_radix_tree/test_unified_radix_cache_kl_hybrid_bitexact.py::TestUnifiedHybridBitExact::test_decode_cache_hit
registered/radix_cache/unified_radix_tree/test_unified_radix_cache_kl_hybrid_bitexact.py::TestUnifiedHybridBitExact::test_logprobs_match
registered/radix_cache/unified_radix_tree/test_unified_radix_cache_kl_hybrid_bitexact.py::TestUnifiedHybridBitExact::test_prefill_cache_hit
registered/radix_cache/unified_radix_tree/test_unified_radix_cache_kl_hybrid_bitexact.py::TestUnifiedHybridLazyBitExact::test_decode_cache_hit
registered/radix_cache/unified_radix_tree/test_unified_radix_cache_kl_hybrid_bitexact.py::TestUnifiedHybridLazyBitExact::test_logprobs_match
registered/radix_cache/unified_radix_tree/test_unified_radix_cache_kl_hybrid_bitexact.py::TestUnifiedHybridLazyBitExact::test_prefill_cache_hit
registered/radix_cache/unified_radix_tree/test_unified_radix_cache_kl_hybrid_bitexact.py::TestUnifiedMemoryHybridBitExact::test_decode_cache_hit
registered/radix_cache/unified_radix_tree/test_unified_radix_cache_kl_hybrid_bitexact.py::TestUnifiedMemoryHybridBitExact::test_logprobs_match
registered/radix_cache/unified_radix_tree/test_unified_radix_cache_kl_hybrid_bitexact.py::TestUnifiedMemoryHybridBitExact::test_prefill_cache_hit
registered/radix_cache/unified_radix_tree/test_unified_radix_cache_kl_hybrid_bitexact.py::TestUnifiedHybridHiCacheBitExact::test_multiturn_decode_cache_hit_branching
registered/radix_cache/unified_radix_tree/test_unified_radix_cache_kl_hybrid_bitexact.py::TestUnifiedHybridMTPBitExact::test_decode_cache_hit
registered/radix_cache/unified_radix_tree/test_unified_radix_cache_kl_hybrid_bitexact.py::TestUnifiedHybridMTPBitExact::test_logprobs_match
registered/radix_cache/unified_radix_tree/test_unified_radix_cache_kl_hybrid_bitexact.py::TestRustUnifiedHybridBitExact::test_decode_cache_hit
registered/radix_cache/unified_radix_tree/test_unified_radix_cache_kl_hybrid_bitexact.py::TestRustUnifiedHybridBitExact::test_logprobs_match
registered/radix_cache/unified_radix_tree/test_unified_radix_cache_kl_hybrid_bitexact.py::TestRustUnifiedHybridBitExact::test_prefill_cache_hit
registered/radix_cache/unified_radix_tree/test_unified_radix_cache_kl_hybrid_bitexact.py::TestRustUnifiedHybridLazyBitExact::test_decode_cache_hit
registered/radix_cache/unified_radix_tree/test_unified_radix_cache_kl_hybrid_bitexact.py::TestRustUnifiedHybridLazyBitExact::test_logprobs_match
registered/radix_cache/unified_radix_tree/test_unified_radix_cache_kl_hybrid_bitexact.py::TestRustUnifiedHybridLazyBitExact::test_prefill_cache_hit
registered/radix_cache/unified_radix_tree/test_unified_radix_cache_kl_hybrid_bitexact.py::TestRustUnifiedMemoryHybridBitExact::test_decode_cache_hit
registered/radix_cache/unified_radix_tree/test_unified_radix_cache_kl_hybrid_bitexact.py::TestRustUnifiedMemoryHybridBitExact::test_logprobs_match
registered/radix_cache/unified_radix_tree/test_unified_radix_cache_kl_hybrid_bitexact.py::TestRustUnifiedMemoryHybridBitExact::test_prefill_cache_hit
registered/radix_cache/unified_radix_tree/test_unified_radix_cache_kl_hybrid_bitexact.py::TestRustUnifiedHybridHiCacheBitExact::test_multiturn_decode_cache_hit_branching
registered/radix_cache/unified_radix_tree/test_unified_radix_cache_kl_hybrid_bitexact.py::TestRustUnifiedHybridMTPBitExact::test_decode_cache_hit
registered/radix_cache/unified_radix_tree/test_unified_radix_cache_kl_hybrid_bitexact.py::TestRustUnifiedHybridMTPBitExact::test_logprobs_match

=============================== warnings summary ===============================
../../opt/venv/lib/python3.12/site-packages/_pytest/config/__init__.py:1434
  /opt/venv/lib/python3.12/site-packages/_pytest/config/__init__.py:1434: PytestConfigWarning: Unknown config option: asyncio_mode
  
    self._warn_or_fail_if_strict(f"Unknown config option: {key}\n")

../../opt/venv/lib/python3.12/site-packages/torch/jit/_script.py:365: 14 warnings
  /opt/venv/lib/python3.12/site-packages/torch/jit/_script.py:365: DeprecationWarning: `torch.jit.script_method` is deprecated. Please switch to `torch.compile` or `torch.export`.
    warnings.warn(

../../opt/venv/lib/python3.12/site-packages/Cython/Distutils/old_build_ext.py:15
../../opt/venv/lib/python3.12/site-packages/Cython/Distutils/old_build_ext.py:15
  /opt/venv/lib/python3.12/site-packages/Cython/Distutils/old_build_ext.py:15: DeprecationWarning: dep_util is Deprecated. Use functions from setuptools instead.
    from distutils.dep_util import newer, newer_group

-- Docs: https://docs.pytest.org/en/stable/how-to/capture-warnings.html
24 tests collected in 26.39s
