FF..                                                                     [100%]
=================================== FAILURES ===================================
_______________ test_token_sync_skips_singleton_group[grammars0] _______________

grammars = [<object object at 0x7f7705aef0c0>]

    @pytest.mark.parametrize("grammars", [[object()], None])
    def test_token_sync_skips_singleton_group(grammars):
        sampler = Sampler.__new__(Sampler)
        sampler.tp_sync_group = object()
        sampling_info = SimpleNamespace(grammars=grammars)
        token_ids = torch.tensor([17], dtype=torch.int64)

        env_sync = grammars is None
        with (
            patch("sglang.srt.layers.sampler.SYNC_TOKEN_IDS_ACROSS_TP", env_sync),
            patch("sglang.srt.layers.sampler.dist.get_world_size", return_value=1),
            patch("sglang.srt.layers.sampler.dist.all_reduce") as all_reduce,
        ):
            sampler._sync_token_ids_across_tp(token_ids, sampling_info)

>       all_reduce.assert_not_called()

test/registered/unit/test_sampler_token_sync.py:25:
_ _ _ _ _ _ _ _ _ _ _ _ _ _ _ _ _ _ _ _ _ _ _ _ _ _ _ _ _ _ _ _ _ _ _ _ _ _ _ _

self = <MagicMock name='all_reduce' id='140148732477024'>

    def assert_not_called(self):
        """assert that the mock was never called.
        """
        if self.call_count != 0:
            msg = ("Expected '%s' to not have been called. Called %s times.%s"
                   % (self._mock_name or 'mock',
                      self.call_count,
                      self._calls_repr()))
>           raise AssertionError(msg)
E           AssertionError: Expected 'all_reduce' to not have been called. Called 1 times.
E           Calls: [call(tensor([17]), op=<RedOpType.MIN: 3>, group=<object object at 0x7f7705aef1a0>)].

/usr/lib/python3.12/unittest/mock.py:905: AssertionError
_________________ test_token_sync_skips_singleton_group[None] __________________

grammars = None

    @pytest.mark.parametrize("grammars", [[object()], None])
    def test_token_sync_skips_singleton_group(grammars):
        sampler = Sampler.__new__(Sampler)
        sampler.tp_sync_group = object()
        sampling_info = SimpleNamespace(grammars=grammars)
        token_ids = torch.tensor([17], dtype=torch.int64)

        env_sync = grammars is None
        with (
            patch("sglang.srt.layers.sampler.SYNC_TOKEN_IDS_ACROSS_TP", env_sync),
            patch("sglang.srt.layers.sampler.dist.get_world_size", return_value=1),
            patch("sglang.srt.layers.sampler.dist.all_reduce") as all_reduce,
        ):
            sampler._sync_token_ids_across_tp(token_ids, sampling_info)

>       all_reduce.assert_not_called()

test/registered/unit/test_sampler_token_sync.py:25:
_ _ _ _ _ _ _ _ _ _ _ _ _ _ _ _ _ _ _ _ _ _ _ _ _ _ _ _ _ _ _ _ _ _ _ _ _ _ _ _

self = <MagicMock name='all_reduce' id='140148732637840'>

    def assert_not_called(self):
        """assert that the mock was never called.
        """
        if self.call_count != 0:
            msg = ("Expected '%s' to not have been called. Called %s times.%s"
                   % (self._mock_name or 'mock',
                      self.call_count,
                      self._calls_repr()))
>           raise AssertionError(msg)
E           AssertionError: Expected 'all_reduce' to not have been called. Called 1 times.
E           Calls: [call(tensor([17]), op=<RedOpType.MIN: 3>, group=<object object at 0x7f7705aef590>)].

/usr/lib/python3.12/unittest/mock.py:905: AssertionError
=============================== warnings summary ===============================
../../opt/venv/lib/python3.12/site-packages/_pytest/config/__init__.py:1434
  /opt/venv/lib/python3.12/site-packages/_pytest/config/__init__.py:1434: PytestConfigWarning: Unknown config option: asyncio_mode

    self._warn_or_fail_if_strict(f"Unknown config option: {key}\n")

../../opt/venv/lib/python3.12/site-packages/torch/jit/_script.py:365: 14 warnings
  /opt/venv/lib/python3.12/site-packages/torch/jit/_script.py:365: DeprecationWarning: `torch.jit.script_method` is deprecated. Please switch to `torch.compile` or `torch.export`.
    warnings.warn(

../../opt/venv/lib/python3.12/site-packages/Cython/Distutils/old_build_ext.py:15
../../opt/venv/lib/python3.12/site-packages/Cython/Distutils/old_build_ext.py:15
  /opt/venv/lib/python3.12/site-packages/Cython/Distutils/old_build_ext.py:15: DeprecationWarning: dep_util is Deprecated. Use functions from setuptools instead.
    from distutils.dep_util import newer, newer_group

-- Docs: https://docs.pytest.org/en/stable/how-to/capture-warnings.html
=========================== short test summary info ============================
FAILED test/registered/unit/test_sampler_token_sync.py::test_token_sync_skips_singleton_group[grammars0]
FAILED test/registered/unit/test_sampler_token_sync.py::test_token_sync_skips_singleton_group[None]
2 failed, 2 passed, 17 warnings in 26.32s
