F.......                                                                 [100%]
=================================== FAILURES ===================================
___________________ test_hardware_backend_layout_is_complete ___________________

    def test_hardware_backend_layout_is_complete():
        backend = Path("python/sglang/srt/models/deepseek_common/hardware_backend")
>       assert (backend / "deepseek_v2_amd_mixin.py").is_file()
E       AssertionError: assert False
E        +  where False = is_file()
E        +    where is_file = (PosixPath('python/sglang/srt/models/deepseek_common/hardware_backend') / 'deepseek_v2_amd_mixin.py').is_file

../test_deepseek_hardware_mixins_candidate.py:15: AssertionError
=============================== warnings summary ===============================
../../opt/venv/lib/python3.12/site-packages/torch/jit/_script.py:365: 14 warnings
  /opt/venv/lib/python3.12/site-packages/torch/jit/_script.py:365: DeprecationWarning: `torch.jit.script_method` is deprecated. Please switch to `torch.compile` or `torch.export`.
    warnings.warn(

../../opt/venv/lib/python3.12/site-packages/Cython/Distutils/old_build_ext.py:15
../../opt/venv/lib/python3.12/site-packages/Cython/Distutils/old_build_ext.py:15
  /opt/venv/lib/python3.12/site-packages/Cython/Distutils/old_build_ext.py:15: DeprecationWarning: dep_util is Deprecated. Use functions from setuptools instead.
    from distutils.dep_util import newer, newer_group

-- Docs: https://docs.pytest.org/en/stable/how-to/capture-warnings.html
=========================== short test summary info ============================
FAILED ../test_deepseek_hardware_mixins_candidate.py::test_hardware_backend_layout_is_complete
1 failed, 7 passed, 16 warnings in 8.86s
