F.F                                                                      [100%]
=================================== FAILURES ===================================
____________ test_rocm_greedy_verify_broadcasts_rank_zero_decision _____________

    @pytest.mark.skipif(not torch.cuda.is_available(), reason="requires a GPU")
    def test_rocm_greedy_verify_broadcasts_rank_zero_decision():
        group = _ReplayBroadcastGroup(world_size=2)
        rank_zero_logits = torch.tensor(
            [[0.0, 1.0, 0.0], [0.0, 1.0, 1.0001]], device="cuda"
        )
        rank_one_logits = torch.tensor(
            [[0.0, 1.0, 0.0], [0.0, 1.0001, 1.0]], device="cuda"
        )

        group.rank = 0
        rank_zero = _sample(rank_zero_logits, group)
        group.rank = 1
        rank_one = _sample(rank_one_logits, group)

        assert torch.argmax(rank_zero_logits, dim=-1).tolist() == [1, 2]
        assert torch.argmax(rank_one_logits, dim=-1).tolist() == [1, 1]
>       assert len(group.calls) == 6
E       assert 0 == 6
E        +  where 0 = len([])
E        +    where [] = <test_eagle_greedy_tp_sync._ReplayBroadcastGroup object at 0x7f0675f26570>.calls

test/registered/unit/spec/test_eagle_greedy_tp_sync.py:116: AssertionError
______ test_rocm_greedy_verify_uses_attention_tp_group_with_dp_attention _______

    @pytest.mark.skipif(not torch.cuda.is_available(), reason="requires a GPU")
    def test_rocm_greedy_verify_uses_attention_tp_group_with_dp_attention():
        regular_group = _ReplayBroadcastGroup(world_size=1)
        attention_group = _ReplayBroadcastGroup(world_size=2)
        logits = torch.tensor(
            [[0.0, 1.0, 0.0], [0.0, 1.0, 1.0001]], device="cuda"
        )

        _sample(
            logits,
            regular_group,
            dp_attention=True,
            attn_tp_group=attention_group,
        )

        assert regular_group.calls == []
>       assert attention_group.calls == [(0, 0), (0, 1), (0, 2)]
E       assert [] == [(0, 0), (0, 1), (0, 2)]
E
E         Right contains 3 more items, first extra item: (0, 0)
E         Use -v to get more diff

test/registered/unit/spec/test_eagle_greedy_tp_sync.py:152: AssertionError
=============================== warnings summary ===============================
../../opt/venv/lib/python3.12/site-packages/_pytest/config/__init__.py:1434
  /opt/venv/lib/python3.12/site-packages/_pytest/config/__init__.py:1434: PytestConfigWarning: Unknown config option: asyncio_mode

    self._warn_or_fail_if_strict(f"Unknown config option: {key}\n")

../../opt/venv/lib/python3.12/site-packages/torch/jit/_script.py:365: 14 warnings
  /opt/venv/lib/python3.12/site-packages/torch/jit/_script.py:365: DeprecationWarning: `torch.jit.script_method` is deprecated. Please switch to `torch.compile` or `torch.export`.
    warnings.warn(

../../opt/venv/lib/python3.12/site-packages/Cython/Distutils/old_build_ext.py:15
../../opt/venv/lib/python3.12/site-packages/Cython/Distutils/old_build_ext.py:15
  /opt/venv/lib/python3.12/site-packages/Cython/Distutils/old_build_ext.py:15: DeprecationWarning: dep_util is Deprecated. Use functions from setuptools instead.
    from distutils.dep_util import newer, newer_group

-- Docs: https://docs.pytest.org/en/stable/how-to/capture-warnings.html
=========================== short test summary info ============================
FAILED test/registered/unit/spec/test_eagle_greedy_tp_sync.py::test_rocm_greedy_verify_broadcasts_rank_zero_decision
FAILED test/registered/unit/spec/test_eagle_greedy_tp_sync.py::test_rocm_greedy_verify_uses_attention_tp_group_with_dp_attention
2 failed, 1 passed, 17 warnings in 12.01s
