FF                                                                       [100%]
=================================== FAILURES ===================================
_____ TestCreateGrammarBackend.test_xgrammar_stop_tokens_are_deduplicated ______

self = <test_base_grammar_backend.TestCreateGrammarBackend testMethod=test_xgrammar_stop_tokens_are_deduplicated>
mock_xgrammar_cls = <MagicMock name='XGrammarGrammarBackend' id='132454827867984'>

    @patch("sglang.srt.constrained.xgrammar_backend.XGrammarGrammarBackend")
    def test_xgrammar_stop_tokens_are_deduplicated(self, mock_xgrammar_cls):
        mock_xgrammar_cls.return_value = MagicMock(spec=BaseGrammarBackend)
        args = self._make_server_args("xgrammar")
        tokenizer = MagicMock(
            eos_token_id=2,
            additional_stop_token_ids=(2, 3),
        )
    
        create_grammar_backend(args, tokenizer, 32000, {1, 2})
    
>       self.assertEqual(
            mock_xgrammar_cls.call_args.kwargs["model_eos_token_ids"], [1, 2, 3]
        )
E       AssertionError: Lists differ: [1, 2] != [1, 2, 3]
E       
E       Second list contains 1 additional elements.
E       First extra element 2:
E       3
E       
E       - [1, 2]
E       + [1, 2, 3]
E       ?      +++

test/registered/unit/constrained/test_base_grammar_backend.py:370: AssertionError
___ TestCreateGrammarBackend.test_xgrammar_stop_tokens_include_tokenizer_eos ___

self = <test_base_grammar_backend.TestCreateGrammarBackend testMethod=test_xgrammar_stop_tokens_include_tokenizer_eos>
mock_xgrammar_cls = <MagicMock name='XGrammarGrammarBackend' id='132454796916832'>

    @patch("sglang.srt.constrained.xgrammar_backend.XGrammarGrammarBackend")
    def test_xgrammar_stop_tokens_include_tokenizer_eos(self, mock_xgrammar_cls):
        """All tokenizer stop tokens accepted by request finishing reach XGrammar."""
        mock_xgrammar_cls.return_value = MagicMock(spec=BaseGrammarBackend)
        args = self._make_server_args("xgrammar")
        tokenizer = MagicMock(
            eos_token_id=151645,
            additional_stop_token_ids=[151646],
        )
    
        create_grammar_backend(args, tokenizer, 32000, {151643})
    
>       self.assertEqual(
            mock_xgrammar_cls.call_args.kwargs["model_eos_token_ids"],
            [151643, 151645, 151646],
        )
E       AssertionError: Lists differ: [151643] != [151643, 151645, 151646]
E       
E       Second list contains 2 additional elements.
E       First extra element 1:
E       151645
E       
E       - [151643]
E       + [151643, 151645, 151646]

test/registered/unit/constrained/test_base_grammar_backend.py:354: AssertionError
=============================== warnings summary ===============================
../../opt/venv/lib/python3.12/site-packages/_pytest/config/__init__.py:1434
  /opt/venv/lib/python3.12/site-packages/_pytest/config/__init__.py:1434: PytestConfigWarning: Unknown config option: asyncio_mode
  
    self._warn_or_fail_if_strict(f"Unknown config option: {key}\n")

-- Docs: https://docs.pytest.org/en/stable/how-to/capture-warnings.html
=========================== short test summary info ============================
FAILED test/registered/unit/constrained/test_base_grammar_backend.py::TestCreateGrammarBackend::test_xgrammar_stop_tokens_are_deduplicated
FAILED test/registered/unit/constrained/test_base_grammar_backend.py::TestCreateGrammarBackend::test_xgrammar_stop_tokens_include_tokenizer_eos
2 failed, 33 deselected, 1 warning in 4.61s
