[aiter] WARNING: NUMA balancing is enabled, which may cause errors. It is recommended to disable NUMA balancing by running "sudo sh -c 'echo 0 > /proc/sys/kernel/numa_balancing'" for more details: https://rocm.docs.amd.com/en/latest/how-to/system-optimization/mi300x.html#disable-numa-auto-balancing
[aiter] import [module_aiter_core] under /tmp/amdpilot-repo-j-9a024001c2c2/cache/aiter/module_aiter_core.so
/job/repo/python/sglang/srt/model_executor/runner/decode_cuda_graph_runner.py:788: UserWarning: Profiler won't be using warmup, this can skew profiler results
  schedule=torch.profiler.schedule(wait=2, warmup=0, active=1, repeat=0),
/opt/venv/lib/python3.12/site-packages/torch/profiler/profiler.py:224: UserWarning: Warning: Profiler clears events at the end of each cycle.Only events from the current cycle will be reported.To keep events across cycles, set acc_events=True.
  _warn_once(
[W912 05:00:53.437430941 collection.cpp:1148] Warning: ROCTracer produced duplicate flow start: 5 (function operator())
Traceback (most recent call last):
  File "/job/review-evidence-j-9a024001c2c2/candidate_gpu_repro.py", line 154, in <module>
    main()
  File "/job/review-evidence-j-9a024001c2c2/candidate_gpu_repro.py", line 103, in main
    backend.capture_one(key, forward)
  File "/job/repo/python/sglang/srt/model_executor/runner_backend/full_cuda_graph_backend.py", line 189, in capture_one
    profiler.step()
  File "/opt/venv/lib/python3.12/site-packages/torch/profiler/profiler.py", line 894, in step
    self._transit_action(prev_action, self.current_action)
  File "/opt/venv/lib/python3.12/site-packages/torch/profiler/profiler.py", line 928, in _transit_action
    action()
  File "/opt/venv/lib/python3.12/site-packages/torch/profiler/profiler.py", line 922, in _trace_ready
    self.on_trace_ready(self)
  File "/job/repo/python/sglang/srt/model_executor/runner/decode_cuda_graph_runner.py", line 775, in on_trace_ready
    bs = self._profile_bs_list[self._profile_bs_idx]
         ~~~~~~~~~~~~~~~~~~~~~^^^^^^^^^^^^^^^^^^^^^^
IndexError: list index out of range
