[aiter] WARNING: NUMA balancing is enabled, which may cause errors. It is recommended to disable NUMA balancing by running "sudo sh -c 'echo 0 > /proc/sys/kernel/numa_balancing'" for more details: https://rocm.docs.amd.com/en/latest/how-to/system-optimization/mi300x.html#disable-numa-auto-balancing
[aiter] import [module_aiter_core] under /tmp/amdpilot-repo-j-2a14448cfa2f/cache/aiter/module_aiter_core.so
/opt/venv/lib/python3.12/site-packages/torch/profiler/profiler.py:224: UserWarning: Warning: Profiler clears events at the end of each cycle.Only events from the current cycle will be reported.To keep events across cycles, set acc_events=True.
  _warn_once(
[W912 13:53:39.859098154 collection.cpp:1148] Warning: ROCTracer produced duplicate flow start: 1 (function operator())
{
  "torch": "2.11.0+rocm7.2",
  "hip": "7.2.26015",
  "device": "AMD Instinct MI350X",
  "arch": "gfx950:sramecc+:xnack-",
  "shape": [
    1,
    8,
    128
  ],
  "bf16_median_us": 24.879999458789825,
  "fp8_scaled_median_us": 46.72050103545189,
  "ratio": 1.8778336837521938,
  "bf16_device_events": [
    "Memcpy DtoD (Device -> Device)",
    "Memcpy DtoD (Device -> Device)",
    "void sglang::store_kvcache<2048l, 2048l, 4, false, long>(sglang::StoreKVCacheParams)"
  ],
  "fp8_scaled_device_events": [
    "Memcpy DtoD (Device -> Device)",
    "Memcpy DtoD (Device -> Device)",
    "void at::native::elementwise_kernel_manual_unroll<128, 4, at::native::(anonymous namespace)::type_specialized_broadcast_kernel_launcher<2>::apply<at::native::BinaryFunctor<float, float, float, at::native::binary_internal::DivFunctor<float> >, std::array<char*, 3ul>, std::array<c10::ScalarType, 3ul>, OffsetCalculator<3, unsigned int, false> >(long, at::native::BinaryFunctor<float, float, float, at::native::binary_internal::DivFunctor<float> >, std::array<char*, 3ul>, std::array<c10::ScalarType, 3ul>, OffsetCalculator<3, unsigned int, false>)::{lambda(int, bool)#1}>(int, at::native::(anonymous namespace)::type_specialized_broadcast_kernel_launcher<2>::apply<at::native::BinaryFunctor<float, float, float, at::native::binary_internal::DivFunctor<float> >, std::array<char*, 3ul>, std::array<c10::ScalarType, 3ul>, OffsetCalculator<3, unsigned int, false> >(long, at::native::BinaryFunctor<float, float, float, at::native::binary_internal::DivFunctor<float> >, std::array<char*, 3ul>, std::array<c10::ScalarType, 3ul>, OffsetCalculator<3, unsigned int, false>)::{lambda(int, bool)#1})",
    "void at::native::elementwise_kernel_manual_unroll<128, 4, at::native::(anonymous namespace)::type_specialized_broadcast_kernel_launcher<2>::apply<at::native::BinaryFunctor<float, float, float, at::native::binary_internal::DivFunctor<float> >, std::array<char*, 3ul>, std::array<c10::ScalarType, 3ul>, OffsetCalculator<3, unsigned int, false> >(long, at::native::BinaryFunctor<float, float, float, at::native::binary_internal::DivFunctor<float> >, std::array<char*, 3ul>, std::array<c10::ScalarType, 3ul>, OffsetCalculator<3, unsigned int, false>)::{lambda(int, bool)#1}>(int, at::native::(anonymous namespace)::type_specialized_broadcast_kernel_launcher<2>::apply<at::native::BinaryFunctor<float, float, float, at::native::binary_internal::DivFunctor<float> >, std::array<char*, 3ul>, std::array<c10::ScalarType, 3ul>, OffsetCalculator<3, unsigned int, false> >(long, at::native::BinaryFunctor<float, float, float, at::native::binary_internal::DivFunctor<float> >, std::array<char*, 3ul>, std::array<c10::ScalarType, 3ul>, OffsetCalculator<3, unsigned int, false>)::{lambda(int, bool)#1})",
    "void at::native::vectorized_elementwise_kernel<8, at::native::float8_copy_kernel_cuda(at::TensorIteratorBase&)::{lambda(c10::BFloat16)#3}, std::array<char*, 2ul> >(int, at::native::float8_copy_kernel_cuda(at::TensorIteratorBase&)::{lambda(c10::BFloat16)#3}, std::array<char*, 2ul>)",
    "void at::native::vectorized_elementwise_kernel<8, at::native::float8_copy_kernel_cuda(at::TensorIteratorBase&)::{lambda(c10::BFloat16)#3}, std::array<char*, 2ul> >(int, at::native::float8_copy_kernel_cuda(at::TensorIteratorBase&)::{lambda(c10::BFloat16)#3}, std::array<char*, 2ul>)",
    "void sglang::store_kvcache<1024l, 1024l, 2, false, long>(sglang::StoreKVCacheParams)"
  ],
  "bf16_device_event_count": 3,
  "fp8_scaled_device_event_count": 7,
  "k_bit_exact": true,
  "v_bit_exact": true
}
