Warning: You are sending unauthenticated requests to the HF Hub. Please set a HF_TOKEN to enable higher rate limits and faster downloads.
[transformers] A new version of the following files was downloaded from https://huggingface.co/OpenGVLab/InternVL2_5-2B:
- tokenization_internlm2.py
. Make sure to double-check they do not contain any added malicious code. To avoid downloading new versions of the code file, you can pin a revision.
Traceback (most recent call last):
  File "/job/review-evidence/j-ac167ba004b4/reproduce_real_model.py", line 16, in <module>
    resolved = get_processor(MODEL, trust_remote_code=True)
               ^^^^^^^^^^^^^^^^^^^^^^^^^^^^^^^^^^^^^^^^^^^^
  File "/job/repo/python/sglang/srt/utils/hf_transformers/processor.py", line 353, in get_processor
    tokenizer = get_tokenizer_from_processor(processor)
                ^^^^^^^^^^^^^^^^^^^^^^^^^^^^^^^^^^^^^^^
  File "/job/repo/python/sglang/srt/utils/hf_transformers/common.py", line 712, in get_tokenizer_from_processor
    return processor.tokenizer
           ^^^^^^^^^^^^^^^^^^^
AttributeError: 'CLIPImageProcessor' object has no attribute 'tokenizer'
model=OpenGVLab/InternVL2_5-2B
get_processor_source=/job/repo/python/sglang/srt/utils/hf_transformers/processor.py
direct_type=transformers.models.clip.image_processing_clip.CLIPImageProcessor
direct_has_tokenizer=False
Traceback (most recent call last):
  File "/job/review-evidence/j-ac167ba004b4/reproduce_real_model.py", line 16, in <module>
    resolved = get_processor(MODEL, trust_remote_code=True)
               ^^^^^^^^^^^^^^^^^^^^^^^^^^^^^^^^^^^^^^^^^^^^
  File "/job/repo/python/sglang/srt/utils/hf_transformers/processor.py", line 353, in get_processor
    tokenizer = get_tokenizer_from_processor(processor)
                ^^^^^^^^^^^^^^^^^^^^^^^^^^^^^^^^^^^^^^^
  File "/job/repo/python/sglang/srt/utils/hf_transformers/common.py", line 712, in get_tokenizer_from_processor
    return processor.tokenizer
           ^^^^^^^^^^^^^^^^^^^
AttributeError: 'CLIPImageProcessor' object has no attribute 'tokenizer'
