FF.                                                                      [100%]
=================================== FAILURES ===================================
_ TestSchedulerChunkBudgetGate.test_exhausted_chunk_budget_skips_waiting_queue _

self = <test_scheduler_chunk_budget_gate.TestSchedulerChunkBudgetGate testMethod=test_exhausted_chunk_budget_skips_waiting_queue>

    def test_exhausted_chunk_budget_skips_waiting_queue(self):
        # The one iteration is the final queue-maintenance pass; the admission
        # scan itself must be skipped.
>       self.assertEqual(self._run(AddReqResult.OTHER), 1)
E       AssertionError: 2 != 1

test/registered/unit/managers/test_scheduler_chunk_budget_gate.py:117: AssertionError
_ TestSchedulerChunkBudgetGate.test_exhausted_total_budget_skips_waiting_queue _

self = <test_scheduler_chunk_budget_gate.TestSchedulerChunkBudgetGate testMethod=test_exhausted_total_budget_skips_waiting_queue>

    def test_exhausted_total_budget_skips_waiting_queue(self):
>       self.assertEqual(self._run(AddReqResult.NO_TOKEN), 1)
E       AssertionError: 2 != 1

test/registered/unit/managers/test_scheduler_chunk_budget_gate.py:123: AssertionError
=============================== warnings summary ===============================
../../opt/venv/lib/python3.12/site-packages/_pytest/config/__init__.py:1434
  /opt/venv/lib/python3.12/site-packages/_pytest/config/__init__.py:1434: PytestConfigWarning: Unknown config option: asyncio_mode
  
    self._warn_or_fail_if_strict(f"Unknown config option: {key}\n")

../../opt/venv/lib/python3.12/site-packages/torch/jit/_script.py:365: 14 warnings
  /opt/venv/lib/python3.12/site-packages/torch/jit/_script.py:365: DeprecationWarning: `torch.jit.script_method` is deprecated. Please switch to `torch.compile` or `torch.export`.
    warnings.warn(

../../opt/venv/lib/python3.12/site-packages/Cython/Distutils/old_build_ext.py:15
../../opt/venv/lib/python3.12/site-packages/Cython/Distutils/old_build_ext.py:15
  /opt/venv/lib/python3.12/site-packages/Cython/Distutils/old_build_ext.py:15: DeprecationWarning: dep_util is Deprecated. Use functions from setuptools instead.
    from distutils.dep_util import newer, newer_group

-- Docs: https://docs.pytest.org/en/stable/how-to/capture-warnings.html
=========================== short test summary info ============================
FAILED test/registered/unit/managers/test_scheduler_chunk_budget_gate.py::TestSchedulerChunkBudgetGate::test_exhausted_chunk_budget_skips_waiting_queue
FAILED test/registered/unit/managers/test_scheduler_chunk_budget_gate.py::TestSchedulerChunkBudgetGate::test_exhausted_total_budget_skips_waiting_queue
2 failed, 1 passed, 17 warnings in 9.13s
