============================= test session starts ==============================
platform linux -- Python 3.12.3, pytest-9.0.3, pluggy-1.6.0 -- /tmp/amdpilot-repo-j-3d3285e94fc9/venv/bin/python
cachedir: .pytest_cache
hypothesis profile 'default'
rootdir: /job/repo/test
configfile: pytest.ini
plugins: hypothesis-6.155.0, anyio-4.15.1
collecting ... collected 5 items

test/registered/kernels/ops/attention/test_deepseek_v4_compress_plan_ragged.py::TestCompressPlanRaggedReduction::test_barrier_based_initialization_boundary PASSED [ 20%]
test/registered/kernels/ops/attention/test_deepseek_v4_compress_plan_ragged.py::TestCompressPlanRaggedReduction::test_compact_capture_report_pattern PASSED [ 40%]
test/registered/kernels/ops/attention/test_deepseek_v4_compress_plan_ragged.py::TestCompressPlanRaggedReduction::test_nonuniform_at_warp_boundaries
test/registered/kernels/ops/attention/test_deepseek_v4_compress_plan_ragged.py::TestCompressPlanRaggedReduction::test_nonuniform_at_warp_boundaries PASSED [ 60%]
test/registered/kernels/ops/attention/test_deepseek_v4_compress_plan_ragged.py::TestCompressPlanRaggedReduction::test_uniform_fast_path_control
test/registered/kernels/ops/attention/test_deepseek_v4_compress_plan_ragged.py::TestCompressPlanRaggedReduction::test_uniform_fast_path_control PASSED [ 80%]
test/registered/kernels/ops/attention/test_deepseek_v4_compress_plan_ragged.py::TestCompressPlanRaggedReduction::test_warp_extrema_initialization_is_synchronized PASSED [100%]

=============================== warnings summary ===============================
../../opt/venv/lib/python3.12/site-packages/_pytest/config/__init__.py:1434
  /opt/venv/lib/python3.12/site-packages/_pytest/config/__init__.py:1434: PytestConfigWarning: Unknown config option: asyncio_mode

    self._warn_or_fail_if_strict(f"Unknown config option: {key}\n")

../../opt/venv/lib/python3.12/site-packages/torch/jit/_script.py:365: 14 warnings
  /opt/venv/lib/python3.12/site-packages/torch/jit/_script.py:365: DeprecationWarning: `torch.jit.script_method` is deprecated. Please switch to `torch.compile` or `torch.export`.
    warnings.warn(

../../opt/venv/lib/python3.12/site-packages/Cython/Distutils/old_build_ext.py:15
../../opt/venv/lib/python3.12/site-packages/Cython/Distutils/old_build_ext.py:15
  /opt/venv/lib/python3.12/site-packages/Cython/Distutils/old_build_ext.py:15: DeprecationWarning: dep_util is Deprecated. Use functions from setuptools instead.
    from distutils.dep_util import newer, newer_group

-- Docs: https://docs.pytest.org/en/stable/how-to/capture-warnings.html
============== 5 passed, 17 warnings, 9 subtests passed in 12.03s ==============
