{
  "device": "AMD Instinct MI355X",
  "arch": "gfx950:sramecc+:xnack-",
  "qwen_linear_fc1": {
    "input_dim": 4608,
    "output_dim": 4608,
    "rank": 32,
    "max_abs_error": 5.9735107421875,
    "mean_abs_error": 1.143091082572937
  },
  "qwen_linear_fc2": {
    "input_dim": 4608,
    "output_dim": 4096,
    "rank": 32,
    "max_abs_error": 7.4395751953125,
    "mean_abs_error": 1.2022851705551147
  },
  "moss_linear_fc1": {
    "input_dim": 16384,
    "output_dim": 16384,
    "rank": 32,
    "max_abs_error": 14.15380859375,
    "mean_abs_error": 1.9847955703735352
  },
  "moss_linear_fc2": {
    "input_dim": 16384,
    "output_dim": 4096,
    "rank": 32,
    "max_abs_error": 16.08349609375,
    "mean_abs_error": 2.115393877029419
  }
}
