FFF                                                                      [100%]
=================================== FAILURES ===================================
_______________ test_num_running_reqs_counts_all_pipeline_slots ________________

    def test_num_running_reqs_counts_all_pipeline_slots():
        inquirer = object.__new__(SchedulerLoadInquirer)
>       object.__setattr__(
            inquirer,
            "get_running_batches",
            lambda: [_batch("req-0"), _batch("req-1", "req-2"), _batch("req-3")],
        )
E       AttributeError: 'SchedulerLoadInquirer' object has no attribute 'get_running_batches'

/tmp/review-j-b74b97914563/test_candidate_regression.py:17: AttributeError
___________ test_num_running_reqs_deduplicates_requests_across_slots ___________

    def test_num_running_reqs_deduplicates_requests_across_slots():
        inquirer = object.__new__(SchedulerLoadInquirer)
>       object.__setattr__(
            inquirer,
            "get_running_batches",
            lambda: [_batch("req-0", "req-1"), _batch("req-1", "req-2")],
        )
E       AttributeError: 'SchedulerLoadInquirer' object has no attribute 'get_running_batches'

/tmp/review-j-b74b97914563/test_candidate_regression.py:28: AttributeError
____________ test_num_running_reqs_handles_single_and_empty_batches ____________

    def test_num_running_reqs_handles_single_and_empty_batches():
        inquirer = object.__new__(SchedulerLoadInquirer)
>       object.__setattr__(inquirer, "get_running_batches", lambda: [_batch("req-0")])
E       AttributeError: 'SchedulerLoadInquirer' object has no attribute 'get_running_batches'

/tmp/review-j-b74b97914563/test_candidate_regression.py:39: AttributeError
=============================== warnings summary ===============================
../../opt/venv/lib/python3.12/site-packages/torch/jit/_script.py:365: 14 warnings
  /opt/venv/lib/python3.12/site-packages/torch/jit/_script.py:365: DeprecationWarning: `torch.jit.script_method` is deprecated. Please switch to `torch.compile` or `torch.export`.
    warnings.warn(

../../opt/venv/lib/python3.12/site-packages/Cython/Distutils/old_build_ext.py:15
../../opt/venv/lib/python3.12/site-packages/Cython/Distutils/old_build_ext.py:15
  /opt/venv/lib/python3.12/site-packages/Cython/Distutils/old_build_ext.py:15: DeprecationWarning: dep_util is Deprecated. Use functions from setuptools instead.
    from distutils.dep_util import newer, newer_group

-- Docs: https://docs.pytest.org/en/stable/how-to/capture-warnings.html
=========================== short test summary info ============================
FAILED ../../tmp/review-j-b74b97914563/test_candidate_regression.py::test_num_running_reqs_counts_all_pipeline_slots
FAILED ../../tmp/review-j-b74b97914563/test_candidate_regression.py::test_num_running_reqs_deduplicates_requests_across_slots
FAILED ../../tmp/review-j-b74b97914563/test_candidate_regression.py::test_num_running_reqs_handles_single_and_empty_batches
3 failed, 16 warnings in 11.68s
