F.F.......                                                               [100%]
=================================== FAILURES ===================================
______ TestMambaRatioEnvGate.test_decode_lock_skip_is_enabled_by_default _______

self = <test_mamba_donated_alloc_ratio_candidate.TestMambaRatioEnvGate testMethod=test_decode_lock_skip_is_enabled_by_default>

    def test_decode_lock_skip_is_enabled_by_default(self):
        """The safe eviction path must protect default launches from pinning one
        redundant cached Mamba state per decoding request.  Operators can still
        set the environment variable to 0 as a rollback escape hatch."""
        from sglang.srt.environ import envs

>       self.assertTrue(envs.SGLANG_OPT_MAMBA_SKIP_DECODE_LOCK.default)
E       AssertionError: False is not true

/tmp/amdpilot-repo-j-03e95a1d3a26/test_mamba_donated_alloc_ratio_candidate.py:171: AssertionError
______ TestMambaRatioEnvGate.test_flag_on_preserves_admission_peak_ratios ______

self = <test_mamba_donated_alloc_ratio_candidate.TestMambaRatioEnvGate testMethod=test_flag_on_preserves_admission_peak_ratios>

    def test_flag_on_preserves_admission_peak_ratios(self):
        def r(**kwargs):
            return self._ratio(skip=True, **kwargs)

        self.assertEqual(
            r(extra_buffer=False, lazy=False, disable_overlap=True), 3
        )  # no_buffer
>       self.assertEqual(
            r(extra_buffer=True, lazy=True, disable_overlap=False), 4
        )  # lazy
E       AssertionError: 3 != 4

/tmp/amdpilot-repo-j-03e95a1d3a26/test_mamba_donated_alloc_ratio_candidate.py:158: AssertionError
=============================== warnings summary ===============================
../../opt/venv/lib/python3.12/site-packages/torch/jit/_script.py:365: 14 warnings
  /opt/venv/lib/python3.12/site-packages/torch/jit/_script.py:365: DeprecationWarning: `torch.jit.script_method` is deprecated. Please switch to `torch.compile` or `torch.export`.
    warnings.warn(

../../opt/venv/lib/python3.12/site-packages/Cython/Distutils/old_build_ext.py:15
../../opt/venv/lib/python3.12/site-packages/Cython/Distutils/old_build_ext.py:15
  /opt/venv/lib/python3.12/site-packages/Cython/Distutils/old_build_ext.py:15: DeprecationWarning: dep_util is Deprecated. Use functions from setuptools instead.
    from distutils.dep_util import newer, newer_group

-- Docs: https://docs.pytest.org/en/stable/how-to/capture-warnings.html
=========================== short test summary info ============================
FAILED ../../tmp/amdpilot-repo-j-03e95a1d3a26/test_mamba_donated_alloc_ratio_candidate.py::TestMambaRatioEnvGate::test_decode_lock_skip_is_enabled_by_default
FAILED ../../tmp/amdpilot-repo-j-03e95a1d3a26/test_mamba_donated_alloc_ratio_candidate.py::TestMambaRatioEnvGate::test_flag_on_preserves_admission_peak_ratios
2 failed, 8 passed, 16 warnings in 8.84s
