3a026796b162b43de63bef6ba5e2e609524dc8e7
python/sglang/srt/models/deepseek_v4.py:173:# NPU-only: bind torch_npu here so _compute_q_b / _forward_prepare can call
python/sglang/srt/models/deepseek_v4.py:195:    cannot initialize an optional CUDA runtime before unrelated models set up
python/sglang/srt/models/deepseek_v4.py:376:# ROCm fp8 wo_a. The CUDA fp8 path below is built on DeepGEMM's fp8_einsum, so
python/sglang/srt/models/deepseek_v4.py:689:        # NPU arch35 runs wo_a as a batched MXFP8 GEMM instead of deep_gemm's FP8 one,
python/sglang/srt/models/deepseek_v4.py:758:            # Read by the NPU arch35 MXFP8 weight processor to batch the
python/sglang/srt/models/deepseek_v4.py:771:            # runs its own batched kernel (DeepGEMM fp8_einsum on CUDA, aiter
python/sglang/srt/models/deepseek_v4.py:859:        # Prefill and decode can alternate, and CUDA graphs can retain the
python/sglang/srt/models/deepseek_v4.py:966:            or (_is_npu and envs.SGLANG_NPU_USE_MULTI_STREAM.get())
python/sglang/srt/models/deepseek_v4.py:1214:        # NPU multi-stream: KV on stream_kv, Q on stream_q, overlapped with
python/sglang/srt/models/deepseek_v4.py:1654:            and envs.SGLANG_NPU_USE_MULTI_STREAM.get()
python/sglang/srt/models/deepseek_v4.py:1939:                    or envs.SGLANG_NPU_USE_MULTI_STREAM.get()
python/sglang/srt/models/deepseek_v4.py:2863:            or (_is_npu and envs.SGLANG_NPU_USE_MULTI_STREAM.get())
python/sglang/srt/models/deepseek_v4.py:3906:        # accessor so this works on both CUDA/HIP and NPU.
python/sglang/kernels/jit/csrc/dsa/kpool_topk_transform.cuh:59:  constexpr auto SMEM_INPUT_SIZE = kSmem / (2 * sizeof(int));
python/sglang/kernels/jit/csrc/dsa/kpool_topk_transform.cuh:67:  extern __shared__ int s_input_idx[][SMEM_INPUT_SIZE];
python/sglang/kernels/jit/csrc/dsa/kpool_topk_transform.cuh:133:        if (C10_LIKELY(pos < SMEM_INPUT_SIZE)) {
python/sglang/kernels/jit/csrc/dsa/kpool_topk_transform.cuh:150:    const auto num_input = (_raw_num_input < int(SMEM_INPUT_SIZE)) ? _raw_num_input : int(SMEM_INPUT_SIZE);
python/sglang/kernels/jit/csrc/dsa/kpool_topk_transform.cuh:197:            if (C10_LIKELY(pos < SMEM_INPUT_SIZE)) {
python/sglang/kernels/jit/csrc/dsa/kpool_topk_transform.cuh:325:    device.set_options<kDLCUDA>();
python/sglang/kernels/jit/csrc/dsa/fused_store_index_cache.cuh:97:    device_.set_options<kDLCUDA>();
python/sglang/kernels/jit/csrc/kvcacheio/relayout.cuh:86:      grid <= std::numeric_limits<uint32_t>::max(), "HiCache staged relayout: CUDA grid size exceeds uint32 range");
python/sglang/kernels/jit/csrc/kvcacheio/hisparse.cuh:102:// round trip instead of three. This is the same shape as the CUDA
python/sglang/kernels/jit/csrc/kvcacheio/hisparse.cuh:193:    // layout (same as the write path and the CUDA branch). We can't reuse
python/sglang/kernels/jit/csrc/kvcacheio/hisparse.cuh:203:    // CUDA path: page-padded device layout + page-padded host layout, K-only.
python/sglang/kernels/jit/csrc/kvcacheio/hisparse.cuh:261:  device.set_options<kDLCUDA>();
python/sglang/kernels/jit/csrc/kvcacheio/hisparse.cuh:371:  // CUDA graph pads the batch to a captured size. Keep padded output rows
python/sglang/kernels/jit/csrc/kvcacheio/staged_write_back.cuh:11:#if !defined(USE_ROCM) && defined(CUDA_VERSION) && CUDA_VERSION >= 12080
python/sglang/kernels/jit/csrc/kvcacheio/staged_write_back.cuh:12:#if CUDA_VERSION >= 13000
python/sglang/kernels/jit/csrc/kvcacheio/staged_write_back.cuh:55:#if CUDA_VERSION >= 13000
python/sglang/kernels/jit/csrc/kvcacheio/staged_write_back.cuh:102:#if defined(USE_ROCM) || !defined(CUDA_VERSION) || (CUDA_VERSION < 12080)
python/sglang/kernels/jit/csrc/kvcacheio/transfer_mamba.cuh:153:    // src_ptrs is a 1D tensor of device pointers (uint64) on CUDA
python/sglang/kernels/jit/csrc/kvcacheio/hisparse_spec.cuh:1047:  cuda_device.set_options<kDLCUDA>();
python/sglang/kernels/jit/csrc/kv_canary/canary_plan_entries.cuh:101:    __builtin_trap();  // HIP/clang device-side trap; __trap() is CUDA-only.
python/sglang/kernels/jit/csrc/kv_canary/canary_verify.cuh:130:  // both CUDA (warp=32) and ROCm wave64 (two 32-lane sub-groups per wavefront); a hand-rolled
python/sglang/kernels/jit/csrc/kv_canary/canary_verify.cuh:204:    // CUDA. real_kv_source_params is a small CPU int32 table of length kMaxRealKvSources * 3.
python/sglang/kernels/jit/csrc/attention/kda_fused_decode.cuh:189:#if defined(__CUDA_ARCH__) && __CUDA_ARCH__ >= 900
python/sglang/kernels/jit/csrc/attention/kda_fused_decode.cuh:368:// fixed (B, HV) launch shape for CUDA-graph capture, cu_seqlens/ssm_state_indices
python/sglang/kernels/jit/csrc/attention/kda_fused_decode.cuh:957:    device.set_options<kDLCUDA>();
python/sglang/kernels/jit/csrc/attention/kda_prefill.cu:38:#include <ATen/cuda/CUDAContext.h>
python/sglang/kernels/jit/csrc/attention/kda_prefill.cu:39:#include <c10/cuda/CUDAGuard.h>
python/sglang/kernels/jit/csrc/attention/kda_prefill.cu:3073:    if (_e != CUDA_SUCCESS) {                                                                          \
python/sglang/kernels/jit/csrc/attention/kda_prefill.cu:3076:      TORCH_CHECK(false, "CUDA driver call failed at ", __FILE__, ":", __LINE__, ": ", _s ? _s : "?"); \
python/sglang/kernels/jit/csrc/attention/kda_prefill.cu:3178:// freed with the process). The CUDA tensor maps encode over these tensors'
python/sglang/kernels/jit/csrc/attention/kda_prefill.cu:3202:    AT_CUDA_CHECK(cudaOccupancyMaxActiveBlocksPerMultiprocessor(&occ, fn, 512, 0));
python/sglang/kernels/jit/csrc/attention/kda_prefill.cu:3398:  TORCH_CHECK(q.is_cuda() && q.dim() == 3 && q.size(2) == K, "q must be a CUDA [T, H, 128] tensor, got ", q.sizes());
python/sglang/kernels/jit/csrc/attention/kda_prefill.cu:3404:        "q/k/v/g must be contiguous CUDA bf16 [T, H, 128] with "
python/sglang/kernels/jit/csrc/attention/kda_prefill.cu:3412:      "beta must be contiguous CUDA [T, H], got ",
python/sglang/kernels/jit/csrc/attention/kda_prefill.cu:3426:        "A_log must be contiguous CUDA fp32 [H], got ",
python/sglang/kernels/jit/csrc/attention/kda_prefill.cu:3433:        "dt_bias must be contiguous CUDA fp32 with H*128 "
python/sglang/kernels/jit/csrc/attention/kda_prefill.cu:3506:  const c10::cuda::CUDAGuard guard(q.device());
python/sglang/kernels/jit/csrc/attention/kda_prefill.cu:3507:  const cudaStream_t stream = at::cuda::getCurrentCUDAStream();
python/sglang/kernels/jit/csrc/attention/kda_prefill.cu:3516:        "initial_state must be contiguous CUDA fp32 [N=",
python/sglang/kernels/jit/csrc/attention/kda_prefill.cu:3716:    AT_CUDA_CHECK(cudaMemsetAsync(pf_p, 0, size_t(npieces * H) * 4, stream));
python/sglang/kernels/jit/csrc/attention/kda_prefill.cu:3759:    AT_CUDA_CHECK(cudaMemsetAsync(pf_p, 0, size_t(npieces * H) * 4, stream));
python/sglang/kernels/jit/csrc/attention/kda_prefill.cu:3843:  C10_CUDA_KERNEL_LAUNCH_CHECK();
python/sglang/kernels/jit/csrc/attention/fixup_zero_kv.cuh:113:  device.set_options<kDLCUDA>();
python/sglang/kernels/jit/csrc/attention/qsa_indexer.cuh:381:  device.set_options<kDLCUDA>();
python/sglang/kernels/jit/csrc/attention/qsa_indexer.cuh:445:  device.set_options<kDLCUDA>();
python/sglang/kernels/jit/csrc/attention/kda_packed_decode.cuh:1:// CUDA port of the triton fused_recurrent_kda_packed_decode_kernel for
python/sglang/kernels/jit/csrc/attention/kda_packed_decode.cuh:191:    device.set_options<kDLCUDA>();
python/sglang/kernels/jit/csrc/attention/fused_fp8_qkv_kv_cache.cuh:132:    device.set_options<kDLCUDA>();
python/sglang/kernels/jit/csrc/lplb/lp_post.cuh:89:  TensorMatcher({NUM_LOGICAL, MAX_COPIES}).with_dtype<float>().with_device<kDLCUDA>(device_).verify(log2phy_prob);
python/sglang/kernels/jit/csrc/lplb/lp_post.cuh:90:  TensorMatcher({NUM_SINGLE}).with_dtype<float>().with_device<kDLCUDA>(device_).verify(t1);
python/sglang/kernels/jit/csrc/lplb/lp_post.cuh:91:  TensorMatcher({NUM_SINGLE}).with_dtype<int64_t>().with_device<kDLCUDA>(device_).verify(phy_single);
python/sglang/kernels/jit/csrc/lplb/lp_post.cuh:92:  TensorMatcher({NUM_RED_PHY}).with_dtype<int64_t>().with_device<kDLCUDA>(device_).verify(phy_replicated);
python/sglang/kernels/jit/csrc/lplb/lp_post.cuh:93:  TensorMatcher({NUM_LOGICAL, MAX_COPIES}).with_dtype<int64_t>().with_device<kDLCUDA>(device_).verify(log2phy);
python/sglang/kernels/jit/csrc/lplb/ipm.cuh:250:  TensorMatcher({NC, NV}).with_dtype<float>().with_device<kDLCUDA>(device_).verify(A);
python/sglang/kernels/jit/csrc/lplb/ipm.cuh:251:  TensorMatcher({NC}).with_dtype<float>().with_device<kDLCUDA>(device_).verify(b);
python/sglang/kernels/jit/csrc/lplb/ipm.cuh:252:  TensorMatcher({NV}).with_dtype<float>().with_device<kDLCUDA>(device_).verify(c);
python/sglang/kernels/jit/csrc/lplb/ipm.cuh:253:  TensorMatcher({NV}).with_dtype<float>().with_device<kDLCUDA>(device_).verify(result);
python/sglang/kernels/jit/csrc/lplb/dispatch_probability.cuh:100:  TensorMatcher({N}).with_dtype<int32_t>().with_device<kDLCUDA>(device_).verify(out_topk_ids).verify(in_topk_ids);
python/sglang/kernels/jit/csrc/lplb/dispatch_probability.cuh:101:  TensorMatcher({NUM_LOGICAL, MAX_COPIES}).with_dtype<float>().with_device<kDLCUDA>(device_).verify(log2phy_prob);
python/sglang/kernels/jit/csrc/lplb/dispatch_probability.cuh:102:  TensorMatcher({NUM_LOGICAL, MAX_COPIES}).with_dtype<int32_t>().with_device<kDLCUDA>(device_).verify(log2phy_map);
python/sglang/kernels/jit/csrc/lplb/dispatch_probability.cuh:103:  TensorMatcher({N}).with_dtype<float>().with_device<kDLCUDA>(device_).verify(random_vals);
python/sglang/kernels/jit/csrc/lplb/lp_prep.cuh:150:  TensorMatcher({NC, NV}).with_dtype<float>().with_device<kDLCUDA>(device_).verify(A_full);
python/sglang/kernels/jit/csrc/lplb/lp_prep.cuh:151:  TensorMatcher({NC}).with_dtype<float>().with_device<kDLCUDA>(device_).verify(b);
python/sglang/kernels/jit/csrc/lplb/lp_prep.cuh:152:  TensorMatcher({NUM_SINGLE}).with_dtype<float>().with_device<kDLCUDA>(device_).verify(t1);
python/sglang/kernels/jit/csrc/lplb/lp_prep.cuh:153:  TensorMatcher({NUM_SINGLE}).with_dtype<int64_t>().with_device<kDLCUDA>(device_).verify(log_single);
python/sglang/kernels/jit/csrc/lplb/lp_prep.cuh:154:  TensorMatcher({NUM_RED_LOG}).with_dtype<int64_t>().with_device<kDLCUDA>(device_).verify(log_replicated);
python/sglang/kernels/jit/csrc/lplb/lp_prep.cuh:155:  TensorMatcher({NUM_GPUS, NUM_SINGLE}).with_dtype<float>().with_device<kDLCUDA>(device_).verify(B1);
python/sglang/kernels/jit/csrc/lplb/lp_prep.cuh:156:  TensorMatcher({NC}).with_dtype<float>().with_device<kDLCUDA>(device_).verify(A_base_row_sum);
python/sglang/kernels/jit/csrc/diffusion/qknorm_rope.cuh:77:#if defined(__CUDA_ARCH__) && (__CUDA_ARCH__ == 1030 || __CUDA_ARCH__ >= 1200)
python/sglang/kernels/jit/csrc/diffusion/qknorm_rope.cuh:105:#if defined(__CUDA_ARCH__) && (__CUDA_ARCH__ == 1030 || __CUDA_ARCH__ >= 1200)
python/sglang/kernels/jit/csrc/diffusion/qknorm_rope.cuh:138:#if defined(__CUDA_ARCH__) && (__CUDA_ARCH__ == 1030 || __CUDA_ARCH__ >= 1200)
python/sglang/kernels/jit/csrc/diffusion/qknorm_rope.cuh:495:    device.set_options<kDLCUDA>();
python/sglang/kernels/jit/csrc/diffusion/qknorm_rope.cuh:610:    device.set_options<kDLCUDA>();
python/sglang/kernels/jit/csrc/diffusion/timestep_embedding.cuh:141:      .template with_device<kDLCUDA>(device)
python/sglang/kernels/jit/csrc/diffusion/timestep_embedding.cuh:144:  TensorMatcher({B, D}).with_strides({D, 1}).with_dtype<float>().template with_device<kDLCUDA>(device).verify(output);
python/sglang/kernels/jit/csrc/diffusion/qwen_qkv_epilogue.cuh:173:    device.set_options<kDLCUDA>();
python/sglang/kernels/jit/csrc/diffusion/ltx25_decoder_rope.cuh:141:    device.set_options<kDLCUDA>();
python/sglang/kernels/jit/csrc/diffusion/usp_relayout.cuh:1:// CUDA fast path for the Ulysses sequence-parallel output-head merge:
python/sglang/kernels/jit/csrc/diffusion/usp_relayout.cuh:104:    device.set_options<kDLCUDA>();
python/sglang/kernels/jit/csrc/diffusion/modulate_scale_shift.cuh:1:// CUDA fast path for diffusion adaLN modulation.
python/sglang/kernels/jit/csrc/diffusion/modulate_scale_shift.cuh:102:    device.set_options<kDLCUDA>();
python/sglang/kernels/jit/csrc/diffusion/flux2_token_cat_nvfp4.cuh:93:    device.set_options<kDLCUDA>();
python/sglang/kernels/jit/csrc/diffusion/flux2_token_cat_nvfp4.cuh:101:    RuntimeCheck(rows.unwrap() <= kMaxRows, "rows exceed the CUDA grid.y limit");
python/sglang/kernels/jit/csrc/diffusion/helios_qk_rope.cuh:80:    device.set_options<kDLCUDA>();
python/sglang/kernels/jit/csrc/diffusion/flux2_gated_resnorm.cuh:202:    device.set_options<kDLCUDA>();
python/sglang/kernels/jit/csrc/diffusion/interleaved_rope_fp64.cuh:105:    device.set_options<kDLCUDA>();
python/sglang/kernels/jit/__main__.py:76:            "Cannot detect CUDA architecture, please specify --cuda-target explicitly."
python/sglang/kernels/jit/csrc/minicpm_sala/get_block_table.cuh:4:// CUDA kernels are kept almost verbatim; only the host-side wrappers are
python/sglang/kernels/jit/csrc/minicpm_sala/get_block_table.cuh:138:      .with_device<kDLCUDA>(device)
python/sglang/kernels/jit/csrc/minicpm_sala/get_block_table.cuh:143:      .with_device<kDLCUDA>(device)
python/sglang/kernels/jit/csrc/minicpm_sala/get_block_table.cuh:148:      .with_device<kDLCUDA>(device)
python/sglang/kernels/jit/csrc/minicpm_sala/get_block_table.cuh:154:      .with_device<kDLCUDA>(device)
python/sglang/kernels/jit/csrc/minicpm_sala/get_block_table.cuh:159:      .with_device<kDLCUDA>(device)
python/sglang/kernels/jit/csrc/minicpm_sala/get_block_table.cuh:174:  device.set_options<kDLCUDA>();
python/sglang/kernels/jit/csrc/lora/moe_lora_align_kernel.cu:20:// The JIT build does not run hipify, so this file maps the CUDA spellings it
python/sglang/srt/layers/communicator.py:1378:        # - CUDA graph warmup: not applicable when --cuda-graph-backend-prefill=disabled is used.
python/sglang/kernels/jit/csrc/minimax/per_token_quant_ue8m0.cuh:211:  device.set_options<kDLCUDA>();
python/sglang/kernels/jit/csrc/minimax/per_token_quant_ue8m0.cuh:252:  device.set_options<kDLCUDA>();
python/sglang/kernels/jit/include/sgl_kernel/tensor.h:34:#ifdef __CUDACC__
python/sglang/kernels/jit/include/sgl_kernel/tensor.h:73:#ifdef __CUDACC__
python/sglang/kernels/jit/include/sgl_kernel/tensor.h:118:      std::pair{DLDeviceType::kDLCUDA, "cuda"},
python/sglang/kernels/jit/include/sgl_kernel/tensor.h:119:      std::pair{DLDeviceType::kDLCUDAHost, "cuda_host"},
python/sglang/kernels/jit/include/sgl_kernel/tensor.h:127:      std::pair{DLDeviceType::kDLCUDAManaged, "cuda_managed"},
python/sglang/kernels/jit/include/sgl_kernel/tensor.h:327: * `set_options<kDLCUDA, kDLCPU>()`. The device id can be wildcarded.
python/sglang/kernels/jit/include/sgl_kernel/tensor.h:472: *       .with_device<kDLCUDA>()
python/sglang/kernels/jit/csrc/minimax/fused_gemma_qknorm_rope.cuh:130:// scalars, never device tensors) so the launch stays CUDA-graph capturable.
python/sglang/kernels/jit/csrc/minimax/fused_gemma_qknorm_rope.cuh:159:  device.set_options<kDLCUDA>();
python/sglang/srt/layers/activation.py:259:        if envs.SGLANG_NPU_FORWARD_NATIVE_GELUTANH.get():
python/sglang/srt/layers/activation.py:276:        # TODO: Implement the CUDA kernel for NewGELU in sgl-kernel
python/sglang/srt/layers/activation.py:313:    If the user has installed the nickjbrowning/XIELU, we import xIELU CUDA
python/sglang/srt/layers/activation.py:340:        # Temporary until xIELU CUDA fully implemented
python/sglang/srt/layers/activation.py:349:            msg = "Using experimental xIELU CUDA."
python/sglang/srt/layers/activation.py:354:                msg += " Enabled torch._dynamo for xIELU CUDA."
python/sglang/srt/layers/activation.py:379:        assert self._xielu_cuda_obj is not None, "XIELU CUDA object must not be None"
python/sglang/srt/layers/activation.py:381:        # CUDA kernel expects 3D tensors, reshape if needed
python/sglang/srt/layers/activation.py:399:            # Temporary until xIELU CUDA fully implemented -> self.{beta,eps}.item()
python/sglang/kernels/jit/include/sgl_kernel/type.cuh:2:/// \brief Dtype trait system for CUDA scalar/packed types.
python/sglang/kernels/jit/include/sgl_kernel/type.cuh:114:  // CUDA fp16 max clamp value
python/sglang/kernels/jit/include/sgl_kernel/type.cuh:158:  // CUDA bf16 max clamp value
python/sglang/kernels/jit/include/sgl_kernel/type.cuh:185:  // NOTE: CUDA fp8 support explicit cast (i.e. use default from is ok)
python/sglang/kernels/jit/include/sgl_kernel/type.cuh:187:  static constexpr float kFloatMax = 448.0f;  // CUDA fp8 max clamp value
python/sglang/kernels/jit/include/sgl_kernel/type.cuh:196:  // NOTE: CUDA fp8 support explicit cast (i.e. use default from is ok)
python/sglang/kernels/jit/include/sgl_kernel/type.cuh:204:  // NOTE: CUDA fp8 support explicit cast (i.e. use default from is ok)
python/sglang/kernels/jit/include/sgl_kernel/type.cuh:225: * CUDA intrinsic (e.g. `__half2float`, `__float22half2_rn`).
python/sglang/kernels/jit/include/sgl_kernel/type.cuh:344://   CUDA (e4m3fn):      448.0f
python/sglang/kernels/jit/csrc/minimax/minimax_decode_topk.cuh:26://   * <= kMaxNumBlocks   : 4-pass 8-bit radix, kIters elements per thread cached
python/sglang/kernels/jit/csrc/minimax/minimax_decode_topk.cuh:74:        // logical-warp width directly; CUDA needs the active mask.
python/sglang/kernels/jit/csrc/minimax/minimax_decode_topk.cuh:465:  device_.set_options<kDLCUDA>();
python/sglang/kernels/jit/csrc/minimax/minimax_decode_topk.cuh:531:  device_.set_options<kDLCUDA>();
python/sglang/kernels/jit/csrc/minimax/fused_store_kv_index.cuh:101:  device.set_options<kDLCUDA>();
python/sglang/kernels/jit/include/sgl_kernel/utils.h:7:#ifdef __CUDACC__
python/sglang/kernels/jit/include/sgl_kernel/utils.h:9:#if CUDA_VERSION <= 12010
python/sglang/kernels/jit/include/sgl_kernel/utils.h:32:#else  // __CUDACC__ && CUDA_VERSION > 12010
python/sglang/kernels/jit/include/sgl_kernel/utils.h:35:#else  // no __CUDACC__
python/sglang/srt/layers/logits_processor.py:899:                # Avoid materializing FP32 copies for same-dtype CUDA FP16/BF16
python/sglang/srt/layers/logits_processor.py:1023:        # Every participant must make the same collective choice. Decode CUDA
python/sglang/kernels/jit/include/sgl_kernel/scalar_type.hpp:5:#ifndef __CUDACC__
python/sglang/kernels/jit/include/sgl_kernel/scalar_type.hpp:175:#ifndef __CUDACC__
python/sglang/kernels/jit/include/sgl_kernel/scalar_type.hpp:253:#endif  // __CUDACC__
python/sglang/srt/layers/k3_ar_fusion.py:151:    # inference tensor, and the in-place write from a no_grad path (CUDA graph
python/sglang/kernels/jit/include/sgl_kernel/atomic.cuh:17: * \note On CUDA, this uses `atomicMax`/`atomicMin` on the reinterpreted
python/sglang/kernels/jit/csrc/mamba/causal_conv1d.cuh:571:  device_sym.set_options<kDLCUDA>();
python/sglang/kernels/jit/csrc/mamba/causal_conv1d.cuh:685:  device_sym.set_options<kDLCUDA>();
python/sglang/srt/layers/flashinfer_mnnvl_cutedsl.py:24:    # CUDA-only dependencies that CPU-side importers of this module never need.
python/sglang/srt/layers/flashinfer_mnnvl_cutedsl.py:95:            raise ValueError(f"MNNVL CuTe DSL fusion requires CUDA, got {device}")
python/sglang/srt/layers/flashinfer_mnnvl_cutedsl.py:304:        raise RuntimeError("MNNVL CuTe DSL fusion requires CUDA")
python/sglang/srt/layers/flashinfer_mnnvl_cutedsl.py:344:                "creating an MNNVL CuTe DSL fusion workspace during CUDA Graph "
python/sglang/kernels/jit/csrc/deepseek_v32/indexer_k.cuh:170:    device_.set_options<kDLCUDA>();
python/sglang/kernels/jit/csrc/deepseek_v32/indexer_k.cuh:371:    device_.set_options<kDLCUDA>();
python/sglang/srt/layers/sampler.py:594:        Used for the Ascend NPU backend which handles softmax internally.
python/sglang/kernels/jit/include/sgl_kernel/impl/norm.cuh:153: * for faster CUDA core operations.
python/sglang/kernels/jit/include/sgl_kernel/math.cuh:4:/// Provides type-generic wrappers around CUDA math intrinsics by
python/sglang/kernels/jit/include/sgl_kernel/math.cuh:20:/// Arch-aware: 448 on CUDA / AMD OCP e4m3fn (gfx950), 224 on AMD e4m3fnuz
python/sglang/kernels/jit/csrc/distributed/registry.cuh:35:  device_sym.set_options<kDLCUDA>();
python/sglang/kernels/jit/csrc/distributed/registry.cuh:79:  device_sym.set_options<kDLCUDA>();
python/sglang/kernels/jit/include/sgl_kernel/runtime.cuh:2:/// \brief Host-side CUDA runtime query helpers.
python/sglang/kernels/jit/include/sgl_kernel/runtime.cuh:4:/// Thin wrappers around CUDA occupancy and device-property APIs with
python/sglang/srt/layers/linear.py:707:            if envs.SGLANG_NPU_W4A4_NEW_PACKING.get():
python/sglang/kernels/jit/csrc/gemm/dsv3_fused_a_gemm.cuh:38:#if defined(__CUDA_ARCH__) && __CUDA_ARCH__ >= 900
python/sglang/kernels/jit/csrc/gemm/dsv3_fused_a_gemm.cuh:70:#if defined(__CUDA_ARCH__) && __CUDA_ARCH__ >= 900
python/sglang/kernels/jit/csrc/gemm/dsv3_fused_a_gemm.cuh:79:#if defined(__CUDA_ARCH__) && __CUDA_ARCH__ >= 900
python/sglang/kernels/jit/csrc/gemm/dsv3_fused_a_gemm.cuh:97:#if defined(__CUDA_ARCH__) && __CUDA_ARCH__ >= 900
python/sglang/kernels/jit/csrc/gemm/dsv3_fused_a_gemm.cuh:104:#if defined(__CUDA_ARCH__) && __CUDA_ARCH__ >= 900
python/sglang/kernels/jit/csrc/gemm/dsv3_fused_a_gemm.cuh:120:#if defined(__CUDA_ARCH__) && __CUDA_ARCH__ >= 900
python/sglang/kernels/jit/csrc/gemm/dsv3_fused_a_gemm.cuh:137:#if defined(__CUDA_ARCH__) && __CUDA_ARCH__ >= 900
python/sglang/kernels/jit/csrc/gemm/dsv3_fused_a_gemm.cuh:148:#if defined(__CUDA_ARCH__) && __CUDA_ARCH__ >= 900
python/sglang/kernels/jit/csrc/gemm/dsv3_fused_a_gemm.cuh:179:#if defined(__CUDA_ARCH__) && __CUDA_ARCH__ >= 900
python/sglang/kernels/jit/csrc/gemm/dsv3_fused_a_gemm.cuh:192:#if defined(__CUDA_ARCH__) && __CUDA_ARCH__ >= 900
python/sglang/kernels/jit/csrc/gemm/dsv3_fused_a_gemm.cuh:265:#if defined(__CUDA_ARCH__) && __CUDA_ARCH__ >= 900
python/sglang/kernels/jit/csrc/gemm/dsv3_fused_a_gemm.cuh:279:#if defined(__CUDA_ARCH__) && __CUDA_ARCH__ >= 900
python/sglang/kernels/jit/csrc/gemm/dsv3_fused_a_gemm.cuh:359:#if defined(__CUDA_ARCH__) && __CUDA_ARCH__ >= 900
python/sglang/kernels/jit/csrc/gemm/dsv3_fused_a_gemm.cuh:386:#if defined(__CUDA_ARCH__) && __CUDA_ARCH__ >= 900
python/sglang/kernels/jit/csrc/gemm/dsv3_fused_a_gemm.cuh:431:#if defined(__CUDA_ARCH__) && __CUDA_ARCH__ >= 900
python/sglang/kernels/jit/csrc/gemm/dsv3_fused_a_gemm.cuh:513:#if defined(__CUDA_ARCH__) && __CUDA_ARCH__ >= 900
python/sglang/kernels/jit/csrc/gemm/dsv3_fused_a_gemm.cuh:580:#if defined(SGL_CUDA_ARCH) && SGL_CUDA_ARCH >= 1200
python/sglang/kernels/jit/csrc/gemm/dsv3_fused_a_gemm.cuh:625:    device.set_options<kDLCUDA>();
python/sglang/kernels/jit/csrc/distributed/tp_qknorm.cuh:237:    device_.set_options<kDLCUDA>();
python/sglang/kernels/jit/csrc/distributed/custom_all_reduce.cuh:7://     workspaces, a CUDA-graph pointer table, or a multicast address).
python/sglang/kernels/jit/csrc/distributed/custom_all_reduce.cuh:281:    CHECK_CUDA(cudaGetDevice(&device));
python/sglang/kernels/jit/csrc/distributed/custom_all_reduce.cuh:310:    CHECK_HOST(in.IsContiguous() && is_type<T>(in.dtype()) && in.device().device_type == kDLCUDA);
python/sglang/kernels/jit/csrc/distributed/custom_all_reduce.cuh:371:      CHECK_CUDA(cudaMemcpyAsync(dst, src, nbytes, cudaMemcpyDeviceToDevice, stream));
python/sglang/srt/layers/mova.py:117:    # This deliberately favors clarity over memory use. Production CUDA paths
python/sglang/srt/layers/mova.py:145:    # not initialize Triton or require the CUDA extension.
python/sglang/kernels/jit/csrc/gemm/per_tensor_quant_fp8.cuh:108:  device.set_options<kDLCUDA>();
python/sglang/kernels/jit/include/sgl_kernel/utils.cuh:2:/// \brief Core CUDA/device utilities: type aliases, PDL helpers,
python/sglang/kernels/jit/include/sgl_kernel/utils.cuh:14:/// - `host::RuntimeDeviceCheck` - CUDA error checking.
python/sglang/kernels/jit/include/sgl_kernel/utils.cuh:100:inline constexpr auto kDLGPU = kDLCUDA;
