[aiter] WARNING: NUMA balancing is enabled, which may cause errors. It is recommended to disable NUMA balancing by running "sudo sh -c 'echo 0 > /proc/sys/kernel/numa_balancing'" for more details: https://rocm.docs.amd.com/en/latest/how-to/system-optimization/mi300x.html#disable-numa-auto-balancing
[aiter] import [module_aiter_core] under /tmp/amdpilot-repo-j-12ca0bea10a2/cache/aiter/module_aiter_core.so
EEE
======================================================================
ERROR: test_async_start_hands_off_without_moving_indices (__main__.TestLayerLoadingEvent.test_async_start_hands_off_without_moving_indices)
----------------------------------------------------------------------
Traceback (most recent call last):
  File "/tmp/sglang-base-IhZRbg/test_async.py", line 73, in test_async_start_hands_off_without_moving_indices
    self.assertEqual(HiCacheController.start_loading(controller), 1)
                     ^^^^^^^^^^^^^^^^^^^^^^^^^^^^^^^^^^^^^^^^^^^
  File "/tmp/sglang-base-IhZRbg/python/sglang/srt/managers/cache_controller.py", line 946, in start_loading
    host_indices, device_indices, pool_transfers = self._move_op_indices(op)
    ^^^^^^^^^^^^^^^^^^^^^^^^^^^^^^^^^^^^^^^^^^^^
TypeError: cannot unpack non-iterable Mock object

======================================================================
ERROR: test_slot_rotation_waits_for_enqueue_completion (__main__.TestLayerLoadingEvent.test_slot_rotation_waits_for_enqueue_completion)
----------------------------------------------------------------------
Traceback (most recent call last):
  File "/tmp/sglang-base-IhZRbg/test_async.py", line 94, in test_slot_rotation_waits_for_enqueue_completion
    counter.events[1].mark_enqueue_done()
    ^^^^^^^^^^^^^^^^^^^^^^^^^^^^^^^^^^^
AttributeError: 'LayerLoadingEvent' object has no attribute 'mark_enqueue_done'

======================================================================
ERROR: test_wait_blocks_until_device_event_has_been_recorded (__main__.TestLayerLoadingEvent.test_wait_blocks_until_device_event_has_been_recorded)
----------------------------------------------------------------------
Traceback (most recent call last):
  File "/tmp/sglang-base-IhZRbg/test_async.py", line 46, in test_wait_blocks_until_device_event_has_been_recorded
    event.begin_enqueue()
    ^^^^^^^^^^^^^^^^^^^
AttributeError: 'LayerLoadingEvent' object has no attribute 'begin_enqueue'

----------------------------------------------------------------------
Ran 3 tests in 0.003s

FAILED (errors=3)
BASE_TEST_EXIT=1
