Warning: You are sending unauthenticated requests to the HF Hub. Please set a HF_TOKEN to enable higher rate limits and faster downloads.
Processor CLIPImageProcessor for OpenGVLab/InternVL2_5-2B has no tokenizer attribute; loading the tokenizer separately
Traceback (most recent call last):
  File "<stdin>", line 3, in <module>
  File "/job/repo/python/sglang/srt/utils/hf_transformers/processor.py", line 365, in get_processor
    tokenizer = get_tokenizer(
                ^^^^^^^^^^^^^^
  File "/job/repo/python/sglang/srt/utils/hf_transformers/tokenizer.py", line 538, in get_tokenizer
    tokenizer = _auto_tokenizer_from_pretrained(
                ^^^^^^^^^^^^^^^^^^^^^^^^^^^^^^^^
  File "/job/repo/python/sglang/srt/utils/hf_transformers/tokenizer.py", line 178, in _auto_tokenizer_from_pretrained
    tokenizer = AutoTokenizer.from_pretrained(
                ^^^^^^^^^^^^^^^^^^^^^^^^^^^^^^
  File "/opt/venv/lib/python3.12/site-packages/transformers/models/auto/tokenization_auto.py", line 848, in from_pretrained
    return tokenizer_class.from_pretrained(
           ^^^^^^^^^^^^^^^^^^^^^^^^^^^^^^^^
  File "/opt/venv/lib/python3.12/site-packages/transformers/tokenization_utils_base.py", line 1744, in from_pretrained
    return cls._from_pretrained(
           ^^^^^^^^^^^^^^^^^^^^^
  File "/opt/venv/lib/python3.12/site-packages/transformers/tokenization_utils_base.py", line 1947, in _from_pretrained
    raise e
  File "/opt/venv/lib/python3.12/site-packages/transformers/tokenization_utils_base.py", line 1934, in _from_pretrained
    tokenizer = cls(*init_inputs, **init_kwargs)
                ^^^^^^^^^^^^^^^^^^^^^^^^^^^^^^^^
  File "/tmp/amdpilot-repo-j-ed8c5c31a479/hf-cache/modules/transformers_modules/OpenGVLab/InternVL2_5_hyphen_2B/573169ee54df216786bb9a189e9a32a060a008cf/tokenization_internlm2.py", line 68, in __init__
    self.sp_model.Load(vocab_file)
  File "/opt/venv/lib/python3.12/site-packages/sentencepiece/__init__.py", line 209, in Load
    return self.LoadFromFile(model_file)
           ^^^^^^^^^^^^^^^^^^^^^^^^^^^^^
  File "/opt/venv/lib/python3.12/site-packages/sentencepiece/__init__.py", line 213, in LoadFromFile
    return self._processor.LoadFromFile(filename)
           ^^^^^^^^^^^^^^^^^^^^^^^^^^^^^^^^^^^^^^
RuntimeError: INTERNAL: piece must not include null character.
