DEPRECATION: Loading egg at /opt/venv/lib/python3.12/site-packages/fast_hadamard_transform-1.0.4.post1-py3.12-linux-x86_64.egg is deprecated. pip 24.3 will enforce this behaviour change. A possible replacement is to use pip for package installation.. Discussion can be found at https://github.com/pypa/pip/issues/12330
DEPRECATION: Loading egg at /opt/venv/lib/python3.12/site-packages/sglang_kernel-0.4.6.post1-py3.12-linux-x86_64.egg is deprecated. pip 24.3 will enforce this behaviour change. A possible replacement is to use pip for package installation.. Discussion can be found at https://github.com/pypa/pip/issues/12330
Name: sentencepiece
Version: 0.2.2
Summary: Unsupervised text tokenizer and detokenizer.
Home-page:
Author:
Author-email: Taku Kudo <taku@google.com>
License:
Location: /opt/venv/lib/python3.12/site-packages
Requires:
Required-by:
---
Name: transformers
Version: 5.12.1
Summary: Transformers: the model-definition framework for state-of-the-art machine learning models in text, vision, audio, and multimodal models, for both inference and training.
Home-page: https://github.com/huggingface/transformers
Author: The Hugging Face team (past and future) with the help of all our contributors (https://github.com/huggingface/transformers/graphs/contributors)
Author-email: transformers@huggingface.co
License: Apache 2.0 License
Location: /opt/venv/lib/python3.12/site-packages
Requires: huggingface-hub, numpy, packaging, pyyaml, regex, safetensors, tokenizers, tqdm, typer
Required-by: cache_dit, compressed-tensors, peft, xgrammar
f868398fc4e05ee1e8aeba95ddf18ddcc45b8bce55d5093bead5bbf80429b48b  /tmp/amdpilot-repo-j-ed8c5c31a479/hf-cache/hub/models--OpenGVLab--InternVL2_5-2B/blobs/f868398fc4e05ee1e8aeba95ddf18ddcc45b8bce55d5093bead5bbf80429b48b
piece_count 92544
nul_pieces [(354, "'\\x00'", 1)]
