============================= test session starts ==============================
platform linux -- Python 3.12.3, pytest-9.0.3, pluggy-1.6.0 -- /tmp/amdpilot-repo-j-fa78cbfd550e/venv/bin/python
cachedir: .pytest_cache
hypothesis profile 'default'
rootdir: /job
plugins: hypothesis-6.155.0, anyio-4.15.1
collecting ... collected 0 items / 1 error

==================================== ERRORS ====================================
_ ERROR collecting review-evidence-j-fa78cbfd550e/test_marlin_workspace_pdmux.py _
ImportError while importing test module '/job/review-evidence-j-fa78cbfd550e/test_marlin_workspace_pdmux.py'.
Hint: make sure your test modules/packages have valid Python names.
Traceback:
/usr/lib/python3.12/importlib/__init__.py:90: in import_module
    return _bootstrap._gcd_import(name[level:], package, level)
           ^^^^^^^^^^^^^^^^^^^^^^^^^^^^^^^^^^^^^^^^^^^^^^^^^^^^
../review-evidence-j-fa78cbfd550e/test_marlin_workspace_pdmux.py:33: in <module>
    from sglang.srt.layers.quantization.marlin_utils import (
E   ImportError: cannot import name 'get_marlin_workspace_for_forward' from 'sglang.srt.layers.quantization.marlin_utils' (/job/repo/python/sglang/srt/layers/quantization/marlin_utils.py)
------------------------------- Captured stderr --------------------------------
[aiter] WARNING: NUMA balancing is enabled, which may cause errors. It is recommended to disable NUMA balancing by running "sudo sh -c 'echo 0 > /proc/sys/kernel/numa_balancing'" for more details: https://rocm.docs.amd.com/en/latest/how-to/system-optimization/mi300x.html#disable-numa-auto-balancing
[aiter] import [module_aiter_core] under /tmp/amdpilot-repo-j-fa78cbfd550e/cache/aiter/module_aiter_core.so
=============================== warnings summary ===============================
../../opt/venv/lib/python3.12/site-packages/torch/jit/_script.py:365: 14 warnings
  /opt/venv/lib/python3.12/site-packages/torch/jit/_script.py:365: DeprecationWarning: `torch.jit.script_method` is deprecated. Please switch to `torch.compile` or `torch.export`.
    warnings.warn(

../../opt/venv/lib/python3.12/site-packages/Cython/Distutils/old_build_ext.py:15
../../opt/venv/lib/python3.12/site-packages/Cython/Distutils/old_build_ext.py:15
  /opt/venv/lib/python3.12/site-packages/Cython/Distutils/old_build_ext.py:15: DeprecationWarning: dep_util is Deprecated. Use functions from setuptools instead.
    from distutils.dep_util import newer, newer_group

-- Docs: https://docs.pytest.org/en/stable/how-to/capture-warnings.html
=========================== short test summary info ============================
ERROR ../review-evidence-j-fa78cbfd550e/test_marlin_workspace_pdmux.py
!!!!!!!!!!!!!!!!!!!! Interrupted: 1 error during collection !!!!!!!!!!!!!!!!!!!!
======================== 16 warnings, 1 error in 9.44s =========================
