============================= test session starts ==============================
platform linux -- Python 3.12.3, pytest-9.0.3, pluggy-1.6.0 -- /tmp/amdpilot-repo-j-fa78cbfd550e/venv/bin/python
cachedir: .pytest_cache
hypothesis profile 'default'
rootdir: /job/repo/test
configfile: pytest.ini
plugins: hypothesis-6.155.0, anyio-4.15.1
collecting ... collected 5 items

test/registered/unit/layers/quantization/test_marlin_workspace_pdmux.py::TestMarlinWorkspaceSelection::test_falls_back_to_layer_workspace_without_opt_in PASSED [ 20%]
test/registered/unit/layers/quantization/test_marlin_workspace_pdmux.py::TestMarlinWorkspaceSelection::test_init_is_noop_without_pdmux PASSED [ 40%]
test/registered/unit/layers/quantization/test_marlin_workspace_pdmux.py::TestMarlinWorkspaceSelection::test_init_opts_in_and_records_make_kwargs PASSED [ 60%]
test/registered/unit/layers/quantization/test_marlin_workspace_pdmux.py::TestMarlinWorkspaceSelection::test_stream_keyed_selection_and_sizing PASSED [ 80%]
test/registered/unit/layers/quantization/test_marlin_workspace_pdmux.py::TestMarlinDeepQueueConcurrency::test_two_streams_deep_queue_complete_and_match SKIPPED [100%]

=============================== warnings summary ===============================
../../opt/venv/lib/python3.12/site-packages/_pytest/config/__init__.py:1434
  /opt/venv/lib/python3.12/site-packages/_pytest/config/__init__.py:1434: PytestConfigWarning: Unknown config option: asyncio_mode
  
    self._warn_or_fail_if_strict(f"Unknown config option: {key}\n")

../../opt/venv/lib/python3.12/site-packages/torch/jit/_script.py:365: 14 warnings
  /opt/venv/lib/python3.12/site-packages/torch/jit/_script.py:365: DeprecationWarning: `torch.jit.script_method` is deprecated. Please switch to `torch.compile` or `torch.export`.
    warnings.warn(

../../opt/venv/lib/python3.12/site-packages/Cython/Distutils/old_build_ext.py:15
../../opt/venv/lib/python3.12/site-packages/Cython/Distutils/old_build_ext.py:15
  /opt/venv/lib/python3.12/site-packages/Cython/Distutils/old_build_ext.py:15: DeprecationWarning: dep_util is Deprecated. Use functions from setuptools instead.
    from distutils.dep_util import newer, newer_group

-- Docs: https://docs.pytest.org/en/stable/how-to/capture-warnings.html
================== 4 passed, 1 skipped, 17 warnings in 20.63s ==================
