=== candidate source ===
ffe98a4279ba6e42d1f87dc4eeb6edb4887b9ea4
candidate_upstream_commit=315a5336a9383de31a61858d2ff26855b65512d6=== compile ===
=== focused admission gate ===
F                                                                        [100%]
=================================== FAILURES ===================================
______ test_full_loop_denoise_admits_rocm_and_preserves_unsupported_error ______

    def test_full_loop_denoise_admits_rocm_and_preserves_unsupported_error():
        batch = SimpleNamespace(
            extra={
                "minimax_h3_text_embeddings": {},
                "minimax_h3_denoise_state": {
                    "latent_t": 2,
                    "latent_h": 4,
                    "latent_w": 4,
                    "audio_t": 3,
                },
                "minimax_h3_sigmas": {"video": [1.0, 0.0], "audio": [1.0, 0.0]},
            }
        )
        platform_flags = {
            "is_cuda": False,
            "is_cpu": False,
            "is_hip": True,
            "is_mps": False,
            "is_npu": False,
            "is_xpu": False,
        }
    
        with patch.multiple(current_platform, **{name: lambda value=value: value for name, value in platform_flags.items()}):
            with (
                patch.object(
                    MiniMaxH3DenoisingStage,
                    "_maybe_enable_cache_dit_and_torch_compile",
                    lambda *_args, **_kwargs: None,
                ),
                patch(
                    "sglang.multimodal_gen.runtime.pipelines_core.stages.model_specific_stages.minimax_h3.stages.denoising._assemble_condition_rows",
                    side_effect=AssertionError("admitted past platform guard"),
                ),
            ):
                with pytest.raises(AssertionError, match="admitted past platform guard"):
>                   MiniMaxH3DenoisingStage._run_full_loop(
                        SimpleNamespace(), batch, SimpleNamespace()
                    )

python/sglang/multimodal_gen/test/unit/test_minimax_h3_admission.py:695: 
_ _ _ _ _ _ _ _ _ _ _ _ _ _ _ _ _ _ _ _ _ _ _ _ _ _ _ _ _ _ _ _ _ _ _ _ _ _ _ _ 

self = namespace()
batch = namespace(extra={'minimax_h3_text_embeddings': {}, 'minimax_h3_denoise_state': {'latent_t': 2, 'latent_h': 4, 'latent_w': 4, 'audio_t': 3}, 'minimax_h3_sigmas': {'video': [1.0, 0.0], 'audio': [1.0, 0.0]}})
server_args = namespace()

    def _run_full_loop(self, batch: Req, server_args: ServerArgs) -> None:
        """Assemble the cfg-distilled positive input and run the full loop.
    
        The heavy lifting is decomposed into per-phase helpers:
        context/payload resolution, condition-row assembly, packed-layout
        construction, condition noise augmentation, initial-row expansion,
        the denoise loop itself, and output publication.
        """
        from sglang.multimodal_gen.runtime.pipelines_core.stages.model_specific_stages.minimax_h3.denoise_loop import (
            MiniMaxH3DenoiseBranch,
            _minimax_h3_subblock_video_query_indices,
            minimax_h3_denoise_loop,
        )
    
        ctx = _resolve_full_loop_context(batch)
    
        if not (
            current_platform.is_cuda()
            or current_platform.is_cpu()
            or current_platform.is_hip()
            or current_platform.is_mps()
            or current_platform.is_npu()
            or current_platform.is_xpu()
        ):
            raise RuntimeError(
                "MiniMax H3 full-loop denoise requires CPU, CUDA, ROCm, MPS, XPU, or Ascend NPU"
            )
    
        device = current_platform.get_local_torch_device()
        sigmas_video = [float(v) for v in ctx.sigmas["video"]]
>       self._maybe_enable_cache_dit_and_torch_compile(
            len(sigmas_video) - 1,
            batch,
        )
E       AttributeError: 'types.SimpleNamespace' object has no attribute '_maybe_enable_cache_dit_and_torch_compile'

python/sglang/multimodal_gen/runtime/pipelines_core/stages/model_specific_stages/minimax_h3/stages/denoising.py:691: AttributeError
=============================== warnings summary ===============================
../../opt/venv/lib/python3.10/site-packages/Cython/Distutils/old_build_ext.py:15
../../opt/venv/lib/python3.10/site-packages/Cython/Distutils/old_build_ext.py:15
  /opt/venv/lib/python3.10/site-packages/Cython/Distutils/old_build_ext.py:15: DeprecationWarning: dep_util is Deprecated. Use functions from setuptools instead.
    from distutils.dep_util import newer, newer_group

-- Docs: https://docs.pytest.org/en/stable/how-to/capture-warnings.html
=========================== short test summary info ============================
FAILED python/sglang/multimodal_gen/test/unit/test_minimax_h3_admission.py::test_full_loop_denoise_admits_rocm_and_preserves_unsupported_error
1 failed, 25 deselected, 2 warnings in 0.83s
=== unchanged numerical gates ===
.........                                                                [100%]
=============================== warnings summary ===============================
../../opt/venv/lib/python3.10/site-packages/Cython/Distutils/old_build_ext.py:15
../../opt/venv/lib/python3.10/site-packages/Cython/Distutils/old_build_ext.py:15
  /opt/venv/lib/python3.10/site-packages/Cython/Distutils/old_build_ext.py:15: DeprecationWarning: dep_util is Deprecated. Use functions from setuptools instead.
    from distutils.dep_util import newer, newer_group

-- Docs: https://docs.pytest.org/en/stable/how-to/capture-warnings.html
9 passed, 2 warnings in 0.76s
=== reduced gfx942 denoiser ===
[aiter] WARNING: NUMA balancing is enabled, which may cause errors. It is recommended to disable NUMA balancing by running "sudo sh -c 'echo 0 > /proc/sys/kernel/numa_balancing'" for more details: https://rocm.docs.amd.com/en/latest/how-to/system-optimization/mi300x.html#disable-numa-auto-balancing
[aiter] import [module_aiter_core] under /sgl-workspace/aiter/aiter/jit/module_aiter_core.so
Traceback (most recent call last):
  File "/job/sglang/reports/j-b2119de859d8/reduced_denoiser.py", line 208, in <module>
    main()
  File "/job/sglang/reports/j-b2119de859d8/reduced_denoiser.py", line 190, in main
    torch.testing.assert_close(gpu_video, control_video, rtol=0, atol=2e-6)
  File "/opt/venv/lib/python3.10/site-packages/torch/testing/_comparison.py", line 1589, in assert_close
    raise error_metas[0].to_error(msg)
AssertionError: The values for attribute 'device' do not match: cuda:0 != cpu.
