=== candidate source rerun ===
ffe98a4279ba6e42d1f87dc4eeb6edb4887b9ea4
candidate_upstream_commit=315a5336a9383de31a61858d2ff26855b65512d6
=== compile ===
=== focused admission gate ===
.                                                                        [100%]
=============================== warnings summary ===============================
../../opt/venv/lib/python3.10/site-packages/Cython/Distutils/old_build_ext.py:15
../../opt/venv/lib/python3.10/site-packages/Cython/Distutils/old_build_ext.py:15
  /opt/venv/lib/python3.10/site-packages/Cython/Distutils/old_build_ext.py:15: DeprecationWarning: dep_util is Deprecated. Use functions from setuptools instead.
    from distutils.dep_util import newer, newer_group

-- Docs: https://docs.pytest.org/en/stable/how-to/capture-warnings.html
1 passed, 25 deselected, 2 warnings in 0.70s
=== unchanged numerical gates ===
.........                                                                [100%]
=============================== warnings summary ===============================
../../opt/venv/lib/python3.10/site-packages/Cython/Distutils/old_build_ext.py:15
../../opt/venv/lib/python3.10/site-packages/Cython/Distutils/old_build_ext.py:15
  /opt/venv/lib/python3.10/site-packages/Cython/Distutils/old_build_ext.py:15: DeprecationWarning: dep_util is Deprecated. Use functions from setuptools instead.
    from distutils.dep_util import newer, newer_group

-- Docs: https://docs.pytest.org/en/stable/how-to/capture-warnings.html
9 passed, 2 warnings in 0.72s
=== reduced gfx942 denoiser ===
[aiter] WARNING: NUMA balancing is enabled, which may cause errors. It is recommended to disable NUMA balancing by running "sudo sh -c 'echo 0 > /proc/sys/kernel/numa_balancing'" for more details: https://rocm.docs.amd.com/en/latest/how-to/system-optimization/mi300x.html#disable-numa-auto-balancing
[aiter] import [module_aiter_core] under /sgl-workspace/aiter/aiter/jit/module_aiter_core.so
{
  "device_name": "AMD Instinct MI300X",
  "device_capability": [
    9,
    4
  ],
  "platform": "RocmPlatform",
  "steps": 3,
  "guard": {
    "rocm": "admitted",
    "unsupported_error": "MiniMax H3 full-loop denoise requires CPU, CUDA, ROCm, MPS, XPU, or Ascend NPU"
  },
  "video": {
    "max_abs": 4.76837158203125e-07,
    "mean_abs": 3.270906745456159e-08,
    "actual_sum": 81.80758666992188,
    "control_sum": 81.80758666992188
  },
  "audio": {
    "max_abs": 0.0,
    "mean_abs": 0.0,
    "actual_sum": -13.199492454528809,
    "control_sum": -13.199492454528809
  },
  "comparison_gate": {
    "rtol": 0.0,
    "atol": 2e-06,
    "result": "passed"
  }
}
