=== current source ===
ffe98a4279ba6e42d1f87dc4eeb6edb4887b9ea4
## main...origin/main
=== actual platform ===
[aiter] WARNING: NUMA balancing is enabled, which may cause errors. It is recommended to disable NUMA balancing by running "sudo sh -c 'echo 0 > /proc/sys/kernel/numa_balancing'" for more details: https://rocm.docs.amd.com/en/latest/how-to/system-optimization/mi300x.html#disable-numa-auto-balancing
[aiter] import [module_aiter_core] under /sgl-workspace/aiter/aiter/jit/module_aiter_core.so
torch_cuda_available= True
torch_device= AMD Instinct MI300X
torch_capability= (9, 4)
platform= RocmPlatform
is_cuda= False
is_hip= True
is_rocm= True
is_cpu= False
is_mps= False
is_npu= False
is_xpu= False
=== current guard probe ===
[aiter] WARNING: NUMA balancing is enabled, which may cause errors. It is recommended to disable NUMA balancing by running "sudo sh -c 'echo 0 > /proc/sys/kernel/numa_balancing'" for more details: https://rocm.docs.amd.com/en/latest/how-to/system-optimization/mi300x.html#disable-numa-auto-balancing
[aiter] import [module_aiter_core] under /sgl-workspace/aiter/aiter/jit/module_aiter_core.so
RuntimeError
MiniMax H3 full-loop denoise requires CPU, CUDA, MPS, XPU, or Ascend NPU
=== current numerical gates ===
.........                                                                [100%]
=============================== warnings summary ===============================
../../opt/venv/lib/python3.10/site-packages/Cython/Distutils/old_build_ext.py:15
../../opt/venv/lib/python3.10/site-packages/Cython/Distutils/old_build_ext.py:15
  /opt/venv/lib/python3.10/site-packages/Cython/Distutils/old_build_ext.py:15: DeprecationWarning: dep_util is Deprecated. Use functions from setuptools instead.
    from distutils.dep_util import newer, newer_group

-- Docs: https://docs.pytest.org/en/stable/how-to/capture-warnings.html
9 passed, 2 warnings in 0.86s
