============================= test session starts ==============================
platform linux -- Python 3.12.3, pytest-9.0.3, pluggy-1.6.0 -- /tmp/amdpilot-repo-j-c220307f6dec/venv/bin/python
cachedir: .pytest_cache
hypothesis profile 'default'
rootdir: /job/repo/test
configfile: pytest.ini
plugins: hypothesis-6.155.0, anyio-4.15.1
collecting ... collected 13 items

test/registered/unit/managers/test_tokenizer_manager_rid_cleanup.py::TestReleaseReqStatesOnFailure::test_abort_failure_does_not_stop_cleanup PASSED [  7%]
test/registered/unit/managers/test_tokenizer_manager_rid_cleanup.py::TestReleaseReqStatesOnFailure::test_dispatched_batch_aborts_delivered_and_drops_rest PASSED [ 15%]
test/registered/unit/managers/test_tokenizer_manager_rid_cleanup.py::TestReleaseReqStatesOnFailure::test_dispatched_single_is_aborted_and_state_kept PASSED [ 23%]
test/registered/unit/managers/test_tokenizer_manager_rid_cleanup.py::TestReleaseReqStatesOnFailure::test_ignores_already_removed PASSED [ 30%]
test/registered/unit/managers/test_tokenizer_manager_rid_cleanup.py::TestReleaseReqStatesOnFailure::test_undelivered_batch_removes_all PASSED [ 38%]
test/registered/unit/managers/test_tokenizer_manager_rid_cleanup.py::TestReleaseReqStatesOnFailure::test_undelivered_single_is_dropped PASSED [ 46%]
test/registered/unit/managers/test_tokenizer_manager_rid_cleanup.py::TestGenerateRequestCleanupOnDispatchFailure::test_batch_failure_before_dispatch_cleans_up_all PASSED [ 53%]
test/registered/unit/managers/test_tokenizer_manager_rid_cleanup.py::TestGenerateRequestCleanupOnDispatchFailure::test_parallel_sampling_failure_cleans_generated_rid PASSED [ 61%]
test/registered/unit/managers/test_tokenizer_manager_rid_cleanup.py::TestGenerateRequestCleanupOnDispatchFailure::test_single_failure_before_dispatch_cleans_up PASSED [ 69%]
test/registered/unit/managers/test_tokenizer_manager_rid_cleanup.py::TestGenerateRequestCleanupOnDispatchFailure::test_thinking_budget_rejects_runtime_without_strict_thinking PASSED [ 76%]
test/registered/unit/managers/test_tokenizer_manager_rid_cleanup.py::TestDisconnectAfterDispatchAbortsRequest::test_cancel_after_dispatch_sends_abort_and_keeps_state PASSED [ 84%]
test/registered/unit/managers/test_scheduler_chunked_abort_race.py::TestPendingChunkedAbortRace::test_finished_req_only_clears_marker PASSED [ 92%]
test/registered/unit/managers/test_scheduler_chunked_abort_race.py::TestPendingChunkedAbortRace::test_req_left_chunked_slot_is_aborted PASSED [100%]

=============================== warnings summary ===============================
../../opt/venv/lib/python3.12/site-packages/_pytest/config/__init__.py:1434
  /opt/venv/lib/python3.12/site-packages/_pytest/config/__init__.py:1434: PytestConfigWarning: Unknown config option: asyncio_mode
  
    self._warn_or_fail_if_strict(f"Unknown config option: {key}\n")

../../opt/venv/lib/python3.12/site-packages/torch/jit/_script.py:365: 14 warnings
  /opt/venv/lib/python3.12/site-packages/torch/jit/_script.py:365: DeprecationWarning: `torch.jit.script_method` is deprecated. Please switch to `torch.compile` or `torch.export`.
    warnings.warn(

../../opt/venv/lib/python3.12/site-packages/Cython/Distutils/old_build_ext.py:15
../../opt/venv/lib/python3.12/site-packages/Cython/Distutils/old_build_ext.py:15
  /opt/venv/lib/python3.12/site-packages/Cython/Distutils/old_build_ext.py:15: DeprecationWarning: dep_util is Deprecated. Use functions from setuptools instead.
    from distutils.dep_util import newer, newer_group

-- Docs: https://docs.pytest.org/en/stable/how-to/capture-warnings.html
======================= 13 passed, 17 warnings in 12.21s =======================
