[aiter] WARNING: NUMA balancing is enabled, which may cause errors. It is recommended to disable NUMA balancing by running "sudo sh -c 'echo 0 > /proc/sys/kernel/numa_balancing'" for more details: https://rocm.docs.amd.com/en/latest/how-to/system-optimization/mi300x.html#disable-numa-auto-balancing
[aiter] import [module_aiter_core] under /sgl-workspace/aiter/aiter/jit/module_aiter_core.so
{
  "label": "current-main",
  "commit": "ffe98a4279ba6e42d1f87dc4eeb6edb4887b9ea4",
  "gpu": {
    "name": "AMD Instinct MI300X",
    "capability": [
      9,
      4
    ],
    "gcn_arch_name": "gfx942:sramecc+:xnack-"
  },
  "case": {
    "prefix_lens": [
      64,
      32
    ],
    "extend_lens": [
      2,
      2
    ],
    "page_size": 1,
    "kv_cache_dtype": "torch.float8_e4m3fn",
    "physical_index_count": 100
  },
  "late_backend_binding": {
    "owning_runner_translator": "<sglang.srt.mem_cache.kv_index_translator.KVIndexTranslator object at 0x7fed3a5d3e50>",
    "draft_backend_type": "DeepseekSparseAttnMultiStepBackend",
    "draft_child_translators": [
      "None",
      "None"
    ],
    "draft_extend_backend_type": "DeepseekSparseAttnBackend",
    "draft_extend_translator": "None"
  },
  "prefix_read": {
    "gfx95_read_door": false,
    "translator_passthrough_equal": true,
    "translator_needs_read_translate": false,
    "metadata_indices_equal_expected": true,
    "nope_equal_reference": true,
    "rope_equal_reference": true,
    "nope_max_abs": 0.0,
    "rope_max_abs": 0.0,
    "use_mha": true,
    "using_mha_one_shot_fp8_dequant": true
  }
}
