source_base=358c163250ad3b1f62939b01ce1314a0a31a0365
python=/tmp/amdpilot-repo-j-3dee4b6f4277/venv/bin/python
torch=2.11.0+rocm7.2
torch_hip=7.2.26015
gpu_available=True
Traceback (most recent call last):
  File "/usr/lib/python3.12/importlib/metadata/__init__.py", line 397, in from_name
    return next(cls.discover(name=name))
           ^^^^^^^^^^^^^^^^^^^^^^^^^^^^^
StopIteration

During handling of the above exception, another exception occurred:

Traceback (most recent call last):
  File "<stdin>", line 7, in <module>
  File "/usr/lib/python3.12/importlib/metadata/__init__.py", line 889, in version
    return distribution(distribution_name).version
           ^^^^^^^^^^^^^^^^^^^^^^^^^^^^^^^
  File "/usr/lib/python3.12/importlib/metadata/__init__.py", line 862, in distribution
    return Distribution.from_name(distribution_name)
           ^^^^^^^^^^^^^^^^^^^^^^^^^^^^^^^^^^^^^^^^^
  File "/usr/lib/python3.12/importlib/metadata/__init__.py", line 399, in from_name
    raise PackageNotFoundError(name)
importlib.metadata.PackageNotFoundError: No package metadata was found for mooncake-transfer-engine


============================ ROCm System Management Interface ============================
====================================== Product Info ======================================
GPU[0]		: Card Series: 		AMD Instinct MI350X
GPU[0]		: Card Model: 		0x75a0
GPU[0]		: Card Vendor: 		Advanced Micro Devices, Inc. [AMD/ATI]
GPU[0]		: Card SKU: 		N/A
GPU[0]		: Subsystem ID: 	0x75a0
GPU[0]		: Device Rev: 		0x00
GPU[0]		: Node ID: 		7
GPU[0]		: GUID: 		51966
GPU[0]		: GFX Version: 		gfx950
==========================================================================================
================================== End of ROCm SMI Log ===================================
mooncake_distributions=[]
native_send_probe=True
native_module=/opt/venv/lib/python3.12/site-packages/mooncake/engine.cpython-312-x86_64-linux-gnu.so
