FFFF                                                                     [100%]
=================================== FAILURES ===================================
_ DllmVolatileRadixBlockTest.test_cacheable_fill_ids_exclude_only_incomplete_block _

self = <test_dllm_volatile_radix_block.DllmVolatileRadixBlockTest testMethod=test_cacheable_fill_ids_exclude_only_incomplete_block>

    def test_cacheable_fill_ids_exclude_only_incomplete_block(self):
        stable = list(range(64))
        block = list(range(900, 932))
        req = _DllmReq(stable + block, block)
>       self.assertEqual(list(req.get_cacheable_fill_ids()), stable)
                              ^^^^^^^^^^^^^^^^^^^^^^^^^^
E       AttributeError: '_DllmReq' object has no attribute 'get_cacheable_fill_ids'

../review-evidence-j-203d6e6f87d7/test_dllm_volatile_radix_block.py:96: AttributeError
_ DllmVolatileRadixBlockTest.test_classic_cache_does_not_claim_volatile_page_twice _

self = <test_dllm_volatile_radix_block.DllmVolatileRadixBlockTest testMethod=test_classic_cache_does_not_claim_volatile_page_twice>

    def test_classic_cache_does_not_claim_volatile_page_twice(self):
        allocator, req_pool = _make_pools()
        cache = RadixCache(_params(allocator, req_pool))
>       self._assert_no_duplicate_ownership(
            cache, allocator, req_pool.req_to_token, lambda node: node.value
        )

../review-evidence-j-203d6e6f87d7/test_dllm_volatile_radix_block.py:108: 
_ _ _ _ _ _ _ _ _ _ _ _ _ _ _ _ _ _ _ _ _ _ _ _ _ _ _ _ _ _ _ _ _ _ _ _ _ _ _ _ 
../review-evidence-j-203d6e6f87d7/test_dllm_volatile_radix_block.py:140: in _assert_no_duplicate_ownership
    self.assertLessEqual(accounted_tokens, distinct_tokens)
E   AssertionError: 128 not less than or equal to 96
_ DllmVolatileRadixBlockTest.test_empty_incomplete_block_leaves_short_request_unchanged _

self = <test_dllm_volatile_radix_block.DllmVolatileRadixBlockTest testMethod=test_empty_incomplete_block_leaves_short_request_unchanged>

    def test_empty_incomplete_block_leaves_short_request_unchanged(self):
        req = _DllmReq([1, 2, 3])
>       self.assertEqual(list(req.get_cacheable_fill_ids()), [1, 2, 3])
                              ^^^^^^^^^^^^^^^^^^^^^^^^^^
E       AttributeError: '_DllmReq' object has no attribute 'get_cacheable_fill_ids'

../review-evidence-j-203d6e6f87d7/test_dllm_volatile_radix_block.py:103: AttributeError
_ DllmVolatileRadixBlockTest.test_unified_cache_does_not_claim_volatile_page_twice _

self = <test_dllm_volatile_radix_block.DllmVolatileRadixBlockTest testMethod=test_unified_cache_does_not_claim_volatile_page_twice>

    def test_unified_cache_does_not_claim_volatile_page_twice(self):
        allocator, req_pool = _make_pools()
        cache = UnifiedRadixCache(
            _params(allocator, req_pool, tree_components=(ComponentType.FULL,))
        )
>       self._assert_no_duplicate_ownership(
            cache,
            allocator,
            req_pool.req_to_token,
            lambda node: node.component(ComponentType.FULL).value,
        )

../review-evidence-j-203d6e6f87d7/test_dllm_volatile_radix_block.py:117: 
_ _ _ _ _ _ _ _ _ _ _ _ _ _ _ _ _ _ _ _ _ _ _ _ _ _ _ _ _ _ _ _ _ _ _ _ _ _ _ _ 
../review-evidence-j-203d6e6f87d7/test_dllm_volatile_radix_block.py:140: in _assert_no_duplicate_ownership
    self.assertLessEqual(accounted_tokens, distinct_tokens)
E   AssertionError: 128 not less than or equal to 96
=============================== warnings summary ===============================
../../opt/venv/lib/python3.12/site-packages/torch/jit/_script.py:365: 14 warnings
  /opt/venv/lib/python3.12/site-packages/torch/jit/_script.py:365: DeprecationWarning: `torch.jit.script_method` is deprecated. Please switch to `torch.compile` or `torch.export`.
    warnings.warn(

../../opt/venv/lib/python3.12/site-packages/Cython/Distutils/old_build_ext.py:15
../../opt/venv/lib/python3.12/site-packages/Cython/Distutils/old_build_ext.py:15
  /opt/venv/lib/python3.12/site-packages/Cython/Distutils/old_build_ext.py:15: DeprecationWarning: dep_util is Deprecated. Use functions from setuptools instead.
    from distutils.dep_util import newer, newer_group

-- Docs: https://docs.pytest.org/en/stable/how-to/capture-warnings.html
=========================== short test summary info ============================
FAILED ../review-evidence-j-203d6e6f87d7/test_dllm_volatile_radix_block.py::DllmVolatileRadixBlockTest::test_cacheable_fill_ids_exclude_only_incomplete_block
FAILED ../review-evidence-j-203d6e6f87d7/test_dllm_volatile_radix_block.py::DllmVolatileRadixBlockTest::test_classic_cache_does_not_claim_volatile_page_twice
FAILED ../review-evidence-j-203d6e6f87d7/test_dllm_volatile_radix_block.py::DllmVolatileRadixBlockTest::test_empty_incomplete_block_leaves_short_request_unchanged
FAILED ../review-evidence-j-203d6e6f87d7/test_dllm_volatile_radix_block.py::DllmVolatileRadixBlockTest::test_unified_cache_does_not_claim_volatile_page_twice
4 failed, 16 warnings in 26.96s
