[
  {
    "max_abs": 0.0,
    "rel_l2": 0.0,
    "path": "gdn",
    "b": -4.0,
    "steps": 1,
    "max_output_abs": 0.0
  },
  {
    "max_abs": 9.313225746154785e-10,
    "rel_l2": 8.502104975605107e-08,
    "path": "gdn",
    "b": -4.0,
    "steps": 17,
    "max_output_abs": 0.0
  },
  {
    "max_abs": 5.587935447692871e-09,
    "rel_l2": 2.4863760472726426e-07,
    "path": "gdn",
    "b": -4.0,
    "steps": 257,
    "max_output_abs": 3.814697265625e-06
  },
  {
    "max_abs": 0.0,
    "rel_l2": 0.0,
    "path": "gdn",
    "b": 0.5,
    "steps": 1,
    "max_output_abs": 0.0
  },
  {
    "max_abs": 3.91155481338501e-08,
    "rel_l2": 1.1380002717942261e-07,
    "path": "gdn",
    "b": 0.5,
    "steps": 17,
    "max_output_abs": 0.0
  },
  {
    "max_abs": 2.086162567138672e-07,
    "rel_l2": 3.1179681059256836e-07,
    "path": "gdn",
    "b": 0.5,
    "steps": 257,
    "max_output_abs": 4.76837158203125e-07
  },
  {
    "max_abs": 0.0,
    "rel_l2": 0.0,
    "path": "gdn",
    "b": 4.0,
    "steps": 1,
    "max_output_abs": 0.0
  },
  {
    "max_abs": 4.470348358154297e-08,
    "rel_l2": 1.104504292470665e-07,
    "path": "gdn",
    "b": 4.0,
    "steps": 17,
    "max_output_abs": 0.0
  },
  {
    "max_abs": 2.5890767574310303e-07,
    "rel_l2": 2.933041116648383e-07,
    "path": "gdn",
    "b": 4.0,
    "steps": 257,
    "max_output_abs": 0.0001220703125
  },
  {
    "path": "kda_buffered",
    "b": -2.0,
    "steps": 40,
    "ring": 8,
    "max_flush_state_abs": 0.00011667818762362003,
    "max_output_abs": 0.0001220703125
  },
  {
    "path": "kda_buffered",
    "b": 0.5,
    "steps": 40,
    "ring": 8,
    "max_flush_state_abs": 0.0006037279963493347,
    "max_output_abs": 0.00048828125
  },
  {
    "path": "kda_buffered",
    "b": 2.0,
    "steps": 40,
    "ring": 8,
    "max_flush_state_abs": 0.0007419884204864502,
    "max_output_abs": 0.00048828125
  }
]
