FFFFFFFF..                                                               [100%]
=================================== FAILURES ===================================
_____ test_qwen3_vl_deepstack_merger_lora_dimensions[linear_fc1-expected0] _____

qwen3_vl_model = <[AttributeError("'Qwen3VLForConditionalGeneration' object has no attribute '_modules'") raised in repr()] Qwen3VLForConditionalGeneration object at 0x7f3648a28410>
module_name = 'linear_fc1', expected = (4608, 4608)

    @pytest.mark.parametrize(
        ("module_name", "expected"),
        [
            ("linear_fc1", (4608, 4608)),
            ("linear_fc2", (4608, 4096)),
        ],
    )
    def test_qwen3_vl_deepstack_merger_lora_dimensions(
        qwen3_vl_model, module_name, expected
    ):
>       assert get_hidden_dim(module_name, qwen3_vl_model.config, qwen3_vl_model, 0) == expected
               ^^^^^^^^^^^^^^^^^^^^^^^^^^^^^^^^^^^^^^^^^^^^^^^^^^^^^^^^^^^^^^^^^^^^^

test/registered/unit/lora/test_qwen3_vl_lora_targets.py:35: 
_ _ _ _ _ _ _ _ _ _ _ _ _ _ _ _ _ _ _ _ _ _ _ _ _ _ _ _ _ _ _ _ _ _ _ _ _ _ _ _ 
python/sglang/srt/lora/utils.py:151: in get_hidden_dim
    return get_default_hidden_dim(
_ _ _ _ _ _ _ _ _ _ _ _ _ _ _ _ _ _ _ _ _ _ _ _ _ _ _ _ _ _ _ _ _ _ _ _ _ _ _ _ 

module_name = 'linear_fc1'
config = namespace(vision_config=namespace(hidden_size=1152, intermediate_size=4304, out_hidden_size=4096, spatial_merge_size=2))
layer_idx = 0, lora_added_vocab_size = 0

    def get_default_hidden_dim(
        module_name: str,
        config: AutoConfig,
        layer_idx: int,
        lora_added_vocab_size: int = 0,
    ) -> Tuple[int]:
        """
        Config-driven LoRA input/output dims for a module, assuming uniform
        attention geometry across layers.
    
        This is the fallback used when a model does not define ``get_hidden_dim``.
        Models with per-layer geometry (e.g. Laguna's per-layer attention head
        counts) should define ``get_hidden_dim`` on the model class, override the
        layer-dependent modules there, and delegate the rest back to this helper
        rather than re-deriving every branch.
        """
        head_dim = getattr(
>           config, "head_dim", config.hidden_size // config.num_attention_heads
                                ^^^^^^^^^^^^^^^^^^
        )
E       AttributeError: 'types.SimpleNamespace' object has no attribute 'hidden_size'

python/sglang/srt/lora/utils.py:173: AttributeError
_____ test_qwen3_vl_deepstack_merger_lora_dimensions[linear_fc2-expected1] _____

qwen3_vl_model = <[AttributeError("'Qwen3VLForConditionalGeneration' object has no attribute '_modules'") raised in repr()] Qwen3VLForConditionalGeneration object at 0x7f3648a49940>
module_name = 'linear_fc2', expected = (4608, 4096)

    @pytest.mark.parametrize(
        ("module_name", "expected"),
        [
            ("linear_fc1", (4608, 4608)),
            ("linear_fc2", (4608, 4096)),
        ],
    )
    def test_qwen3_vl_deepstack_merger_lora_dimensions(
        qwen3_vl_model, module_name, expected
    ):
>       assert get_hidden_dim(module_name, qwen3_vl_model.config, qwen3_vl_model, 0) == expected
               ^^^^^^^^^^^^^^^^^^^^^^^^^^^^^^^^^^^^^^^^^^^^^^^^^^^^^^^^^^^^^^^^^^^^^

test/registered/unit/lora/test_qwen3_vl_lora_targets.py:35: 
_ _ _ _ _ _ _ _ _ _ _ _ _ _ _ _ _ _ _ _ _ _ _ _ _ _ _ _ _ _ _ _ _ _ _ _ _ _ _ _ 
python/sglang/srt/lora/utils.py:151: in get_hidden_dim
    return get_default_hidden_dim(
_ _ _ _ _ _ _ _ _ _ _ _ _ _ _ _ _ _ _ _ _ _ _ _ _ _ _ _ _ _ _ _ _ _ _ _ _ _ _ _ 

module_name = 'linear_fc2'
config = namespace(vision_config=namespace(hidden_size=1152, intermediate_size=4304, out_hidden_size=4096, spatial_merge_size=2))
layer_idx = 0, lora_added_vocab_size = 0

    def get_default_hidden_dim(
        module_name: str,
        config: AutoConfig,
        layer_idx: int,
        lora_added_vocab_size: int = 0,
    ) -> Tuple[int]:
        """
        Config-driven LoRA input/output dims for a module, assuming uniform
        attention geometry across layers.
    
        This is the fallback used when a model does not define ``get_hidden_dim``.
        Models with per-layer geometry (e.g. Laguna's per-layer attention head
        counts) should define ``get_hidden_dim`` on the model class, override the
        layer-dependent modules there, and delegate the rest back to this helper
        rather than re-deriving every branch.
        """
        head_dim = getattr(
>           config, "head_dim", config.hidden_size // config.num_attention_heads
                                ^^^^^^^^^^^^^^^^^^
        )
E       AttributeError: 'types.SimpleNamespace' object has no attribute 'hidden_size'

python/sglang/srt/lora/utils.py:173: AttributeError
________ test_qwen3_vl_deepstack_merger_is_lora_eligible[linear_fc1-0] _________

qwen3_vl_model = <[AttributeError("'Qwen3VLForConditionalGeneration' object has no attribute '_modules'") raised in repr()] Qwen3VLForConditionalGeneration object at 0x7f3648a4a8d0>
merger_index = 0, module_name = 'linear_fc1'

    @pytest.mark.parametrize("merger_index", [0, 1, 2])
    @pytest.mark.parametrize("module_name", ["linear_fc1", "linear_fc2"])
    def test_qwen3_vl_deepstack_merger_is_lora_eligible(
        qwen3_vl_model, merger_index, module_name
    ):
        full_name = f"visual.deepstack_merger_list.{merger_index}.{module_name}"
>       assert qwen3_vl_model.should_apply_lora(full_name)
E       assert False
E        +  where False = should_apply_lora('visual.deepstack_merger_list.0.linear_fc1')
E        +    where should_apply_lora = <[AttributeError("'Qwen3VLForConditionalGeneration' object has no attribute '_modules'") raised in repr()] Qwen3VLForConditionalGeneration object at 0x7f3648a4a8d0>.should_apply_lora

test/registered/unit/lora/test_qwen3_vl_lora_targets.py:44: AssertionError
________ test_qwen3_vl_deepstack_merger_is_lora_eligible[linear_fc1-1] _________

qwen3_vl_model = <[AttributeError("'Qwen3VLForConditionalGeneration' object has no attribute '_modules'") raised in repr()] Qwen3VLForConditionalGeneration object at 0x7f3648a4bc80>
merger_index = 1, module_name = 'linear_fc1'

    @pytest.mark.parametrize("merger_index", [0, 1, 2])
    @pytest.mark.parametrize("module_name", ["linear_fc1", "linear_fc2"])
    def test_qwen3_vl_deepstack_merger_is_lora_eligible(
        qwen3_vl_model, merger_index, module_name
    ):
        full_name = f"visual.deepstack_merger_list.{merger_index}.{module_name}"
>       assert qwen3_vl_model.should_apply_lora(full_name)
E       assert False
E        +  where False = should_apply_lora('visual.deepstack_merger_list.1.linear_fc1')
E        +    where should_apply_lora = <[AttributeError("'Qwen3VLForConditionalGeneration' object has no attribute '_modules'") raised in repr()] Qwen3VLForConditionalGeneration object at 0x7f3648a4bc80>.should_apply_lora

test/registered/unit/lora/test_qwen3_vl_lora_targets.py:44: AssertionError
________ test_qwen3_vl_deepstack_merger_is_lora_eligible[linear_fc1-2] _________

qwen3_vl_model = <[AttributeError("'Qwen3VLForConditionalGeneration' object has no attribute '_modules'") raised in repr()] Qwen3VLForConditionalGeneration object at 0x7f3648a4d5e0>
merger_index = 2, module_name = 'linear_fc1'

    @pytest.mark.parametrize("merger_index", [0, 1, 2])
    @pytest.mark.parametrize("module_name", ["linear_fc1", "linear_fc2"])
    def test_qwen3_vl_deepstack_merger_is_lora_eligible(
        qwen3_vl_model, merger_index, module_name
    ):
        full_name = f"visual.deepstack_merger_list.{merger_index}.{module_name}"
>       assert qwen3_vl_model.should_apply_lora(full_name)
E       assert False
E        +  where False = should_apply_lora('visual.deepstack_merger_list.2.linear_fc1')
E        +    where should_apply_lora = <[AttributeError("'Qwen3VLForConditionalGeneration' object has no attribute '_modules'") raised in repr()] Qwen3VLForConditionalGeneration object at 0x7f3648a4d5e0>.should_apply_lora

test/registered/unit/lora/test_qwen3_vl_lora_targets.py:44: AssertionError
________ test_qwen3_vl_deepstack_merger_is_lora_eligible[linear_fc2-0] _________

qwen3_vl_model = <[AttributeError("'Qwen3VLForConditionalGeneration' object has no attribute '_modules'") raised in repr()] Qwen3VLForConditionalGeneration object at 0x7f3648a4aae0>
merger_index = 0, module_name = 'linear_fc2'

    @pytest.mark.parametrize("merger_index", [0, 1, 2])
    @pytest.mark.parametrize("module_name", ["linear_fc1", "linear_fc2"])
    def test_qwen3_vl_deepstack_merger_is_lora_eligible(
        qwen3_vl_model, merger_index, module_name
    ):
        full_name = f"visual.deepstack_merger_list.{merger_index}.{module_name}"
>       assert qwen3_vl_model.should_apply_lora(full_name)
E       assert False
E        +  where False = should_apply_lora('visual.deepstack_merger_list.0.linear_fc2')
E        +    where should_apply_lora = <[AttributeError("'Qwen3VLForConditionalGeneration' object has no attribute '_modules'") raised in repr()] Qwen3VLForConditionalGeneration object at 0x7f3648a4aae0>.should_apply_lora

test/registered/unit/lora/test_qwen3_vl_lora_targets.py:44: AssertionError
________ test_qwen3_vl_deepstack_merger_is_lora_eligible[linear_fc2-1] _________

qwen3_vl_model = <[AttributeError("'Qwen3VLForConditionalGeneration' object has no attribute '_modules'") raised in repr()] Qwen3VLForConditionalGeneration object at 0x7f3648a4ce30>
merger_index = 1, module_name = 'linear_fc2'

    @pytest.mark.parametrize("merger_index", [0, 1, 2])
    @pytest.mark.parametrize("module_name", ["linear_fc1", "linear_fc2"])
    def test_qwen3_vl_deepstack_merger_is_lora_eligible(
        qwen3_vl_model, merger_index, module_name
    ):
        full_name = f"visual.deepstack_merger_list.{merger_index}.{module_name}"
>       assert qwen3_vl_model.should_apply_lora(full_name)
E       assert False
E        +  where False = should_apply_lora('visual.deepstack_merger_list.1.linear_fc2')
E        +    where should_apply_lora = <[AttributeError("'Qwen3VLForConditionalGeneration' object has no attribute '_modules'") raised in repr()] Qwen3VLForConditionalGeneration object at 0x7f3648a4ce30>.should_apply_lora

test/registered/unit/lora/test_qwen3_vl_lora_targets.py:44: AssertionError
________ test_qwen3_vl_deepstack_merger_is_lora_eligible[linear_fc2-2] _________

qwen3_vl_model = <[AttributeError("'Qwen3VLForConditionalGeneration' object has no attribute '_modules'") raised in repr()] Qwen3VLForConditionalGeneration object at 0x7f3648a4e330>
merger_index = 2, module_name = 'linear_fc2'

    @pytest.mark.parametrize("merger_index", [0, 1, 2])
    @pytest.mark.parametrize("module_name", ["linear_fc1", "linear_fc2"])
    def test_qwen3_vl_deepstack_merger_is_lora_eligible(
        qwen3_vl_model, merger_index, module_name
    ):
        full_name = f"visual.deepstack_merger_list.{merger_index}.{module_name}"
>       assert qwen3_vl_model.should_apply_lora(full_name)
E       assert False
E        +  where False = should_apply_lora('visual.deepstack_merger_list.2.linear_fc2')
E        +    where should_apply_lora = <[AttributeError("'Qwen3VLForConditionalGeneration' object has no attribute '_modules'") raised in repr()] Qwen3VLForConditionalGeneration object at 0x7f3648a4e330>.should_apply_lora

test/registered/unit/lora/test_qwen3_vl_lora_targets.py:44: AssertionError
=============================== warnings summary ===============================
../../opt/venv/lib/python3.12/site-packages/_pytest/config/__init__.py:1434
  /opt/venv/lib/python3.12/site-packages/_pytest/config/__init__.py:1434: PytestConfigWarning: Unknown config option: asyncio_mode
  
    self._warn_or_fail_if_strict(f"Unknown config option: {key}\n")

../../opt/venv/lib/python3.12/site-packages/torch/jit/_script.py:365: 14 warnings
  /opt/venv/lib/python3.12/site-packages/torch/jit/_script.py:365: DeprecationWarning: `torch.jit.script_method` is deprecated. Please switch to `torch.compile` or `torch.export`.
    warnings.warn(

../../opt/venv/lib/python3.12/site-packages/Cython/Distutils/old_build_ext.py:15
../../opt/venv/lib/python3.12/site-packages/Cython/Distutils/old_build_ext.py:15
  /opt/venv/lib/python3.12/site-packages/Cython/Distutils/old_build_ext.py:15: DeprecationWarning: dep_util is Deprecated. Use functions from setuptools instead.
    from distutils.dep_util import newer, newer_group

-- Docs: https://docs.pytest.org/en/stable/how-to/capture-warnings.html
=========================== short test summary info ============================
FAILED test/registered/unit/lora/test_qwen3_vl_lora_targets.py::test_qwen3_vl_deepstack_merger_lora_dimensions[linear_fc1-expected0]
FAILED test/registered/unit/lora/test_qwen3_vl_lora_targets.py::test_qwen3_vl_deepstack_merger_lora_dimensions[linear_fc2-expected1]
FAILED test/registered/unit/lora/test_qwen3_vl_lora_targets.py::test_qwen3_vl_deepstack_merger_is_lora_eligible[linear_fc1-0]
FAILED test/registered/unit/lora/test_qwen3_vl_lora_targets.py::test_qwen3_vl_deepstack_merger_is_lora_eligible[linear_fc1-1]
FAILED test/registered/unit/lora/test_qwen3_vl_lora_targets.py::test_qwen3_vl_deepstack_merger_is_lora_eligible[linear_fc1-2]
FAILED test/registered/unit/lora/test_qwen3_vl_lora_targets.py::test_qwen3_vl_deepstack_merger_is_lora_eligible[linear_fc2-0]
FAILED test/registered/unit/lora/test_qwen3_vl_lora_targets.py::test_qwen3_vl_deepstack_merger_is_lora_eligible[linear_fc2-1]
FAILED test/registered/unit/lora/test_qwen3_vl_lora_targets.py::test_qwen3_vl_deepstack_merger_is_lora_eligible[linear_fc2-2]
8 failed, 2 passed, 17 warnings in 27.17s
