/bin/bash: /opt/venv/lib/python3.12/site-packages/torch/lib/libtinfo.so.6: no version information available (required by /bin/bash)
[aiter] WARNING: NUMA balancing is enabled, which may cause errors. It is recommended to disable NUMA balancing by running "sudo sh -c 'echo 0 > /proc/sys/kernel/numa_balancing'" for more details: https://rocm.docs.amd.com/en/latest/how-to/system-optimization/mi300x.html#disable-numa-auto-balancing
[aiter] import [module_aiter_core] under /tmp/amdpilot-repo-j-1ddba1aa1093/cache/aiter/module_aiter_core.so
{
  "torch": "2.11.0+rocm7.2",
  "hip": "7.2.26015",
  "device": "AMD Instinct MI355X",
  "backend": "triton_attn",
  "boundary_cases": [
    {
      "name": "single",
      "lengths": [17],
      "max_abs_diff": 0.0078125,
      "all_finite": true
    },
    {
      "name": "uneven",
      "lengths": [11, 23, 7],
      "max_abs_diff": 0.0078125,
      "all_finite": true
    }
  ],
  "memory_case_lengths": [1024, 1536],
  "current_peak_intermediate_bytes": 0,
  "legacy_peak_intermediate_bytes": 261237248,
  "legacy_dense_mask_bytes": 6553600,
  "memory_output_max_abs_diff": 0.0009765625
}
