[aiter] WARNING: NUMA balancing is enabled, which may cause errors. It is recommended to disable NUMA balancing by running "sudo sh -c 'echo 0 > /proc/sys/kernel/numa_balancing'" for more details: https://rocm.docs.amd.com/en/latest/how-to/system-optimization/mi300x.html#disable-numa-auto-balancing
[aiter] import [module_aiter_core] under /tmp/amdpilot-repo-j-020ffe8828e4/cache/aiter/module_aiter_core.so
/opt/venv/lib/python3.12/site-packages/torch/_inductor/compile_fx.py:322: UserWarning: TensorFloat32 tensor cores for float32 matrix multiplication available but not enabled. Consider setting `torch.set_float32_matmul_precision('high')` for better performance.
  warnings.warn(
E0912 18:22:37.873000 4057 torch/_dynamo/metrics_context.py:106] [0/0] Unexpected exception logging compilation metrics
E0912 18:22:37.873000 4057 torch/_dynamo/metrics_context.py:106] [0/0] Traceback (most recent call last):
E0912 18:22:37.873000 4057 torch/_dynamo/metrics_context.py:106] [0/0]   File "/opt/venv/lib/python3.12/site-packages/torch/_dynamo/metrics_context.py", line 102, in __exit__
E0912 18:22:37.873000 4057 torch/_dynamo/metrics_context.py:106] [0/0]     self._on_exit(
E0912 18:22:37.873000 4057 torch/_dynamo/metrics_context.py:106] [0/0]   File "/opt/venv/lib/python3.12/site-packages/torch/_dynamo/utils.py", line 1774, in record_compilation_metrics
E0912 18:22:37.873000 4057 torch/_dynamo/metrics_context.py:106] [0/0]     "dynamo_config": _get_dynamo_config_for_logging(),
E0912 18:22:37.873000 4057 torch/_dynamo/metrics_context.py:106] [0/0]                      ^^^^^^^^^^^^^^^^^^^^^^^^^^^^^^^^
E0912 18:22:37.873000 4057 torch/_dynamo/metrics_context.py:106] [0/0]   File "/opt/venv/lib/python3.12/site-packages/torch/_dynamo/utils.py", line 1664, in _get_dynamo_config_for_logging
E0912 18:22:37.873000 4057 torch/_dynamo/metrics_context.py:106] [0/0]     return json.dumps(config_dict, sort_keys=True)
E0912 18:22:37.873000 4057 torch/_dynamo/metrics_context.py:106] [0/0]            ^^^^^^^^^^^^^^^^^^^^^^^^^^^^^^^^^^^^^^^
E0912 18:22:37.873000 4057 torch/_dynamo/metrics_context.py:106] [0/0]   File "/usr/lib/python3.12/json/__init__.py", line 238, in dumps
E0912 18:22:37.873000 4057 torch/_dynamo/metrics_context.py:106] [0/0]     **kw).encode(obj)
E0912 18:22:37.873000 4057 torch/_dynamo/metrics_context.py:106] [0/0]           ^^^^^^^^^^^
E0912 18:22:37.873000 4057 torch/_dynamo/metrics_context.py:106] [0/0]   File "/usr/lib/python3.12/json/encoder.py", line 200, in encode
E0912 18:22:37.873000 4057 torch/_dynamo/metrics_context.py:106] [0/0]     chunks = self.iterencode(o, _one_shot=True)
E0912 18:22:37.873000 4057 torch/_dynamo/metrics_context.py:106] [0/0]              ^^^^^^^^^^^^^^^^^^^^^^^^^^^^^^^^^^
E0912 18:22:37.873000 4057 torch/_dynamo/metrics_context.py:106] [0/0]   File "/usr/lib/python3.12/json/encoder.py", line 258, in iterencode
E0912 18:22:37.873000 4057 torch/_dynamo/metrics_context.py:106] [0/0]     return _iterencode(o, 0)
E0912 18:22:37.873000 4057 torch/_dynamo/metrics_context.py:106] [0/0]            ^^^^^^^^^^^^^^^^^
E0912 18:22:37.873000 4057 torch/_dynamo/metrics_context.py:106] [0/0]   File "/usr/lib/python3.12/json/encoder.py", line 180, in default
E0912 18:22:37.873000 4057 torch/_dynamo/metrics_context.py:106] [0/0]     raise TypeError(f'Object of type {o.__class__.__name__} '
E0912 18:22:37.873000 4057 torch/_dynamo/metrics_context.py:106] [0/0] TypeError: Object of type function is not JSON serializable
E0912 18:22:39.270000 4057 torch/_dynamo/metrics_context.py:249] Unexpected exception logging runtime metrics
E0912 18:22:39.270000 4057 torch/_dynamo/metrics_context.py:249] Traceback (most recent call last):
E0912 18:22:39.270000 4057 torch/_dynamo/metrics_context.py:249]   File "/opt/venv/lib/python3.12/site-packages/torch/_dynamo/metrics_context.py", line 245, in finish
E0912 18:22:39.270000 4057 torch/_dynamo/metrics_context.py:249]     self._on_exit(
E0912 18:22:39.270000 4057 torch/_dynamo/metrics_context.py:249]   File "/opt/venv/lib/python3.12/site-packages/torch/_dynamo/utils.py", line 1774, in record_compilation_metrics
E0912 18:22:39.270000 4057 torch/_dynamo/metrics_context.py:249]     "dynamo_config": _get_dynamo_config_for_logging(),
E0912 18:22:39.270000 4057 torch/_dynamo/metrics_context.py:249]                      ^^^^^^^^^^^^^^^^^^^^^^^^^^^^^^^^
E0912 18:22:39.270000 4057 torch/_dynamo/metrics_context.py:249]   File "/opt/venv/lib/python3.12/site-packages/torch/_dynamo/utils.py", line 1664, in _get_dynamo_config_for_logging
E0912 18:22:39.270000 4057 torch/_dynamo/metrics_context.py:249]     return json.dumps(config_dict, sort_keys=True)
E0912 18:22:39.270000 4057 torch/_dynamo/metrics_context.py:249]            ^^^^^^^^^^^^^^^^^^^^^^^^^^^^^^^^^^^^^^^
E0912 18:22:39.270000 4057 torch/_dynamo/metrics_context.py:249]   File "/usr/lib/python3.12/json/__init__.py", line 238, in dumps
E0912 18:22:39.270000 4057 torch/_dynamo/metrics_context.py:249]     **kw).encode(obj)
E0912 18:22:39.270000 4057 torch/_dynamo/metrics_context.py:249]           ^^^^^^^^^^^
E0912 18:22:39.270000 4057 torch/_dynamo/metrics_context.py:249]   File "/usr/lib/python3.12/json/encoder.py", line 200, in encode
E0912 18:22:39.270000 4057 torch/_dynamo/metrics_context.py:249]     chunks = self.iterencode(o, _one_shot=True)
E0912 18:22:39.270000 4057 torch/_dynamo/metrics_context.py:249]              ^^^^^^^^^^^^^^^^^^^^^^^^^^^^^^^^^^
E0912 18:22:39.270000 4057 torch/_dynamo/metrics_context.py:249]   File "/usr/lib/python3.12/json/encoder.py", line 258, in iterencode
E0912 18:22:39.270000 4057 torch/_dynamo/metrics_context.py:249]     return _iterencode(o, 0)
E0912 18:22:39.270000 4057 torch/_dynamo/metrics_context.py:249]            ^^^^^^^^^^^^^^^^^
E0912 18:22:39.270000 4057 torch/_dynamo/metrics_context.py:249]   File "/usr/lib/python3.12/json/encoder.py", line 180, in default
E0912 18:22:39.270000 4057 torch/_dynamo/metrics_context.py:249]     raise TypeError(f'Object of type {o.__class__.__name__} '
E0912 18:22:39.270000 4057 torch/_dynamo/metrics_context.py:249] TypeError: Object of type function is not JSON serializable
E0912 18:22:39.374000 4057 torch/_dynamo/metrics_context.py:106] [0/1] Unexpected exception logging compilation metrics
E0912 18:22:39.374000 4057 torch/_dynamo/metrics_context.py:106] [0/1] Traceback (most recent call last):
E0912 18:22:39.374000 4057 torch/_dynamo/metrics_context.py:106] [0/1]   File "/opt/venv/lib/python3.12/site-packages/torch/_dynamo/metrics_context.py", line 102, in __exit__
E0912 18:22:39.374000 4057 torch/_dynamo/metrics_context.py:106] [0/1]     self._on_exit(
E0912 18:22:39.374000 4057 torch/_dynamo/metrics_context.py:106] [0/1]   File "/opt/venv/lib/python3.12/site-packages/torch/_dynamo/utils.py", line 1774, in record_compilation_metrics
E0912 18:22:39.374000 4057 torch/_dynamo/metrics_context.py:106] [0/1]     "dynamo_config": _get_dynamo_config_for_logging(),
E0912 18:22:39.374000 4057 torch/_dynamo/metrics_context.py:106] [0/1]                      ^^^^^^^^^^^^^^^^^^^^^^^^^^^^^^^^
E0912 18:22:39.374000 4057 torch/_dynamo/metrics_context.py:106] [0/1]   File "/opt/venv/lib/python3.12/site-packages/torch/_dynamo/utils.py", line 1664, in _get_dynamo_config_for_logging
E0912 18:22:39.374000 4057 torch/_dynamo/metrics_context.py:106] [0/1]     return json.dumps(config_dict, sort_keys=True)
E0912 18:22:39.374000 4057 torch/_dynamo/metrics_context.py:106] [0/1]            ^^^^^^^^^^^^^^^^^^^^^^^^^^^^^^^^^^^^^^^
E0912 18:22:39.374000 4057 torch/_dynamo/metrics_context.py:106] [0/1]   File "/usr/lib/python3.12/json/__init__.py", line 238, in dumps
E0912 18:22:39.374000 4057 torch/_dynamo/metrics_context.py:106] [0/1]     **kw).encode(obj)
E0912 18:22:39.374000 4057 torch/_dynamo/metrics_context.py:106] [0/1]           ^^^^^^^^^^^
E0912 18:22:39.374000 4057 torch/_dynamo/metrics_context.py:106] [0/1]   File "/usr/lib/python3.12/json/encoder.py", line 200, in encode
E0912 18:22:39.374000 4057 torch/_dynamo/metrics_context.py:106] [0/1]     chunks = self.iterencode(o, _one_shot=True)
E0912 18:22:39.374000 4057 torch/_dynamo/metrics_context.py:106] [0/1]              ^^^^^^^^^^^^^^^^^^^^^^^^^^^^^^^^^^
E0912 18:22:39.374000 4057 torch/_dynamo/metrics_context.py:106] [0/1]   File "/usr/lib/python3.12/json/encoder.py", line 258, in iterencode
E0912 18:22:39.374000 4057 torch/_dynamo/metrics_context.py:106] [0/1]     return _iterencode(o, 0)
E0912 18:22:39.374000 4057 torch/_dynamo/metrics_context.py:106] [0/1]            ^^^^^^^^^^^^^^^^^
E0912 18:22:39.374000 4057 torch/_dynamo/metrics_context.py:106] [0/1]   File "/usr/lib/python3.12/json/encoder.py", line 180, in default
E0912 18:22:39.374000 4057 torch/_dynamo/metrics_context.py:106] [0/1]     raise TypeError(f'Object of type {o.__class__.__name__} '
E0912 18:22:39.374000 4057 torch/_dynamo/metrics_context.py:106] [0/1] TypeError: Object of type function is not JSON serializable
E0912 18:22:39.400000 4057 torch/_dynamo/metrics_context.py:249] Unexpected exception logging runtime metrics
E0912 18:22:39.400000 4057 torch/_dynamo/metrics_context.py:249] Traceback (most recent call last):
E0912 18:22:39.400000 4057 torch/_dynamo/metrics_context.py:249]   File "/opt/venv/lib/python3.12/site-packages/torch/_dynamo/metrics_context.py", line 245, in finish
E0912 18:22:39.400000 4057 torch/_dynamo/metrics_context.py:249]     self._on_exit(
E0912 18:22:39.400000 4057 torch/_dynamo/metrics_context.py:249]   File "/opt/venv/lib/python3.12/site-packages/torch/_dynamo/utils.py", line 1774, in record_compilation_metrics
E0912 18:22:39.400000 4057 torch/_dynamo/metrics_context.py:249]     "dynamo_config": _get_dynamo_config_for_logging(),
E0912 18:22:39.400000 4057 torch/_dynamo/metrics_context.py:249]                      ^^^^^^^^^^^^^^^^^^^^^^^^^^^^^^^^
E0912 18:22:39.400000 4057 torch/_dynamo/metrics_context.py:249]   File "/opt/venv/lib/python3.12/site-packages/torch/_dynamo/utils.py", line 1664, in _get_dynamo_config_for_logging
E0912 18:22:39.400000 4057 torch/_dynamo/metrics_context.py:249]     return json.dumps(config_dict, sort_keys=True)
E0912 18:22:39.400000 4057 torch/_dynamo/metrics_context.py:249]            ^^^^^^^^^^^^^^^^^^^^^^^^^^^^^^^^^^^^^^^
E0912 18:22:39.400000 4057 torch/_dynamo/metrics_context.py:249]   File "/usr/lib/python3.12/json/__init__.py", line 238, in dumps
E0912 18:22:39.400000 4057 torch/_dynamo/metrics_context.py:249]     **kw).encode(obj)
E0912 18:22:39.400000 4057 torch/_dynamo/metrics_context.py:249]           ^^^^^^^^^^^
E0912 18:22:39.400000 4057 torch/_dynamo/metrics_context.py:249]   File "/usr/lib/python3.12/json/encoder.py", line 200, in encode
E0912 18:22:39.400000 4057 torch/_dynamo/metrics_context.py:249]     chunks = self.iterencode(o, _one_shot=True)
E0912 18:22:39.400000 4057 torch/_dynamo/metrics_context.py:249]              ^^^^^^^^^^^^^^^^^^^^^^^^^^^^^^^^^^
E0912 18:22:39.400000 4057 torch/_dynamo/metrics_context.py:249]   File "/usr/lib/python3.12/json/encoder.py", line 258, in iterencode
E0912 18:22:39.400000 4057 torch/_dynamo/metrics_context.py:249]     return _iterencode(o, 0)
E0912 18:22:39.400000 4057 torch/_dynamo/metrics_context.py:249]            ^^^^^^^^^^^^^^^^^
E0912 18:22:39.400000 4057 torch/_dynamo/metrics_context.py:249]   File "/usr/lib/python3.12/json/encoder.py", line 180, in default
E0912 18:22:39.400000 4057 torch/_dynamo/metrics_context.py:249]     raise TypeError(f'Object of type {o.__class__.__name__} '
E0912 18:22:39.400000 4057 torch/_dynamo/metrics_context.py:249] TypeError: Object of type function is not JSON serializable
{
  "device": "AMD Instinct MI350X",
  "torch": "2.11.0+rocm7.2",
  "cold_compile_and_rollout_seconds": 2.73613937292248,
  "warm_rollout_seconds": 0.0010475004091858864,
  "full_trajectory_passed": true,
  "reset_short_history_passed": true,
  "perturbation_rejected": true,
  "perturbation_failures": [
    "tensor:state:1:max_abs",
    "tensor:state:1:mae",
    "tensor:state:1:cosine_similarity"
  ],
  "per_step_metrics": [
    {
      "max_abs": 5.960464477539063e-08,
      "mae": 4.6566128730773926e-09,
      "max_relative": 9.928639886543447e-08,
      "cosine_similarity": 0.9999999999999998
    },
    {
      "max_abs": 5.960464477539063e-08,
      "mae": 1.0593794286251068e-08,
      "max_relative": 9.363777001182528e-07,
      "cosine_similarity": 0.9999999999999993
    },
    {
      "max_abs": 1.1920928955078125e-07,
      "mae": 1.618172973394394e-08,
      "max_relative": 2.7137764692852234e-06,
      "cosine_similarity": 0.9999999999999986
    },
    {
      "max_abs": 1.1920928955078125e-07,
      "mae": 1.6123522073030472e-08,
      "max_relative": 1.826628939168119e-06,
      "cosine_similarity": 0.9999999999999989
    }
  ]
}
