[aiter] WARNING: NUMA balancing is enabled, which may cause errors. It is recommended to disable NUMA balancing by running "sudo sh -c 'echo 0 > /proc/sys/kernel/numa_balancing'" for more details: https://rocm.docs.amd.com/en/latest/how-to/system-optimization/mi300x.html#disable-numa-auto-balancing
[aiter] import [module_aiter_core] under /tmp/amdpilot-repo-j-d0932cdf092a/cache/aiter/module_aiter_core.so
Traceback (most recent call last):
  File "/job/review-evidence-j-d0932cdf092a/base/reproduce.py", line 15, in run
    value = fn()
            ^^^^
  File "/job/review-evidence-j-d0932cdf092a/base/reproduce.py", line 22, in <lambda>
    run("minimax_null_text", lambda: get_hf_text_config(MiniMaxVLBaseConfig()))
                                     ^^^^^^^^^^^^^^^^^^^^^^^^^^^^^^^^^^^^^^^^^
  File "/job/repo/python/sglang/srt/utils/hf_transformers/common.py", line 554, in get_hf_text_config
    assert hasattr(config.text_config, "num_attention_heads")
           ^^^^^^^^^^^^^^^^^^^^^^^^^^^^^^^^^^^^^^^^^^^^^^^^^^
AssertionError
Traceback (most recent call last):
  File "/job/review-evidence-j-d0932cdf092a/base/reproduce.py", line 15, in run
    value = fn()
            ^^^^
  File "/job/review-evidence-j-d0932cdf092a/base/reproduce.py", line 52, in <lambda>
    lambda: CompressedTensorsConfig.from_config(with_null),
            ^^^^^^^^^^^^^^^^^^^^^^^^^^^^^^^^^^^^^^^^^^^^^^
  File "/job/repo/python/sglang/srt/layers/quantization/compressed_tensors/compressed_tensors.py", line 292, in from_config
    is_fp8 = fp8_cfg.get("quant_method") == "fp8"
             ^^^^^^^^^^^
AttributeError: 'NoneType' object has no attribute 'get'
CASE minimax_null_text
FAIL AssertionError
CASE minimax_missing_text
PASS MiniMaxVLBaseConfig {
  "image_grid_pinpoints": null,
  "image_seq_length": 576,
  "image_token_index": 200025,
  "img_token_compression_config": {},
  "multimodal_projector_bias": true,
  "process_image_mode": "dynamic_res",
  "projector_hidden_act": "gelu",
  "transformers_version": "5.12.1",
  "video_token_index": 200026,
  "vision_config": null,
  "vision_feature_layer": -1,
  "vision_feature_select_strategy": "full"
}

CASE null_priority_fallback
PASS PreTrainedConfig {
  "architectures": [
    "SomeModel"
  ],
  "language_config": null,
  "llm_config": null,
  "text_config": {
    "_name_or_path": "",
    "architectures": null,
    "chunk_size_feed_forward": 0,
    "dtype": null,
    "id2label": {
      "0": "LABEL_0",
      "1": "LABEL_1"
    },
    "is_encoder_decoder": false,
    "label2id": {
      "LABEL_0": 0,
      "LABEL_1": 1
    },
    "model_type": "",
    "num_attention_heads": 32,
    "output_attentions": false,
    "output_hidden_states": false,
    "problem_type": null,
    "return_dict": true
  },
  "thinker_config": null,
  "transformers_version": "5.12.1"
}

CASE compressed_missing_linear_fp8
PASS <sglang.srt.layers.quantization.compressed_tensors.compressed_tensors.CompressedTensorsConfig object at 0x7a5027be9760>
CASE compressed_null_linear_fp8
FAIL AttributeError 'NoneType' object has no attribute 'get'
