[aiter] WARNING: NUMA balancing is enabled, which may cause errors. It is recommended to disable NUMA balancing by running "sudo sh -c 'echo 0 > /proc/sys/kernel/numa_balancing'" for more details: https://rocm.docs.amd.com/en/latest/how-to/system-optimization/mi300x.html#disable-numa-auto-balancing
[aiter] import [module_aiter_core] under /tmp/amdpilot-repo-j-d0932cdf092a/cache/aiter/module_aiter_core.so
CASE minimax_null_text
PASS MiniMaxVLBaseConfig {
  "image_grid_pinpoints": null,
  "image_seq_length": 576,
  "image_token_index": 200025,
  "img_token_compression_config": {},
  "multimodal_projector_bias": true,
  "process_image_mode": "dynamic_res",
  "projector_hidden_act": "gelu",
  "text_config": null,
  "transformers_version": "5.12.1",
  "video_token_index": 200026,
  "vision_config": null,
  "vision_feature_layer": -1,
  "vision_feature_select_strategy": "full"
}

CASE minimax_missing_text
PASS MiniMaxVLBaseConfig {
  "image_grid_pinpoints": null,
  "image_seq_length": 576,
  "image_token_index": 200025,
  "img_token_compression_config": {},
  "multimodal_projector_bias": true,
  "process_image_mode": "dynamic_res",
  "projector_hidden_act": "gelu",
  "transformers_version": "5.12.1",
  "video_token_index": 200026,
  "vision_config": null,
  "vision_feature_layer": -1,
  "vision_feature_select_strategy": "full"
}

CASE null_priority_fallback
PASS PreTrainedConfig {
  "num_attention_heads": 32,
  "transformers_version": "5.12.1"
}

CASE compressed_missing_linear_fp8
PASS <sglang.srt.layers.quantization.compressed_tensors.compressed_tensors.CompressedTensorsConfig object at 0x787a8f344740>
CASE compressed_null_linear_fp8
PASS <sglang.srt.layers.quantization.compressed_tensors.compressed_tensors.CompressedTensorsConfig object at 0x787a8f344740>
