[aiter] WARNING: NUMA balancing is enabled, which may cause errors. It is recommended to disable NUMA balancing by running "sudo sh -c 'echo 0 > /proc/sys/kernel/numa_balancing'" for more details: https://rocm.docs.amd.com/en/latest/how-to/system-optimization/mi300x.html#disable-numa-auto-balancing
[aiter] import [module_aiter_core] under /tmp/amdpilot-repo-j-d0932cdf092a/cache/aiter/module_aiter_core.so
Traceback (most recent call last):
  File "/job/review-evidence-j-d0932cdf092a/candidate/adversarial.py", line 11, in compare
    print(label, "RETURN", repr(fn()))
                                ^^^^
  File "/job/review-evidence-j-d0932cdf092a/candidate/adversarial.py", line 20, in <lambda>
    lambda: muse_glimmer_config_kwargs_from_hf(
            ^^^^^^^^^^^^^^^^^^^^^^^^^^^^^^^^^^^
  File "/job/repo/python/sglang/srt/configs/muse_glimmer.py", line 183, in muse_glimmer_config_kwargs_from_hf
    kwargs.update({k: v for k, v in text.items() if k not in _HF_TEXT_KEYS_TRANSLATED})
                                    ^^^^^^^^^^
AttributeError: 'NoneType' object has no attribute 'items'
Traceback (most recent call last):
  File "/job/repo/python/sglang/srt/layers/quantization/modelopt_quant.py", line 488, in from_config
    quantization_section = cls.get_from_keys(config, ["quantization"])
                           ^^^^^^^^^^^^^^^^^^^^^^^^^^^^^^^^^^^^^^^^^^^
  File "/job/repo/python/sglang/srt/layers/quantization/base_config.py", line 236, in get_from_keys
    raise ValueError(
ValueError: Cannot find any of ['quantization'] in the model's quantization config.

During handling of the above exception, another exception occurred:

Traceback (most recent call last):
  File "/job/review-evidence-j-d0932cdf092a/candidate/adversarial.py", line 11, in compare
    print(label, "RETURN", repr(fn()))
                                ^^^^
  File "/job/review-evidence-j-d0932cdf092a/candidate/adversarial.py", line 27, in <lambda>
    lambda: ModelOptFp8Config.from_config({}),
            ^^^^^^^^^^^^^^^^^^^^^^^^^^^^^^^^^
  File "/job/repo/python/sglang/srt/layers/quantization/modelopt_quant.py", line 493, in from_config
    raise ValueError(
ValueError: Cannot find 'quant_algo' in the model's quantization config. Expected either flat format (config.json) or nested format (hf_quant_config.json).
Traceback (most recent call last):
  File "/job/review-evidence-j-d0932cdf092a/candidate/adversarial.py", line 11, in compare
    print(label, "RETURN", repr(fn()))
                                ^^^^
  File "/job/review-evidence-j-d0932cdf092a/candidate/adversarial.py", line 28, in <lambda>
    lambda: ModelOptFp8Config.from_config({"quantization": None}),
            ^^^^^^^^^^^^^^^^^^^^^^^^^^^^^^^^^^^^^^^^^^^^^^^^^^^^^
  File "/job/repo/python/sglang/srt/layers/quantization/modelopt_quant.py", line 489, in from_config
    quant_method = quantization_section.get("quant_algo")
                   ^^^^^^^^^^^^^^^^^^^^^^^^
AttributeError: 'NoneType' object has no attribute 'get'
CASE muse_glimmer_text_config
missing RETURN {'model_type': 'muse_glimmer'}
null RAISE AttributeError 'NoneType' object has no attribute 'items'
CASE modelopt_quantization_section
missing RAISE ValueError Cannot find 'quant_algo' in the model's quantization config. Expected either flat format (config.json) or nested format (hf_quant_config.json).
null RAISE AttributeError 'NoneType' object has no attribute 'get'
