[aiter] WARNING: NUMA balancing is enabled, which may cause errors. It is recommended to disable NUMA balancing by running "sudo sh -c 'echo 0 > /proc/sys/kernel/numa_balancing'" for more details: https://rocm.docs.amd.com/en/latest/how-to/system-optimization/mi300x.html#disable-numa-auto-balancing
[aiter] import [module_aiter_core] under /tmp/amdpilot-repo-j-fe43c9b7cb95/cache/aiter/module_aiter_core.so
Warning: Latency not found for MI_M=16, MI_N=16, MI_K=128, mi_input_type=BFloat8Float8_fnuz. Returning latency value of 32 (really slow).
Warning: Latency not found for MI_M=16, MI_N=16, MI_K=128, mi_input_type=BFloat8Float8_fnuz. Returning latency value of 32 (really slow).
Warning: Latency not found for MI_M=16, MI_N=16, MI_K=128, mi_input_type=BFloat8Float8_fnuz. Returning latency value of 32 (really slow).
Warning: Latency not found for MI_M=16, MI_N=16, MI_K=128, mi_input_type=BFloat8Float8_fnuz. Returning latency value of 32 (really slow).
Warning: Latency not found for MI_M=16, MI_N=16, MI_K=128, mi_input_type=BFloat8Float8_fnuz. Returning latency value of 32 (really slow).
Warning: Latency not found for MI_M=16, MI_N=16, MI_K=128, mi_input_type=BFloat8Float8_fnuz. Returning latency value of 32 (really slow).
Warning: Latency not found for MI_M=16, MI_N=16, MI_K=128, mi_input_type=BFloat8Float8_fnuz. Returning latency value of 32 (really slow).
Warning: Latency not found for MI_M=16, MI_N=16, MI_K=128, mi_input_type=BFloat8Float8_fnuz. Returning latency value of 32 (really slow).
Warning: Latency not found for MI_M=16, MI_N=16, MI_K=128, mi_input_type=BFloat8Float8_fnuz. Returning latency value of 32 (really slow).
Warning: Latency not found for MI_M=16, MI_N=16, MI_K=128, mi_input_type=BFloat8Float8_fnuz. Returning latency value of 32 (really slow).
Warning: Latency not found for MI_M=16, MI_N=16, MI_K=128, mi_input_type=BFloat8Float8_fnuz. Returning latency value of 32 (really slow).
Warning: Latency not found for MI_M=16, MI_N=16, MI_K=128, mi_input_type=BFloat8Float8_fnuz. Returning latency value of 32 (really slow).
Warning: Latency not found for MI_M=16, MI_N=16, MI_K=128, mi_input_type=BFloat8Float8_fnuz. Returning latency value of 32 (really slow).
Warning: Latency not found for MI_M=16, MI_N=16, MI_K=128, mi_input_type=BFloat8Float8_fnuz. Returning latency value of 32 (really slow).
Warning: Latency not found for MI_M=16, MI_N=16, MI_K=128, mi_input_type=BFloat8Float8_fnuz. Returning latency value of 32 (really slow).
Warning: Latency not found for MI_M=16, MI_N=16, MI_K=128, mi_input_type=BFloat8Float8_fnuz. Returning latency value of 32 (really slow).
Warning: Latency not found for MI_M=16, MI_N=16, MI_K=128, mi_input_type=BFloat8Float8_fnuz. Returning latency value of 32 (really slow).
Warning: Latency not found for MI_M=16, MI_N=16, MI_K=128, mi_input_type=BFloat8Float8_fnuz. Returning latency value of 32 (really slow).
Warning: Latency not found for MI_M=16, MI_N=16, MI_K=128, mi_input_type=BFloat8Float8_fnuz. Returning latency value of 32 (really slow).
Warning: Latency not found for MI_M=16, MI_N=16, MI_K=128, mi_input_type=BFloat8Float8_fnuz. Returning latency value of 32 (really slow).
Warning: Latency not found for MI_M=16, MI_N=16, MI_K=128, mi_input_type=BFloat8Float8_fnuz. Returning latency value of 32 (really slow).
Warning: Latency not found for MI_M=16, MI_N=16, MI_K=128, mi_input_type=BFloat8Float8_fnuz. Returning latency value of 32 (really slow).
Warning: Latency not found for MI_M=16, MI_N=16, MI_K=128, mi_input_type=BFloat8Float8_fnuz. Returning latency value of 32 (really slow).
Warning: Latency not found for MI_M=16, MI_N=16, MI_K=128, mi_input_type=BFloat8Float8_fnuz. Returning latency value of 32 (really slow).
Warning: Latency not found for MI_M=16, MI_N=16, MI_K=128, mi_input_type=BFloat8Float8_fnuz. Returning latency value of 32 (really slow).
Warning: Latency not found for MI_M=16, MI_N=16, MI_K=128, mi_input_type=BFloat8Float8_fnuz. Returning latency value of 32 (really slow).
Warning: Latency not found for MI_M=16, MI_N=16, MI_K=128, mi_input_type=BFloat8Float8_fnuz. Returning latency value of 32 (really slow).
Warning: Latency not found for MI_M=16, MI_N=16, MI_K=128, mi_input_type=BFloat8Float8_fnuz. Returning latency value of 32 (really slow).
Warning: Latency not found for MI_M=16, MI_N=16, MI_K=128, mi_input_type=BFloat8Float8_fnuz. Returning latency value of 32 (really slow).
Warning: Latency not found for MI_M=16, MI_N=16, MI_K=128, mi_input_type=BFloat8Float8_fnuz. Returning latency value of 32 (really slow).
Warning: Latency not found for MI_M=16, MI_N=16, MI_K=128, mi_input_type=BFloat8Float8_fnuz. Returning latency value of 32 (really slow).
Warning: Latency not found for MI_M=16, MI_N=16, MI_K=128, mi_input_type=BFloat8Float8_fnuz. Returning latency value of 32 (really slow).
Warning: Latency not found for MI_M=32, MI_N=32, MI_K=64, mi_input_type=BFloat8Float8_fnuz. Returning latency value of 32 (really slow).
Warning: Latency not found for MI_M=16, MI_N=16, MI_K=128, mi_input_type=BFloat8Float8_fnuz. Returning latency value of 32 (really slow).
Warning: Latency not found for MI_M=16, MI_N=16, MI_K=128, mi_input_type=BFloat8Float8_fnuz. Returning latency value of 32 (really slow).
Warning: Latency not found for MI_M=16, MI_N=16, MI_K=128, mi_input_type=BFloat8Float8_fnuz. Returning latency value of 32 (really slow).
Warning: Latency not found for MI_M=16, MI_N=16, MI_K=128, mi_input_type=BFloat8Float8_fnuz. Returning latency value of 32 (really slow).
Warning: Latency not found for MI_M=16, MI_N=16, MI_K=128, mi_input_type=BFloat8Float8_fnuz. Returning latency value of 32 (really slow).
Warning: Latency not found for MI_M=16, MI_N=16, MI_K=128, mi_input_type=BFloat8Float8_fnuz. Returning latency value of 32 (really slow).
Warning: Latency not found for MI_M=16, MI_N=16, MI_K=128, mi_input_type=BFloat8Float8_fnuz. Returning latency value of 32 (really slow).
Warning: Latency not found for MI_M=16, MI_N=16, MI_K=128, mi_input_type=BFloat8Float8_fnuz. Returning latency value of 32 (really slow).
Warning: Latency not found for MI_M=16, MI_N=16, MI_K=128, mi_input_type=BFloat8Float8_fnuz. Returning latency value of 32 (really slow).
Warning: Latency not found for MI_M=16, MI_N=16, MI_K=128, mi_input_type=BFloat8Float8_fnuz. Returning latency value of 32 (really slow).
Warning: Latency not found for MI_M=16, MI_N=16, MI_K=128, mi_input_type=BFloat8Float8_fnuz. Returning latency value of 32 (really slow).
Warning: Latency not found for MI_M=16, MI_N=16, MI_K=128, mi_input_type=BFloat8Float8_fnuz. Returning latency value of 32 (really slow).
Warning: Latency not found for MI_M=16, MI_N=16, MI_K=128, mi_input_type=BFloat8Float8_fnuz. Returning latency value of 32 (really slow).
Warning: Latency not found for MI_M=16, MI_N=16, MI_K=128, mi_input_type=BFloat8Float8_fnuz. Returning latency value of 32 (really slow).
Warning: Latency not found for MI_M=16, MI_N=16, MI_K=128, mi_input_type=BFloat8Float8_fnuz. Returning latency value of 32 (really slow).
Warning: Latency not found for MI_M=16, MI_N=16, MI_K=128, mi_input_type=BFloat8Float8_fnuz. Returning latency value of 32 (really slow).
Warning: Latency not found for MI_M=16, MI_N=16, MI_K=128, mi_input_type=BFloat8Float8_fnuz. Returning latency value of 32 (really slow).
Warning: Latency not found for MI_M=16, MI_N=16, MI_K=128, mi_input_type=BFloat8Float8_fnuz. Returning latency value of 32 (really slow).
Warning: Latency not found for MI_M=16, MI_N=16, MI_K=128, mi_input_type=BFloat8Float8_fnuz. Returning latency value of 32 (really slow).
Warning: Latency not found for MI_M=16, MI_N=16, MI_K=128, mi_input_type=BFloat8Float8_fnuz. Returning latency value of 32 (really slow).
Warning: Latency not found for MI_M=16, MI_N=16, MI_K=128, mi_input_type=BFloat8Float8_fnuz. Returning latency value of 32 (really slow).
Warning: Latency not found for MI_M=16, MI_N=16, MI_K=128, mi_input_type=BFloat8Float8_fnuz. Returning latency value of 32 (really slow).
Warning: Latency not found for MI_M=16, MI_N=16, MI_K=128, mi_input_type=BFloat8Float8_fnuz. Returning latency value of 32 (really slow).
Warning: Latency not found for MI_M=16, MI_N=16, MI_K=128, mi_input_type=BFloat8Float8_fnuz. Returning latency value of 32 (really slow).
Warning: Latency not found for MI_M=16, MI_N=16, MI_K=128, mi_input_type=BFloat8Float8_fnuz. Returning latency value of 32 (really slow).
Warning: Latency not found for MI_M=16, MI_N=16, MI_K=128, mi_input_type=BFloat8Float8_fnuz. Returning latency value of 32 (really slow).
Warning: Latency not found for MI_M=16, MI_N=16, MI_K=128, mi_input_type=BFloat8Float8_fnuz. Returning latency value of 32 (really slow).
Warning: Latency not found for MI_M=16, MI_N=16, MI_K=128, mi_input_type=BFloat8Float8_fnuz. Returning latency value of 32 (really slow).
Warning: Latency not found for MI_M=16, MI_N=16, MI_K=128, mi_input_type=BFloat8Float8_fnuz. Returning latency value of 32 (really slow).
Warning: Latency not found for MI_M=16, MI_N=16, MI_K=128, mi_input_type=BFloat8Float8_fnuz. Returning latency value of 32 (really slow).
Warning: Latency not found for MI_M=16, MI_N=16, MI_K=128, mi_input_type=BFloat8Float8_fnuz. Returning latency value of 32 (really slow).
Warning: Latency not found for MI_M=16, MI_N=16, MI_K=128, mi_input_type=BFloat8Float8_fnuz. Returning latency value of 32 (really slow).
Warning: Latency not found for MI_M=16, MI_N=16, MI_K=128, mi_input_type=BFloat8Float8_fnuz. Returning latency value of 32 (really slow).
Warning: Latency not found for MI_M=16, MI_N=16, MI_K=128, mi_input_type=BFloat8Float8_fnuz. Returning latency value of 32 (really slow).
Warning: Latency not found for MI_M=16, MI_N=16, MI_K=128, mi_input_type=BFloat8Float8_fnuz. Returning latency value of 32 (really slow).
Warning: Latency not found for MI_M=16, MI_N=16, MI_K=128, mi_input_type=BFloat8Float8_fnuz. Returning latency value of 32 (really slow).
Warning: Latency not found for MI_M=16, MI_N=16, MI_K=128, mi_input_type=BFloat8Float8_fnuz. Returning latency value of 32 (really slow).
Warning: Latency not found for MI_M=16, MI_N=16, MI_K=128, mi_input_type=BFloat8Float8_fnuz. Returning latency value of 32 (really slow).
Warning: Latency not found for MI_M=16, MI_N=16, MI_K=128, mi_input_type=BFloat8Float8_fnuz. Returning latency value of 32 (really slow).
Warning: Latency not found for MI_M=16, MI_N=16, MI_K=128, mi_input_type=BFloat8Float8_fnuz. Returning latency value of 32 (really slow).
Warning: Latency not found for MI_M=16, MI_N=16, MI_K=128, mi_input_type=BFloat8Float8_fnuz. Returning latency value of 32 (really slow).
Warning: Latency not found for MI_M=16, MI_N=16, MI_K=128, mi_input_type=BFloat8Float8_fnuz. Returning latency value of 32 (really slow).
Warning: Latency not found for MI_M=16, MI_N=16, MI_K=128, mi_input_type=BFloat8Float8_fnuz. Returning latency value of 32 (really slow).
Warning: Latency not found for MI_M=16, MI_N=16, MI_K=128, mi_input_type=BFloat8Float8_fnuz. Returning latency value of 32 (really slow).
Warning: Latency not found for MI_M=16, MI_N=16, MI_K=128, mi_input_type=BFloat8Float8_fnuz. Returning latency value of 32 (really slow).
Warning: Latency not found for MI_M=16, MI_N=16, MI_K=128, mi_input_type=BFloat8Float8_fnuz. Returning latency value of 32 (really slow).
Warning: Latency not found for MI_M=16, MI_N=16, MI_K=128, mi_input_type=BFloat8Float8_fnuz. Returning latency value of 32 (really slow).
Warning: Latency not found for MI_M=16, MI_N=16, MI_K=128, mi_input_type=BFloat8Float8_fnuz. Returning latency value of 32 (really slow).
Warning: Latency not found for MI_M=16, MI_N=16, MI_K=128, mi_input_type=BFloat8Float8_fnuz. Returning latency value of 32 (really slow).
Warning: Latency not found for MI_M=16, MI_N=16, MI_K=128, mi_input_type=BFloat8Float8_fnuz. Returning latency value of 32 (really slow).
Warning: Latency not found for MI_M=16, MI_N=16, MI_K=128, mi_input_type=BFloat8Float8_fnuz. Returning latency value of 32 (really slow).
Warning: Latency not found for MI_M=16, MI_N=16, MI_K=128, mi_input_type=BFloat8Float8_fnuz. Returning latency value of 32 (really slow).
Warning: Latency not found for MI_M=16, MI_N=16, MI_K=128, mi_input_type=BFloat8Float8_fnuz. Returning latency value of 32 (really slow).
Warning: Latency not found for MI_M=16, MI_N=16, MI_K=128, mi_input_type=BFloat8Float8_fnuz. Returning latency value of 32 (really slow).
Warning: Latency not found for MI_M=16, MI_N=16, MI_K=128, mi_input_type=BFloat8Float8_fnuz. Returning latency value of 32 (really slow).
Warning: Latency not found for MI_M=16, MI_N=16, MI_K=128, mi_input_type=BFloat8Float8_fnuz. Returning latency value of 32 (really slow).
Warning: Latency not found for MI_M=16, MI_N=16, MI_K=128, mi_input_type=BFloat8Float8_fnuz. Returning latency value of 32 (really slow).
Warning: Latency not found for MI_M=16, MI_N=16, MI_K=128, mi_input_type=BFloat8Float8_fnuz. Returning latency value of 32 (really slow).
Warning: Latency not found for MI_M=16, MI_N=16, MI_K=128, mi_input_type=BFloat8Float8_fnuz. Returning latency value of 32 (really slow).
Warning: Latency not found for MI_M=16, MI_N=16, MI_K=128, mi_input_type=BFloat8Float8_fnuz. Returning latency value of 32 (really slow).
Warning: Latency not found for MI_M=16, MI_N=16, MI_K=128, mi_input_type=BFloat8Float8_fnuz. Returning latency value of 32 (really slow).
Warning: Latency not found for MI_M=16, MI_N=16, MI_K=128, mi_input_type=BFloat8Float8_fnuz. Returning latency value of 32 (really slow).
Warning: Latency not found for MI_M=16, MI_N=16, MI_K=128, mi_input_type=BFloat8Float8_fnuz. Returning latency value of 32 (really slow).
Warning: Latency not found for MI_M=16, MI_N=16, MI_K=128, mi_input_type=BFloat8Float8_fnuz. Returning latency value of 32 (really slow).
Warning: Latency not found for MI_M=16, MI_N=16, MI_K=128, mi_input_type=BFloat8Float8_fnuz. Returning latency value of 32 (really slow).
Warning: Latency not found for MI_M=16, MI_N=16, MI_K=128, mi_input_type=BFloat8Float8_fnuz. Returning latency value of 32 (really slow).
Warning: Latency not found for MI_M=16, MI_N=16, MI_K=128, mi_input_type=BFloat8Float8_fnuz. Returning latency value of 32 (really slow).
Warning: Latency not found for MI_M=16, MI_N=16, MI_K=128, mi_input_type=BFloat8Float8_fnuz. Returning latency value of 32 (really slow).
Warning: Latency not found for MI_M=16, MI_N=16, MI_K=128, mi_input_type=BFloat8Float8_fnuz. Returning latency value of 32 (really slow).
Warning: Latency not found for MI_M=16, MI_N=16, MI_K=128, mi_input_type=BFloat8Float8_fnuz. Returning latency value of 32 (really slow).
Warning: Latency not found for MI_M=16, MI_N=16, MI_K=128, mi_input_type=BFloat8Float8_fnuz. Returning latency value of 32 (really slow).
Warning: Latency not found for MI_M=16, MI_N=16, MI_K=128, mi_input_type=BFloat8Float8_fnuz. Returning latency value of 32 (really slow).
Warning: Latency not found for MI_M=16, MI_N=16, MI_K=128, mi_input_type=BFloat8Float8_fnuz. Returning latency value of 32 (really slow).
Warning: Latency not found for MI_M=16, MI_N=16, MI_K=128, mi_input_type=BFloat8Float8_fnuz. Returning latency value of 32 (really slow).
Warning: Latency not found for MI_M=16, MI_N=16, MI_K=128, mi_input_type=BFloat8Float8_fnuz. Returning latency value of 32 (really slow).
Warning: Latency not found for MI_M=16, MI_N=16, MI_K=128, mi_input_type=BFloat8Float8_fnuz. Returning latency value of 32 (really slow).
Warning: Latency not found for MI_M=16, MI_N=16, MI_K=128, mi_input_type=BFloat8Float8_fnuz. Returning latency value of 32 (really slow).
Warning: Latency not found for MI_M=16, MI_N=16, MI_K=128, mi_input_type=BFloat8Float8_fnuz. Returning latency value of 32 (really slow).
Warning: Latency not found for MI_M=16, MI_N=16, MI_K=128, mi_input_type=BFloat8Float8_fnuz. Returning latency value of 32 (really slow).
Warning: Latency not found for MI_M=16, MI_N=16, MI_K=128, mi_input_type=BFloat8Float8_fnuz. Returning latency value of 32 (really slow).
Warning: Latency not found for MI_M=16, MI_N=16, MI_K=128, mi_input_type=BFloat8Float8_fnuz. Returning latency value of 32 (really slow).
Warning: Latency not found for MI_M=16, MI_N=16, MI_K=128, mi_input_type=BFloat8Float8_fnuz. Returning latency value of 32 (really slow).
Warning: Latency not found for MI_M=16, MI_N=16, MI_K=128, mi_input_type=BFloat8Float8_fnuz. Returning latency value of 32 (really slow).
Warning: Latency not found for MI_M=16, MI_N=16, MI_K=128, mi_input_type=BFloat8Float8_fnuz. Returning latency value of 32 (really slow).
Warning: Latency not found for MI_M=16, MI_N=16, MI_K=128, mi_input_type=BFloat8Float8_fnuz. Returning latency value of 32 (really slow).
Warning: Latency not found for MI_M=16, MI_N=16, MI_K=128, mi_input_type=BFloat8Float8_fnuz. Returning latency value of 32 (really slow).
Warning: Latency not found for MI_M=16, MI_N=16, MI_K=128, mi_input_type=BFloat8Float8_fnuz. Returning latency value of 32 (really slow).
Warning: Latency not found for MI_M=16, MI_N=16, MI_K=128, mi_input_type=BFloat8Float8_fnuz. Returning latency value of 32 (really slow).
Warning: Latency not found for MI_M=16, MI_N=16, MI_K=128, mi_input_type=BFloat8Float8_fnuz. Returning latency value of 32 (really slow).
Warning: Latency not found for MI_M=16, MI_N=16, MI_K=128, mi_input_type=BFloat8Float8_fnuz. Returning latency value of 32 (really slow).
Warning: Latency not found for MI_M=16, MI_N=16, MI_K=128, mi_input_type=BFloat8Float8_fnuz. Returning latency value of 32 (really slow).
Warning: Latency not found for MI_M=16, MI_N=16, MI_K=128, mi_input_type=BFloat8Float8_fnuz. Returning latency value of 32 (really slow).
Warning: Latency not found for MI_M=16, MI_N=16, MI_K=128, mi_input_type=BFloat8Float8_fnuz. Returning latency value of 32 (really slow).
Warning: Latency not found for MI_M=16, MI_N=16, MI_K=128, mi_input_type=BFloat8Float8_fnuz. Returning latency value of 32 (really slow).
Warning: Latency not found for MI_M=16, MI_N=16, MI_K=128, mi_input_type=BFloat8Float8_fnuz. Returning latency value of 32 (really slow).
Warning: Latency not found for MI_M=16, MI_N=16, MI_K=128, mi_input_type=BFloat8Float8_fnuz. Returning latency value of 32 (really slow).
Warning: Latency not found for MI_M=16, MI_N=16, MI_K=128, mi_input_type=BFloat8Float8_fnuz. Returning latency value of 32 (really slow).
Warning: Latency not found for MI_M=16, MI_N=16, MI_K=128, mi_input_type=BFloat8Float8_fnuz. Returning latency value of 32 (really slow).
Warning: Latency not found for MI_M=16, MI_N=16, MI_K=128, mi_input_type=BFloat8Float8_fnuz. Returning latency value of 32 (really slow).
Warning: Latency not found for MI_M=16, MI_N=16, MI_K=128, mi_input_type=BFloat8Float8_fnuz. Returning latency value of 32 (really slow).
Warning: Latency not found for MI_M=16, MI_N=16, MI_K=128, mi_input_type=BFloat8Float8_fnuz. Returning latency value of 32 (really slow).
Warning: Latency not found for MI_M=16, MI_N=16, MI_K=128, mi_input_type=BFloat8Float8_fnuz. Returning latency value of 32 (really slow).
Warning: Latency not found for MI_M=16, MI_N=16, MI_K=128, mi_input_type=BFloat8Float8_fnuz. Returning latency value of 32 (really slow).
Warning: Latency not found for MI_M=16, MI_N=16, MI_K=128, mi_input_type=BFloat8Float8_fnuz. Returning latency value of 32 (really slow).
Warning: Latency not found for MI_M=16, MI_N=16, MI_K=128, mi_input_type=BFloat8Float8_fnuz. Returning latency value of 32 (really slow).
Warning: Latency not found for MI_M=16, MI_N=16, MI_K=128, mi_input_type=BFloat8Float8_fnuz. Returning latency value of 32 (really slow).
Warning: Latency not found for MI_M=16, MI_N=16, MI_K=128, mi_input_type=BFloat8Float8_fnuz. Returning latency value of 32 (really slow).
Warning: Latency not found for MI_M=16, MI_N=16, MI_K=128, mi_input_type=BFloat8Float8_fnuz. Returning latency value of 32 (really slow).
Warning: Latency not found for MI_M=16, MI_N=16, MI_K=128, mi_input_type=BFloat8Float8_fnuz. Returning latency value of 32 (really slow).
Warning: Latency not found for MI_M=16, MI_N=16, MI_K=128, mi_input_type=BFloat8Float8_fnuz. Returning latency value of 32 (really slow).
Warning: Latency not found for MI_M=16, MI_N=16, MI_K=128, mi_input_type=BFloat8Float8_fnuz. Returning latency value of 32 (really slow).
Warning: Latency not found for MI_M=16, MI_N=16, MI_K=128, mi_input_type=BFloat8Float8_fnuz. Returning latency value of 32 (really slow).
Warning: Latency not found for MI_M=16, MI_N=16, MI_K=128, mi_input_type=BFloat8Float8_fnuz. Returning latency value of 32 (really slow).
E0912 17:18:03.122000 4455 torch/_dynamo/metrics_context.py:106] [0/0] Unexpected exception logging compilation metrics
E0912 17:18:03.122000 4455 torch/_dynamo/metrics_context.py:106] [0/0] Traceback (most recent call last):
E0912 17:18:03.122000 4455 torch/_dynamo/metrics_context.py:106] [0/0]   File "/opt/venv/lib/python3.12/site-packages/torch/_dynamo/metrics_context.py", line 102, in __exit__
E0912 17:18:03.122000 4455 torch/_dynamo/metrics_context.py:106] [0/0]     self._on_exit(
E0912 17:18:03.122000 4455 torch/_dynamo/metrics_context.py:106] [0/0]   File "/opt/venv/lib/python3.12/site-packages/torch/_dynamo/utils.py", line 1774, in record_compilation_metrics
E0912 17:18:03.122000 4455 torch/_dynamo/metrics_context.py:106] [0/0]     "dynamo_config": _get_dynamo_config_for_logging(),
E0912 17:18:03.122000 4455 torch/_dynamo/metrics_context.py:106] [0/0]                      ^^^^^^^^^^^^^^^^^^^^^^^^^^^^^^^^
E0912 17:18:03.122000 4455 torch/_dynamo/metrics_context.py:106] [0/0]   File "/opt/venv/lib/python3.12/site-packages/torch/_dynamo/utils.py", line 1664, in _get_dynamo_config_for_logging
E0912 17:18:03.122000 4455 torch/_dynamo/metrics_context.py:106] [0/0]     return json.dumps(config_dict, sort_keys=True)
E0912 17:18:03.122000 4455 torch/_dynamo/metrics_context.py:106] [0/0]            ^^^^^^^^^^^^^^^^^^^^^^^^^^^^^^^^^^^^^^^
E0912 17:18:03.122000 4455 torch/_dynamo/metrics_context.py:106] [0/0]   File "/usr/lib/python3.12/json/__init__.py", line 238, in dumps
E0912 17:18:03.122000 4455 torch/_dynamo/metrics_context.py:106] [0/0]     **kw).encode(obj)
E0912 17:18:03.122000 4455 torch/_dynamo/metrics_context.py:106] [0/0]           ^^^^^^^^^^^
E0912 17:18:03.122000 4455 torch/_dynamo/metrics_context.py:106] [0/0]   File "/usr/lib/python3.12/json/encoder.py", line 200, in encode
E0912 17:18:03.122000 4455 torch/_dynamo/metrics_context.py:106] [0/0]     chunks = self.iterencode(o, _one_shot=True)
E0912 17:18:03.122000 4455 torch/_dynamo/metrics_context.py:106] [0/0]              ^^^^^^^^^^^^^^^^^^^^^^^^^^^^^^^^^^
E0912 17:18:03.122000 4455 torch/_dynamo/metrics_context.py:106] [0/0]   File "/usr/lib/python3.12/json/encoder.py", line 258, in iterencode
E0912 17:18:03.122000 4455 torch/_dynamo/metrics_context.py:106] [0/0]     return _iterencode(o, 0)
E0912 17:18:03.122000 4455 torch/_dynamo/metrics_context.py:106] [0/0]            ^^^^^^^^^^^^^^^^^
E0912 17:18:03.122000 4455 torch/_dynamo/metrics_context.py:106] [0/0]   File "/usr/lib/python3.12/json/encoder.py", line 180, in default
E0912 17:18:03.122000 4455 torch/_dynamo/metrics_context.py:106] [0/0]     raise TypeError(f'Object of type {o.__class__.__name__} '
E0912 17:18:03.122000 4455 torch/_dynamo/metrics_context.py:106] [0/0] TypeError: Object of type function is not JSON serializable
device AMD Instinct MI350X gfx950:sramecc+:xnack-
logical_shape (48, 32) runtime_shape (32, 48) scale_shape () runtime_dtype torch.float8_e4m3fn
legacy_static_merge_error "addmm_cuda" not implemented for 'Float8_e4m3fn'
explicit_merge_error LoRA merge mode is unavailable for transformer because its quantized weights cannot be updated in place; use merge mode 'dynamic'
dynamic_max_abs_vs_bf16_reference 0.1015625
dynamic_mean_abs_vs_bf16_reference 0.01345372200012207
ordinary_auto_merge True
mixed_auto_merge False
RESULT PASS
