Linux gbt350-odcdh1-a08-1.png-odc.dcgpu 4.18.0-513.1.1.el8_9.g12b5.x86_64 #1 SMP Tue Dec 5 07:49:59 PST 2023 x86_64 x86_64 x86_64 GNU/Linux
torch 2.11.0+rocm7.2
hip 7.2.26015
cuda_available True
device_count 1
device_0 AMD Instinct MI350X


============================ ROCm System Management Interface ============================
================================== Memory Usage (Bytes) ==================================
GPU[0]		: VRAM Total Memory (B): 270566162432
GPU[0]		: VRAM Total Used Memory (B): 298110976
==========================================================================================
====================================== Product Info ======================================
GPU[0]		: Card Series: 		AMD Instinct MI350X
GPU[0]		: Card Model: 		0x75a0
GPU[0]		: Card Vendor: 		Advanced Micro Devices, Inc. [AMD/ATI]
GPU[0]		: Card SKU: 		N/A
GPU[0]		: Subsystem ID: 	0x75a0
GPU[0]		: Device Rev: 		0x00
GPU[0]		: Node ID: 		4
GPU[0]		: GUID: 		17079
GPU[0]		: GFX Version: 		gfx950
==========================================================================================
================================== End of ROCm SMI Log ===================================
