F.                                                                       [100%]
=================================== FAILURES ===================================
______ test_registration_bookkeeping_can_erase_failure_after_publication _______

    def test_registration_bookkeeping_can_erase_failure_after_publication():
        """Exercise the source ordering: publish args, concurrent transfer fails, mark registration."""
        session = "decode:1234"
        m = manager(session)
        m.decode_kv_args_table[session] = object()
        with m.session_lock:
            m.session_failures[session] = m.session_failures.get(session, 0) + 1
            m.failed_sessions.add(session)
        MooncakeKVManager._mark_session_registered(m, session)
>       assert session in m.failed_sessions
E       AssertionError: assert 'decode:1234' in set()
E        +  where set() = namespace(engine=namespace(send_probe=<MagicMock id='140316388723648'>), failed_sessions=set(), session_failures=defau...locked _thread.lock object at 0x7f9bc8383980>, decode_kv_args_table={'decode:1234': <object object at 0x7f930153fd90>}).failed_sessions

../review-evidence-j-0cc2bf3b2756/adversarial_candidate.py:29: AssertionError
=============================== warnings summary ===============================
../../opt/venv/lib/python3.12/site-packages/torch/jit/_script.py:365: 14 warnings
  /opt/venv/lib/python3.12/site-packages/torch/jit/_script.py:365: DeprecationWarning: `torch.jit.script_method` is deprecated. Please switch to `torch.compile` or `torch.export`.
    warnings.warn(

../../opt/venv/lib/python3.12/site-packages/Cython/Distutils/old_build_ext.py:15
../../opt/venv/lib/python3.12/site-packages/Cython/Distutils/old_build_ext.py:15
  /opt/venv/lib/python3.12/site-packages/Cython/Distutils/old_build_ext.py:15: DeprecationWarning: dep_util is Deprecated. Use functions from setuptools instead.
    from distutils.dep_util import newer, newer_group

-- Docs: https://docs.pytest.org/en/stable/how-to/capture-warnings.html
=========================== short test summary info ============================
FAILED ../review-evidence-j-0cc2bf3b2756/adversarial_candidate.py::test_registration_bookkeeping_can_erase_failure_after_publication
1 failed, 1 passed, 16 warnings in 12.03s
