[aiter] WARNING: NUMA balancing is enabled, which may cause errors. It is recommended to disable NUMA balancing by running "sudo sh -c 'echo 0 > /proc/sys/kernel/numa_balancing'" for more details: https://rocm.docs.amd.com/en/latest/how-to/system-optimization/mi300x.html#disable-numa-auto-balancing
[aiter] import [module_aiter_core] under /tmp/amdpilot-repo-j-78d2ebc5eece/cache/aiter/module_aiter_core.so
sglang /job/repo/python/sglang/__init__.py
common /job/repo/python/sglang/srt/utils/hf_transformers/common.py
original_minimax_null EXCEPTION AssertionError ''
muse_null EXCEPTION AttributeError "'NoneType' object has no attribute 'items'"
modelopt_null EXCEPTION AttributeError "'NoneType' object has no attribute 'get'"
original_minimax_missing RETURN MiniMaxVLBaseConfig {
  "image_grid_pinpoints": null,
  "image_seq_length": 576,
  "image_token_index": 200025,
  "img_token_compression_config": {},
  "multimodal_projector_bias": true,
  "process_image_mode": "dynamic_res",
  "projector_hidden_act": "gelu",
  "transformers_version": "5.12.1",
  "video_token_index": 200026,
  "vision_config": null,
  "vision_feature_layer": -1,
  "vision_feature_select_strategy": "full"
}

