[aiter] WARNING: NUMA balancing is enabled, which may cause errors. It is recommended to disable NUMA balancing by running "sudo sh -c 'echo 0 > /proc/sys/kernel/numa_balancing'" for more details: https://rocm.docs.amd.com/en/latest/how-to/system-optimization/mi300x.html#disable-numa-auto-balancing
[aiter] import [module_aiter_core] under /tmp/amdpilot-repo-j-5d68153d24a6/cache/aiter/module_aiter_core.so
[aiter] WARNING: NUMA balancing is enabled, which may cause errors. It is recommended to disable NUMA balancing by running "sudo sh -c 'echo 0 > /proc/sys/kernel/numa_balancing'" for more details: https://rocm.docs.amd.com/en/latest/how-to/system-optimization/mi300x.html#disable-numa-auto-balancing
[aiter] import [module_aiter_core] under /tmp/amdpilot-repo-j-5d68153d24a6/cache/aiter/module_aiter_core.so
[aiter] WARNING: NUMA balancing is enabled, which may cause errors. It is recommended to disable NUMA balancing by running "sudo sh -c 'echo 0 > /proc/sys/kernel/numa_balancing'" for more details: https://rocm.docs.amd.com/en/latest/how-to/system-optimization/mi300x.html#disable-numa-auto-balancing
[aiter] import [module_aiter_core] under /tmp/amdpilot-repo-j-5d68153d24a6/cache/aiter/module_aiter_core.so
Loading safetensors using Fastsafetensor loader:   0%|          | 0/1 [00:00<?, ?it/s]Loading safetensors using Fastsafetensor loader:   0%|          | 0/1 [00:00<?, ?it/s]Fastsafetensors GDS loading is unavailable; retrying with the non-GDS fallback.
Fastsafetensors GDS loading is unavailable; retrying with the non-GDS fallback.
Loading safetensors using Fastsafetensor loader: 100%|██████████| 1/1 [00:00<00:00, 225.73it/s]
Loading safetensors using Fastsafetensor loader: 100%|██████████| 1/1 [00:00<00:00, 370.72it/s]
[aiter] WARNING: NUMA balancing is enabled, which may cause errors. It is recommended to disable NUMA balancing by running "sudo sh -c 'echo 0 > /proc/sys/kernel/numa_balancing'" for more details: https://rocm.docs.amd.com/en/latest/how-to/system-optimization/mi300x.html#disable-numa-auto-balancing
[aiter] import [module_aiter_core] under /tmp/amdpilot-repo-j-5d68153d24a6/cache/aiter/module_aiter_core.so
[aiter] WARNING: NUMA balancing is enabled, which may cause errors. It is recommended to disable NUMA balancing by running "sudo sh -c 'echo 0 > /proc/sys/kernel/numa_balancing'" for more details: https://rocm.docs.amd.com/en/latest/how-to/system-optimization/mi300x.html#disable-numa-auto-balancing
[aiter] import [module_aiter_core] under /tmp/amdpilot-repo-j-5d68153d24a6/cache/aiter/module_aiter_core.so
Loading safetensors using Fastsafetensor loader:   0%|          | 0/1 [00:00<?, ?it/s]Loading safetensors using Fastsafetensor loader:   0%|          | 0/1 [00:00<?, ?it/s]Loading safetensors using Fastsafetensor loader:   0%|          | 0/1 [00:00<?, ?it/s]
Loading safetensors using Fastsafetensor loader:   0%|          | 0/1 [00:00<?, ?it/s]
[aiter] WARNING: NUMA balancing is enabled, which may cause errors. It is recommended to disable NUMA balancing by running "sudo sh -c 'echo 0 > /proc/sys/kernel/numa_balancing'" for more details: https://rocm.docs.amd.com/en/latest/how-to/system-optimization/mi300x.html#disable-numa-auto-balancing
[aiter] import [module_aiter_core] under /tmp/amdpilot-repo-j-5d68153d24a6/cache/aiter/module_aiter_core.so
[aiter] WARNING: NUMA balancing is enabled, which may cause errors. It is recommended to disable NUMA balancing by running "sudo sh -c 'echo 0 > /proc/sys/kernel/numa_balancing'" for more details: https://rocm.docs.amd.com/en/latest/how-to/system-optimization/mi300x.html#disable-numa-auto-balancing
[aiter] import [module_aiter_core] under /tmp/amdpilot-repo-j-5d68153d24a6/cache/aiter/module_aiter_core.so
Loading safetensors using Fastsafetensor loader:   0%|          | 0/1 [00:00<?, ?it/s]Loading safetensors using Fastsafetensor loader:   0%|          | 0/1 [00:00<?, ?it/s]Fastsafetensors GDS loading is unavailable; retrying with the non-GDS fallback.
Fastsafetensors GDS loading is unavailable; retrying with the non-GDS fallback.
Loading safetensors using Fastsafetensor loader:   0%|          | 0/1 [00:00<?, ?it/s]
Loading safetensors using Fastsafetensor loader:   0%|          | 0/1 [00:00<?, ?it/s]
RESULT ('fallback_failure', 0, 'error', 'RuntimeError', 'Fastsafetensors loading failed on another process-group rank.')
RESULT ('fallback_failure', 1, 'error', 'RuntimeError', 'pread fallback failed')
RESULT ('gds_constructor', 0, 'ok', 37)
RESULT ('gds_constructor', 1, 'ok', 37)
RESULT ('non_gds', 0, 'error', 'RuntimeError', 'Fastsafetensors loading failed on another process-group rank.')
RESULT ('non_gds', 1, 'error', 'RuntimeError', 'checkpoint metadata is corrupt')
EVENT ('fallback_failure', 0, 'add', False)
EVENT ('fallback_failure', 0, 'add', True)
EVENT ('fallback_failure', 0, 'close', False)
EVENT ('fallback_failure', 0, 'close', True)
EVENT ('fallback_failure', 0, 'construct', False, 'cuda:0')
EVENT ('fallback_failure', 0, 'construct', True, 'cuda:0')
EVENT ('fallback_failure', 0, 'copy', False)
EVENT ('fallback_failure', 0, 'copy', True)
EVENT ('fallback_failure', 1, 'add', False)
EVENT ('fallback_failure', 1, 'add', True)
EVENT ('fallback_failure', 1, 'close', False)
EVENT ('fallback_failure', 1, 'close', True)
EVENT ('fallback_failure', 1, 'construct', False, 'cuda:0')
EVENT ('fallback_failure', 1, 'construct', True, 'cuda:0')
EVENT ('fallback_failure', 1, 'copy', False)
EVENT ('fallback_failure', 1, 'copy', True)
EVENT ('gds_constructor', 0, 'add', False)
EVENT ('gds_constructor', 0, 'add', True)
EVENT ('gds_constructor', 0, 'broadcast')
EVENT ('gds_constructor', 0, 'close', False)
EVENT ('gds_constructor', 0, 'close', True)
EVENT ('gds_constructor', 0, 'construct', False, 'cuda:0')
EVENT ('gds_constructor', 0, 'construct', True, 'cuda:0')
EVENT ('gds_constructor', 0, 'copy', False)
EVENT ('gds_constructor', 0, 'copy', True)
EVENT ('gds_constructor', 1, 'add', True)
EVENT ('gds_constructor', 1, 'broadcast')
EVENT ('gds_constructor', 1, 'close', True)
EVENT ('gds_constructor', 1, 'construct', False, 'cuda:0')
EVENT ('gds_constructor', 1, 'construct', True, 'cuda:0')
EVENT ('gds_constructor', 1, 'copy', True)
EVENT ('non_gds', 0, 'add', False)
EVENT ('non_gds', 0, 'close', False)
EVENT ('non_gds', 0, 'construct', False, 'cuda:0')
EVENT ('non_gds', 0, 'copy', False)
EVENT ('non_gds', 1, 'add', False)
EVENT ('non_gds', 1, 'close', False)
EVENT ('non_gds', 1, 'construct', False, 'cuda:0')
EVENT ('non_gds', 1, 'copy', False)
ADVERSARIAL_ASSERTIONS_PASSED
