32:_create_allreduce_fusion_workspace = None
78:def resolve_flashinfer_allreduce_fusion_backend() -> Optional[str]:
84:    backend = get_exec().comm.flashinfer_allreduce_fusion_backend
94:        if hasattr(comm, "allreduce_fusion") and hasattr(
95:            comm, "create_allreduce_fusion_workspace"
98:            _create_allreduce_fusion_workspace = comm.create_allreduce_fusion_workspace
100:                comm.create_allreduce_fusion_workspace
102:            allreduce_params = inspect.signature(comm.allreduce_fusion).parameters
113:                "flashinfer.comm unified allreduce_fusion API is not available, "
119:            "flashinfer.comm allreduce_fusion API is not available (%s), "
385:    Supports trtllm and mnnvl backends via create_allreduce_fusion_workspace().
460:        if _flashinfer_comm is None or _create_allreduce_fusion_workspace is None:
524:            self.workspace = _create_allreduce_fusion_workspace(**create_kw)
723:    backend = resolve_flashinfer_allreduce_fusion_backend()
766:    fp32_acc: bool = False,
786:    fp32_acc: bool = False,
802:        fp32_acc: Whether to use fp32 precision
866:        fp32_acc=fp32_acc,
870:    _flashinfer_comm.allreduce_fusion(**kwargs)
921:    # (same ordering rule as apply_flashinfer_allreduce_fusion).
977:        fp32_acc=False,
982:    _flashinfer_comm.allreduce_fusion(**kwargs)
