FFFF..                                                                   [100%]
=================================== FAILURES ===================================
_ test_dynamic_lora_rejected_with_multiple_tokenizer_workers[load_lora_adapter-_load_req] _

runtime_context = namespace(enable_lora=True, max_loaded_loras=None, tokenizer_worker_num=2, dp_size=1, enable_dp_attention=False)
method = 'load_lora_adapter'
request_factory = <function _load_req at 0x7f83dd4f4ea0>

    @pytest.mark.parametrize(
        ("method", "request_factory"),
        [
            ("load_lora_adapter", _load_req),
            ("load_lora_adapter_from_tensors", _tensor_req),
            ("unload_lora_adapter", _unload_req),
        ],
    )
    def test_dynamic_lora_rejected_with_multiple_tokenizer_workers(
        runtime_context, method, request_factory
    ):
        runtime_context.tokenizer_worker_num = 2
        manager = _FakeTokenizerManager()
    
        result = asyncio.run(getattr(manager, method)(request_factory()))
    
>       assert not result.success
E       assert not True
E        +  where True = LoRAUpdateOutput(rid=None, http_worker_ipc=None, success=True, error_message=None, loaded_adapters={}).success

test/registered/unit/managers/test_tokenizer_control_mixin.py:98: AssertionError
_ test_dynamic_lora_rejected_with_multiple_tokenizer_workers[load_lora_adapter_from_tensors-_tensor_req] _

runtime_context = namespace(enable_lora=True, max_loaded_loras=None, tokenizer_worker_num=2, dp_size=1, enable_dp_attention=False)
method = 'load_lora_adapter_from_tensors'
request_factory = <function _tensor_req at 0x7f83dd4f4f40>

    @pytest.mark.parametrize(
        ("method", "request_factory"),
        [
            ("load_lora_adapter", _load_req),
            ("load_lora_adapter_from_tensors", _tensor_req),
            ("unload_lora_adapter", _unload_req),
        ],
    )
    def test_dynamic_lora_rejected_with_multiple_tokenizer_workers(
        runtime_context, method, request_factory
    ):
        runtime_context.tokenizer_worker_num = 2
        manager = _FakeTokenizerManager()
    
        result = asyncio.run(getattr(manager, method)(request_factory()))
    
>       assert not result.success
E       assert not True
E        +  where True = LoRAUpdateOutput(rid=None, http_worker_ipc=None, success=True, error_message=None, loaded_adapters={}).success

test/registered/unit/managers/test_tokenizer_control_mixin.py:98: AssertionError
_ test_dynamic_lora_rejected_with_multiple_tokenizer_workers[unload_lora_adapter-_unload_req] _

runtime_context = namespace(enable_lora=True, max_loaded_loras=None, tokenizer_worker_num=2, dp_size=1, enable_dp_attention=False)
method = 'unload_lora_adapter'
request_factory = <function _unload_req at 0x7f83dd4f4fe0>

    @pytest.mark.parametrize(
        ("method", "request_factory"),
        [
            ("load_lora_adapter", _load_req),
            ("load_lora_adapter_from_tensors", _tensor_req),
            ("unload_lora_adapter", _unload_req),
        ],
    )
    def test_dynamic_lora_rejected_with_multiple_tokenizer_workers(
        runtime_context, method, request_factory
    ):
        runtime_context.tokenizer_worker_num = 2
        manager = _FakeTokenizerManager()
    
        result = asyncio.run(getattr(manager, method)(request_factory()))
    
        assert not result.success
>       assert "--tokenizer-worker-num 1" in result.error_message
E       AssertionError: assert '--tokenizer-worker-num 1' in 'LoRA with name adapter_a does not exist. Loaded LoRAs: odict_keys([])'
E        +  where 'LoRA with name adapter_a does not exist. Loaded LoRAs: odict_keys([])' = LoRAUpdateOutput(rid=None, http_worker_ipc=None, success=False, error_message='LoRA with name adapter_a does not exist. Loaded LoRAs: odict_keys([])', loaded_adapters=None).error_message

test/registered/unit/managers/test_tokenizer_control_mixin.py:99: AssertionError
__________ test_multi_tokenizer_guard_also_applies_with_dp_attention ___________

runtime_context = namespace(enable_lora=True, max_loaded_loras=None, tokenizer_worker_num=2, dp_size=2, enable_dp_attention=True)

    def test_multi_tokenizer_guard_also_applies_with_dp_attention(runtime_context):
        runtime_context.tokenizer_worker_num = 2
        runtime_context.dp_size = 2
        runtime_context.enable_dp_attention = True
        manager = _FakeTokenizerManager()
    
        result = asyncio.run(manager.load_lora_adapter(_load_req()))
    
>       assert not result.success
E       assert not True
E        +  where True = LoRAUpdateOutput(rid=None, http_worker_ipc=None, success=True, error_message=None, loaded_adapters={}).success

test/registered/unit/managers/test_tokenizer_control_mixin.py:114: AssertionError
=============================== warnings summary ===============================
../../opt/venv/lib/python3.12/site-packages/_pytest/config/__init__.py:1434
  /opt/venv/lib/python3.12/site-packages/_pytest/config/__init__.py:1434: PytestConfigWarning: Unknown config option: asyncio_mode
  
    self._warn_or_fail_if_strict(f"Unknown config option: {key}\n")

../../opt/venv/lib/python3.12/site-packages/torch/jit/_script.py:365: 14 warnings
  /opt/venv/lib/python3.12/site-packages/torch/jit/_script.py:365: DeprecationWarning: `torch.jit.script_method` is deprecated. Please switch to `torch.compile` or `torch.export`.
    warnings.warn(

../../opt/venv/lib/python3.12/site-packages/Cython/Distutils/old_build_ext.py:15
../../opt/venv/lib/python3.12/site-packages/Cython/Distutils/old_build_ext.py:15
  /opt/venv/lib/python3.12/site-packages/Cython/Distutils/old_build_ext.py:15: DeprecationWarning: dep_util is Deprecated. Use functions from setuptools instead.
    from distutils.dep_util import newer, newer_group

-- Docs: https://docs.pytest.org/en/stable/how-to/capture-warnings.html
=========================== short test summary info ============================
FAILED test/registered/unit/managers/test_tokenizer_control_mixin.py::test_dynamic_lora_rejected_with_multiple_tokenizer_workers[load_lora_adapter-_load_req]
FAILED test/registered/unit/managers/test_tokenizer_control_mixin.py::test_dynamic_lora_rejected_with_multiple_tokenizer_workers[load_lora_adapter_from_tensors-_tensor_req]
FAILED test/registered/unit/managers/test_tokenizer_control_mixin.py::test_dynamic_lora_rejected_with_multiple_tokenizer_workers[unload_lora_adapter-_unload_req]
FAILED test/registered/unit/managers/test_tokenizer_control_mixin.py::test_multi_tokenizer_guard_also_applies_with_dp_attention
4 failed, 2 passed, 17 warnings in 26.99s
