......F.F                                                              [100%]
=================================== FAILURES ===================================
_ TestMultiTokenizerMixin.test_stamp_http_worker_ipc_handles_empty_tokenized_batch _

self = <test_multi_tokenizer_mixin.TestMultiTokenizerMixin testMethod=test_stamp_http_worker_ipc_handles_empty_tokenized_batch>

    def test_stamp_http_worker_ipc_handles_empty_tokenized_batch(self):
        batch_req = BatchTokenizedGenerateReqInput(batch=[])
    
        stamp_http_worker_ipc(batch_req, "ipc://tokenizer-2")
    
>       self.assertEqual(batch_req.rids, [])
E       AssertionError: None != []

test/registered/unit/managers/test_multi_tokenizer_mixin.py:139: AssertionError
_ TestMultiTokenizerMixin.test_stamp_http_worker_ipc_populates_tokenized_batch_metadata (batch_cls=<class 'sglang.srt.managers.io_struct.BatchTokenizedGenerateReqInput'>) _

self = <test_multi_tokenizer_mixin.TestMultiTokenizerMixin testMethod=test_stamp_http_worker_ipc_populates_tokenized_batch_metadata>

    def test_stamp_http_worker_ipc_populates_tokenized_batch_metadata(self):
        for batch_cls in (
            BatchTokenizedGenerateReqInput,
            BatchTokenizedEmbeddingReqInput,
        ):
            with self.subTest(batch_cls=batch_cls):
                batch_req = batch_cls(
                    batch=[
                        SimpleNamespace(rid="rid-0", http_worker_ipc=None),
                        SimpleNamespace(rid="rid-1", http_worker_ipc=None),
                    ]
                )
    
                stamp_http_worker_ipc(batch_req, "ipc://tokenizer-0")
    
>               self.assertEqual(batch_req.rids, ["rid-0", "rid-1"])
E               AssertionError: None != ['rid-0', 'rid-1']

test/registered/unit/managers/test_multi_tokenizer_mixin.py:112: AssertionError
_ TestMultiTokenizerMixin.test_stamp_http_worker_ipc_populates_tokenized_batch_metadata (batch_cls=<class 'sglang.srt.managers.io_struct.BatchTokenizedEmbeddingReqInput'>) _

self = <test_multi_tokenizer_mixin.TestMultiTokenizerMixin testMethod=test_stamp_http_worker_ipc_populates_tokenized_batch_metadata>

    def test_stamp_http_worker_ipc_populates_tokenized_batch_metadata(self):
        for batch_cls in (
            BatchTokenizedGenerateReqInput,
            BatchTokenizedEmbeddingReqInput,
        ):
            with self.subTest(batch_cls=batch_cls):
                batch_req = batch_cls(
                    batch=[
                        SimpleNamespace(rid="rid-0", http_worker_ipc=None),
                        SimpleNamespace(rid="rid-1", http_worker_ipc=None),
                    ]
                )
    
                stamp_http_worker_ipc(batch_req, "ipc://tokenizer-0")
    
>               self.assertEqual(batch_req.rids, ["rid-0", "rid-1"])
E               AssertionError: None != ['rid-0', 'rid-1']

test/registered/unit/managers/test_multi_tokenizer_mixin.py:112: AssertionError
_ TestMultiTokenizerMixin.test_stamp_http_worker_ipc_preserves_explicit_batch_rids _

self = <test_multi_tokenizer_mixin.TestMultiTokenizerMixin testMethod=test_stamp_http_worker_ipc_preserves_explicit_batch_rids>

    def test_stamp_http_worker_ipc_preserves_explicit_batch_rids(self):
        batch_req = BatchTokenizedGenerateReqInput(
            rids=["wrapper-rid"],
            batch=[SimpleNamespace(rid="item-rid", http_worker_ipc=None)],
        )
    
        stamp_http_worker_ipc(batch_req, "ipc://tokenizer-1")
    
        self.assertEqual(batch_req.rids, ["wrapper-rid"])
>       self.assertEqual(batch_req.http_worker_ipcs, ["ipc://tokenizer-1"])
E       AssertionError: None != ['ipc://tokenizer-1']

test/registered/unit/managers/test_multi_tokenizer_mixin.py:131: AssertionError
=============================== warnings summary ===============================
../../opt/venv/lib/python3.12/site-packages/_pytest/config/__init__.py:1434
  /opt/venv/lib/python3.12/site-packages/_pytest/config/__init__.py:1434: PytestConfigWarning: Unknown config option: asyncio_mode
  
    self._warn_or_fail_if_strict(f"Unknown config option: {key}\n")

../../opt/venv/lib/python3.12/site-packages/torch/jit/_script.py:365: 14 warnings
  /opt/venv/lib/python3.12/site-packages/torch/jit/_script.py:365: DeprecationWarning: `torch.jit.script_method` is deprecated. Please switch to `torch.compile` or `torch.export`.
    warnings.warn(

../../opt/venv/lib/python3.12/site-packages/Cython/Distutils/old_build_ext.py:15
../../opt/venv/lib/python3.12/site-packages/Cython/Distutils/old_build_ext.py:15
  /opt/venv/lib/python3.12/site-packages/Cython/Distutils/old_build_ext.py:15: DeprecationWarning: dep_util is Deprecated. Use functions from setuptools instead.
    from distutils.dep_util import newer, newer_group

-- Docs: https://docs.pytest.org/en/stable/how-to/capture-warnings.html
=========================== short test summary info ============================
FAILED test/registered/unit/managers/test_multi_tokenizer_mixin.py::TestMultiTokenizerMixin::test_stamp_http_worker_ipc_handles_empty_tokenized_batch
SUBFAILED(batch_cls=<class 'sglang.srt.managers.io_struct.BatchTokenizedGenerateReqInput'>) test/registered/unit/managers/test_multi_tokenizer_mixin.py::TestMultiTokenizerMixin::test_stamp_http_worker_ipc_populates_tokenized_batch_metadata
SUBFAILED(batch_cls=<class 'sglang.srt.managers.io_struct.BatchTokenizedEmbeddingReqInput'>) test/registered/unit/managers/test_multi_tokenizer_mixin.py::TestMultiTokenizerMixin::test_stamp_http_worker_ipc_populates_tokenized_batch_metadata
FAILED test/registered/unit/managers/test_multi_tokenizer_mixin.py::TestMultiTokenizerMixin::test_stamp_http_worker_ipc_preserves_explicit_batch_rids
4 failed, 7 passed, 17 warnings in 26.68s
