
*****************************************
Setting OMP_NUM_THREADS environment variable for each process to be 1 in default, to avoid your system being overloaded, please further tune the variable for optimal performance in your application as needed. 
*****************************************
/job/repo/python/sglang/srt/distributed/parallel_state.py:1553: UserWarning: The given buffer is not writable, and PyTorch does not support non-writable tensors. This means you can write to the underlying (supposedly non-writable) buffer using the tensor. You may want to copy the buffer to protect its data or make it writable before converting it to a tensor. This type of warning will be suppressed for the rest of this program. (Triggered internally at /pytorch/torch/csrc/utils/tensor_new.cpp:1586.)
  object_tensor = torch.frombuffer(pickle.dumps(obj), dtype=torch.uint8)
/job/repo/python/sglang/srt/distributed/parallel_state.py:1553: UserWarning: The given buffer is not writable, and PyTorch does not support non-writable tensors. This means you can write to the underlying (supposedly non-writable) buffer using the tensor. You may want to copy the buffer to protect its data or make it writable before converting it to a tensor. This type of warning will be suppressed for the rest of this program. (Triggered internally at /pytorch/torch/csrc/utils/tensor_new.cpp:1586.)
  object_tensor = torch.frombuffer(pickle.dumps(obj), dtype=torch.uint8)
rank=2 tp_rank=0 sharded=[[1.0, 1.0, 1.0, 1.0, 2.0, 2.0, 2.0, 2.0]] expected_sharded=[[1.0, 1.0, 1.0, 1.0, 1.0, 1.0, 1.0, 1.0]] replicated_ok=True
rank=3 tp_rank=1 sharded=[[1.0, 1.0, 1.0, 1.0, 2.0, 2.0, 2.0, 2.0]] expected_sharded=[[2.0, 2.0, 2.0, 2.0, 2.0, 2.0, 2.0, 2.0]] replicated_ok=True
[rank2]: Traceback (most recent call last):
[rank2]:   File "/job/repo/reports/j-300a724a2692/repro_pp_tp_tensor_dict.py", line 55, in <module>
[rank2]:     raise AssertionError("TP-sharded tensor was corrupted")
[rank2]: AssertionError: TP-sharded tensor was corrupted
[rank3]: Traceback (most recent call last):
[rank3]:   File "/job/repo/reports/j-300a724a2692/repro_pp_tp_tensor_dict.py", line 55, in <module>
[rank3]:     raise AssertionError("TP-sharded tensor was corrupted")
[rank3]: AssertionError: TP-sharded tensor was corrupted
W0912 14:05:51.838000 2878 torch/distributed/elastic/multiprocessing/api.py:1012] Sending process 2951 closing signal SIGTERM
E0912 14:05:51.958000 2878 torch/distributed/elastic/multiprocessing/api.py:986] failed (exitcode: 1) local_rank: 3 (pid: 2952) of binary: /tmp/amdpilot-repo-j-300a724a2692/venv/bin/python
Traceback (most recent call last):
  File "<frozen runpy>", line 198, in _run_module_as_main
  File "<frozen runpy>", line 88, in _run_code
  File "/opt/venv/lib/python3.12/site-packages/torch/distributed/run.py", line 994, in <module>
    main()
  File "/opt/venv/lib/python3.12/site-packages/torch/distributed/elastic/multiprocessing/errors/__init__.py", line 362, in wrapper
    return f(*args, **kwargs)
           ^^^^^^^^^^^^^^^^^^
  File "/opt/venv/lib/python3.12/site-packages/torch/distributed/run.py", line 990, in main
    run(args)
  File "/opt/venv/lib/python3.12/site-packages/torch/distributed/run.py", line 981, in run
    elastic_launch(
  File "/opt/venv/lib/python3.12/site-packages/torch/distributed/launcher/api.py", line 170, in __call__
    return launch_agent(self._config, self._entrypoint, list(args))
           ^^^^^^^^^^^^^^^^^^^^^^^^^^^^^^^^^^^^^^^^^^^^^^^^^^^^^^^^
  File "/opt/venv/lib/python3.12/site-packages/torch/distributed/launcher/api.py", line 317, in launch_agent
    raise ChildFailedError(
torch.distributed.elastic.multiprocessing.errors.ChildFailedError: 
============================================================
reports/j-300a724a2692/repro_pp_tp_tensor_dict.py FAILED
------------------------------------------------------------
Failures:
[1]:
  time      : 2026-09-12_14:05:51
  host      : smci355-ccs-aus-n08-13.cs-aus.dcgpu
  rank      : 2 (local_rank: 2)
  exitcode  : -15 (pid: 2951)
  error_file: <N/A>
  traceback : Signal 15 (SIGTERM) received by PID 2951
------------------------------------------------------------
Root Cause (first observed failure):
[0]:
  time      : 2026-09-12_14:05:51
  host      : smci355-ccs-aus-n08-13.cs-aus.dcgpu
  rank      : 3 (local_rank: 3)
  exitcode  : 1 (pid: 2952)
  error_file: <N/A>
  traceback : To enable traceback see: https://pytorch.org/docs/stable/elastic/errors.html
============================================================
