.FF                                                                      [100%]
=================================== FAILURES ===================================
_ TestForwardPassMetrics.test_emit_decode_batch_falls_back_when_seq_lens_cpu_is_none _

self = <test_forward_pass_metrics.TestForwardPassMetrics testMethod=test_emit_decode_batch_falls_back_when_seq_lens_cpu_is_none>

    def test_emit_decode_batch_falls_back_when_seq_lens_cpu_is_none(self):
        reqs = [_FakeReq(8, output_len=3), _FakeReq(12, output_len=5)]
        batch = self._make_batch(reqs=reqs, seq_lens_cpu=None)
    
        with patch(
            "sglang.srt.managers.scheduler_components.metrics_reporter.time.monotonic",
            return_value=101.0,
        ):
>           self.reporter._emit_forward_pass_metrics(batch)

test/registered/unit/observability/test_forward_pass_metrics.py:208: 
_ _ _ _ _ _ _ _ _ _ _ _ _ _ _ _ _ _ _ _ _ _ _ _ _ _ _ _ _ _ _ _ _ _ _ _ _ _ _ _ 
python/sglang/srt/managers/scheduler_components/metrics_reporter.py:1141: in _emit_forward_pass_metrics
    scheduled_requests=self._build_scheduled_request_metrics(batch),
                       ^^^^^^^^^^^^^^^^^^^^^^^^^^^^^^^^^^^^^^^^^^^^
_ _ _ _ _ _ _ _ _ _ _ _ _ _ _ _ _ _ _ _ _ _ _ _ _ _ _ _ _ _ _ _ _ _ _ _ _ _ _ _ 

self = SchedulerMetricsReporter(scheduler=namespace(_fpm_worker_id='worker-7', _fpm_dp_rank=0, _fpm_publisher=<test_forward_p...=False, enable_kv_cache_events=False, collector=None), metrics_collector=None, num_retracted_reqs=0, num_paused_reqs=0)
batch = namespace(forward_mode=<test_forward_pass_metrics._FakeForwardMode object at 0x7f4defc95070>, reqs=[<test_forward_pass...ics._FakeReq object at 0x7f4defc95040>], decoding_reqs=[], prefill_stats=None, seq_lens_cpu=None, fpm_start_time=100.0)

    def _build_scheduled_request_metrics(self, batch: ScheduleBatch):
        from sglang.srt.observability.forward_pass_metrics import (
            ScheduledRequestMetrics,
            WelfordAccumulator,
        )
    
        num_prefill_requests = 0
        sum_prefill_tokens = 0
        sum_prefill_kv_tokens = 0
        prefill_lengths = WelfordAccumulator()
    
        if batch.forward_mode.is_mixed():
            decode_req_ids = {id(req) for req in batch.decoding_reqs or []}
            prefill_reqs = [req for req in batch.reqs if id(req) not in decode_req_ids]
        elif batch.forward_mode.is_extend():
            prefill_reqs = batch.reqs
        else:
            prefill_reqs = []
    
        if prefill_reqs:
            stats = batch.prefill_stats
            for req in prefill_reqs:
                prefill_lengths.add(len(req.origin_input_ids))
            num_prefill_requests = stats.num_new_seqs if stats else len(prefill_reqs)
            sum_prefill_tokens = stats.log_input_tokens if stats else 0
            sum_prefill_kv_tokens = sum(len(req.prefix_indices) for req in prefill_reqs)
    
        decode_kv = WelfordAccumulator()
        if batch.forward_mode.is_mixed():
            for req in batch.decoding_reqs or []:
                decode_kv.add(req.seqlen)
        elif batch.forward_mode.is_decode():
>           for sl in batch.seq_lens_cpu:
E           TypeError: 'NoneType' object is not iterable

python/sglang/srt/managers/scheduler_components/metrics_reporter.py:390: TypeError
_ TestForwardPassMetrics.test_empty_decode_batch_with_no_seq_lens_cpu_reports_zero _

self = <test_forward_pass_metrics.TestForwardPassMetrics testMethod=test_empty_decode_batch_with_no_seq_lens_cpu_reports_zero>

    def test_empty_decode_batch_with_no_seq_lens_cpu_reports_zero(self):
        batch = self._make_batch(reqs=[], seq_lens_cpu=None)
    
>       scheduled = self.reporter._build_scheduled_request_metrics(batch)
                    ^^^^^^^^^^^^^^^^^^^^^^^^^^^^^^^^^^^^^^^^^^^^^^^^^^^^^

test/registered/unit/observability/test_forward_pass_metrics.py:230: 
_ _ _ _ _ _ _ _ _ _ _ _ _ _ _ _ _ _ _ _ _ _ _ _ _ _ _ _ _ _ _ _ _ _ _ _ _ _ _ _ 

self = SchedulerMetricsReporter(scheduler=namespace(_fpm_worker_id='worker-7', _fpm_dp_rank=0, _fpm_publisher=<test_forward_p...=False, enable_kv_cache_events=False, collector=None), metrics_collector=None, num_retracted_reqs=0, num_paused_reqs=0)
batch = namespace(forward_mode=<test_forward_pass_metrics._FakeForwardMode object at 0x7f4defc94b00>, reqs=[], decoding_reqs=[], prefill_stats=None, seq_lens_cpu=None, fpm_start_time=100.0)

    def _build_scheduled_request_metrics(self, batch: ScheduleBatch):
        from sglang.srt.observability.forward_pass_metrics import (
            ScheduledRequestMetrics,
            WelfordAccumulator,
        )
    
        num_prefill_requests = 0
        sum_prefill_tokens = 0
        sum_prefill_kv_tokens = 0
        prefill_lengths = WelfordAccumulator()
    
        if batch.forward_mode.is_mixed():
            decode_req_ids = {id(req) for req in batch.decoding_reqs or []}
            prefill_reqs = [req for req in batch.reqs if id(req) not in decode_req_ids]
        elif batch.forward_mode.is_extend():
            prefill_reqs = batch.reqs
        else:
            prefill_reqs = []
    
        if prefill_reqs:
            stats = batch.prefill_stats
            for req in prefill_reqs:
                prefill_lengths.add(len(req.origin_input_ids))
            num_prefill_requests = stats.num_new_seqs if stats else len(prefill_reqs)
            sum_prefill_tokens = stats.log_input_tokens if stats else 0
            sum_prefill_kv_tokens = sum(len(req.prefix_indices) for req in prefill_reqs)
    
        decode_kv = WelfordAccumulator()
        if batch.forward_mode.is_mixed():
            for req in batch.decoding_reqs or []:
                decode_kv.add(req.seqlen)
        elif batch.forward_mode.is_decode():
>           for sl in batch.seq_lens_cpu:
E           TypeError: 'NoneType' object is not iterable

python/sglang/srt/managers/scheduler_components/metrics_reporter.py:390: TypeError
=============================== warnings summary ===============================
../../opt/venv/lib/python3.12/site-packages/_pytest/config/__init__.py:1434
  /opt/venv/lib/python3.12/site-packages/_pytest/config/__init__.py:1434: PytestConfigWarning: Unknown config option: asyncio_mode
  
    self._warn_or_fail_if_strict(f"Unknown config option: {key}\n")

../../opt/venv/lib/python3.12/site-packages/torch/jit/_script.py:365: 14 warnings
  /opt/venv/lib/python3.12/site-packages/torch/jit/_script.py:365: DeprecationWarning: `torch.jit.script_method` is deprecated. Please switch to `torch.compile` or `torch.export`.
    warnings.warn(

../../opt/venv/lib/python3.12/site-packages/Cython/Distutils/old_build_ext.py:15
../../opt/venv/lib/python3.12/site-packages/Cython/Distutils/old_build_ext.py:15
  /opt/venv/lib/python3.12/site-packages/Cython/Distutils/old_build_ext.py:15: DeprecationWarning: dep_util is Deprecated. Use functions from setuptools instead.
    from distutils.dep_util import newer, newer_group

-- Docs: https://docs.pytest.org/en/stable/how-to/capture-warnings.html
=========================== short test summary info ============================
FAILED test/registered/unit/observability/test_forward_pass_metrics.py::TestForwardPassMetrics::test_emit_decode_batch_falls_back_when_seq_lens_cpu_is_none
FAILED test/registered/unit/observability/test_forward_pass_metrics.py::TestForwardPassMetrics::test_empty_decode_batch_with_no_seq_lens_cpu_reports_zero
2 failed, 1 passed, 18 deselected, 17 warnings in 26.69s
