...F..F.F.....                                                         [100%]
=================================== FAILURES ===================================
_ TestPendingPrefillAbortGate.test_abort_is_excluded_before_optimistic_decode __

self = <test_scheduler_chunked_req_gate.TestPendingPrefillAbortGate testMethod=test_abort_is_excluded_before_optimistic_decode>

    def test_abort_is_excluded_before_optimistic_decode(self):
        scheduled_reqs, aborted_prefill, live_prefill, aborted_decode = (
            self._scheduled_reqs(has_pending_result=True)
        )
    
>       self.assertNotIn(aborted_prefill, scheduled_reqs)
E       AssertionError: <MagicMock id='133739086513120'> unexpectedly found in [<MagicMock id='133739086513120'>, <MagicMock id='133739086516912'>, <MagicMock id='133739086520704'>]

test/registered/unit/managers/test_scheduler_chunked_req_gate.py:239: AssertionError

During handling of the above exception, another exception occurred:
python/sglang/test/test_utils.py:2194: in _callTestMethod
    retry(
_ _ _ _ _ _ _ _ _ _ _ _ _ _ _ _ _ _ _ _ _ _ _ _ _ _ _ _ _ _ _ _ _ _ _ _ _ _ _ _ 

fn = <function CustomTestCase._callTestMethod.<locals>.<lambda> at 0x79a28ebc6840>
max_retry = 0, initial_delay = 2.0, max_delay = 60.0
should_retry = <function <lambda> at 0x79ab75886840>

    def retry(
        fn,
        max_retry: int,
        initial_delay: float = 2.0,
        max_delay: float = 60.0,
        should_retry: Callable[[Any], bool] = lambda e: True,
    ):
        for try_index in itertools.count():
            try:
                return fn()
            except SkipTest:
                # Do NOT retry skipped tests - used in CI and unittest
                raise
            except _ShouldStop:
                # `unittest.case._ShouldStop` is raised by `subTest.__exit__`
                # when a subtest fails/skips and `result.failfast` is True
                # (CI invokes `python3 file.py -f`). It signals the outer
                # `testPartExecutor` to stop the test method cleanly; do
                # NOT retry, just propagate so unittest handles it.
                raise
            except Exception as e:
                traceback.print_exc()
    
                if try_index >= max_retry:
>                   raise Exception(f"retry() exceed maximum number of retries.")
E                   Exception: retry() exceed maximum number of retries.

python/sglang/srt/utils/common.py:3529: Exception
----------------------------- Captured stdout call -----------------------------
[CI Test Method] TestPendingPrefillAbortGate.test_abort_is_excluded_before_optimistic_decode
----------------------------- Captured stderr call -----------------------------
Traceback (most recent call last):
  File "/job/repo/python/sglang/srt/utils/common.py", line 3514, in retry
    return fn()
           ^^^^
  File "/job/repo/python/sglang/test/test_utils.py", line 2195, in <lambda>
    lambda: super(CustomTestCase, self)._callTestMethod(method),
            ^^^^^^^^^^^^^^^^^^^^^^^^^^^^^^^^^^^^^^^^^^^^^^^^^^^
  File "/usr/lib/python3.12/unittest/case.py", line 589, in _callTestMethod
    if method() is not None:
       ^^^^^^^^
  File "/job/repo/test/registered/unit/managers/test_scheduler_chunked_req_gate.py", line 239, in test_abort_is_excluded_before_optimistic_decode
    self.assertNotIn(aborted_prefill, scheduled_reqs)
  File "/usr/lib/python3.12/unittest/case.py", line 1159, in assertNotIn
    self.fail(self._formatMessage(msg, standardMsg))
  File "/usr/lib/python3.12/unittest/case.py", line 715, in fail
    raise self.failureException(msg)
AssertionError: <MagicMock id='133739086513120'> unexpectedly found in [<MagicMock id='133739086513120'>, <MagicMock id='133739086516912'>, <MagicMock id='133739086520704'>]
_ TestPrefillHiddenStateOffsets.test_aborted_final_prefill_drops_metadata_but_advances_logprob_offset _

self = <test_batch_result_processor_hidden_states.TestPrefillHiddenStateOffsets testMethod=test_aborted_final_prefill_drops_metadata_but_advances_logprob_offset>

    def test_aborted_final_prefill_drops_metadata_but_advances_logprob_offset(self):
>       self._assert_aborted_final_prefill()

test/registered/unit/managers/test_batch_result_processor_hidden_states.py:210: 
_ _ _ _ _ _ _ _ _ _ _ _ _ _ _ _ _ _ _ _ _ _ _ _ _ _ _ _ _ _ _ _ _ _ _ _ _ _ _ _ 
test/registered/unit/managers/test_batch_result_processor_hidden_states.py:293: in _assert_aborted_final_prefill
    processor.process_batch_result_prefill(batch, result)
python/sglang/srt/managers/scheduler_components/batch_result_processor.py:481: in process_batch_result_prefill
    self.output_streamer.stream_output(
/usr/lib/python3.12/unittest/mock.py:1134: in __call__
    return self._mock_call(*args, **kwargs)
           ^^^^^^^^^^^^^^^^^^^^^^^^^^^^^^^^
/usr/lib/python3.12/unittest/mock.py:1138: in _mock_call
    return self._execute_mock_call(*args, **kwargs)
           ^^^^^^^^^^^^^^^^^^^^^^^^^^^^^^^^^^^^^^^^
/usr/lib/python3.12/unittest/mock.py:1199: in _execute_mock_call
    result = effect(*args, **kwargs)
             ^^^^^^^^^^^^^^^^^^^^^^^
test/registered/unit/managers/test_batch_result_processor_hidden_states.py:272: in assert_clean_before_stream
    self.assertEqual(reqs[0].output_ids, [])
E   AssertionError: Lists differ: [101] != []
E   
E   First list contains 1 additional elements.
E   First extra element 0:
E   101
E   
E   - [101]
E   + []

During handling of the above exception, another exception occurred:
python/sglang/test/test_utils.py:2194: in _callTestMethod
    retry(
_ _ _ _ _ _ _ _ _ _ _ _ _ _ _ _ _ _ _ _ _ _ _ _ _ _ _ _ _ _ _ _ _ _ _ _ _ _ _ _ 

fn = <function CustomTestCase._callTestMethod.<locals>.<lambda> at 0x79a28ea3d620>
max_retry = 0, initial_delay = 2.0, max_delay = 60.0
should_retry = <function <lambda> at 0x79ab75886840>

    def retry(
        fn,
        max_retry: int,
        initial_delay: float = 2.0,
        max_delay: float = 60.0,
        should_retry: Callable[[Any], bool] = lambda e: True,
    ):
        for try_index in itertools.count():
            try:
                return fn()
            except SkipTest:
                # Do NOT retry skipped tests - used in CI and unittest
                raise
            except _ShouldStop:
                # `unittest.case._ShouldStop` is raised by `subTest.__exit__`
                # when a subtest fails/skips and `result.failfast` is True
                # (CI invokes `python3 file.py -f`). It signals the outer
                # `testPartExecutor` to stop the test method cleanly; do
                # NOT retry, just propagate so unittest handles it.
                raise
            except Exception as e:
                traceback.print_exc()
    
                if try_index >= max_retry:
>                   raise Exception(f"retry() exceed maximum number of retries.")
E                   Exception: retry() exceed maximum number of retries.

python/sglang/srt/utils/common.py:3529: Exception
----------------------------- Captured stdout call -----------------------------
[CI Test Method] TestPrefillHiddenStateOffsets.test_aborted_final_prefill_drops_metadata_but_advances_logprob_offset
----------------------------- Captured stderr call -----------------------------
Traceback (most recent call last):
  File "/job/repo/python/sglang/srt/utils/common.py", line 3514, in retry
    return fn()
           ^^^^
  File "/job/repo/python/sglang/test/test_utils.py", line 2195, in <lambda>
    lambda: super(CustomTestCase, self)._callTestMethod(method),
            ^^^^^^^^^^^^^^^^^^^^^^^^^^^^^^^^^^^^^^^^^^^^^^^^^^^
  File "/usr/lib/python3.12/unittest/case.py", line 589, in _callTestMethod
    if method() is not None:
       ^^^^^^^^
  File "/job/repo/test/registered/unit/managers/test_batch_result_processor_hidden_states.py", line 210, in test_aborted_final_prefill_drops_metadata_but_advances_logprob_offset
    self._assert_aborted_final_prefill()
  File "/job/repo/test/registered/unit/managers/test_batch_result_processor_hidden_states.py", line 293, in _assert_aborted_final_prefill
    processor.process_batch_result_prefill(batch, result)
  File "/job/repo/python/sglang/srt/managers/scheduler_components/batch_result_processor.py", line 481, in process_batch_result_prefill
    self.output_streamer.stream_output(
  File "/usr/lib/python3.12/unittest/mock.py", line 1134, in __call__
    return self._mock_call(*args, **kwargs)
           ^^^^^^^^^^^^^^^^^^^^^^^^^^^^^^^^
  File "/usr/lib/python3.12/unittest/mock.py", line 1138, in _mock_call
    return self._execute_mock_call(*args, **kwargs)
           ^^^^^^^^^^^^^^^^^^^^^^^^^^^^^^^^^^^^^^^^
  File "/usr/lib/python3.12/unittest/mock.py", line 1199, in _execute_mock_call
    result = effect(*args, **kwargs)
             ^^^^^^^^^^^^^^^^^^^^^^^
  File "/job/repo/test/registered/unit/managers/test_batch_result_processor_hidden_states.py", line 272, in assert_clean_before_stream
    self.assertEqual(reqs[0].output_ids, [])
  File "/usr/lib/python3.12/unittest/case.py", line 885, in assertEqual
    assertion_func(first, second, msg=msg)
  File "/usr/lib/python3.12/unittest/case.py", line 1091, in assertListEqual
    self.assertSequenceEqual(list1, list2, msg, seq_type=list)
  File "/usr/lib/python3.12/unittest/case.py", line 1073, in assertSequenceEqual
    self.fail(msg)
  File "/usr/lib/python3.12/unittest/case.py", line 715, in fail
    raise self.failureException(msg)
AssertionError: Lists differ: [101] != []

First list contains 1 additional elements.
First extra element 0:
101

- [101]
+ []
_ TestPrefillHiddenStateOffsets.test_pending_abort_wins_over_sampling_mask_overflow _

self = <test_batch_result_processor_hidden_states.TestPrefillHiddenStateOffsets testMethod=test_pending_abort_wins_over_sampling_mask_overflow>

    def test_pending_abort_wins_over_sampling_mask_overflow(self):
>       self._assert_aborted_final_prefill(SamplingMaskStatus.OVERFLOW)

test/registered/unit/managers/test_batch_result_processor_hidden_states.py:213: 
_ _ _ _ _ _ _ _ _ _ _ _ _ _ _ _ _ _ _ _ _ _ _ _ _ _ _ _ _ _ _ _ _ _ _ _ _ _ _ _ 
test/registered/unit/managers/test_batch_result_processor_hidden_states.py:296: in _assert_aborted_final_prefill
    self.assertIs(aborted.finished_reason, abort_reason)
E   AssertionError: <sglang.srt.managers.schedule_batch.FINISH_ABORT object at 0x79a28ebbd940> is not <object object at 0x79a28de60710>

During handling of the above exception, another exception occurred:
python/sglang/test/test_utils.py:2194: in _callTestMethod
    retry(
_ _ _ _ _ _ _ _ _ _ _ _ _ _ _ _ _ _ _ _ _ _ _ _ _ _ _ _ _ _ _ _ _ _ _ _ _ _ _ _ 

fn = <function CustomTestCase._callTestMethod.<locals>.<lambda> at 0x79a28ea79800>
max_retry = 0, initial_delay = 2.0, max_delay = 60.0
should_retry = <function <lambda> at 0x79ab75886840>

    def retry(
        fn,
        max_retry: int,
        initial_delay: float = 2.0,
        max_delay: float = 60.0,
        should_retry: Callable[[Any], bool] = lambda e: True,
    ):
        for try_index in itertools.count():
            try:
                return fn()
            except SkipTest:
                # Do NOT retry skipped tests - used in CI and unittest
                raise
            except _ShouldStop:
                # `unittest.case._ShouldStop` is raised by `subTest.__exit__`
                # when a subtest fails/skips and `result.failfast` is True
                # (CI invokes `python3 file.py -f`). It signals the outer
                # `testPartExecutor` to stop the test method cleanly; do
                # NOT retry, just propagate so unittest handles it.
                raise
            except Exception as e:
                traceback.print_exc()
    
                if try_index >= max_retry:
>                   raise Exception(f"retry() exceed maximum number of retries.")
E                   Exception: retry() exceed maximum number of retries.

python/sglang/srt/utils/common.py:3529: Exception
----------------------------- Captured stdout call -----------------------------
[CI Test Method] TestPrefillHiddenStateOffsets.test_pending_abort_wins_over_sampling_mask_overflow
----------------------------- Captured stderr call -----------------------------
Traceback (most recent call last):
  File "/job/repo/python/sglang/srt/utils/common.py", line 3514, in retry
    return fn()
           ^^^^
  File "/job/repo/python/sglang/test/test_utils.py", line 2195, in <lambda>
    lambda: super(CustomTestCase, self)._callTestMethod(method),
            ^^^^^^^^^^^^^^^^^^^^^^^^^^^^^^^^^^^^^^^^^^^^^^^^^^^
  File "/usr/lib/python3.12/unittest/case.py", line 589, in _callTestMethod
    if method() is not None:
       ^^^^^^^^
  File "/job/repo/test/registered/unit/managers/test_batch_result_processor_hidden_states.py", line 213, in test_pending_abort_wins_over_sampling_mask_overflow
    self._assert_aborted_final_prefill(SamplingMaskStatus.OVERFLOW)
  File "/job/repo/test/registered/unit/managers/test_batch_result_processor_hidden_states.py", line 296, in _assert_aborted_final_prefill
    self.assertIs(aborted.finished_reason, abort_reason)
  File "/usr/lib/python3.12/unittest/case.py", line 1166, in assertIs
    self.fail(self._formatMessage(msg, standardMsg))
  File "/usr/lib/python3.12/unittest/case.py", line 715, in fail
    raise self.failureException(msg)
AssertionError: <sglang.srt.managers.schedule_batch.FINISH_ABORT object at 0x79a28ebbd940> is not <object object at 0x79a28de60710>
=============================== warnings summary ===============================
../../opt/venv/lib/python3.12/site-packages/_pytest/config/__init__.py:1434
  /opt/venv/lib/python3.12/site-packages/_pytest/config/__init__.py:1434: PytestConfigWarning: Unknown config option: asyncio_mode
  
    self._warn_or_fail_if_strict(f"Unknown config option: {key}\n")

../../opt/venv/lib/python3.12/site-packages/torch/jit/_script.py:365: 14 warnings
  /opt/venv/lib/python3.12/site-packages/torch/jit/_script.py:365: DeprecationWarning: `torch.jit.script_method` is deprecated. Please switch to `torch.compile` or `torch.export`.
    warnings.warn(

../../opt/venv/lib/python3.12/site-packages/Cython/Distutils/old_build_ext.py:15
../../opt/venv/lib/python3.12/site-packages/Cython/Distutils/old_build_ext.py:15
  /opt/venv/lib/python3.12/site-packages/Cython/Distutils/old_build_ext.py:15: DeprecationWarning: dep_util is Deprecated. Use functions from setuptools instead.
    from distutils.dep_util import newer, newer_group

-- Docs: https://docs.pytest.org/en/stable/how-to/capture-warnings.html
=========================== short test summary info ============================
FAILED test/registered/unit/managers/test_scheduler_chunked_req_gate.py::TestPendingPrefillAbortGate::test_abort_is_excluded_before_optimistic_decode
FAILED test/registered/unit/managers/test_batch_result_processor_hidden_states.py::TestPrefillHiddenStateOffsets::test_aborted_final_prefill_drops_metadata_but_advances_logprob_offset
FAILED test/registered/unit/managers/test_batch_result_processor_hidden_states.py::TestPrefillHiddenStateOffsets::test_pending_abort_wins_over_sampling_mask_overflow
3 failed, 11 passed, 17 warnings, 2 subtests passed in 20.43s
