/opt/venv/lib/python3.12/site-packages/triton/backends/amd/compiler.py:100: UserWarning: kpack is deprecated starting from gfx950 and will be removed in later releases. So for now kpack = 2 will be overwritten to 1 to make transitioning easier.
  warnings.warn(
{
  "environment": {
    "python": "3.12.3",
    "torch": "2.11.0+rocm7.2",
    "hip": "7.2.26015",
    "triton": "3.7.0",
    "device": "AMD Instinct MI350X",
    "device_properties": "_CudaDeviceProperties(name='AMD Instinct MI350X', major=9, minor=5, gcnArchName='gfx950:sramecc+:xnack-', total_memory=258032MB, multi_processor_count=256, uuid=35393364-3436-6631-6462-623564636535, pci_bus_id=102, pci_device_id=0, pci_domain_id=0, L2_cache_size=4MB)"
  },
  "elapsed_seconds": 3.505295515060425,
  "results": [
    {
      "lengths": [
        200
      ],
      "batch": 1,
      "query_heads": 32,
      "kv_heads": 8,
      "head_dim": 128,
      "scheduler_splits": [
        29
      ],
      "latency_us_median": 60.72099879384041,
      "latency_us_min": 57.87999927997589,
      "single_split_latency_us_median": 61.36099994182587,
      "single_split_latency_us_min": 56.60099908709526,
      "max_abs_error": 0.0012702643871307373,
      "mean_abs_error": 0.0001839684264268726,
      "max_relative_error": 19.655561447143555,
      "allclose_atol_2e-2_rtol_2e-2": true,
      "finite": true
    },
    {
      "lengths": [
        2000
      ],
      "batch": 1,
      "query_heads": 32,
      "kv_heads": 8,
      "head_dim": 128,
      "scheduler_splits": [
        32
      ],
      "latency_us_median": 68.4410035610199,
      "latency_us_min": 63.76100331544876,
      "single_split_latency_us_median": 126.64100527763367,
      "single_split_latency_us_min": 124.92100149393082,
      "max_abs_error": 0.000510871410369873,
      "mean_abs_error": 5.8033074310515076e-05,
      "max_relative_error": 4.245620250701904,
      "allclose_atol_2e-2_rtol_2e-2": true,
      "finite": true
    },
    {
      "lengths": [
        8192
      ],
      "batch": 1,
      "query_heads": 32,
      "kv_heads": 8,
      "head_dim": 128,
      "scheduler_splits": [
        32
      ],
      "latency_us_median": 68.24100017547607,
      "latency_us_min": 63.76100331544876,
      "single_split_latency_us_median": 520.766019821167,
      "single_split_latency_us_min": 516.2060260772705,
      "max_abs_error": 0.00022279471158981323,
      "mean_abs_error": 2.9999802791280672e-05,
      "max_relative_error": 0.39831069111824036,
      "allclose_atol_2e-2_rtol_2e-2": true,
      "finite": true
    },
    {
      "lengths": [
        32768
      ],
      "batch": 1,
      "query_heads": 32,
      "kv_heads": 8,
      "head_dim": 128,
      "scheduler_splits": [
        32
      ],
      "latency_us_median": 115.56100100278854,
      "latency_us_min": 110.92100292444229,
      "single_split_latency_us_median": 2031.822919845581,
      "single_split_latency_us_min": 2001.3840198516846,
      "max_abs_error": 8.763745427131653e-05,
      "mean_abs_error": 1.5435023669851944e-05,
      "max_relative_error": 1.862889051437378,
      "allclose_atol_2e-2_rtol_2e-2": true,
      "finite": true
    },
    {
      "lengths": [
        200,
        200,
        200,
        200,
        200,
        200,
        200,
        200
      ],
      "batch": 8,
      "query_heads": 32,
      "kv_heads": 8,
      "head_dim": 128,
      "scheduler_splits": [
        7,
        7,
        7,
        7,
        7,
        7,
        7,
        7
      ],
      "latency_us_median": 61.441000550985336,
      "latency_us_min": 58.56100097298622,
      "single_split_latency_us_median": 61.319999396800995,
      "single_split_latency_us_min": 58.8809996843338,
      "max_abs_error": 0.0018147826194763184,
      "mean_abs_error": 0.00017644456238485873,
      "max_relative_error": 18.414731979370117,
      "allclose_atol_2e-2_rtol_2e-2": true,
      "finite": true
    },
    {
      "lengths": [
        2000,
        2000,
        2000,
        2000,
        2000,
        2000,
        2000,
        2000
      ],
      "batch": 8,
      "query_heads": 32,
      "kv_heads": 8,
      "head_dim": 128,
      "scheduler_splits": [
        20,
        20,
        20,
        20,
        20,
        20,
        20,
        20
      ],
      "latency_us_median": 83.12100172042847,
      "latency_us_min": 77.2010013461113,
      "single_split_latency_us_median": 161.36200726032257,
      "single_split_latency_us_min": 155.64200282096863,
      "max_abs_error": 0.0008155107498168945,
      "mean_abs_error": 5.9702128055505455e-05,
      "max_relative_error": 5.197780132293701,
      "allclose_atol_2e-2_rtol_2e-2": true,
      "finite": true
    },
    {
      "lengths": [
        31,
        32,
        33,
        63,
        64,
        65,
        199,
        200
      ],
      "batch": 8,
      "query_heads": 32,
      "kv_heads": 8,
      "head_dim": 128,
      "scheduler_splits": [
        2,
        2,
        2,
        3,
        3,
        3,
        7,
        7
      ],
      "latency_us_median": 61.039999127388,
      "latency_us_min": 58.60099941492081,
      "single_split_latency_us_median": 61.921000480651855,
      "single_split_latency_us_min": 59.00000035762787,
      "max_abs_error": 0.003776073455810547,
      "mean_abs_error": 0.00031212071189656854,
      "max_relative_error": 13.055776596069336,
      "allclose_atol_2e-2_rtol_2e-2": true,
      "finite": true
    },
    {
      "lengths": [
        1999,
        2000,
        2001
      ],
      "batch": 3,
      "query_heads": 32,
      "kv_heads": 8,
      "head_dim": 128,
      "scheduler_splits": [
        32,
        32,
        32
      ],
      "latency_us_median": 67.84100085496902,
      "latency_us_min": 61.96000054478645,
      "single_split_latency_us_median": 151.84099972248077,
      "single_split_latency_us_min": 148.28099310398102,
      "max_abs_error": 0.0004925727844238281,
      "mean_abs_error": 5.728100222768262e-05,
      "max_relative_error": 8.33007526397705,
      "allclose_atol_2e-2_rtol_2e-2": true,
      "finite": true
    },
    {
      "lengths": [
        200
      ],
      "batch": 1,
      "query_heads": 32,
      "kv_heads": 32,
      "head_dim": 128,
      "scheduler_splits": [
        14
      ],
      "latency_us_median": 56.400999426841736,
      "latency_us_min": 53.44099923968315,
      "single_split_latency_us_median": 74.8009979724884,
      "single_split_latency_us_min": 72.64100015163422,
      "max_abs_error": 0.0068807899951934814,
      "mean_abs_error": 0.000627539586275816,
      "max_relative_error": 39.29745864868164,
      "allclose_atol_2e-2_rtol_2e-2": true,
      "finite": true
    },
    {
      "lengths": [
        2000
      ],
      "batch": 1,
      "query_heads": 32,
      "kv_heads": 32,
      "head_dim": 128,
      "scheduler_splits": [
        32
      ],
      "latency_us_median": 66.20000302791595,
      "latency_us_min": 62.32000142335892,
      "single_split_latency_us_median": 477.4459898471832,
      "single_split_latency_us_min": 473.5249876976013,
      "max_abs_error": 0.001497570425271988,
      "mean_abs_error": 0.00022964099480304867,
      "max_relative_error": 59.21759033203125,
      "allclose_atol_2e-2_rtol_2e-2": true,
      "finite": true
    }
  ]
}
