FF.FF.                                                            [100%]
=================================== FAILURES ===================================
__________ TestCascadeSelection.test_common_prefix_rejects_non_matrix __________

self = <test_flashinfer_cascade_attention.TestCascadeSelection testMethod=test_common_prefix_rejects_non_matrix>

    def test_common_prefix_rejects_non_matrix(self):
        with self.assertRaisesRegex(ValueError, "2-D token table"):
>           backend.common_prefix_length(torch.tensor([1, 2, 3]))
            ^^^^^^^^^^^^^^^^^^^^^^^^^^^^
E           AttributeError: module 'sglang.srt.layers.attention.flashinfer_backend' has no attribute 'common_prefix_length'

test/registered/unit/test_flashinfer_cascade_attention.py:20: AttributeError
_______ TestCascadeSelection.test_common_prefix_stops_at_first_mismatch ________

self = <test_flashinfer_cascade_attention.TestCascadeSelection testMethod=test_common_prefix_stops_at_first_mismatch>

    def test_common_prefix_stops_at_first_mismatch(self):
        rows = torch.tensor(
            [[10, 11, 12, 13, 14], [10, 11, 99, 13, 14], [10, 11, 12, 13, 14]]
        )
>       self.assertEqual(backend.common_prefix_length(rows), 2)
                         ^^^^^^^^^^^^^^^^^^^^^^^^^^^^
E       AttributeError: module 'sglang.srt.layers.attention.flashinfer_backend' has no attribute 'common_prefix_length'

test/registered/unit/test_flashinfer_cascade_attention.py:16: AttributeError
___ TestCascadeSelection.test_profitability_boundaries (args=(3, 900, 1000)) ___

self = <test_flashinfer_cascade_attention.TestCascadeSelection testMethod=test_profitability_boundaries>

    def test_profitability_boundaries(self):
        cases = [
            ((3, 900, 1000), False),
            ((4, 511, 600), False),
            ((4, 512, 1025), False),
            ((4, 800, 1000), True),
            ((15, 600, 1000), False),
            ((16, 600, 1000), True),
            ((32, 512, 0), False),
        ]
        for args, expected in cases:
            with self.subTest(args=args):
>               self.assertEqual(backend.should_use_cascade_attention(*args), expected)
                                 ^^^^^^^^^^^^^^^^^^^^^^^^^^^^^^^^^^^^
E               AttributeError: module 'sglang.srt.layers.attention.flashinfer_backend' has no attribute 'should_use_cascade_attention'

test/registered/unit/test_flashinfer_cascade_attention.py:34: AttributeError
___ TestCascadeSelection.test_profitability_boundaries (args=(4, 511, 600)) ____

self = <test_flashinfer_cascade_attention.TestCascadeSelection testMethod=test_profitability_boundaries>

    def test_profitability_boundaries(self):
        cases = [
            ((3, 900, 1000), False),
            ((4, 511, 600), False),
            ((4, 512, 1025), False),
            ((4, 800, 1000), True),
            ((15, 600, 1000), False),
            ((16, 600, 1000), True),
            ((32, 512, 0), False),
        ]
        for args, expected in cases:
            with self.subTest(args=args):
>               self.assertEqual(backend.should_use_cascade_attention(*args), expected)
                                 ^^^^^^^^^^^^^^^^^^^^^^^^^^^^^^^^^^^^
E               AttributeError: module 'sglang.srt.layers.attention.flashinfer_backend' has no attribute 'should_use_cascade_attention'

test/registered/unit/test_flashinfer_cascade_attention.py:34: AttributeError
___ TestCascadeSelection.test_profitability_boundaries (args=(4, 512, 1025)) ___

self = <test_flashinfer_cascade_attention.TestCascadeSelection testMethod=test_profitability_boundaries>

    def test_profitability_boundaries(self):
        cases = [
            ((3, 900, 1000), False),
            ((4, 511, 600), False),
            ((4, 512, 1025), False),
            ((4, 800, 1000), True),
            ((15, 600, 1000), False),
            ((16, 600, 1000), True),
            ((32, 512, 0), False),
        ]
        for args, expected in cases:
            with self.subTest(args=args):
>               self.assertEqual(backend.should_use_cascade_attention(*args), expected)
                                 ^^^^^^^^^^^^^^^^^^^^^^^^^^^^^^^^^^^^
E               AttributeError: module 'sglang.srt.layers.attention.flashinfer_backend' has no attribute 'should_use_cascade_attention'

test/registered/unit/test_flashinfer_cascade_attention.py:34: AttributeError
___ TestCascadeSelection.test_profitability_boundaries (args=(4, 800, 1000)) ___

self = <test_flashinfer_cascade_attention.TestCascadeSelection testMethod=test_profitability_boundaries>

    def test_profitability_boundaries(self):
        cases = [
            ((3, 900, 1000), False),
            ((4, 511, 600), False),
            ((4, 512, 1025), False),
            ((4, 800, 1000), True),
            ((15, 600, 1000), False),
            ((16, 600, 1000), True),
            ((32, 512, 0), False),
        ]
        for args, expected in cases:
            with self.subTest(args=args):
>               self.assertEqual(backend.should_use_cascade_attention(*args), expected)
                                 ^^^^^^^^^^^^^^^^^^^^^^^^^^^^^^^^^^^^
E               AttributeError: module 'sglang.srt.layers.attention.flashinfer_backend' has no attribute 'should_use_cascade_attention'

test/registered/unit/test_flashinfer_cascade_attention.py:34: AttributeError
__ TestCascadeSelection.test_profitability_boundaries (args=(15, 600, 1000)) ___

self = <test_flashinfer_cascade_attention.TestCascadeSelection testMethod=test_profitability_boundaries>

    def test_profitability_boundaries(self):
        cases = [
            ((3, 900, 1000), False),
            ((4, 511, 600), False),
            ((4, 512, 1025), False),
            ((4, 800, 1000), True),
            ((15, 600, 1000), False),
            ((16, 600, 1000), True),
            ((32, 512, 0), False),
        ]
        for args, expected in cases:
            with self.subTest(args=args):
>               self.assertEqual(backend.should_use_cascade_attention(*args), expected)
                                 ^^^^^^^^^^^^^^^^^^^^^^^^^^^^^^^^^^^^
E               AttributeError: module 'sglang.srt.layers.attention.flashinfer_backend' has no attribute 'should_use_cascade_attention'

test/registered/unit/test_flashinfer_cascade_attention.py:34: AttributeError
__ TestCascadeSelection.test_profitability_boundaries (args=(16, 600, 1000)) ___

self = <test_flashinfer_cascade_attention.TestCascadeSelection testMethod=test_profitability_boundaries>

    def test_profitability_boundaries(self):
        cases = [
            ((3, 900, 1000), False),
            ((4, 511, 600), False),
            ((4, 512, 1025), False),
            ((4, 800, 1000), True),
            ((15, 600, 1000), False),
            ((16, 600, 1000), True),
            ((32, 512, 0), False),
        ]
        for args, expected in cases:
            with self.subTest(args=args):
>               self.assertEqual(backend.should_use_cascade_attention(*args), expected)
                                 ^^^^^^^^^^^^^^^^^^^^^^^^^^^^^^^^^^^^
E               AttributeError: module 'sglang.srt.layers.attention.flashinfer_backend' has no attribute 'should_use_cascade_attention'

test/registered/unit/test_flashinfer_cascade_attention.py:34: AttributeError
____ TestCascadeSelection.test_profitability_boundaries (args=(32, 512, 0)) ____

self = <test_flashinfer_cascade_attention.TestCascadeSelection testMethod=test_profitability_boundaries>

    def test_profitability_boundaries(self):
        cases = [
            ((3, 900, 1000), False),
            ((4, 511, 600), False),
            ((4, 512, 1025), False),
            ((4, 800, 1000), True),
            ((15, 600, 1000), False),
            ((16, 600, 1000), True),
            ((32, 512, 0), False),
        ]
        for args, expected in cases:
            with self.subTest(args=args):
>               self.assertEqual(backend.should_use_cascade_attention(*args), expected)
                                 ^^^^^^^^^^^^^^^^^^^^^^^^^^^^^^^^^^^^
E               AttributeError: module 'sglang.srt.layers.attention.flashinfer_backend' has no attribute 'should_use_cascade_attention'

test/registered/unit/test_flashinfer_cascade_attention.py:34: AttributeError
_______ TestCascadeForward.test_forwards_layer_scales_and_merges_states ________

self = <test_flashinfer_cascade_attention.TestCascadeForward testMethod=test_forwards_layer_scales_and_merges_states>

    def test_forwards_layer_scales_and_merges_states(self):
        shared = Mock()
        unique = Mock()
        shared.forward_return_lse.return_value = (
            torch.full((2, 3, 4), 1.0),
            torch.full((2, 3), 2.0),
        )
        unique.forward_return_lse.return_value = (
            torch.full((2, 3, 4), 3.0),
            torch.full((2, 3), 4.0),
        )
        attn = backend.FlashInferAttnBackend.__new__(backend.FlashInferAttnBackend)
>       attn.forward_metadata = backend.DecodeMetadata(
            decode_wrappers=[Mock()], cascade_wrappers=[shared, unique]
        )
E       TypeError: DecodeMetadata.__init__() got an unexpected keyword argument 'cascade_wrappers'

test/registered/unit/test_flashinfer_cascade_attention.py:122: TypeError
__ TestCascadeForward.test_index_updater_splits_shared_and_unique_page_tables __

self = <test_flashinfer_cascade_attention.TestCascadeForward testMethod=test_index_updater_splits_shared_and_unique_page_tables>

    def test_index_updater_splits_shared_and_unique_page_tables(self):
        token_table = torch.tensor(
            [
                [10, 11, 12, 20, 21, 22],
                [10, 11, 12, 30, 31, 32],
                [10, 11, 12, 40, 41, 42],
                [10, 11, 12, 50, 51, 52],
            ],
            dtype=torch.int32,
        )
    
        class Translator:
            def fill_packed_read_stream(
                self,
                *,
                req_pool_indices,
                seq_lens,
                indptr,
                total_tokens,
                out,
                kv_start_idx,
                sliding_window,
            ):
                self.assertFalse(sliding_window)
                offset = 0
                for request_idx, (row, length) in enumerate(
                    zip(req_pool_indices.tolist(), seq_lens.tolist())
                ):
                    start = (
                        0 if kv_start_idx is None else int(kv_start_idx[request_idx])
                    )
                    out[offset : offset + length] = token_table[row, start : start + length]
                    offset += length
    
            assertFalse = staticmethod(unittest.TestCase().assertFalse)
    
>       updater = backend.FlashInferIndicesUpdaterCascadeDecode.__new__(
                  ^^^^^^^^^^^^^^^^^^^^^^^^^^^^^^^^^^^^^^^^^^^^^
            backend.FlashInferIndicesUpdaterCascadeDecode
        )
E       AttributeError: module 'sglang.srt.layers.attention.flashinfer_backend' has no attribute 'FlashInferIndicesUpdaterCascadeDecode'. Did you mean: 'FlashInferIndicesUpdaterDecode'?

test/registered/unit/test_flashinfer_cascade_attention.py:74: AttributeError
=============================== warnings summary ===============================
../../../opt/venv/lib/python3.12/site-packages/_pytest/config/__init__.py:1434
  /opt/venv/lib/python3.12/site-packages/_pytest/config/__init__.py:1434: PytestConfigWarning: Unknown config option: asyncio_mode
  
    self._warn_or_fail_if_strict(f"Unknown config option: {key}\n")

../../../opt/venv/lib/python3.12/site-packages/torch/jit/_script.py:365: 14 warnings
  /opt/venv/lib/python3.12/site-packages/torch/jit/_script.py:365: DeprecationWarning: `torch.jit.script_method` is deprecated. Please switch to `torch.compile` or `torch.export`.
    warnings.warn(

../../../opt/venv/lib/python3.12/site-packages/Cython/Distutils/old_build_ext.py:15
../../../opt/venv/lib/python3.12/site-packages/Cython/Distutils/old_build_ext.py:15
  /opt/venv/lib/python3.12/site-packages/Cython/Distutils/old_build_ext.py:15: DeprecationWarning: dep_util is Deprecated. Use functions from setuptools instead.
    from distutils.dep_util import newer, newer_group

-- Docs: https://docs.pytest.org/en/stable/how-to/capture-warnings.html
=========================== short test summary info ============================
FAILED test/registered/unit/test_flashinfer_cascade_attention.py::TestCascadeSelection::test_common_prefix_rejects_non_matrix
FAILED test/registered/unit/test_flashinfer_cascade_attention.py::TestCascadeSelection::test_common_prefix_stops_at_first_mismatch
SUBFAILED(args=(3, 900, 1000)) test/registered/unit/test_flashinfer_cascade_attention.py::TestCascadeSelection::test_profitability_boundaries
SUBFAILED(args=(4, 511, 600)) test/registered/unit/test_flashinfer_cascade_attention.py::TestCascadeSelection::test_profitability_boundaries
SUBFAILED(args=(4, 512, 1025)) test/registered/unit/test_flashinfer_cascade_attention.py::TestCascadeSelection::test_profitability_boundaries
SUBFAILED(args=(4, 800, 1000)) test/registered/unit/test_flashinfer_cascade_attention.py::TestCascadeSelection::test_profitability_boundaries
SUBFAILED(args=(15, 600, 1000)) test/registered/unit/test_flashinfer_cascade_attention.py::TestCascadeSelection::test_profitability_boundaries
SUBFAILED(args=(16, 600, 1000)) test/registered/unit/test_flashinfer_cascade_attention.py::TestCascadeSelection::test_profitability_boundaries
SUBFAILED(args=(32, 512, 0)) test/registered/unit/test_flashinfer_cascade_attention.py::TestCascadeSelection::test_profitability_boundaries
FAILED test/registered/unit/test_flashinfer_cascade_attention.py::TestCascadeForward::test_forwards_layer_scales_and_merges_states
FAILED test/registered/unit/test_flashinfer_cascade_attention.py::TestCascadeForward::test_index_updater_splits_shared_and_unique_page_tables
11 failed, 2 passed, 17 warnings in 13.28s
