[aiter] WARNING: NUMA balancing is enabled, which may cause errors. It is recommended to disable NUMA balancing by running "sudo sh -c 'echo 0 > /proc/sys/kernel/numa_balancing'" for more details: https://rocm.docs.amd.com/en/latest/how-to/system-optimization/mi300x.html#disable-numa-auto-balancing
[aiter] import [module_aiter_core] under /tmp/amdpilot-repo-j-345906b8206f/cache/aiter/module_aiter_core.so
============================= test session starts ==============================
platform linux -- Python 3.12.3, pytest-9.0.3, pluggy-1.6.0 -- /tmp/amdpilot-repo-j-345906b8206f/venv/bin/python
cachedir: .pytest_cache
hypothesis profile 'default'
rootdir: /job/repo/test
configfile: pytest.ini
plugins: hypothesis-6.155.0, anyio-4.15.1, typeguard-4.3.0
collecting ... collected 9 items

test/registered/unit/mem_cache/test_streaming_session_unit.py::test_session_slot_round_trip_preserves_mamba_state PASSED [ 11%]
test/registered/unit/mem_cache/test_streaming_session_unit.py::test_preabort_detaches_session_and_preserves_slot PASSED [ 22%]
test/registered/unit/mem_cache/test_streaming_session_unit.py::test_first_mid_abort_nukes_ephemeral_slot PASSED [ 33%]
test/registered/unit/mem_cache/test_streaming_session_unit.py::test_nth_mid_abort_nukes_session_slot PASSED [ 44%]
test/registered/unit/mem_cache/test_streaming_session_unit.py::test_release_session_threads_mamba_lock_receipt PASSED [ 55%]
test/registered/unit/mem_cache/test_streaming_session_unit.py::test_release_session_skips_swa_after_early_release PASSED [ 66%]
test/registered/unit/mem_cache/test_streaming_session_unit.py::test_session_slot_does_not_restore_swa_branching_seqlen PASSED [ 77%]
test/registered/unit/mem_cache/test_streaming_session_unit.py::test_trim_overshoot_postcondition PASSED [ 88%]
test/registered/unit/mem_cache/test_streaming_session_unit.py::test_trim_overshoot_keeps_cursor_page_aligned_on_paged PASSED [100%]

=============================== warnings summary ===============================
../../opt/venv/lib/python3.12/site-packages/_pytest/config/__init__.py:1309
  /opt/venv/lib/python3.12/site-packages/_pytest/config/__init__.py:1309: PytestAssertRewriteWarning: Module already imported so cannot be rewritten; anyio
    self._mark_plugins_for_rewrite(hook, disable_autoload)

../../opt/venv/lib/python3.12/site-packages/_pytest/config/__init__.py:1434
  /opt/venv/lib/python3.12/site-packages/_pytest/config/__init__.py:1434: PytestConfigWarning: Unknown config option: asyncio_mode

    self._warn_or_fail_if_strict(f"Unknown config option: {key}\n")

-- Docs: https://docs.pytest.org/en/stable/how-to/capture-warnings.html
======================== 9 passed, 2 warnings in 0.84s =========================
