FFF                                                                      [100%]
=================================== FAILURES ===================================
_ TestQwenPreprocessRequestCache.test_bypass_requires_complete_trusted_image_only_identity _

self = <test_qwen_preprocess_request_cache.TestQwenPreprocessRequestCache testMethod=test_bypass_requires_complete_trusted_image_only_identity>

    def test_bypass_requires_complete_trusted_image_only_identity(self):
        processor = _processor()
        self.assertIsNone(
>           processor._request_preprocess_cache_key(
            ^^^^^^^^^^^^^^^^^^^^^^^^^^^^^^^^^^^^^^^
                ["image"], "prompt", _request([None])
            )
        )
E       AttributeError: 'QwenVLImageProcessor' object has no attribute '_request_preprocess_cache_key'

/tmp/amdpilot-repo-j-f4da11cdf0e1/baseline.H2mrpM/test/registered/unit/multimodal/test_qwen_preprocess_request_cache.py:91: AttributeError
_ TestQwenPreprocessRequestCache.test_identity_is_ordered_prompt_and_processor_scoped _

self = <test_qwen_preprocess_request_cache.TestQwenPreprocessRequestCache testMethod=test_identity_is_ordered_prompt_and_processor_scoped>

    def test_identity_is_ordered_prompt_and_processor_scoped(self):
        processor = _processor()
        request = _request([_HASH_A, _HASH_B])
>       base = processor._request_preprocess_cache_key(
               ^^^^^^^^^^^^^^^^^^^^^^^^^^^^^^^^^^^^^^^
            ["first", "second"], "prompt", request
        )
E       AttributeError: 'QwenVLImageProcessor' object has no attribute '_request_preprocess_cache_key'

/tmp/amdpilot-repo-j-f4da11cdf0e1/baseline.H2mrpM/test/registered/unit/multimodal/test_qwen_preprocess_request_cache.py:58: AttributeError
_ TestQwenPreprocessRequestCache.test_trusted_content_id_loads_without_opening_media _

self = <test_qwen_preprocess_request_cache.TestQwenPreprocessRequestCache testMethod=test_trusted_content_id_loads_without_opening_media>

    async def test_trusted_content_id_loads_without_opening_media(self):
        processor = _processor()
        request = _request([_HASH_A])
>       key = processor._request_preprocess_cache_key(
              ^^^^^^^^^^^^^^^^^^^^^^^^^^^^^^^^^^^^^^^
            ["https://store.invalid/original.png"], "describe", request
        )
E       AttributeError: 'QwenVLImageProcessor' object has no attribute '_request_preprocess_cache_key'

/tmp/amdpilot-repo-j-f4da11cdf0e1/baseline.H2mrpM/test/registered/unit/multimodal/test_qwen_preprocess_request_cache.py:36: AttributeError
=============================== warnings summary ===============================
../../opt/venv/lib/python3.12/site-packages/_pytest/config/__init__.py:1434
  /opt/venv/lib/python3.12/site-packages/_pytest/config/__init__.py:1434: PytestConfigWarning: Unknown config option: asyncio_mode

    self._warn_or_fail_if_strict(f"Unknown config option: {key}\n")

../../opt/venv/lib/python3.12/site-packages/torch/jit/_script.py:365: 14 warnings
  /opt/venv/lib/python3.12/site-packages/torch/jit/_script.py:365: DeprecationWarning: `torch.jit.script_method` is deprecated. Please switch to `torch.compile` or `torch.export`.
    warnings.warn(

../../opt/venv/lib/python3.12/site-packages/Cython/Distutils/old_build_ext.py:15
../../opt/venv/lib/python3.12/site-packages/Cython/Distutils/old_build_ext.py:15
  /opt/venv/lib/python3.12/site-packages/Cython/Distutils/old_build_ext.py:15: DeprecationWarning: dep_util is Deprecated. Use functions from setuptools instead.
    from distutils.dep_util import newer, newer_group

-- Docs: https://docs.pytest.org/en/stable/how-to/capture-warnings.html
=========================== short test summary info ============================
FAILED ../../tmp/amdpilot-repo-j-f4da11cdf0e1/baseline.H2mrpM/test/registered/unit/multimodal/test_qwen_preprocess_request_cache.py::TestQwenPreprocessRequestCache::test_bypass_requires_complete_trusted_image_only_identity
FAILED ../../tmp/amdpilot-repo-j-f4da11cdf0e1/baseline.H2mrpM/test/registered/unit/multimodal/test_qwen_preprocess_request_cache.py::TestQwenPreprocessRequestCache::test_identity_is_ordered_prompt_and_processor_scoped
FAILED ../../tmp/amdpilot-repo-j-f4da11cdf0e1/baseline.H2mrpM/test/registered/unit/multimodal/test_qwen_preprocess_request_cache.py::TestQwenPreprocessRequestCache::test_trusted_content_id_loads_without_opening_media
3 failed, 17 warnings in 9.57s
