
*****************************************
Setting OMP_NUM_THREADS environment variable for each process to be 1 in default, to avoid your system being overloaded, please further tune the variable for optimal performance in your application as needed. 
*****************************************
rank=2 exception=TypeError: object of type 'NoneType' has no len()
/job/repo/python/sglang/srt/utils/common.py:2494: UserWarning: The given NumPy array is not writable, and PyTorch does not support non-writable tensors. This means writing to this tensor will result in undefined behavior. You may want to copy the array to protect its data or make it writable before converting it to a tensor. This type of warning will be suppressed for the rest of this program. (Triggered internally at /pytorch/torch/csrc/utils/tensor_numpy.cpp:213.)
  tensor_data = torch.ByteTensor(
[rank2]: Traceback (most recent call last):
[rank2]:   File "/job/review-evidence-j-9d1a1e8dbe15/reproduce_4rank.py", line 61, in <module>
[rank2]:     main()
[rank2]:   File "/job/review-evidence-j-9d1a1e8dbe15/reproduce_4rank.py", line 46, in main
[rank2]:     result = communication_op.attn_cp_tp_broadcast_pyobj(
[rank2]:              ^^^^^^^^^^^^^^^^^^^^^^^^^^^^^^^^^^^^^^^^^^^^
[rank2]:   File "/job/repo/python/sglang/srt/distributed/communication_op.py", line 108, in attn_cp_tp_broadcast_pyobj
[rank2]:     data = broadcast_pyobj(
[rank2]:            ^^^^^^^^^^^^^^^^
[rank2]:   File "/job/repo/python/sglang/srt/utils/common.py", line 2487, in broadcast_pyobj
[rank2]:     if len(data) == 0:
[rank2]:        ^^^^^^^^^
[rank2]: TypeError: object of type 'NoneType' has no len()
/job/repo/python/sglang/srt/utils/common.py:2494: UserWarning: The given NumPy array is not writable, and PyTorch does not support non-writable tensors. This means writing to this tensor will result in undefined behavior. You may want to copy the array to protect its data or make it writable before converting it to a tensor. This type of warning will be suppressed for the rest of this program. (Triggered internally at /pytorch/torch/csrc/utils/tensor_numpy.cpp:213.)
  tensor_data = torch.ByteTensor(
rank=0 exception=RuntimeError: [/pytorch/third_party/gloo/gloo/transport/tcp/pair.cc:547] Connection closed by peer [10.145.64.27]:62663
[rank0]: Traceback (most recent call last):
[rank0]:   File "/job/review-evidence-j-9d1a1e8dbe15/reproduce_4rank.py", line 61, in <module>
[rank0]:     main()
[rank0]:   File "/job/review-evidence-j-9d1a1e8dbe15/reproduce_4rank.py", line 46, in main
[rank0]:     result = communication_op.attn_cp_tp_broadcast_pyobj(
[rank0]:              ^^^^^^^^^^^^^^^^^^^^^^^^^^^^^^^^^^^^^^^^^^^^
[rank0]:   File "/job/repo/python/sglang/srt/distributed/communication_op.py", line 113, in attn_cp_tp_broadcast_pyobj
[rank0]:     data = broadcast_pyobj(
[rank0]:            ^^^^^^^^^^^^^^^^
[rank0]:   File "/job/repo/python/sglang/srt/utils/common.py", line 2499, in broadcast_pyobj
[rank0]:     dist.broadcast(tensor_size, src=src, group=dist_group)
[rank0]:   File "/opt/venv/lib/python3.12/site-packages/torch/distributed/c10d_logger.py", line 83, in wrapper
[rank0]:     return func(*args, **kwargs)
[rank0]:            ^^^^^^^^^^^^^^^^^^^^^
[rank0]:   File "/opt/venv/lib/python3.12/site-packages/torch/distributed/distributed_c10d.py", line 2974, in broadcast
[rank0]:     work.wait()
[rank0]: RuntimeError: [/pytorch/third_party/gloo/gloo/transport/tcp/pair.cc:547] Connection closed by peer [10.145.64.27]:62663
rank=3 exception=RuntimeError: [/pytorch/third_party/gloo/gloo/transport/tcp/pair.cc:547] Connection closed by peer [10.145.64.27]:3994
[rank3]: Traceback (most recent call last):
[rank3]:   File "/job/review-evidence-j-9d1a1e8dbe15/reproduce_4rank.py", line 61, in <module>
[rank3]:     main()
[rank3]:   File "/job/review-evidence-j-9d1a1e8dbe15/reproduce_4rank.py", line 46, in main
[rank3]:     result = communication_op.attn_cp_tp_broadcast_pyobj(
[rank3]:              ^^^^^^^^^^^^^^^^^^^^^^^^^^^^^^^^^^^^^^^^^^^^
[rank3]:   File "/job/repo/python/sglang/srt/distributed/communication_op.py", line 108, in attn_cp_tp_broadcast_pyobj
[rank3]:     data = broadcast_pyobj(
[rank3]:            ^^^^^^^^^^^^^^^^
[rank3]:   File "/job/repo/python/sglang/srt/utils/common.py", line 2504, in broadcast_pyobj
[rank3]:     dist.broadcast(tensor_size, src=src, group=dist_group)
[rank3]:   File "/opt/venv/lib/python3.12/site-packages/torch/distributed/c10d_logger.py", line 83, in wrapper
[rank3]:     return func(*args, **kwargs)
[rank3]:            ^^^^^^^^^^^^^^^^^^^^^
[rank3]:   File "/opt/venv/lib/python3.12/site-packages/torch/distributed/distributed_c10d.py", line 2974, in broadcast
[rank3]:     work.wait()
[rank3]: RuntimeError: [/pytorch/third_party/gloo/gloo/transport/tcp/pair.cc:547] Connection closed by peer [10.145.64.27]:3994
rank=1 exception=RuntimeError: [/pytorch/third_party/gloo/gloo/transport/tcp/pair.cc:547] Connection closed by peer [10.145.64.27]:47794
[rank1]: Traceback (most recent call last):
[rank1]:   File "/job/review-evidence-j-9d1a1e8dbe15/reproduce_4rank.py", line 61, in <module>
[rank1]:     main()
[rank1]:   File "/job/review-evidence-j-9d1a1e8dbe15/reproduce_4rank.py", line 46, in main
[rank1]:     result = communication_op.attn_cp_tp_broadcast_pyobj(
[rank1]:              ^^^^^^^^^^^^^^^^^^^^^^^^^^^^^^^^^^^^^^^^^^^^
[rank1]:   File "/job/repo/python/sglang/srt/distributed/communication_op.py", line 113, in attn_cp_tp_broadcast_pyobj
[rank1]:     data = broadcast_pyobj(
[rank1]:            ^^^^^^^^^^^^^^^^
[rank1]:   File "/job/repo/python/sglang/srt/utils/common.py", line 2499, in broadcast_pyobj
[rank1]:     dist.broadcast(tensor_size, src=src, group=dist_group)
[rank1]:   File "/opt/venv/lib/python3.12/site-packages/torch/distributed/c10d_logger.py", line 83, in wrapper
[rank1]:     return func(*args, **kwargs)
[rank1]:            ^^^^^^^^^^^^^^^^^^^^^
[rank1]:   File "/opt/venv/lib/python3.12/site-packages/torch/distributed/distributed_c10d.py", line 2974, in broadcast
[rank1]:     work.wait()
[rank1]: RuntimeError: [/pytorch/third_party/gloo/gloo/transport/tcp/pair.cc:547] Connection closed by peer [10.145.64.27]:47794
W0912 08:01:37.827000 2835 torch/distributed/elastic/multiprocessing/api.py:1012] Sending process 2905 closing signal SIGTERM
W0912 08:01:37.828000 2835 torch/distributed/elastic/multiprocessing/api.py:1012] Sending process 2906 closing signal SIGTERM
W0912 08:01:37.863000 2835 torch/distributed/elastic/multiprocessing/api.py:1012] Sending process 2908 closing signal SIGTERM
E0912 08:01:37.979000 2835 torch/distributed/elastic/multiprocessing/api.py:986] failed (exitcode: 1) local_rank: 2 (pid: 2907) of binary: /tmp/amdpilot-repo-j-9d1a1e8dbe15/venv/bin/python
Traceback (most recent call last):
  File "<frozen runpy>", line 198, in _run_module_as_main
  File "<frozen runpy>", line 88, in _run_code
  File "/opt/venv/lib/python3.12/site-packages/torch/distributed/run.py", line 994, in <module>
    main()
  File "/opt/venv/lib/python3.12/site-packages/torch/distributed/elastic/multiprocessing/errors/__init__.py", line 362, in wrapper
    return f(*args, **kwargs)
           ^^^^^^^^^^^^^^^^^^
  File "/opt/venv/lib/python3.12/site-packages/torch/distributed/run.py", line 990, in main
    run(args)
  File "/opt/venv/lib/python3.12/site-packages/torch/distributed/run.py", line 981, in run
    elastic_launch(
  File "/opt/venv/lib/python3.12/site-packages/torch/distributed/launcher/api.py", line 170, in __call__
    return launch_agent(self._config, self._entrypoint, list(args))
           ^^^^^^^^^^^^^^^^^^^^^^^^^^^^^^^^^^^^^^^^^^^^^^^^^^^^^^^^
  File "/opt/venv/lib/python3.12/site-packages/torch/distributed/launcher/api.py", line 317, in launch_agent
    raise ChildFailedError(
torch.distributed.elastic.multiprocessing.errors.ChildFailedError: 
============================================================
/job/review-evidence-j-9d1a1e8dbe15/reproduce_4rank.py FAILED
------------------------------------------------------------
Failures:
[1]:
  time      : 2026-09-12_08:01:37
  host      : gbt350-odcdh1-a08-1.png-odc.dcgpu
  rank      : 0 (local_rank: 0)
  exitcode  : -15 (pid: 2905)
  error_file: <N/A>
  traceback : Signal 15 (SIGTERM) received by PID 2905
[2]:
  time      : 2026-09-12_08:01:37
  host      : gbt350-odcdh1-a08-1.png-odc.dcgpu
  rank      : 1 (local_rank: 1)
  exitcode  : -15 (pid: 2906)
  error_file: <N/A>
  traceback : Signal 15 (SIGTERM) received by PID 2906
[3]:
  time      : 2026-09-12_08:01:37
  host      : gbt350-odcdh1-a08-1.png-odc.dcgpu
  rank      : 3 (local_rank: 3)
  exitcode  : -15 (pid: 2908)
  error_file: <N/A>
  traceback : Signal 15 (SIGTERM) received by PID 2908
------------------------------------------------------------
Root Cause (first observed failure):
[0]:
  time      : 2026-09-12_08:01:37
  host      : gbt350-odcdh1-a08-1.png-odc.dcgpu
  rank      : 2 (local_rank: 2)
  exitcode  : 1 (pid: 2907)
  error_file: <N/A>
  traceback : To enable traceback see: https://pytorch.org/docs/stable/elastic/errors.html
============================================================
