
*****************************************
Setting OMP_NUM_THREADS environment variable for each process to be 1 in default, to avoid your system being overloaded, please further tune the variable for optimal performance in your application as needed. 
*****************************************
/job/repo/python/sglang/srt/utils/common.py:2494: UserWarning: The given NumPy array is not writable, and PyTorch does not support non-writable tensors. This means writing to this tensor will result in undefined behavior. You may want to copy the array to protect its data or make it writable before converting it to a tensor. This type of warning will be suppressed for the rest of this program. (Triggered internally at /pytorch/torch/csrc/utils/tensor_numpy.cpp:213.)
  tensor_data = torch.ByteTensor(
/job/repo/python/sglang/srt/utils/common.py:2494: UserWarning: The given NumPy array is not writable, and PyTorch does not support non-writable tensors. This means writing to this tensor will result in undefined behavior. You may want to copy the array to protect its data or make it writable before converting it to a tensor. This type of warning will be suppressed for the rest of this program. (Triggered internally at /pytorch/torch/csrc/utils/tensor_numpy.cpp:213.)
  tensor_data = torch.ByteTensor(
/job/repo/python/sglang/srt/utils/common.py:2494: UserWarning: The given NumPy array is not writable, and PyTorch does not support non-writable tensors. This means writing to this tensor will result in undefined behavior. You may want to copy the array to protect its data or make it writable before converting it to a tensor. This type of warning will be suppressed for the rest of this program. (Triggered internally at /pytorch/torch/csrc/utils/tensor_numpy.cpp:213.)
  tensor_data = torch.ByteTensor(
tp=2 cp=3 payload=[{'request': 37590}, {'kind': 'control'}] gathered=[[{'request': 37590}, {'kind': 'control'}], [{'request': 37590}, {'kind': 'control'}], [{'request': 37590}, {'kind': 'control'}], [{'request': 37590}, {'kind': 'control'}], [{'request': 37590}, {'kind': 'control'}], [{'request': 37590}, {'kind': 'control'}]]

*****************************************
Setting OMP_NUM_THREADS environment variable for each process to be 1 in default, to avoid your system being overloaded, please further tune the variable for optimal performance in your application as needed. 
*****************************************
tp=3 cp=2 payload=[] gathered=[[], [], [], [], [], []]

*****************************************
Setting OMP_NUM_THREADS environment variable for each process to be 1 in default, to avoid your system being overloaded, please further tune the variable for optimal performance in your application as needed. 
*****************************************
/job/repo/python/sglang/srt/utils/common.py:2494: UserWarning: The given NumPy array is not writable, and PyTorch does not support non-writable tensors. This means writing to this tensor will result in undefined behavior. You may want to copy the array to protect its data or make it writable before converting it to a tensor. This type of warning will be suppressed for the rest of this program. (Triggered internally at /pytorch/torch/csrc/utils/tensor_numpy.cpp:213.)
  tensor_data = torch.ByteTensor(
tp=1 cp=3 payload=[{'cp_only': True}] gathered=[[{'cp_only': True}], [{'cp_only': True}], [{'cp_only': True}]]

*****************************************
Setting OMP_NUM_THREADS environment variable for each process to be 1 in default, to avoid your system being overloaded, please further tune the variable for optimal performance in your application as needed. 
*****************************************
/job/repo/python/sglang/srt/utils/common.py:2494: UserWarning: The given NumPy array is not writable, and PyTorch does not support non-writable tensors. This means writing to this tensor will result in undefined behavior. You may want to copy the array to protect its data or make it writable before converting it to a tensor. This type of warning will be suppressed for the rest of this program. (Triggered internally at /pytorch/torch/csrc/utils/tensor_numpy.cpp:213.)
  tensor_data = torch.ByteTensor(
tp=3 cp=1 payload=[{'tp_only': True}] gathered=[[{'tp_only': True}], [{'tp_only': True}], [{'tp_only': True}]]
