........FF..FFF                                                          [100%]
=================================== FAILURES ===================================
_____________________ test_stale_environment_fails_closed ______________________

signature = DiffusionWorkloadSignature(model_revision='model@abc', task_type='t2v', latent_tokens=128, num_inference_steps=20, log...didate_count=1, cfg_branches=2, dtype='bf16', cache_mode='none', compile_mode='eager', device_topology='2xMI300X/xGMI')

    def test_stale_environment_fails_closed(signature):
        report = CalibrationReport(
            "code1",
            {"backend": "nccl", "device": "MI300X", "driver": "6.3"},
            (result(signature, ParallelExecutionPlan(1)),),
        )
>       resolution = resolve_calibrated_plan(
            report,
            signature,
            code_revision="code1",
            environment={"backend": "rccl", "device": "MI355X", "driver": "7.2"},
        )
E       TypeError: resolve_calibrated_plan() got an unexpected keyword argument 'environment'

../review-evidence/j-1d3d435f41da/test_parallel_advisor_candidate.py:129: TypeError
__________ test_feasible_report_cannot_select_internally_illegal_plan __________

signature = DiffusionWorkloadSignature(model_revision='model@abc', task_type='t2v', latent_tokens=128, num_inference_steps=20, log...didate_count=1, cfg_branches=2, dtype='bf16', cache_mode='none', compile_mode='eager', device_topology='2xMI300X/xGMI')

    def test_feasible_report_cannot_select_internally_illegal_plan(signature):
        illegal = ParallelExecutionPlan(
            num_gpus=1,
            cfg_parallel_size=2,
            tensor_parallel_size=2,
            sequence_parallel_size=2,
            fsdp=True,
            data_parallel_replicas=2,
        )
        report = CalibrationReport("code1", {}, (result(signature, illegal),))
        resolution = resolve_calibrated_plan(report, signature)
>       assert resolution.plan is None
E       AssertionError: assert ParallelExecutionPlan(num_gpus=1, cfg_parallel_size=2, tensor_parallel_size=2, sequence_parallel_size=2, fsdp=True, data_parallel_replicas=2) is None
E        +  where ParallelExecutionPlan(num_gpus=1, cfg_parallel_size=2, tensor_parallel_size=2, sequence_parallel_size=2, fsdp=True, data_parallel_replicas=2) = Resolution(plan=ParallelExecutionPlan(num_gpus=1, cfg_parallel_size=2, tensor_parallel_size=2, sequence_parallel_size=2, fsdp=True, data_parallel_replicas=2), source='exact_calibration', reasons=(), signature_hash=None).plan

../review-evidence/j-1d3d435f41da/test_parallel_advisor_candidate.py:150: AssertionError
________________ test_advisor_applies_exact_world_size_one_plan ________________

obj = <module 'sglang.multimodal_gen.runtime.server_args.parallel_advisor' from '/job/repo/python/sglang/multimodal_gen/runtime/server_args/parallel_advisor.py'>
name = 'get_git_commit_hash'
ann = 'sglang.multimodal_gen.runtime.server_args.parallel_advisor'

    def annotated_getattr(obj: object, name: str, ann: str) -> object:
        try:
>           obj = getattr(obj, name)
                  ^^^^^^^^^^^^^^^^^^
E           AttributeError: module 'sglang.multimodal_gen.runtime.server_args.parallel_advisor' has no attribute 'get_git_commit_hash'

/opt/venv/lib/python3.12/site-packages/_pytest/monkeypatch.py:92: AttributeError

The above exception was the direct cause of the following exception:

tmp_path = PosixPath('/tmp/pytest-of-qinwu/pytest-0/test_advisor_applies_exact_wor0')
signature = DiffusionWorkloadSignature(model_revision='model@abc', task_type='t2v', latent_tokens=128, num_inference_steps=20, log...didate_count=1, cfg_branches=2, dtype='bf16', cache_mode='none', compile_mode='eager', device_topology='2xMI300X/xGMI')
monkeypatch = <_pytest.monkeypatch.MonkeyPatch object at 0x7f95d2358ef0>

    def test_advisor_applies_exact_world_size_one_plan(tmp_path, signature, monkeypatch):
        plan = ParallelExecutionPlan(1)
        environment = {"backend": "rccl", "device": "MI355X", "driver": "7.2"}
        report = CalibrationReport("code", environment, (result(signature, plan),))
        path = tmp_path / "report.json"
        report.dump(path)
        args = SimpleNamespace(
            diffusion_parallel_plan=f"auto:{path}",
            diffusion_workload_signature=json.dumps(asdict(signature)),
            _explicit_arg_names=set(),
        )
>       monkeypatch.setattr(
            "sglang.multimodal_gen.runtime.server_args.parallel_advisor.get_git_commit_hash",
            lambda: "code",
        )

../review-evidence/j-1d3d435f41da/test_parallel_advisor_candidate.py:186: 
_ _ _ _ _ _ _ _ _ _ _ _ _ _ _ _ _ _ _ _ _ _ _ _ _ _ _ _ _ _ _ _ _ _ _ _ _ _ _ _ 
/opt/venv/lib/python3.12/site-packages/_pytest/monkeypatch.py:106: in derive_importpath
    annotated_getattr(target, attr, ann=module)
_ _ _ _ _ _ _ _ _ _ _ _ _ _ _ _ _ _ _ _ _ _ _ _ _ _ _ _ _ _ _ _ _ _ _ _ _ _ _ _ 

obj = <module 'sglang.multimodal_gen.runtime.server_args.parallel_advisor' from '/job/repo/python/sglang/multimodal_gen/runtime/server_args/parallel_advisor.py'>
name = 'get_git_commit_hash'
ann = 'sglang.multimodal_gen.runtime.server_args.parallel_advisor'

    def annotated_getattr(obj: object, name: str, ann: str) -> object:
        try:
            obj = getattr(obj, name)
        except AttributeError as e:
>           raise AttributeError(
                f"{type(obj).__name__!r} object at {ann} has no attribute {name!r}"
            ) from e
E           AttributeError: 'module' object at sglang.multimodal_gen.runtime.server_args.parallel_advisor has no attribute 'get_git_commit_hash'

/opt/venv/lib/python3.12/site-packages/_pytest/monkeypatch.py:94: AttributeError
_ test_startup_rejects_stale_revision_and_environment[old-code-recorded_environment0-code revision mismatch] _

obj = <module 'sglang.multimodal_gen.runtime.server_args.parallel_advisor' from '/job/repo/python/sglang/multimodal_gen/runtime/server_args/parallel_advisor.py'>
name = 'get_git_commit_hash'
ann = 'sglang.multimodal_gen.runtime.server_args.parallel_advisor'

    def annotated_getattr(obj: object, name: str, ann: str) -> object:
        try:
>           obj = getattr(obj, name)
                  ^^^^^^^^^^^^^^^^^^
E           AttributeError: module 'sglang.multimodal_gen.runtime.server_args.parallel_advisor' has no attribute 'get_git_commit_hash'

/opt/venv/lib/python3.12/site-packages/_pytest/monkeypatch.py:92: AttributeError

The above exception was the direct cause of the following exception:

tmp_path = PosixPath('/tmp/pytest-of-qinwu/pytest-0/test_startup_rejects_stale_rev0')
signature = DiffusionWorkloadSignature(model_revision='model@abc', task_type='t2v', latent_tokens=128, num_inference_steps=20, log...didate_count=1, cfg_branches=2, dtype='bf16', cache_mode='none', compile_mode='eager', device_topology='2xMI300X/xGMI')
monkeypatch = <_pytest.monkeypatch.MonkeyPatch object at 0x7f95d235b350>
recorded_code = 'old-code', recorded_environment = {'device': 'current-device'}
expected_reason = 'code revision mismatch'

    @pytest.mark.parametrize(
        ("recorded_code", "recorded_environment", "expected_reason"),
        [
            ("old-code", {"device": "current-device"}, "code revision mismatch"),
            (
                "current-code",
                {"device": "old-device"},
                "calibration environment mismatch",
            ),
        ],
    )
    def test_startup_rejects_stale_revision_and_environment(
        tmp_path,
        signature,
        monkeypatch,
        recorded_code,
        recorded_environment,
        expected_reason,
    ):
        plan = ParallelExecutionPlan(1)
        report = CalibrationReport(
            recorded_code, recorded_environment, (result(signature, plan),)
        )
        path = tmp_path / "report.json"
        report.dump(path)
        args = SimpleNamespace(
            diffusion_parallel_plan=f"auto:{path}",
            diffusion_workload_signature=json.dumps(asdict(signature)),
            _explicit_arg_names=set(),
        )
>       monkeypatch.setattr(
            "sglang.multimodal_gen.runtime.server_args.parallel_advisor.get_git_commit_hash",
            lambda: "current-code",
        )

../review-evidence/j-1d3d435f41da/test_parallel_advisor_candidate.py:233: 
_ _ _ _ _ _ _ _ _ _ _ _ _ _ _ _ _ _ _ _ _ _ _ _ _ _ _ _ _ _ _ _ _ _ _ _ _ _ _ _ 
/opt/venv/lib/python3.12/site-packages/_pytest/monkeypatch.py:106: in derive_importpath
    annotated_getattr(target, attr, ann=module)
_ _ _ _ _ _ _ _ _ _ _ _ _ _ _ _ _ _ _ _ _ _ _ _ _ _ _ _ _ _ _ _ _ _ _ _ _ _ _ _ 

obj = <module 'sglang.multimodal_gen.runtime.server_args.parallel_advisor' from '/job/repo/python/sglang/multimodal_gen/runtime/server_args/parallel_advisor.py'>
name = 'get_git_commit_hash'
ann = 'sglang.multimodal_gen.runtime.server_args.parallel_advisor'

    def annotated_getattr(obj: object, name: str, ann: str) -> object:
        try:
            obj = getattr(obj, name)
        except AttributeError as e:
>           raise AttributeError(
                f"{type(obj).__name__!r} object at {ann} has no attribute {name!r}"
            ) from e
E           AttributeError: 'module' object at sglang.multimodal_gen.runtime.server_args.parallel_advisor has no attribute 'get_git_commit_hash'

/opt/venv/lib/python3.12/site-packages/_pytest/monkeypatch.py:94: AttributeError
_ test_startup_rejects_stale_revision_and_environment[current-code-recorded_environment1-calibration environment mismatch] _

obj = <module 'sglang.multimodal_gen.runtime.server_args.parallel_advisor' from '/job/repo/python/sglang/multimodal_gen/runtime/server_args/parallel_advisor.py'>
name = 'get_git_commit_hash'
ann = 'sglang.multimodal_gen.runtime.server_args.parallel_advisor'

    def annotated_getattr(obj: object, name: str, ann: str) -> object:
        try:
>           obj = getattr(obj, name)
                  ^^^^^^^^^^^^^^^^^^
E           AttributeError: module 'sglang.multimodal_gen.runtime.server_args.parallel_advisor' has no attribute 'get_git_commit_hash'

/opt/venv/lib/python3.12/site-packages/_pytest/monkeypatch.py:92: AttributeError

The above exception was the direct cause of the following exception:

tmp_path = PosixPath('/tmp/pytest-of-qinwu/pytest-0/test_startup_rejects_stale_rev1')
signature = DiffusionWorkloadSignature(model_revision='model@abc', task_type='t2v', latent_tokens=128, num_inference_steps=20, log...didate_count=1, cfg_branches=2, dtype='bf16', cache_mode='none', compile_mode='eager', device_topology='2xMI300X/xGMI')
monkeypatch = <_pytest.monkeypatch.MonkeyPatch object at 0x7f95d2376870>
recorded_code = 'current-code', recorded_environment = {'device': 'old-device'}
expected_reason = 'calibration environment mismatch'

    @pytest.mark.parametrize(
        ("recorded_code", "recorded_environment", "expected_reason"),
        [
            ("old-code", {"device": "current-device"}, "code revision mismatch"),
            (
                "current-code",
                {"device": "old-device"},
                "calibration environment mismatch",
            ),
        ],
    )
    def test_startup_rejects_stale_revision_and_environment(
        tmp_path,
        signature,
        monkeypatch,
        recorded_code,
        recorded_environment,
        expected_reason,
    ):
        plan = ParallelExecutionPlan(1)
        report = CalibrationReport(
            recorded_code, recorded_environment, (result(signature, plan),)
        )
        path = tmp_path / "report.json"
        report.dump(path)
        args = SimpleNamespace(
            diffusion_parallel_plan=f"auto:{path}",
            diffusion_workload_signature=json.dumps(asdict(signature)),
            _explicit_arg_names=set(),
        )
>       monkeypatch.setattr(
            "sglang.multimodal_gen.runtime.server_args.parallel_advisor.get_git_commit_hash",
            lambda: "current-code",
        )

../review-evidence/j-1d3d435f41da/test_parallel_advisor_candidate.py:233: 
_ _ _ _ _ _ _ _ _ _ _ _ _ _ _ _ _ _ _ _ _ _ _ _ _ _ _ _ _ _ _ _ _ _ _ _ _ _ _ _ 
/opt/venv/lib/python3.12/site-packages/_pytest/monkeypatch.py:106: in derive_importpath
    annotated_getattr(target, attr, ann=module)
_ _ _ _ _ _ _ _ _ _ _ _ _ _ _ _ _ _ _ _ _ _ _ _ _ _ _ _ _ _ _ _ _ _ _ _ _ _ _ _ 

obj = <module 'sglang.multimodal_gen.runtime.server_args.parallel_advisor' from '/job/repo/python/sglang/multimodal_gen/runtime/server_args/parallel_advisor.py'>
name = 'get_git_commit_hash'
ann = 'sglang.multimodal_gen.runtime.server_args.parallel_advisor'

    def annotated_getattr(obj: object, name: str, ann: str) -> object:
        try:
            obj = getattr(obj, name)
        except AttributeError as e:
>           raise AttributeError(
                f"{type(obj).__name__!r} object at {ann} has no attribute {name!r}"
            ) from e
E           AttributeError: 'module' object at sglang.multimodal_gen.runtime.server_args.parallel_advisor has no attribute 'get_git_commit_hash'

/opt/venv/lib/python3.12/site-packages/_pytest/monkeypatch.py:94: AttributeError
=============================== warnings summary ===============================
../../opt/venv/lib/python3.12/site-packages/torch/jit/_script.py:365: 14 warnings
  /opt/venv/lib/python3.12/site-packages/torch/jit/_script.py:365: DeprecationWarning: `torch.jit.script_method` is deprecated. Please switch to `torch.compile` or `torch.export`.
    warnings.warn(

../../opt/venv/lib/python3.12/site-packages/Cython/Distutils/old_build_ext.py:15
../../opt/venv/lib/python3.12/site-packages/Cython/Distutils/old_build_ext.py:15
  /opt/venv/lib/python3.12/site-packages/Cython/Distutils/old_build_ext.py:15: DeprecationWarning: dep_util is Deprecated. Use functions from setuptools instead.
    from distutils.dep_util import newer, newer_group

-- Docs: https://docs.pytest.org/en/stable/how-to/capture-warnings.html
=========================== short test summary info ============================
FAILED ../review-evidence/j-1d3d435f41da/test_parallel_advisor_candidate.py::test_stale_environment_fails_closed
FAILED ../review-evidence/j-1d3d435f41da/test_parallel_advisor_candidate.py::test_feasible_report_cannot_select_internally_illegal_plan
FAILED ../review-evidence/j-1d3d435f41da/test_parallel_advisor_candidate.py::test_advisor_applies_exact_world_size_one_plan
FAILED ../review-evidence/j-1d3d435f41da/test_parallel_advisor_candidate.py::test_startup_rejects_stale_revision_and_environment[old-code-recorded_environment0-code revision mismatch]
FAILED ../review-evidence/j-1d3d435f41da/test_parallel_advisor_candidate.py::test_startup_rejects_stale_revision_and_environment[current-code-recorded_environment1-calibration environment mismatch]
5 failed, 10 passed, 16 warnings in 14.63s
