[aiter] WARNING: NUMA balancing is enabled, which may cause errors. It is recommended to disable NUMA balancing by running "sudo sh -c 'echo 0 > /proc/sys/kernel/numa_balancing'" for more details: https://rocm.docs.amd.com/en/latest/how-to/system-optimization/mi300x.html#disable-numa-auto-balancing
[aiter] import [module_aiter_core] under /tmp/amdpilot-repo-j-ab0c1a18ac39/cache/aiter/module_aiter_core.so
/job/repo/python/sglang/srt/model_executor/runner/decode_cuda_graph_runner.py:798: UserWarning: Profiler won't be using warmup, this can skew profiler results
  schedule=torch.profiler.schedule(wait=2, warmup=0, active=1, repeat=0),
/opt/venv/lib/python3.12/site-packages/torch/profiler/profiler.py:224: UserWarning: Warning: Profiler clears events at the end of each cycle.Only events from the current cycle will be reported.To keep events across cycles, set acc_events=True.
  _warn_once(
[W912 04:06:33.706454067 collection.cpp:1148] Warning: ROCTracer produced duplicate flow start: 5 (function operator())
{
  "torch": "2.11.0+rocm7.2",
  "hip": "7.2.26015",
  "device": "AMD Instinct MI350X",
  "capture_count": 16,
  "trace_count": 16,
  "unique_trace_names": 16,
  "max_abs_error_after_replay": 0.0,
  "traces": [
    {
      "file": "SimpleNamespace_bs_11_stream_0_variant_lora_attention_dense_rank0.json.gz",
      "profiler_steps": [
        "ProfilerStep#2",
        "ProfilerStep#2"
      ],
      "kernel_events": 2
    },
    {
      "file": "SimpleNamespace_bs_11_stream_0_variant_lora_attention_sparse_rank0.json.gz",
      "profiler_steps": [
        "ProfilerStep#5",
        "ProfilerStep#5"
      ],
      "kernel_events": 2
    },
    {
      "file": "SimpleNamespace_bs_11_stream_0_variant_nolora_attention_dense_rank0.json.gz",
      "profiler_steps": [
        "ProfilerStep#8",
        "ProfilerStep#8"
      ],
      "kernel_events": 2
    },
    {
      "file": "SimpleNamespace_bs_11_stream_0_variant_nolora_attention_sparse_rank0.json.gz",
      "profiler_steps": [
        "ProfilerStep#11",
        "ProfilerStep#11"
      ],
      "kernel_events": 2
    },
    {
      "file": "SimpleNamespace_bs_11_stream_1_variant_lora_attention_dense_rank0.json.gz",
      "profiler_steps": [
        "ProfilerStep#26",
        "ProfilerStep#26"
      ],
      "kernel_events": 2
    },
    {
      "file": "SimpleNamespace_bs_11_stream_1_variant_lora_attention_sparse_rank0.json.gz",
      "profiler_steps": [
        "ProfilerStep#29",
        "ProfilerStep#29"
      ],
      "kernel_events": 2
    },
    {
      "file": "SimpleNamespace_bs_11_stream_1_variant_nolora_attention_dense_rank0.json.gz",
      "profiler_steps": [
        "ProfilerStep#32",
        "ProfilerStep#32"
      ],
      "kernel_events": 2
    },
    {
      "file": "SimpleNamespace_bs_11_stream_1_variant_nolora_attention_sparse_rank0.json.gz",
      "profiler_steps": [
        "ProfilerStep#35",
        "ProfilerStep#35"
      ],
      "kernel_events": 2
    },
    {
      "file": "SimpleNamespace_bs_7_stream_0_variant_lora_attention_dense_rank0.json.gz",
      "profiler_steps": [
        "ProfilerStep#14",
        "ProfilerStep#14"
      ],
      "kernel_events": 2
    },
    {
      "file": "SimpleNamespace_bs_7_stream_0_variant_lora_attention_sparse_rank0.json.gz",
      "profiler_steps": [
        "ProfilerStep#17",
        "ProfilerStep#17"
      ],
      "kernel_events": 2
    },
    {
      "file": "SimpleNamespace_bs_7_stream_0_variant_nolora_attention_dense_rank0.json.gz",
      "profiler_steps": [
        "ProfilerStep#20",
        "ProfilerStep#20"
      ],
      "kernel_events": 2
    },
    {
      "file": "SimpleNamespace_bs_7_stream_0_variant_nolora_attention_sparse_rank0.json.gz",
      "profiler_steps": [
        "ProfilerStep#23",
        "ProfilerStep#23"
      ],
      "kernel_events": 2
    },
    {
      "file": "SimpleNamespace_bs_7_stream_1_variant_lora_attention_dense_rank0.json.gz",
      "profiler_steps": [
        "ProfilerStep#38",
        "ProfilerStep#38"
      ],
      "kernel_events": 2
    },
    {
      "file": "SimpleNamespace_bs_7_stream_1_variant_lora_attention_sparse_rank0.json.gz",
      "profiler_steps": [
        "ProfilerStep#41",
        "ProfilerStep#41"
      ],
      "kernel_events": 2
    },
    {
      "file": "SimpleNamespace_bs_7_stream_1_variant_nolora_attention_dense_rank0.json.gz",
      "profiler_steps": [
        "ProfilerStep#44",
        "ProfilerStep#44"
      ],
      "kernel_events": 2
    },
    {
      "file": "SimpleNamespace_bs_7_stream_1_variant_nolora_attention_sparse_rank0.json.gz",
      "profiler_steps": [
        "ProfilerStep#47",
        "ProfilerStep#47"
      ],
      "kernel_events": 2
    }
  ]
}
