358c163250ad3b1f62939b01ce1314a0a31a0365
## amdpilot/j-effee240e705
?? reports/
[aiter] WARNING: NUMA balancing is enabled, which may cause errors. It is recommended to disable NUMA balancing by running "sudo sh -c 'echo 0 > /proc/sys/kernel/numa_balancing'" for more details: https://rocm.docs.amd.com/en/latest/how-to/system-optimization/mi300x.html#disable-numa-auto-balancing
[aiter] import [module_aiter_core] under /tmp/amdpilot-repo-j-effee240e705/cache/aiter/module_aiter_core.so
sglang /job/repo/python/sglang/__init__.py
worker /job/repo/python/sglang/srt/speculative/dflash_worker_v2.py
torch 2.11.0+rocm7.2 7.2.26015
gpu_available True
gpu_count 1
gpu_name AMD Instinct MI350X
confidence_module_exists=1
python/sglang/srt/arg_groups/fields/spec.py:87:        "sglang.benchmark.dspark_sps_profiler, consumed by the ragged-verify "
python/sglang/srt/arg_groups/fields/spec.py:92:    speculative_dspark_confidence_sts_path: A[
python/sglang/srt/arg_groups/fields/spec.py:96:        "Calibrates the confidence-head survival probabilities the ragged-verify "
python/sglang/srt/arg_groups/fields/spec.py:102:        "DSPARK compact ragged-verify only. Fill the per-request verify lengths so "
python/sglang/srt/arg_groups/fields/spec.py:106:        "(confidence-ordered). This recovers the padding the forward pays for anyway "
python/sglang/srt/arg_groups/fields/spec.py:220:        "Enable adaptive speculative decoding that dynamically adjusts num_steps based on acceptance rate.",
python/sglang/srt/speculative/spec_registry.py:103:    def supports_ragged_verify(self) -> bool:
python/sglang/srt/speculative/dflash_worker_v2.py:976:        # ragged-batch case. Replace those don't-care columns with a valid in-range
