candidate_commit=9a7fdb8c7f520ec561be7c7f45a4a5352cc7a7a3
source_files_changed:
python/sglang/benchmark/dspark_sps_profiler.py
python/sglang/kernels/ops/attention/flash_attention_v3.py
python/sglang/kernels/ops/speculative/dflash.py
python/sglang/kernels/ops/speculative/dspark/dspark_verify_window.py
python/sglang/kernels/ops/speculative/fused_kv_materialize.py
python/sglang/srt/arg_groups/attention_hook.py
python/sglang/srt/arg_groups/cuda_graph_hook.py
python/sglang/srt/arg_groups/field_order.py
python/sglang/srt/arg_groups/fields/spec.py
python/sglang/srt/arg_groups/lora_hook.py
python/sglang/srt/arg_groups/speculative_hook.py
python/sglang/srt/environ.py
python/sglang/srt/hardware_backend/npu/graph_runner/npu_graph_runner.py
python/sglang/srt/layers/attention/linear/gdn_backend.py
python/sglang/srt/layers/attention/triton_backend.py
python/sglang/srt/layers/deep_gemm_wrapper/configurer.py
python/sglang/srt/managers/overlap_utils.py
python/sglang/srt/managers/scheduler.py
python/sglang/srt/mem_cache/kv_cache_configurator.py
python/sglang/srt/model_executor/forward_batch_info.py
python/sglang/srt/models/dflash.py
python/sglang/srt/speculative/dflash_confidence.py
python/sglang/srt/speculative/dflash_confidence_observability.py
python/sglang/srt/speculative/dflash_info.py
python/sglang/srt/speculative/dflash_info_v2.py
python/sglang/srt/speculative/dflash_worker_v2.py
python/sglang/srt/speculative/spec_info.py
python/sglang/srt/speculative/spec_registry.py
python/sglang/srt/speculative/spec_utils.py
reports/j-57ee30999833/README.md
reports/j-57ee30999833/compatibility-tests.log
reports/j-57ee30999833/focused-tests-initial-fail.log
reports/j-57ee30999833/focused-tests-passing.log
reports/j-57ee30999833/gpu-info.log
reports/j-57ee30999833/gpu-kernel-parity.log
reports/j-57ee30999833/result.json
reports/j-57ee30999833/ruff-unavailable.log
test/registered/spec/dspark/test_dspark_kernel_parity.py
test/registered/unit/spec/test_dflash_confidence.py
test/registered/unit/spec/test_dflash_logits.py
native_file_matches:
confidence_head_or_sts_matches:
python/sglang/srt/speculative/dflash_confidence.py:42:    temperature, so it remains a model-likelihood signal suitable for later STS.
implemented_confidence_source:
python/sglang/srt/speculative/dflash_worker_v2.py:66:    selector_selected_path_confidence,
python/sglang/srt/speculative/dflash_worker_v2.py:400:            # DFLASH_CONFIDENCE's selector_selected_path_confidence.
python/sglang/srt/speculative/dflash_worker_v2.py:724:        self._selector_confidence = None
python/sglang/srt/speculative/dflash_worker_v2.py:1648:            self._selector_confidence = selector_selected_path_confidence(
python/sglang/srt/speculative/dflash_worker_v2.py:2836:            self._selector_confidence = None
python/sglang/srt/speculative/dflash_worker_v2.py:2884:                self._selector_confidence = selector_selected_path_confidence(
python/sglang/srt/speculative/dflash_worker_v2.py:2949:            and self._selector_confidence is not None
python/sglang/srt/speculative/dflash_worker_v2.py:2962:                self._confidence_budget_extra(self._selector_confidence)
python/sglang/srt/speculative/dflash_worker_v2.py:2967:                    else self._confidence_budget_extra(self._selector_confidence)
python/sglang/srt/speculative/dflash_worker_v2.py:2977:                self._selector_confidence, budget_extra
python/sglang/srt/speculative/dflash_worker_v2.py:3022:                                self._selector_confidence, verify_lens
python/sglang/srt/speculative/dflash_worker_v2.py:3026:                            confidence=self._selector_confidence,
python/sglang/srt/speculative/dflash_worker_v2.py:3061:                elif self._selector_confidence is None:
python/sglang/srt/speculative/dflash_worker_v2.py:3062:                    confidence_reason = "full_verify_no_selector_confidence"
python/sglang/srt/speculative/dflash_worker_v2.py:3076:                        confidence=self._selector_confidence,
python/sglang/srt/speculative/dflash_worker_v2.py:3361:                and self._selector_confidence is not None
python/sglang/srt/speculative/dflash_worker_v2.py:3363:                on_publish(new_seq_lens, confidence=self._selector_confidence)
python/sglang/srt/speculative/dflash_confidence.py:30:def selector_selected_path_confidence(
