REVISION
358c163250ad3b1f62939b01ce1314a0a31a0365
ARCH
Linux gbt350-odcdh1-a08-1.png-odc.dcgpu 4.18.0-513.1.1.el8_9.g12b5.x86_64 #1 SMP Tue Dec 5 07:49:59 PST 2023 x86_64 x86_64 x86_64 GNU/Linux
x86_64
PYTHON
Python 3.12.3
RVV FILES
rvv_backend_exists=1
CLI CONTRACT
155:                    [--attention-backend {triton,torch_native,flex_attention,dsa,nsa,qsa,dsv4,compressed,fa3,fa4,flashinfer,flashmla,trtllm_mla,cutedsl_mla,tokenspeed_mla,trtllm_mha,hpc_ops,minicpm_flashattn,minicpm_flashinfer,aiter,wave,intel_amx,ascend,intel_xpu}]
156:                    [--decode-attention-backend {triton,torch_native,flex_attention,dsa,nsa,qsa,dsv4,compressed,fa3,fa4,flashinfer,flashmla,trtllm_mla,cutedsl_mla,tokenspeed_mla,trtllm_mha,hpc_ops,minicpm_flashattn,minicpm_flashinfer,aiter,wave,intel_amx,ascend,intel_xpu}]
158:                    [--prefill-attention-backend {triton,torch_native,flex_attention,dsa,nsa,qsa,dsv4,compressed,fa3,fa4,flashinfer,flashmla,trtllm_mla,cutedsl_mla,tokenspeed_mla,trtllm_mha,hpc_ops,minicpm_flashattn,minicpm_flashinfer,aiter,wave,intel_amx,ascend,intel_xpu}]
161:                    [--mm-attention-backend {sdpa,fa3,fa4,triton_attn,ascend_attn,aiter_attn,flashinfer_cudnn,amx_attn,xpu_attn}]
221:                    [--speculative-draft-attention-backend SPECULATIVE_DRAFT_ATTENTION_BACKEND]
1224:  --attention-backend {triton,torch_native,flex_attention,dsa,nsa,qsa,dsv4,compressed,fa3,fa4,flashinfer,flashmla,trtllm_mla,cutedsl_mla,tokenspeed_mla,trtllm_mha,hpc_ops,minicpm_flashattn,minicpm_flashinfer,aiter,wave,intel_amx,ascend,intel_xpu}
1226:  --decode-attention-backend {triton,torch_native,flex_attention,dsa,nsa,qsa,dsv4,compressed,fa3,fa4,flashinfer,flashmla,trtllm_mla,cutedsl_mla,tokenspeed_mla,trtllm_mha,hpc_ops,minicpm_flashattn,minicpm_flashinfer,aiter,wave,intel_amx,ascend,intel_xpu}
1228:                        priority over --attention-backend).
1235:  --prefill-attention-backend {triton,torch_native,flex_attention,dsa,nsa,qsa,dsv4,compressed,fa3,fa4,flashinfer,flashmla,trtllm_mla,cutedsl_mla,tokenspeed_mla,trtllm_mha,hpc_ops,minicpm_flashattn,minicpm_flashinfer,aiter,wave,intel_amx,ascend,intel_xpu}
1237:                        priority over --attention-backend).
1244:  --mm-attention-backend {sdpa,fa3,fa4,triton_attn,ascend_attn,aiter_attn,flashinfer_cudnn,amx_attn,xpu_attn}
1526:  --speculative-draft-attention-backend SPECULATIVE_DRAFT_ATTENTION_BACKEND
