ssss..............sssssssssssssssssssssssssssssssssssssssssssss.......   [100%]
=========================== short test summary info ============================
SKIPPED [1] test/srt/cpu/rvv/test_rvv_activation.py:66: sgl_kernel activation not available (non-RISC-V build)
SKIPPED [1] test/srt/cpu/rvv/test_rvv_activation.py:60: sgl_kernel activation not available (non-RISC-V build)
SKIPPED [1] test/srt/cpu/rvv/test_rvv_activation.py:72: sgl_kernel activation not available (non-RISC-V build)
SKIPPED [1] test/srt/cpu/rvv/test_rvv_activation.py:54: sgl_kernel activation not available (non-RISC-V build)
SKIPPED [1] test/srt/cpu/rvv/test_rvv_decode.py:189: decode_attention_cpu not available (non-RISC-V build)
SKIPPED [1] test/srt/cpu/rvv/test_rvv_decode.py:213: decode_attention_cpu not available (non-RISC-V build)
SKIPPED [1] test/srt/cpu/rvv/test_rvv_decode.py:223: decode_attention_cpu not available (non-RISC-V build)
SKIPPED [1] test/srt/cpu/rvv/test_rvv_decode.py:247: decode_attention_cpu not available (non-RISC-V build)
SKIPPED [1] test/srt/cpu/rvv/test_rvv_decode.py:262: decode_attention_cpu not available (non-RISC-V build)
SKIPPED [1] test/srt/cpu/rvv/test_rvv_decode.py:281: decode_attention_cpu not available (non-RISC-V build)
SKIPPED [1] test/srt/cpu/rvv/test_rvv_extend.py:231: extend_attention_cpu not available (non-RISC-V build)
SKIPPED [1] test/srt/cpu/rvv/test_rvv_extend.py:287: extend_attention_cpu not available (non-RISC-V build)
SKIPPED [1] test/srt/cpu/rvv/test_rvv_extend.py:263: extend_attention_cpu not available (non-RISC-V build)
SKIPPED [1] test/srt/cpu/rvv/test_rvv_extend.py:316: extend_attention_cpu not available (non-RISC-V build)
SKIPPED [1] test/srt/cpu/rvv/test_rvv_extend.py:339: extend_attention_cpu not available (non-RISC-V build)
SKIPPED [1] test/srt/cpu/rvv/test_rvv_extend.py:359: extend_attention_cpu not available (non-RISC-V build)
SKIPPED [1] test/srt/cpu/rvv/test_rvv_gemm.py:99: RVV BF16 GEMM ops not available
SKIPPED [1] test/srt/cpu/rvv/test_rvv_gemm.py:118: RVV BF16 GEMM ops not available
SKIPPED [1] test/srt/cpu/rvv/test_rvv_gemm.py:258: RVV BF16 GEMM ops not available
SKIPPED [1] test/srt/cpu/rvv/test_rvv_gemm.py:243: RVV BF16 GEMM ops not available
SKIPPED [1] test/srt/cpu/rvv/test_rvv_gemm.py:205: RVV INT8 GEMM ops not available
SKIPPED [1] test/srt/cpu/rvv/test_rvv_gemm.py:276: RVV INT8 GEMM ops not available
SKIPPED [1] test/srt/cpu/rvv/test_rvv_gemm.py:307: RVV INT8 GEMM ops not available
SKIPPED [1] test/srt/cpu/rvv/test_rvv_gemm.py:337: RVV INT8 GEMM ops not available
SKIPPED [1] test/srt/cpu/rvv/test_rvv_norm.py:171: sgl_kernel norm not available (non-RISC-V build)
SKIPPED [1] test/srt/cpu/rvv/test_rvv_norm.py:219: sgl_kernel norm not available (non-RISC-V build)
SKIPPED [1] test/srt/cpu/rvv/test_rvv_norm.py:193: sgl_kernel norm not available (non-RISC-V build)
SKIPPED [1] test/srt/cpu/rvv/test_rvv_norm.py:199: sgl_kernel norm not available (non-RISC-V build)
SKIPPED [1] test/srt/cpu/rvv/test_rvv_norm.py:188: sgl_kernel norm not available (non-RISC-V build)
SKIPPED [1] test/srt/cpu/rvv/test_rvv_norm.py:183: sgl_kernel norm not available (non-RISC-V build)
SKIPPED [1] test/srt/cpu/rvv/test_rvv_norm.py:240: sgl_kernel norm not available (non-RISC-V build)
SKIPPED [1] test/srt/cpu/rvv/test_rvv_norm.py:177: sgl_kernel norm not available (non-RISC-V build)
SKIPPED [1] test/srt/cpu/rvv/test_rvv_norm.py:165: sgl_kernel norm not available (non-RISC-V build)
SKIPPED [1] test/srt/cpu/rvv/test_rvv_norm.py:212: sgl_kernel norm not available (non-RISC-V build)
SKIPPED [1] test/srt/cpu/rvv/test_rvv_norm.py:234: sgl_kernel norm not available (non-RISC-V build)
SKIPPED [1] test/srt/cpu/rvv/test_rvv_norm.py:327: sgl_kernel norm not available (non-RISC-V build)
SKIPPED [1] test/srt/cpu/rvv/test_rvv_norm.py:293: sgl_kernel norm not available (non-RISC-V build)
SKIPPED [1] test/srt/cpu/rvv/test_rvv_norm.py:315: sgl_kernel norm not available (non-RISC-V build)
SKIPPED [1] test/srt/cpu/rvv/test_rvv_norm.py:298: sgl_kernel norm not available (non-RISC-V build)
SKIPPED [1] test/srt/cpu/rvv/test_rvv_norm.py:356: sgl_kernel norm not available (non-RISC-V build)
SKIPPED [1] test/srt/cpu/rvv/test_rvv_norm.py:361: sgl_kernel norm not available (non-RISC-V build)
SKIPPED [2] test/srt/cpu/rvv/test_rvv_rope.py:102: sgl_kernel rotary_embedding_cpu not available (non-RISC-V build)
SKIPPED [2] test/srt/cpu/rvv/test_rvv_rope.py:146: sgl_kernel rotary_embedding_cpu not available (non-RISC-V build)
SKIPPED [2] test/srt/cpu/rvv/test_rvv_rope.py:124: sgl_kernel rotary_embedding_cpu not available (non-RISC-V build)
SKIPPED [1] test/srt/cpu/rvv/test_rvv_rope.py:209: sgl_kernel rotary_embedding_cpu not available (non-RISC-V build)
SKIPPED [1] test/srt/cpu/rvv/test_rvv_rope.py:229: sgl_kernel rotary_embedding_cpu not available (non-RISC-V build)
21 passed, 49 skipped, 17 warnings in 12.33s
