REVISION
f8c062cb9b3b8012add6a672dd86102fa5ef0ee2
COMPILEALL
compileall_exit=0
CLI RVV ACCEPTANCE
rvv cpu
CMAKE INPUT SANITY
-- The C compiler identification is Clang 22.0.0
-- The CXX compiler identification is Clang 22.0.0
-- Detecting C compiler ABI info
-- Detecting C compiler ABI info - done
-- Check for working C compiler: /opt/rocm-7.2.4/lib/llvm/bin/clang-22 - skipped
-- Detecting C compile features
-- Detecting C compile features - done
-- Detecting CXX compiler ABI info
-- Detecting CXX compiler ABI info - done
-- Check for working CXX compiler: /opt/rocm-7.2.4/lib/llvm/bin/clang++ - skipped
-- Detecting CXX compile features
-- Detecting CXX compile features - done
-- Found Python: /tmp/amdpilot-repo-j-911e73c4fc6f/venv/bin/python3.12 (found version "3.12.3") found components: Interpreter Development.Module
-- /opt/venv/lib/python3.12/site-packages/torch/share/cmake
bash: /opt/venv/lib/python3.12/site-packages/torch/lib/libtinfo.so.6: no version information available (required by bash)
Building PyTorch for GPU arch: gfx950
-- Found HIP: /opt/rocm-7.2.4 (found suitable version "7.2.53211-97f5574fe2", minimum required is "1.0")
-- Performing Test HIP_CLANG_SUPPORTS_PARALLEL_JOBS
-- Performing Test HIP_CLANG_SUPPORTS_PARALLEL_JOBS - Success
HIP VERSION: 7.2.53211-97f5574fe2
-- Performing Test CMAKE_HAVE_LIBC_PTHREAD
-- Performing Test CMAKE_HAVE_LIBC_PTHREAD - Success
-- Found Threads: TRUE
hip VERSION: 7.2.53211
HIP version: 7.2.53211
-- Reading ROCM version from: /opt/rocm/include/rocm-core/rocm_version.h
-- Content: 

***** ROCm version from rocm_version.h ****

ROCM_VERSION_DEV: 7.2.4
ROCM_VERSION_DEV_MAJOR: 7
ROCM_VERSION_DEV_MINOR: 2
ROCM_VERSION_DEV_PATCH: 4
ROCM_VERSION_DEV_INT:   70204
HIP_VERSION_MAJOR: 7
HIP_VERSION_MINOR: 2
TORCH_HIP_VERSION: 702

***** Library versions from cmake find_package *****

amd_comgr VERSION: 3.0.0
rocrand VERSION: 4.2.0
hiprand VERSION: 3.1.0
rocblas VERSION: 5.2.0
hipblas VERSION: 3.2.0
miopen VERSION: 3.5.1
hipfft VERSION: 1.0.22
hipsparse VERSION: 4.2.0
rocprim VERSION: 4.2.0
hipcub VERSION: 4.2.0
rocthrust VERSION: 4.2.0
hipsolver VERSION: 3.2.0
rocsolver VERSION: 3.32.0
CMake Warning at /opt/venv/lib/python3.12/site-packages/torch/share/cmake/Caffe2/public/LoadHIP.cmake:189 (message):
  Work around hiprtc cmake failure for cmake >= 4
Call Stack (most recent call first):
  /opt/venv/lib/python3.12/site-packages/torch/share/cmake/Caffe2/Caffe2Config.cmake:74 (include)
  /opt/venv/lib/python3.12/site-packages/torch/share/cmake/Torch/TorchConfig.cmake:62 (find_package)
  CMakeLists.txt:18 (find_package)


hiprtc VERSION: 7.2.53211
hipblaslt VERSION: 1.2.2
rccl VERSION: 2.27.7
hsa-runtime64 VERSION: 1.18.70204
hipsparselt VERSION: 0.2.6
hipblaslt is using scale pointer outer vec
CMake Warning at /opt/venv/lib/python3.12/site-packages/torch/share/cmake/Torch/TorchConfig.cmake:22 (message):
  library kineto not found.
Call Stack (most recent call first):
  /opt/venv/lib/python3.12/site-packages/torch/share/cmake/Torch/TorchConfig.cmake:119 (append_torchlib_if_found)
  CMakeLists.txt:18 (find_package)


-- Found Torch: /opt/venv/lib/python3.12/site-packages/torch/lib/libtorch.so
-- RISC-V: VLEN=256 (-mrvv-vector-bits=256)
-- RISC-V: zvfh support = OFF
-- RISC-V: L1 cache = 32KB (override: -DRVV_L1_CACHE_KB=N)
-- Enabling macro: SGLANG_CPU_FP8_CVT_FTZ
-- RVV configure summary:
--   march: rv64gcv
--   mabi: lp64d
--   vector-bits: 256
--   zvfh enabled: OFF
-- Build Architecture: riscv64 (RVV enabled)
CMake Warning (dev) at /opt/venv/lib/python3.12/site-packages/cmake/data/share/cmake-4.3/Modules/FindPython/Support.cmake:4522 (cmake_parse_arguments):
  The USE_SABI keyword was followed by an empty string or no value at all.
  Policy CMP0174 is not set, so cmake_parse_arguments() will unset the
  PYTHON_ADD_LIBRARY_USE_SABI variable rather than setting it to an empty
  string.
Call Stack (most recent call first):
  /opt/venv/lib/python3.12/site-packages/cmake/data/share/cmake-4.3/Modules/FindPython.cmake:760:EVAL:2 (__Python_add_library)
  CMakeLists.txt:163 (Python_add_library)
This warning is for project developers.  Use -Wno-dev to suppress it.

-- Configuring done (4.1s)
-- Generating done (0.0s)
-- Build files have been written to: /tmp/amdpilot-repo-j-911e73c4fc6f/rvv-cmake-probe
