{
  "torch": "2.11.0+rocm7.2",
  "hip": "7.2.26015",
  "device_name": "AMD Instinct MI350X",
  "architecture": "gfx950:sramecc+:xnack-",
  "cases": [
    {
      "batch": 64,
      "length": 65536,
      "seed": 0,
      "wrong_rows": 0,
      "bucket_population_min": 1056,
      "bucket_population_median": 1134,
      "bucket_population_max": 1218,
      "indices_in_range": true,
      "duplicate_indices": false
    },
    {
      "batch": 64,
      "length": 262144,
      "seed": 0,
      "wrong_rows": 0,
      "bucket_population_min": 4194,
      "bucket_population_median": 4337,
      "bucket_population_max": 4464,
      "indices_in_range": true,
      "duplicate_indices": false
    },
    {
      "batch": 4,
      "length": 1048576,
      "seed": 1,
      "wrong_rows": 0,
      "bucket_population_min": 4986,
      "bucket_population_median": 5053,
      "bucket_population_max": 5213,
      "indices_in_range": true,
      "duplicate_indices": false
    }
  ]
}
