[aiter] WARNING: NUMA balancing is enabled, which may cause errors. It is recommended to disable NUMA balancing by running "sudo sh -c 'echo 0 > /proc/sys/kernel/numa_balancing'" for more details: https://rocm.docs.amd.com/en/latest/how-to/system-optimization/mi300x.html#disable-numa-auto-balancing
[aiter] import [module_aiter_core] under /tmp/amdpilot-repo-j-bf530aa0711b/cache/aiter/module_aiter_core.so
====================================================================================================
UnifiedRadixCache Benchmark | num_seqs=1200  chunk_len=96  kv_size=180000  page_size=1  components=[0]  verify=True
----------------------------------------------------------------------------------------------------
  match_prefix       |   11,103,839 tok/s |     35,476 ops/s | p50=      31us  p99=      62us
  lock_unlock        |          N/A tok/s |     45,400 ops/s | p50=      22us  p99=      35us
  cache_finished     |    1,949,539 tok/s |      6,229 ops/s | p50=     158us  p99=     338us
====================================================================================================
====================================================================================================
UnifiedRadixCache Benchmark | num_seqs=1200  chunk_len=96  kv_size=180000  page_size=1  components=[0]  verify=True
----------------------------------------------------------------------------------------------------
  match_prefix       |   23,717,411 tok/s |     75,774 ops/s | p50=      13us  p99=      41us
  lock_unlock        |          N/A tok/s |    268,055 ops/s | p50=       3us  p99=       7us
  cache_finished     |    3,187,093 tok/s |     10,182 ops/s | p50=      92us  p99=     237us
====================================================================================================
====================================================================================================
UnifiedRadixCache Benchmark | num_seqs=1200  chunk_len=96  kv_size=180000  page_size=1  components=[0]  verify=True
----------------------------------------------------------------------------------------------------
  match_prefix       |   23,922,490 tok/s |     76,430 ops/s | p50=      13us  p99=      38us
  lock_unlock        |          N/A tok/s |    261,518 ops/s | p50=       3us  p99=       7us
  cache_finished     |    3,232,395 tok/s |     10,327 ops/s | p50=      91us  p99=     238us
====================================================================================================
====================================================================================================
UnifiedRadixCache Benchmark | num_seqs=1200  chunk_len=96  kv_size=180000  page_size=1  components=[0]  verify=True
----------------------------------------------------------------------------------------------------
  match_prefix       |   10,995,863 tok/s |     35,131 ops/s | p50=      32us  p99=      61us
  lock_unlock        |          N/A tok/s |     45,172 ops/s | p50=      22us  p99=      36us
  cache_finished     |    1,936,449 tok/s |      6,187 ops/s | p50=     159us  p99=     337us
====================================================================================================
====================================================================================================
UnifiedRadixCache Benchmark | num_seqs=1200  chunk_len=96  kv_size=180000  page_size=1  components=[0]  verify=True
----------------------------------------------------------------------------------------------------
  match_prefix       |   10,989,061 tok/s |     35,109 ops/s | p50=      31us  p99=      61us
  lock_unlock        |          N/A tok/s |     45,886 ops/s | p50=      22us  p99=      36us
  cache_finished     |    2,038,063 tok/s |      6,511 ops/s | p50=     153us  p99=     251us
====================================================================================================
====================================================================================================
UnifiedRadixCache Benchmark | num_seqs=1200  chunk_len=96  kv_size=180000  page_size=1  components=[0]  verify=True
----------------------------------------------------------------------------------------------------
  match_prefix       |   25,446,394 tok/s |     81,298 ops/s | p50=      13us  p99=      29us
  lock_unlock        |          N/A tok/s |    269,675 ops/s | p50=       3us  p99=       7us
  cache_finished     |    3,606,087 tok/s |     11,521 ops/s | p50=      86us  p99=     153us
====================================================================================================
====================================================================================================
UnifiedRadixCache Benchmark | num_seqs=1200  chunk_len=96  kv_size=180000  page_size=1  components=[0]  verify=True
----------------------------------------------------------------------------------------------------
  match_prefix       |   25,441,824 tok/s |     81,284 ops/s | p50=      13us  p99=      27us
  lock_unlock        |          N/A tok/s |    267,296 ops/s | p50=       3us  p99=       7us
  cache_finished     |    3,669,127 tok/s |     11,722 ops/s | p50=      85us  p99=     148us
====================================================================================================
====================================================================================================
UnifiedRadixCache Benchmark | num_seqs=1200  chunk_len=96  kv_size=180000  page_size=1  components=[0]  verify=True
----------------------------------------------------------------------------------------------------
  match_prefix       |   11,077,854 tok/s |     35,393 ops/s | p50=      31us  p99=      58us
  lock_unlock        |          N/A tok/s |     46,436 ops/s | p50=      22us  p99=      35us
  cache_finished     |    2,040,498 tok/s |      6,519 ops/s | p50=     154us  p99=     243us
====================================================================================================
====================================================================================================
UnifiedRadixCache Benchmark | num_seqs=1200  chunk_len=96  kv_size=180000  page_size=1  components=[0]  verify=True
----------------------------------------------------------------------------------------------------
  match_prefix       |   11,141,769 tok/s |     35,597 ops/s | p50=      31us  p99=      59us
  lock_unlock        |          N/A tok/s |     45,744 ops/s | p50=      22us  p99=      35us
  cache_finished     |    2,049,695 tok/s |      6,549 ops/s | p50=     153us  p99=     241us
====================================================================================================
====================================================================================================
UnifiedRadixCache Benchmark | num_seqs=1200  chunk_len=96  kv_size=180000  page_size=1  components=[0]  verify=True
----------------------------------------------------------------------------------------------------
  match_prefix       |   25,739,051 tok/s |     82,233 ops/s | p50=      13us  p99=      25us
  lock_unlock        |          N/A tok/s |    270,703 ops/s | p50=       3us  p99=       7us
  cache_finished     |    3,245,721 tok/s |     10,370 ops/s | p50=      91us  p99=     245us
====================================================================================================
RESULT_JSON=[{"backend": "python", "cache_finished": {"elapsed_s": 0.09087172988802195, "ops_per_sec": 6228.5597588761875, "p50_us": 157.95603394508362, "p99_us": 337.9927948117256}, "lock_unlock": {"elapsed_s": 0.025991329923272133, "ops_per_sec": 45399.75459060488, "p50_us": 21.995510905981064, "p99_us": 34.9096953868866}, "match_prefix": {"elapsed_s": 0.0332905575633049, "ops_per_sec": 35475.52478669741, "p50_us": 31.09034150838852, "p99_us": 62.020495533943176}, "round": 0}, {"backend": "rust", "cache_finished": {"elapsed_s": 0.055586082860827446, "ops_per_sec": 10182.404855134537, "p50_us": 91.85075759887695, "p99_us": 236.9927242398262}, "lock_unlock": {"elapsed_s": 0.004402089864015579, "ops_per_sec": 268054.50057841523, "p50_us": 3.3695250749588013, "p99_us": 7.460825145244598}, "match_prefix": {"elapsed_s": 0.015585723333060741, "ops_per_sec": 75774.47480379943, "p50_us": 13.349577784538269, "p99_us": 40.73977470397949}, "round": 0}, {"backend": "rust", "cache_finished": {"elapsed_s": 0.05480704642832279, "ops_per_sec": 10327.139243677737, "p50_us": 90.55063128471375, "p99_us": 237.8113567829132}, "lock_unlock": {"elapsed_s": 0.0045121219009160995, "ops_per_sec": 261517.75725749423, "p50_us": 3.4598633646965027, "p99_us": 7.24010169506073}, "match_prefix": {"elapsed_s": 0.015452112071216106, "ops_per_sec": 76429.68123431772, "p50_us": 13.479962944984436, "p99_us": 38.20005804300308}, "round": 1}, {"backend": "python", "cache_finished": {"elapsed_s": 0.09148603491485119, "ops_per_sec": 6186.73659347892, "p50_us": 159.2664048075676, "p99_us": 336.693599820137}, "lock_unlock": {"elapsed_s": 0.02612236049026251, "ops_per_sec": 45172.02801943807, "p50_us": 22.040680050849915, "p99_us": 35.789795219898224}, "match_prefix": {"elapsed_s": 0.033617460168898106, "ops_per_sec": 35130.55400576117, "p50_us": 31.501054763793945, "p99_us": 60.560181736946106}, "round": 1}, {"backend": "python", "cache_finished": {"elapsed_s": 0.08692469261586666, "ops_per_sec": 6511.383393683535, "p50_us": 152.6414416730404, "p99_us": 251.22147053480148}, "lock_unlock": {"elapsed_s": 0.02571568824350834, "ops_per_sec": 45886.386116765854, "p50_us": 21.755695343017578, "p99_us": 35.779550671577454}, "match_prefix": {"elapsed_s": 0.033638269640505314, "ops_per_sec": 35108.82136986934, "p50_us": 31.45914524793625, "p99_us": 60.67100912332535}, "round": 2}, {"backend": "rust", "cache_finished": {"elapsed_s": 0.049127484671771526, "ops_per_sec": 11521.045780819744, "p50_us": 86.20135486125946, "p99_us": 153.04144471883774}, "lock_unlock": {"elapsed_s": 0.0043756403028965, "ops_per_sec": 269674.81747045956, "p50_us": 3.345310688018799, "p99_us": 6.699934601783752}, "match_prefix": {"elapsed_s": 0.014526734128594398, "ops_per_sec": 81298.38334931192, "p50_us": 13.070181012153625, "p99_us": 29.33107316493988}, "round": 2}, {"backend": "rust", "cache_finished": {"elapsed_s": 0.04828341584652662, "ops_per_sec": 11722.451489328845, "p50_us": 84.7354531288147, "p99_us": 147.56061136722565}, "lock_unlock": {"elapsed_s": 0.004414580762386322, "ops_per_sec": 267296.04995654116, "p50_us": 3.3853575587272644, "p99_us": 6.7194923758506775}, "match_prefix": {"elapsed_s": 0.014529343694448471, "ops_per_sec": 81283.78162402815, "p50_us": 13.209879398345947, "p99_us": 27.27936953306198}, "round": 3}, {"backend": "python", "cache_finished": {"elapsed_s": 0.08682095259428024, "ops_per_sec": 6519.163670605568, "p50_us": 154.16648238897324, "p99_us": 242.63188242912292}, "lock_unlock": {"elapsed_s": 0.025411064736545086, "ops_per_sec": 46436.46428175736, "p50_us": 21.6607004404068, "p99_us": 34.829601645469666}, "match_prefix": {"elapsed_s": 0.03336864709854126, "ops_per_sec": 35392.504721943864, "p50_us": 31.379982829093933, "p99_us": 58.45073610544205}, "round": 3}, {"backend": "python", "cache_finished": {"elapsed_s": 0.0864313980564475, "ops_per_sec": 6548.546161781982, "p50_us": 153.38649973273277, "p99_us": 240.86330085992813}, "lock_unlock": {"elapsed_s": 0.025795917958021164, "ops_per_sec": 45743.67161192969, "p50_us": 21.81529998779297, "p99_us": 34.8798930644989}, "match_prefix": {"elapsed_s": 0.03317722585052252, "ops_per_sec": 35596.707371523655, "p50_us": 31.259842216968536, "p99_us": 58.55131894350052}, "round": 4}, {"backend": "rust", "cache_finished": {"elapsed_s": 0.05458201467990875, "ops_per_sec": 10369.716166016506, "p50_us": 91.2761315703392, "p99_us": 244.76274847984314}, "lock_unlock": {"elapsed_s": 0.004359019920229912, "ops_per_sec": 270703.05288665945, "p50_us": 3.2996758818626404, "p99_us": 6.909482181072235}, "match_prefix": {"elapsed_s": 0.014361563138663769, "ops_per_sec": 82233.38842695662, "p50_us": 13.09998333454132, "p99_us": 24.859793484210968}, "round": 4}]
GPU=AMD Instinct MI350X
ARCH=gfx950:sramecc+:xnack-
