............F..                                                          [100%]
=================================== FAILURES ===================================
___ TestDSparkPPContext.test_partial_projection_sum_matches_full_projection ____

self = <test_dspark_pp_context.TestDSparkPPContext testMethod=test_partial_projection_sum_matches_full_projection>

    def test_partial_projection_sum_matches_full_projection(self):
        torch.manual_seed(0)
        hidden_size = 4
        model = DFlashDraftModel.__new__(DFlashDraftModel)
        torch.nn.Module.__init__(model)
        model.config = SimpleNamespace(hidden_size=hidden_size)
        model.num_context_features = 3
        model.fc = torch.nn.Linear(3 * hidden_size, hidden_size, bias=False)
        model.hidden_norm = RMSNorm(hidden_size, eps=1e-6)
    
        feature_hidden = [
            torch.randn(5, hidden_size, dtype=torch.float32) for _ in range(3)
        ]
        full_hidden = torch.cat(feature_hidden, dim=-1)
>       full_projected = model.project_target_hidden(full_hidden)
                         ^^^^^^^^^^^^^^^^^^^^^^^^^^^^^^^^^^^^^^^^

test/registered/unit/spec/test_dspark_pp_context.py:225: 
_ _ _ _ _ _ _ _ _ _ _ _ _ _ _ _ _ _ _ _ _ _ _ _ _ _ _ _ _ _ _ _ _ _ _ _ _ _ _ _ 
python/sglang/srt/models/dflash.py:695: in project_target_hidden
    self.fc.input_size if self.is_nemotron_35_draft else self.fc.in_features
                          ^^^^^^^^^^^^^^^^^^^^^^^^^
_ _ _ _ _ _ _ _ _ _ _ _ _ _ _ _ _ _ _ _ _ _ _ _ _ _ _ _ _ _ _ _ _ _ _ _ _ _ _ _ 

self = DFlashDraftModel(
  (fc): Linear(in_features=12, out_features=4, bias=False)
  (hidden_norm): RMSNorm()
)
name = 'is_nemotron_35_draft'

    def __getattr__(self, name: str) -> Union[Tensor, "Module"]:
        if "_parameters" in self.__dict__:
            _parameters = self.__dict__["_parameters"]
            if name in _parameters:
                return _parameters[name]
        if "_buffers" in self.__dict__:
            _buffers = self.__dict__["_buffers"]
            if name in _buffers:
                return _buffers[name]
        if "_modules" in self.__dict__:
            modules = self.__dict__["_modules"]
            if name in modules:
                return modules[name]
>       raise AttributeError(
            f"'{type(self).__name__}' object has no attribute '{name}'"
        )
E       AttributeError: 'DFlashDraftModel' object has no attribute 'is_nemotron_35_draft'

/opt/venv/lib/python3.12/site-packages/torch/nn/modules/module.py:1968: AttributeError

During handling of the above exception, another exception occurred:
python/sglang/test/test_utils.py:2194: in _callTestMethod
    retry(
_ _ _ _ _ _ _ _ _ _ _ _ _ _ _ _ _ _ _ _ _ _ _ _ _ _ _ _ _ _ _ _ _ _ _ _ _ _ _ _ 

fn = <function CustomTestCase._callTestMethod.<locals>.<lambda> at 0x781bcc717920>
max_retry = 0, initial_delay = 2.0, max_delay = 60.0
should_retry = <function <lambda> at 0x7824b373eb60>

    def retry(
        fn,
        max_retry: int,
        initial_delay: float = 2.0,
        max_delay: float = 60.0,
        should_retry: Callable[[Any], bool] = lambda e: True,
    ):
        for try_index in itertools.count():
            try:
                return fn()
            except SkipTest:
                # Do NOT retry skipped tests - used in CI and unittest
                raise
            except _ShouldStop:
                # `unittest.case._ShouldStop` is raised by `subTest.__exit__`
                # when a subtest fails/skips and `result.failfast` is True
                # (CI invokes `python3 file.py -f`). It signals the outer
                # `testPartExecutor` to stop the test method cleanly; do
                # NOT retry, just propagate so unittest handles it.
                raise
            except Exception as e:
                traceback.print_exc()
    
                if try_index >= max_retry:
>                   raise Exception(f"retry() exceed maximum number of retries.")
E                   Exception: retry() exceed maximum number of retries.

python/sglang/srt/utils/common.py:3529: Exception
----------------------------- Captured stdout call -----------------------------
[CI Test Method] TestDSparkPPContext.test_partial_projection_sum_matches_full_projection
----------------------------- Captured stderr call -----------------------------
Traceback (most recent call last):
  File "/job/repo/python/sglang/srt/utils/common.py", line 3514, in retry
    return fn()
           ^^^^
  File "/job/repo/python/sglang/test/test_utils.py", line 2195, in <lambda>
    lambda: super(CustomTestCase, self)._callTestMethod(method),
            ^^^^^^^^^^^^^^^^^^^^^^^^^^^^^^^^^^^^^^^^^^^^^^^^^^^
  File "/usr/lib/python3.12/unittest/case.py", line 589, in _callTestMethod
    if method() is not None:
       ^^^^^^^^
  File "/job/repo/test/registered/unit/spec/test_dspark_pp_context.py", line 225, in test_partial_projection_sum_matches_full_projection
    full_projected = model.project_target_hidden(full_hidden)
                     ^^^^^^^^^^^^^^^^^^^^^^^^^^^^^^^^^^^^^^^^
  File "/job/repo/python/sglang/srt/models/dflash.py", line 695, in project_target_hidden
    self.fc.input_size if self.is_nemotron_35_draft else self.fc.in_features
                          ^^^^^^^^^^^^^^^^^^^^^^^^^
  File "/opt/venv/lib/python3.12/site-packages/torch/nn/modules/module.py", line 1968, in __getattr__
    raise AttributeError(
AttributeError: 'DFlashDraftModel' object has no attribute 'is_nemotron_35_draft'
=============================== warnings summary ===============================
../../opt/venv/lib/python3.12/site-packages/_pytest/config/__init__.py:1434
  /opt/venv/lib/python3.12/site-packages/_pytest/config/__init__.py:1434: PytestConfigWarning: Unknown config option: asyncio_mode
  
    self._warn_or_fail_if_strict(f"Unknown config option: {key}\n")

../../opt/venv/lib/python3.12/site-packages/torch/jit/_script.py:365: 14 warnings
  /opt/venv/lib/python3.12/site-packages/torch/jit/_script.py:365: DeprecationWarning: `torch.jit.script_method` is deprecated. Please switch to `torch.compile` or `torch.export`.
    warnings.warn(

../../opt/venv/lib/python3.12/site-packages/Cython/Distutils/old_build_ext.py:15
../../opt/venv/lib/python3.12/site-packages/Cython/Distutils/old_build_ext.py:15
  /opt/venv/lib/python3.12/site-packages/Cython/Distutils/old_build_ext.py:15: DeprecationWarning: dep_util is Deprecated. Use functions from setuptools instead.
    from distutils.dep_util import newer, newer_group

<frozen abc>:106
  <frozen abc>:106: DeprecationWarning: MultiPlatformOp is deprecated; subclass sglang.kernels.fused_op.BaseFusedOp instead (RFC #29630).

-- Docs: https://docs.pytest.org/en/stable/how-to/capture-warnings.html
=========================== short test summary info ============================
FAILED test/registered/unit/spec/test_dspark_pp_context.py::TestDSparkPPContext::test_partial_projection_sum_matches_full_projection
1 failed, 14 passed, 18 warnings in 20.63s
