{"endpoint": "tcp://*:1", "parsed": ["*", 1]}
{"endpoint": "tcp://host-name:65535", "parsed": ["host-name", 65535]}
{"endpoint": "tcp://[::]:5557", "parsed": ["[::]", 5557]}
{"endpoint": "tcp://[::1]:5557", "parsed": ["[::1]", 5557]}
{"endpoint": "tcp://:5557", "parsed": null}
{"endpoint": "tcp://host:0", "parsed": null}
{"endpoint": "tcp://host:65536", "parsed": null}
{"endpoint": "tcp://host:-1", "parsed": null}
{"endpoint": "tcp://host:5x", "parsed": null}
{"endpoint": "tcp://host", "parsed": null}
{"endpoint": "tcp://[::1]", "parsed": null}
{"endpoint": "tcp://[::1]:", "parsed": null}
{"endpoint": "tcp://[::1]:5557:9", "parsed": null}
{"endpoint": "tcp://[not-ipv6]:5557", "parsed": null}
{"endpoint": "tcp://2001:db8::5:5557", "parsed": null}
{"endpoint": "inproc://kv", "parsed": null}
{"endpoint": "TCP://host:5557", "parsed": null}
{"raw": "null", "descriptor": null}
{"raw": "[]", "descriptor": null}
{"raw": "{\"publisher\":7,\"endpoint\":\"tcp://*:5557\"}", "descriptor": null}
{"raw": "{\"publisher\":\"zmq\",\"endpoint\":null}", "descriptor": null}
{"raw": "{\"publisher\":\"zmq\",\"endpoint\":\"tcp://*:5557\",\"topic\":7}", "descriptor": null}
bad_bracket_assertion=passed
