.FFFFFFFF                                                                [100%]
=================================== FAILURES ===================================
_ test_mqa_logits_budget_boundaries[8192-348032-15032385536-102005473280-expected1] _

num_q = 8192, num_k = 348032, free_mem = 15032385536, total_mem = 102005473280
expected = (True, 3758096384)

    @pytest.mark.parametrize(
        "num_q,num_k,free_mem,total_mem,expected",
        [
            (1_000, 1_000, None, None, (False, 0)),
            (8_192, 348_032, 14 * GIB, 95 * GIB, (True, 14 * GIB // 4)),
            (8_192, 348_032, 80 * GIB, 95 * GIB, (False, 20 * GIB)),
            (8_192, 1_310_720, 80 * GIB, 95 * GIB, (True, 20 * GIB)),
            (8_192, 348_032, 0, 95 * GIB, (True, 1)),
        ],
    )
    def test_mqa_logits_budget_boundaries(num_q, num_k, free_mem, total_mem, expected):
        with mock.patch("torch.cuda.mem_get_info") as mem_get_info:
            if free_mem is not None:
                mem_get_info.return_value = (free_mem, total_mem)
            result = _indexer()._should_chunk_mqa_logits(
                num_q, num_k, torch.device("cuda")
            )
>       assert result == expected
E       assert (True, 15032385536) == (True, 3758096384)
E         
E         At index 1 diff: 15032385536 != 3758096384
E         Use -v to get more diff

test/registered/unit/layers/attention/test_dsa_kpool_mqa_logits_chunking.py:49: AssertionError
_ test_mqa_logits_budget_boundaries[8192-348032-85899345920-102005473280-expected2] _

num_q = 8192, num_k = 348032, free_mem = 85899345920, total_mem = 102005473280
expected = (False, 21474836480)

    @pytest.mark.parametrize(
        "num_q,num_k,free_mem,total_mem,expected",
        [
            (1_000, 1_000, None, None, (False, 0)),
            (8_192, 348_032, 14 * GIB, 95 * GIB, (True, 14 * GIB // 4)),
            (8_192, 348_032, 80 * GIB, 95 * GIB, (False, 20 * GIB)),
            (8_192, 1_310_720, 80 * GIB, 95 * GIB, (True, 20 * GIB)),
            (8_192, 348_032, 0, 95 * GIB, (True, 1)),
        ],
    )
    def test_mqa_logits_budget_boundaries(num_q, num_k, free_mem, total_mem, expected):
        with mock.patch("torch.cuda.mem_get_info") as mem_get_info:
            if free_mem is not None:
                mem_get_info.return_value = (free_mem, total_mem)
            result = _indexer()._should_chunk_mqa_logits(
                num_q, num_k, torch.device("cuda")
            )
>       assert result == expected
E       assert (False, 85899345920) == (False, 21474836480)
E         
E         At index 1 diff: 85899345920 != 21474836480
E         Use -v to get more diff

test/registered/unit/layers/attention/test_dsa_kpool_mqa_logits_chunking.py:49: AssertionError
_ test_mqa_logits_budget_boundaries[8192-1310720-85899345920-102005473280-expected3] _

num_q = 8192, num_k = 1310720, free_mem = 85899345920, total_mem = 102005473280
expected = (True, 21474836480)

    @pytest.mark.parametrize(
        "num_q,num_k,free_mem,total_mem,expected",
        [
            (1_000, 1_000, None, None, (False, 0)),
            (8_192, 348_032, 14 * GIB, 95 * GIB, (True, 14 * GIB // 4)),
            (8_192, 348_032, 80 * GIB, 95 * GIB, (False, 20 * GIB)),
            (8_192, 1_310_720, 80 * GIB, 95 * GIB, (True, 20 * GIB)),
            (8_192, 348_032, 0, 95 * GIB, (True, 1)),
        ],
    )
    def test_mqa_logits_budget_boundaries(num_q, num_k, free_mem, total_mem, expected):
        with mock.patch("torch.cuda.mem_get_info") as mem_get_info:
            if free_mem is not None:
                mem_get_info.return_value = (free_mem, total_mem)
            result = _indexer()._should_chunk_mqa_logits(
                num_q, num_k, torch.device("cuda")
            )
>       assert result == expected
E       assert (True, 85899345920) == (True, 21474836480)
E         
E         At index 1 diff: 85899345920 != 21474836480
E         Use -v to get more diff

test/registered/unit/layers/attention/test_dsa_kpool_mqa_logits_chunking.py:49: AssertionError
___ test_mqa_logits_budget_boundaries[8192-348032-0-102005473280-expected4] ____

num_q = 8192, num_k = 348032, free_mem = 0, total_mem = 102005473280
expected = (True, 1)

    @pytest.mark.parametrize(
        "num_q,num_k,free_mem,total_mem,expected",
        [
            (1_000, 1_000, None, None, (False, 0)),
            (8_192, 348_032, 14 * GIB, 95 * GIB, (True, 14 * GIB // 4)),
            (8_192, 348_032, 80 * GIB, 95 * GIB, (False, 20 * GIB)),
            (8_192, 1_310_720, 80 * GIB, 95 * GIB, (True, 20 * GIB)),
            (8_192, 348_032, 0, 95 * GIB, (True, 1)),
        ],
    )
    def test_mqa_logits_budget_boundaries(num_q, num_k, free_mem, total_mem, expected):
        with mock.patch("torch.cuda.mem_get_info") as mem_get_info:
            if free_mem is not None:
                mem_get_info.return_value = (free_mem, total_mem)
            result = _indexer()._should_chunk_mqa_logits(
                num_q, num_k, torch.device("cuda")
            )
>       assert result == expected
E       assert (True, 0) == (True, 1)
E         
E         At index 1 diff: 0 != 1
E         Use -v to get more diff

test/registered/unit/layers/attention/test_dsa_kpool_mqa_logits_chunking.py:49: AssertionError
______________ test_kpool_plan_chunks_rows_and_preserves_results _______________

    @pytest.mark.skipif(not torch.cuda.is_available(), reason="requires one GPU")
    def test_kpool_plan_chunks_rows_and_preserves_results():
        device = torch.device("cuda")
        n_real, total_q, total_k, head_dim = 5, 7, 12, 8
        starts = torch.tensor([0, 0, 6, 6, 6], dtype=torch.int32, device=device)
        ends = torch.tensor([5, 6, 9, 11, 12], dtype=torch.int32, device=device)
        pool_lens = ends - starts
        plan = SimpleNamespace(
            seq_lens_expanded=pool_lens * 4,
            pooled_seq_lens_expanded=pool_lens,
            ragged_q_ks=starts,
            ragged_q_ke=ends,
            ragged_total_k_rows=total_k,
            ragged_k_u8=torch.zeros((total_k, head_dim), dtype=torch.uint8, device=device),
            ragged_k_scale=torch.ones(total_k, dtype=torch.float32, device=device),
            ragged_concat_page_table=torch.zeros(1, dtype=torch.int32, device=device),
            ragged_paged_page_table=None,
            ragged_paged_page_table_row_index=None,
            ragged_groups=(
                SimpleNamespace(q_start=0, q_len=2, k_start=0, k_rows=6),
                SimpleNamespace(q_start=2, q_len=3, k_start=6, k_rows=6),
            ),
        )
        metadata = SimpleNamespace(
            attn_metadata=SimpleNamespace(
                kpool_extend_plan=plan, topk_indices_offset=None
            ),
            topk_transform_method=TopkTransformMethod.RAGGED,
        )
        q = torch.zeros(
            (total_q, 1, head_dim), dtype=torch.float8_e4m3fn, device=device
        )
        weights = torch.ones((total_q, 1, 1), dtype=torch.float32, device=device)
    
        def fake_logits(q_chunk, kv, weights_chunk, ks, ke, clean_logits):
            cols = torch.arange(total_k, dtype=torch.float32, device=device)
            return ke.float().unsqueeze(1) * 100 + cols.unsqueeze(0)
    
        def fake_topk(logits, pool_lens_chunk, **kwargs):
            rows = torch.arange(logits.shape[0], device=device)
            result = torch.full(
                (logits.shape[0], 11), -1, dtype=torch.int32, device=device
            )
            result[:, :2] = torch.stack(
                (rows, pool_lens_chunk.to(torch.int64)), dim=1
            ).to(torch.int32)
            return result
    
        def run(chunk_rows):
            indexer = _indexer()
            budget = chunk_rows * total_k * 4
            with (
                mock.patch.object(
                    IndexerKPool,
                    "_should_chunk_mqa_logits",
                    return_value=(chunk_rows < n_real, budget),
                ),
                mock.patch.object(IndexerKPool, "_get_index_k_read_buffer"),
                mock.patch.object(
                    IndexerKPool, "_topk_from_kpool_logits", side_effect=fake_topk
                ),
                mock.patch(
                    "sglang.srt.layers.attention.dsa.dsa_indexer_kpool.get_token_to_kv_pool"
                ),
                mock.patch(
                    "sglang.srt.layers.attention.dsa.kpool_fp8_index."
                    "gather_index_k_scale_prefix_into"
                ),
                mock.patch(
                    "sglang.srt.layers.attention.dsa.dsa_indexer_kpool.deep_gemm",
                    SimpleNamespace(fp8_mqa_logits=mock.Mock(side_effect=fake_logits)),
                    create=True,
                ) as deep_gemm,
                envs.SGLANG_DSA_FUSE_TOPK.override(False),
            ):
                result = indexer._get_topk_ragged_kpool_plan(
                    mock.Mock(), 0, q, weights, metadata
                )
            return result, deep_gemm.fp8_mqa_logits.call_count
    
        dense, dense_calls = run(n_real)
        chunked, chunked_calls = run(2)
        assert dense_calls == 1
>       assert chunked_calls == 2
E       assert 1 == 2

test/registered/unit/layers/attention/test_dsa_kpool_mqa_logits_chunking.py:136: AssertionError
_________ test_grouped_chunking_preserves_global_mapping_and_budget[2] _________

method = <TopkTransformMethod.RAGGED: 2>

    @pytest.mark.skipif(not torch.cuda.is_available(), reason="requires one GPU")
    @pytest.mark.parametrize(
        "method", [TopkTransformMethod.RAGGED, TopkTransformMethod.PAGED]
    )
    def test_grouped_chunking_preserves_global_mapping_and_budget(method):
        device = torch.device("cuda")
        n_real, total_q, total_k, dim = 5, 7, 12, 8
        starts = torch.tensor([0, 0, 6, 6, 6], dtype=torch.int32, device=device)
        ends = torch.tensor([5, 6, 9, 11, 12], dtype=torch.int32, device=device)
        pool_lens = ends - starts
        offsets = torch.tensor([101, 102, 201, 202, 203], dtype=torch.int32, device=device)
        row_index = torch.tensor([3, 3, 9, 9, 9], dtype=torch.int32, device=device)
        page_table = torch.arange(80, dtype=torch.int32, device=device).reshape(10, 8)
        plan = SimpleNamespace(
            seq_lens_expanded=pool_lens * 4,
            pooled_seq_lens_expanded=pool_lens,
            ragged_q_ks=starts,
            ragged_q_ke=ends,
            ragged_total_k_rows=total_k,
            ragged_k_u8=torch.zeros((total_k, dim), dtype=torch.uint8, device=device),
            ragged_k_scale=torch.ones(total_k, dtype=torch.float32, device=device),
            ragged_concat_page_table=torch.zeros(1, dtype=torch.int32, device=device),
            ragged_paged_page_table=page_table,
            ragged_paged_page_table_row_index=row_index,
            ragged_groups=(
                SimpleNamespace(q_start=0, q_len=2, k_start=0, k_rows=6),
                SimpleNamespace(q_start=2, q_len=3, k_start=6, k_rows=6),
            ),
        )
        metadata = SimpleNamespace(
            attn_metadata=SimpleNamespace(
                kpool_extend_plan=plan, topk_indices_offset=offsets
            ),
            topk_transform_method=method,
        )
        q = torch.zeros((total_q, 1, dim), dtype=torch.float8_e4m3fn, device=device)
        weights = torch.ones((total_q, 1, 1), dtype=torch.float32, device=device)
        # RAGGED exercises a budget smaller than one concatenated-K row. PAGED uses
        # one concatenated row so it reaches the later chunk's global table mapping.
        budget = (6 if method == TopkTransformMethod.RAGGED else total_k) * 4
        calls = []
    
        def fake_logits(q_chunk, kv, weights_chunk, ks, ke, clean_logits):
            calls.append((q_chunk.shape[0], kv[0].shape[0]))
            return torch.zeros(
                (q_chunk.shape[0], kv[0].shape[0]), dtype=torch.float32, device=device
            )
    
        def fake_topk(logits, lens, **kw):
            cols = [lens, kw["seq_lens"], kw["row_starts"]]
            if method == TopkTransformMethod.RAGGED:
                cols.append(kw["topk_offsets"])
                assert kw["page_table"] is None
                assert kw["page_table_row_index"] is None
            else:
                cols.append(kw["page_table_row_index"])
                assert kw["page_table"].data_ptr() == page_table.data_ptr()
                assert kw["topk_offsets"] is None
            assert logits.numel() * logits.element_size() <= budget
            result = torch.full(
                (logits.shape[0], 11), -1, dtype=torch.int32, device=device
            )
            result[:, :4] = torch.stack(cols, dim=1).to(torch.int32)
            return result
    
        with (
            mock.patch.object(
                IndexerKPool, "_should_chunk_mqa_logits", return_value=(True, budget)
            ),
            mock.patch.object(IndexerKPool, "_get_index_k_read_buffer"),
            mock.patch.object(
                IndexerKPool, "_topk_from_kpool_logits", side_effect=fake_topk
            ),
            mock.patch(
                "sglang.srt.layers.attention.dsa.dsa_indexer_kpool.get_token_to_kv_pool"
            ),
            mock.patch(
                "sglang.srt.layers.attention.dsa.kpool_fp8_index."
                "gather_index_k_scale_prefix_into"
            ),
            mock.patch(
                "sglang.srt.layers.attention.dsa.dsa_indexer_kpool.deep_gemm",
                SimpleNamespace(fp8_mqa_logits=mock.Mock(side_effect=fake_logits)),
                create=True,
            ),
            envs.SGLANG_DSA_FUSE_TOPK.override(True),
        ):
>           result = _indexer()._get_topk_ragged_kpool_plan(
                mock.Mock(), 0, q, weights, metadata
            )

test/registered/unit/layers/attention/test_dsa_kpool_grouped_chunking.py:117: 
_ _ _ _ _ _ _ _ _ _ _ _ _ _ _ _ _ _ _ _ _ _ _ _ _ _ _ _ _ _ _ _ _ _ _ _ _ _ _ _ 
python/sglang/srt/layers/attention/dsa/dsa_indexer_kpool.py:948: in _get_topk_ragged_kpool_plan
    return self._topk_from_kpool_logits(
/usr/lib/python3.12/unittest/mock.py:1134: in __call__
    return self._mock_call(*args, **kwargs)
           ^^^^^^^^^^^^^^^^^^^^^^^^^^^^^^^^
/usr/lib/python3.12/unittest/mock.py:1138: in _mock_call
    return self._execute_mock_call(*args, **kwargs)
           ^^^^^^^^^^^^^^^^^^^^^^^^^^^^^^^^^^^^^^^^
/usr/lib/python3.12/unittest/mock.py:1199: in _execute_mock_call
    result = effect(*args, **kwargs)
             ^^^^^^^^^^^^^^^^^^^^^^^
_ _ _ _ _ _ _ _ _ _ _ _ _ _ _ _ _ _ _ _ _ _ _ _ _ _ _ _ _ _ _ _ _ _ _ _ _ _ _ _ 

logits = tensor([[0., 0., 0., 0., 0., 0., 0., 0., 0., 0., 0., 0.],
        [0., 0., 0., 0., 0., 0., 0., 0., 0., 0., 0., 0.],
  ...., 0., 0., 0., 0., 0., 0., 0., 0., 0., 0.],
        [0., 0., 0., 0., 0., 0., 0., 0., 0., 0., 0., 0.]], device='cuda:0')
lens = tensor([5, 6, 3, 5, 6], device='cuda:0', dtype=torch.int32)
kw = {'out_rows': 7, 'page_table': None, 'page_table_row_index': None, 'row_starts': tensor([0, 0, 6, 6, 6], device='cuda:0', dtype=torch.int32), ...}
cols = [tensor([5, 6, 3, 5, 6], device='cuda:0', dtype=torch.int32), tensor([20, 24, 12, 20, 24], device='cuda:0', dtype=torc..., 6, 6, 6], device='cuda:0', dtype=torch.int32), tensor([101, 102, 201, 202, 203], device='cuda:0', dtype=torch.int32)]
@py_assert0 = None, @py_assert3 = 60, @py_assert2 = None

    def fake_topk(logits, lens, **kw):
        cols = [lens, kw["seq_lens"], kw["row_starts"]]
        if method == TopkTransformMethod.RAGGED:
            cols.append(kw["topk_offsets"])
            assert kw["page_table"] is None
            assert kw["page_table_row_index"] is None
        else:
            cols.append(kw["page_table_row_index"])
            assert kw["page_table"].data_ptr() == page_table.data_ptr()
            assert kw["topk_offsets"] is None
>       assert logits.numel() * logits.element_size() <= budget
E       AssertionError: assert (60 * 4) <= 24
E        +  where 60 = <built-in method numel of Tensor object at 0x7cd7fceb0640>()
E        +    where <built-in method numel of Tensor object at 0x7cd7fceb0640> = tensor([[0., 0., 0., 0., 0., 0., 0., 0., 0., 0., 0., 0.],\n        [0., 0., 0., 0., 0., 0., 0., 0., 0., 0., 0., 0.],\n  ...., 0., 0., 0., 0., 0., 0., 0., 0., 0., 0.],\n        [0., 0., 0., 0., 0., 0., 0., 0., 0., 0., 0., 0.]], device='cuda:0').numel
E        +  and   4 = <built-in method element_size of Tensor object at 0x7cd7fceb0640>()
E        +    where <built-in method element_size of Tensor object at 0x7cd7fceb0640> = tensor([[0., 0., 0., 0., 0., 0., 0., 0., 0., 0., 0., 0.],\n        [0., 0., 0., 0., 0., 0., 0., 0., 0., 0., 0., 0.],\n  ...., 0., 0., 0., 0., 0., 0., 0., 0., 0., 0.],\n        [0., 0., 0., 0., 0., 0., 0., 0., 0., 0., 0., 0.]], device='cuda:0').element_size

test/registered/unit/layers/attention/test_dsa_kpool_grouped_chunking.py:88: AssertionError
_________ test_grouped_chunking_preserves_global_mapping_and_budget[1] _________

method = <TopkTransformMethod.PAGED: 1>

    @pytest.mark.skipif(not torch.cuda.is_available(), reason="requires one GPU")
    @pytest.mark.parametrize(
        "method", [TopkTransformMethod.RAGGED, TopkTransformMethod.PAGED]
    )
    def test_grouped_chunking_preserves_global_mapping_and_budget(method):
        device = torch.device("cuda")
        n_real, total_q, total_k, dim = 5, 7, 12, 8
        starts = torch.tensor([0, 0, 6, 6, 6], dtype=torch.int32, device=device)
        ends = torch.tensor([5, 6, 9, 11, 12], dtype=torch.int32, device=device)
        pool_lens = ends - starts
        offsets = torch.tensor([101, 102, 201, 202, 203], dtype=torch.int32, device=device)
        row_index = torch.tensor([3, 3, 9, 9, 9], dtype=torch.int32, device=device)
        page_table = torch.arange(80, dtype=torch.int32, device=device).reshape(10, 8)
        plan = SimpleNamespace(
            seq_lens_expanded=pool_lens * 4,
            pooled_seq_lens_expanded=pool_lens,
            ragged_q_ks=starts,
            ragged_q_ke=ends,
            ragged_total_k_rows=total_k,
            ragged_k_u8=torch.zeros((total_k, dim), dtype=torch.uint8, device=device),
            ragged_k_scale=torch.ones(total_k, dtype=torch.float32, device=device),
            ragged_concat_page_table=torch.zeros(1, dtype=torch.int32, device=device),
            ragged_paged_page_table=page_table,
            ragged_paged_page_table_row_index=row_index,
            ragged_groups=(
                SimpleNamespace(q_start=0, q_len=2, k_start=0, k_rows=6),
                SimpleNamespace(q_start=2, q_len=3, k_start=6, k_rows=6),
            ),
        )
        metadata = SimpleNamespace(
            attn_metadata=SimpleNamespace(
                kpool_extend_plan=plan, topk_indices_offset=offsets
            ),
            topk_transform_method=method,
        )
        q = torch.zeros((total_q, 1, dim), dtype=torch.float8_e4m3fn, device=device)
        weights = torch.ones((total_q, 1, 1), dtype=torch.float32, device=device)
        # RAGGED exercises a budget smaller than one concatenated-K row. PAGED uses
        # one concatenated row so it reaches the later chunk's global table mapping.
        budget = (6 if method == TopkTransformMethod.RAGGED else total_k) * 4
        calls = []
    
        def fake_logits(q_chunk, kv, weights_chunk, ks, ke, clean_logits):
            calls.append((q_chunk.shape[0], kv[0].shape[0]))
            return torch.zeros(
                (q_chunk.shape[0], kv[0].shape[0]), dtype=torch.float32, device=device
            )
    
        def fake_topk(logits, lens, **kw):
            cols = [lens, kw["seq_lens"], kw["row_starts"]]
            if method == TopkTransformMethod.RAGGED:
                cols.append(kw["topk_offsets"])
                assert kw["page_table"] is None
                assert kw["page_table_row_index"] is None
            else:
                cols.append(kw["page_table_row_index"])
                assert kw["page_table"].data_ptr() == page_table.data_ptr()
                assert kw["topk_offsets"] is None
            assert logits.numel() * logits.element_size() <= budget
            result = torch.full(
                (logits.shape[0], 11), -1, dtype=torch.int32, device=device
            )
            result[:, :4] = torch.stack(cols, dim=1).to(torch.int32)
            return result
    
        with (
            mock.patch.object(
                IndexerKPool, "_should_chunk_mqa_logits", return_value=(True, budget)
            ),
            mock.patch.object(IndexerKPool, "_get_index_k_read_buffer"),
            mock.patch.object(
                IndexerKPool, "_topk_from_kpool_logits", side_effect=fake_topk
            ),
            mock.patch(
                "sglang.srt.layers.attention.dsa.dsa_indexer_kpool.get_token_to_kv_pool"
            ),
            mock.patch(
                "sglang.srt.layers.attention.dsa.kpool_fp8_index."
                "gather_index_k_scale_prefix_into"
            ),
            mock.patch(
                "sglang.srt.layers.attention.dsa.dsa_indexer_kpool.deep_gemm",
                SimpleNamespace(fp8_mqa_logits=mock.Mock(side_effect=fake_logits)),
                create=True,
            ),
            envs.SGLANG_DSA_FUSE_TOPK.override(True),
        ):
>           result = _indexer()._get_topk_ragged_kpool_plan(
                mock.Mock(), 0, q, weights, metadata
            )

test/registered/unit/layers/attention/test_dsa_kpool_grouped_chunking.py:117: 
_ _ _ _ _ _ _ _ _ _ _ _ _ _ _ _ _ _ _ _ _ _ _ _ _ _ _ _ _ _ _ _ _ _ _ _ _ _ _ _ 
python/sglang/srt/layers/attention/dsa/dsa_indexer_kpool.py:948: in _get_topk_ragged_kpool_plan
    return self._topk_from_kpool_logits(
/usr/lib/python3.12/unittest/mock.py:1134: in __call__
    return self._mock_call(*args, **kwargs)
           ^^^^^^^^^^^^^^^^^^^^^^^^^^^^^^^^
/usr/lib/python3.12/unittest/mock.py:1138: in _mock_call
    return self._execute_mock_call(*args, **kwargs)
           ^^^^^^^^^^^^^^^^^^^^^^^^^^^^^^^^^^^^^^^^
/usr/lib/python3.12/unittest/mock.py:1199: in _execute_mock_call
    result = effect(*args, **kwargs)
             ^^^^^^^^^^^^^^^^^^^^^^^
_ _ _ _ _ _ _ _ _ _ _ _ _ _ _ _ _ _ _ _ _ _ _ _ _ _ _ _ _ _ _ _ _ _ _ _ _ _ _ _ 

logits = tensor([[0., 0., 0., 0., 0., 0., 0., 0., 0., 0., 0., 0.],
        [0., 0., 0., 0., 0., 0., 0., 0., 0., 0., 0., 0.],
  ...., 0., 0., 0., 0., 0., 0., 0., 0., 0., 0.],
        [0., 0., 0., 0., 0., 0., 0., 0., 0., 0., 0., 0.]], device='cuda:0')
lens = tensor([5, 6, 3, 5, 6], device='cuda:0', dtype=torch.int32)
kw = {'out_rows': 7, 'page_table': tensor([[ 0,  1,  2,  3,  4,  5,  6,  7],
        [ 8,  9, 10, 11, 12, 13, 14, 15],
    ...], device='cuda:0', dtype=torch.int32), 'row_starts': tensor([0, 0, 6, 6, 6], device='cuda:0', dtype=torch.int32), ...}
cols = [tensor([5, 6, 3, 5, 6], device='cuda:0', dtype=torch.int32), tensor([20, 24, 12, 20, 24], device='cuda:0', dtype=torc...nsor([0, 0, 6, 6, 6], device='cuda:0', dtype=torch.int32), tensor([3, 3, 9, 9, 9], device='cuda:0', dtype=torch.int32)]
@py_assert0 = None, @py_assert3 = 60, @py_assert2 = None, @py_assert4 = None

    def fake_topk(logits, lens, **kw):
        cols = [lens, kw["seq_lens"], kw["row_starts"]]
        if method == TopkTransformMethod.RAGGED:
            cols.append(kw["topk_offsets"])
            assert kw["page_table"] is None
            assert kw["page_table_row_index"] is None
        else:
            cols.append(kw["page_table_row_index"])
            assert kw["page_table"].data_ptr() == page_table.data_ptr()
            assert kw["topk_offsets"] is None
>       assert logits.numel() * logits.element_size() <= budget
E       AssertionError: assert (60 * 4) <= 48
E        +  where 60 = <built-in method numel of Tensor object at 0x7cd7fc9ca260>()
E        +    where <built-in method numel of Tensor object at 0x7cd7fc9ca260> = tensor([[0., 0., 0., 0., 0., 0., 0., 0., 0., 0., 0., 0.],\n        [0., 0., 0., 0., 0., 0., 0., 0., 0., 0., 0., 0.],\n  ...., 0., 0., 0., 0., 0., 0., 0., 0., 0., 0.],\n        [0., 0., 0., 0., 0., 0., 0., 0., 0., 0., 0., 0.]], device='cuda:0').numel
E        +  and   4 = <built-in method element_size of Tensor object at 0x7cd7fc9ca260>()
E        +    where <built-in method element_size of Tensor object at 0x7cd7fc9ca260> = tensor([[0., 0., 0., 0., 0., 0., 0., 0., 0., 0., 0., 0.],\n        [0., 0., 0., 0., 0., 0., 0., 0., 0., 0., 0., 0.],\n  ...., 0., 0., 0., 0., 0., 0., 0., 0., 0., 0.],\n        [0., 0., 0., 0., 0., 0., 0., 0., 0., 0., 0., 0.]], device='cuda:0').element_size

test/registered/unit/layers/attention/test_dsa_kpool_grouped_chunking.py:88: AssertionError
_________ test_grouped_chunking_rejects_request_row_larger_than_budget _________

    @pytest.mark.skipif(not torch.cuda.is_available(), reason="requires one GPU")
    def test_grouped_chunking_rejects_request_row_larger_than_budget():
        device = torch.device("cuda")
        k_rows = 10
        budget = 4
        plan = SimpleNamespace(
            seq_lens_expanded=torch.tensor([k_rows], dtype=torch.int32, device=device),
            pooled_seq_lens_expanded=torch.tensor(
                [k_rows], dtype=torch.int32, device=device
            ),
            ragged_q_ks=torch.tensor([0], dtype=torch.int32, device=device),
            ragged_q_ke=torch.tensor([k_rows], dtype=torch.int32, device=device),
            ragged_groups=(
                SimpleNamespace(q_start=0, q_len=1, k_start=0, k_rows=k_rows),
            ),
        )
        q = torch.zeros((1, 1, 8), dtype=torch.float8_e4m3fn, device=device)
        k = torch.zeros((k_rows, 8), dtype=torch.float8_e4m3fn, device=device)
        scale = torch.ones(k_rows, dtype=torch.float32, device=device)
        weights = torch.ones((1, 1), dtype=torch.float32, device=device)
    
        with (
            mock.patch(
                "sglang.srt.layers.attention.dsa.dsa_indexer_kpool.deep_gemm",
                SimpleNamespace(fp8_mqa_logits=mock.Mock()),
                create=True,
            ) as deep_gemm_mock,
            pytest.raises(RuntimeError, match="required=40 bytes, budget=4 bytes"),
        ):
>           _indexer()._topk_ragged_kpool_grouped(
            ^^^^^^^^^^^^^^^^^^^^^^^^^^^^^^^^^^^^^
                plan=plan,
                q_fp8=q,
                weights=weights,
                k_fp8=k,
                k_scale=scale,
                logits_budget_bytes=budget,
                total_q=1,
                page_table=None,
                page_table_row_index=None,
                topk_offsets=None,
            )

test/registered/unit/layers/attention/test_dsa_kpool_grouped_chunking.py:160: 
_ _ _ _ _ _ _ _ _ _ _ _ _ _ _ _ _ _ _ _ _ _ _ _ _ _ _ _ _ _ _ _ _ _ _ _ _ _ _ _ 

self = IndexerKPool(), name = '_topk_ragged_kpool_grouped'

    def __getattr__(self, name: str) -> Union[Tensor, "Module"]:
        if "_parameters" in self.__dict__:
            _parameters = self.__dict__["_parameters"]
            if name in _parameters:
                return _parameters[name]
        if "_buffers" in self.__dict__:
            _buffers = self.__dict__["_buffers"]
            if name in _buffers:
                return _buffers[name]
        if "_modules" in self.__dict__:
            modules = self.__dict__["_modules"]
            if name in modules:
                return modules[name]
>       raise AttributeError(
            f"'{type(self).__name__}' object has no attribute '{name}'"
        )
E       AttributeError: 'IndexerKPool' object has no attribute '_topk_ragged_kpool_grouped'

/opt/venv/lib/python3.12/site-packages/torch/nn/modules/module.py:1968: AttributeError
=============================== warnings summary ===============================
../../opt/venv/lib/python3.12/site-packages/_pytest/config/__init__.py:1434
  /opt/venv/lib/python3.12/site-packages/_pytest/config/__init__.py:1434: PytestConfigWarning: Unknown config option: asyncio_mode
  
    self._warn_or_fail_if_strict(f"Unknown config option: {key}\n")

../../opt/venv/lib/python3.12/site-packages/torch/jit/_script.py:365: 14 warnings
  /opt/venv/lib/python3.12/site-packages/torch/jit/_script.py:365: DeprecationWarning: `torch.jit.script_method` is deprecated. Please switch to `torch.compile` or `torch.export`.
    warnings.warn(

../../opt/venv/lib/python3.12/site-packages/Cython/Distutils/old_build_ext.py:15
../../opt/venv/lib/python3.12/site-packages/Cython/Distutils/old_build_ext.py:15
  /opt/venv/lib/python3.12/site-packages/Cython/Distutils/old_build_ext.py:15: DeprecationWarning: dep_util is Deprecated. Use functions from setuptools instead.
    from distutils.dep_util import newer, newer_group

<frozen abc>:106
  <frozen abc>:106: DeprecationWarning: MultiPlatformOp is deprecated; subclass sglang.kernels.fused_op.BaseFusedOp instead (RFC #29630).

-- Docs: https://docs.pytest.org/en/stable/how-to/capture-warnings.html
=========================== short test summary info ============================
FAILED test/registered/unit/layers/attention/test_dsa_kpool_mqa_logits_chunking.py::test_mqa_logits_budget_boundaries[8192-348032-15032385536-102005473280-expected1]
FAILED test/registered/unit/layers/attention/test_dsa_kpool_mqa_logits_chunking.py::test_mqa_logits_budget_boundaries[8192-348032-85899345920-102005473280-expected2]
FAILED test/registered/unit/layers/attention/test_dsa_kpool_mqa_logits_chunking.py::test_mqa_logits_budget_boundaries[8192-1310720-85899345920-102005473280-expected3]
FAILED test/registered/unit/layers/attention/test_dsa_kpool_mqa_logits_chunking.py::test_mqa_logits_budget_boundaries[8192-348032-0-102005473280-expected4]
FAILED test/registered/unit/layers/attention/test_dsa_kpool_mqa_logits_chunking.py::test_kpool_plan_chunks_rows_and_preserves_results
FAILED test/registered/unit/layers/attention/test_dsa_kpool_grouped_chunking.py::test_grouped_chunking_preserves_global_mapping_and_budget[2]
FAILED test/registered/unit/layers/attention/test_dsa_kpool_grouped_chunking.py::test_grouped_chunking_preserves_global_mapping_and_budget[1]
FAILED test/registered/unit/layers/attention/test_dsa_kpool_grouped_chunking.py::test_grouped_chunking_rejects_request_row_larger_than_budget
8 failed, 1 passed, 18 warnings in 20.46s
