....FF                                                                   [100%]
=================================== FAILURES ===================================
_ TestSessionTokenShare.test_rejected_overlap_cannot_admit_or_mutate_a_third_turn _

self = <test_session_token_share_unit.TestSessionTokenShare testMethod=test_rejected_overlap_cannot_admit_or_mutate_a_third_turn>

    def test_rejected_overlap_cannot_admit_or_mutate_a_third_turn(self):
        owner = self._create("owner", [10, 11])
        rejected = self._create_rejected("rejected", [20])
        original_owner_ids = list(owner.origin_input_ids)
    
        tree_cache = StreamingSession(SimpleNamespace())
        tree_cache.slots["s"] = SessionSlot(
            kv=SimpleNamespace(holds_kv=True),
        )
        tree_cache.find_active_slot(rejected)
        third = self._create_rejected("third", [30])
    
>       self.assertIsNotNone(third.to_finish)
E       AssertionError: unexpectedly None

test/registered/unit/mem_cache/test_session_token_share_unit.py:174: AssertionError

During handling of the above exception, another exception occurred:
python/sglang/test/test_utils.py:2194: in _callTestMethod
    retry(
_ _ _ _ _ _ _ _ _ _ _ _ _ _ _ _ _ _ _ _ _ _ _ _ _ _ _ _ _ _ _ _ _ _ _ _ _ _ _ _ 

fn = <function CustomTestCase._callTestMethod.<locals>.<lambda> at 0x70d30e120040>
max_retry = 0, initial_delay = 2.0, max_delay = 60.0
should_retry = <function <lambda> at 0x70dbf3e81d00>

    def retry(
        fn,
        max_retry: int,
        initial_delay: float = 2.0,
        max_delay: float = 60.0,
        should_retry: Callable[[Any], bool] = lambda e: True,
    ):
        for try_index in itertools.count():
            try:
                return fn()
            except SkipTest:
                # Do NOT retry skipped tests - used in CI and unittest
                raise
            except _ShouldStop:
                # `unittest.case._ShouldStop` is raised by `subTest.__exit__`
                # when a subtest fails/skips and `result.failfast` is True
                # (CI invokes `python3 file.py -f`). It signals the outer
                # `testPartExecutor` to stop the test method cleanly; do
                # NOT retry, just propagate so unittest handles it.
                raise
            except Exception as e:
                traceback.print_exc()
    
                if try_index >= max_retry:
>                   raise Exception(f"retry() exceed maximum number of retries.")
E                   Exception: retry() exceed maximum number of retries.

python/sglang/srt/utils/common.py:3529: Exception
----------------------------- Captured stderr call -----------------------------
Traceback (most recent call last):
  File "/job/repo/python/sglang/srt/utils/common.py", line 3514, in retry
    return fn()
           ^^^^
  File "/job/repo/python/sglang/test/test_utils.py", line 2195, in <lambda>
    lambda: super(CustomTestCase, self)._callTestMethod(method),
            ^^^^^^^^^^^^^^^^^^^^^^^^^^^^^^^^^^^^^^^^^^^^^^^^^^^
  File "/usr/lib/python3.12/unittest/case.py", line 589, in _callTestMethod
    if method() is not None:
       ^^^^^^^^
  File "/job/repo/test/registered/unit/mem_cache/test_session_token_share_unit.py", line 174, in test_rejected_overlap_cannot_admit_or_mutate_a_third_turn
    self.assertIsNotNone(third.to_finish)
  File "/usr/lib/python3.12/unittest/case.py", line 1287, in assertIsNotNone
    self.fail(self._formatMessage(msg, standardMsg))
  File "/usr/lib/python3.12/unittest/case.py", line 715, in fail
    raise self.failureException(msg)
AssertionError: unexpectedly None
------------------------------ Captured log call -------------------------------
ERROR    sglang.srt.managers.schedule_batch:schedule_batch.py:1998 Streaming session already has an active request., self.rid='rejected'
_ TestSessionTokenShare.test_rejected_overlap_does_not_release_inflight_owner __

self = <test_session_token_share_unit.TestSessionTokenShare testMethod=test_rejected_overlap_does_not_release_inflight_owner>

    def test_rejected_overlap_does_not_release_inflight_owner(self):
        """A request rejected by create_req never acquired the session flag."""
        owner = self._create("owner", [1, 2, 3])
        rejected = self._create_rejected("rejected", [4, 5])
        self.assertTrue(self.session._inflight)
        self.assertIsNotNone(rejected.to_finish)
    
        tree_cache = StreamingSession(SimpleNamespace())
        tree_cache.slots["s"] = SessionSlot(
            kv=SimpleNamespace(holds_kv=True),
        )
        self.assertIsNone(tree_cache.find_active_slot(rejected))
    
>       self.assertTrue(self.session._inflight)
E       AssertionError: False is not true

test/registered/unit/mem_cache/test_session_token_share_unit.py:159: AssertionError

During handling of the above exception, another exception occurred:
python/sglang/test/test_utils.py:2194: in _callTestMethod
    retry(
_ _ _ _ _ _ _ _ _ _ _ _ _ _ _ _ _ _ _ _ _ _ _ _ _ _ _ _ _ _ _ _ _ _ _ _ _ _ _ _ 

fn = <function CustomTestCase._callTestMethod.<locals>.<lambda> at 0x70d30e1237e0>
max_retry = 0, initial_delay = 2.0, max_delay = 60.0
should_retry = <function <lambda> at 0x70dbf3e81d00>

    def retry(
        fn,
        max_retry: int,
        initial_delay: float = 2.0,
        max_delay: float = 60.0,
        should_retry: Callable[[Any], bool] = lambda e: True,
    ):
        for try_index in itertools.count():
            try:
                return fn()
            except SkipTest:
                # Do NOT retry skipped tests - used in CI and unittest
                raise
            except _ShouldStop:
                # `unittest.case._ShouldStop` is raised by `subTest.__exit__`
                # when a subtest fails/skips and `result.failfast` is True
                # (CI invokes `python3 file.py -f`). It signals the outer
                # `testPartExecutor` to stop the test method cleanly; do
                # NOT retry, just propagate so unittest handles it.
                raise
            except Exception as e:
                traceback.print_exc()
    
                if try_index >= max_retry:
>                   raise Exception(f"retry() exceed maximum number of retries.")
E                   Exception: retry() exceed maximum number of retries.

python/sglang/srt/utils/common.py:3529: Exception
----------------------------- Captured stderr call -----------------------------
Traceback (most recent call last):
  File "/job/repo/python/sglang/srt/utils/common.py", line 3514, in retry
    return fn()
           ^^^^
  File "/job/repo/python/sglang/test/test_utils.py", line 2195, in <lambda>
    lambda: super(CustomTestCase, self)._callTestMethod(method),
            ^^^^^^^^^^^^^^^^^^^^^^^^^^^^^^^^^^^^^^^^^^^^^^^^^^^
  File "/usr/lib/python3.12/unittest/case.py", line 589, in _callTestMethod
    if method() is not None:
       ^^^^^^^^
  File "/job/repo/test/registered/unit/mem_cache/test_session_token_share_unit.py", line 159, in test_rejected_overlap_does_not_release_inflight_owner
    self.assertTrue(self.session._inflight)
  File "/usr/lib/python3.12/unittest/case.py", line 727, in assertTrue
    raise self.failureException(msg)
AssertionError: False is not true
------------------------------ Captured log call -------------------------------
ERROR    sglang.srt.managers.schedule_batch:schedule_batch.py:1998 Streaming session already has an active request., self.rid='rejected'
=============================== warnings summary ===============================
../../opt/venv/lib/python3.12/site-packages/_pytest/config/__init__.py:1434
  /opt/venv/lib/python3.12/site-packages/_pytest/config/__init__.py:1434: PytestConfigWarning: Unknown config option: asyncio_mode
  
    self._warn_or_fail_if_strict(f"Unknown config option: {key}\n")

../../opt/venv/lib/python3.12/site-packages/torch/jit/_script.py:365: 14 warnings
  /opt/venv/lib/python3.12/site-packages/torch/jit/_script.py:365: DeprecationWarning: `torch.jit.script_method` is deprecated. Please switch to `torch.compile` or `torch.export`.
    warnings.warn(

../../opt/venv/lib/python3.12/site-packages/Cython/Distutils/old_build_ext.py:15
../../opt/venv/lib/python3.12/site-packages/Cython/Distutils/old_build_ext.py:15
  /opt/venv/lib/python3.12/site-packages/Cython/Distutils/old_build_ext.py:15: DeprecationWarning: dep_util is Deprecated. Use functions from setuptools instead.
    from distutils.dep_util import newer, newer_group

-- Docs: https://docs.pytest.org/en/stable/how-to/capture-warnings.html
=========================== short test summary info ============================
FAILED test/registered/unit/mem_cache/test_session_token_share_unit.py::TestSessionTokenShare::test_rejected_overlap_cannot_admit_or_mutate_a_third_turn
FAILED test/registered/unit/mem_cache/test_session_token_share_unit.py::TestSessionTokenShare::test_rejected_overlap_does_not_release_inflight_owner
2 failed, 4 passed, 17 warnings in 9.12s
