/job/repo/python/sglang/launch_server.py:63: UserWarning: 'python -m sglang.launch_server' is still supported, but 'sglang serve' is the recommended entrypoint.
  Example: sglang serve --model-path <model> [options]
  warnings.warn(
[1;33m'--disable-cuda-graph' is deprecated and will be removed in a future release. Use '--cuda-graph-backend-{decode,prefill}=disabled' instead.[0m
[aiter] WARNING: NUMA balancing is enabled, which may cause errors. It is recommended to disable NUMA balancing by running "sudo sh -c 'echo 0 > /proc/sys/kernel/numa_balancing'" for more details: https://rocm.docs.amd.com/en/latest/how-to/system-optimization/mi300x.html#disable-numa-auto-balancing
[aiter] import [module_aiter_core] under /tmp/amdpilot-repo-j-c220307f6dec/cache/aiter/module_aiter_core.so
[2026-09-12 07:58:25] kill_process_tree called: parent_pid=3634, include_parent=False, pid=3634
Traceback (most recent call last):
  File "<frozen runpy>", line 198, in _run_module_as_main
  File "<frozen runpy>", line 88, in _run_code
  File "/job/repo/python/sglang/launch_server.py", line 76, in <module>
    run_server(server_args)
  File "/job/repo/python/sglang/launch_server.py", line 21, in run_server
    server_args.resolve_once()
  File "/job/repo/python/sglang/srt/server_args.py", line 281, in resolve_once
    run_resolution_pipeline(self)
  File "/job/repo/python/sglang/srt/arg_groups/pipeline.py", line 188, in run_resolution_pipeline
    apply_inkling_prefill_cuda_graph_default(server_args)
  File "/job/repo/python/sglang/srt/arg_groups/cuda_graph_hook.py", line 497, in apply_inkling_prefill_cuda_graph_default
    arch = model_config_of(server_args).hf_config.architectures[0]
           ^^^^^^^^^^^^^^^^^^^^^^^^^^^^
  File "/job/repo/python/sglang/srt/arg_groups/model_override_base.py", line 249, in model_config_of
    model_config = ModelConfig.from_server_args(server_args)
                   ^^^^^^^^^^^^^^^^^^^^^^^^^^^^^^^^^^^^^^^^^
  File "/job/repo/python/sglang/srt/configs/model_config.py", line 720, in from_server_args
    return ModelConfig(
           ^^^^^^^^^^^^
  File "/job/repo/python/sglang/srt/configs/model_config.py", line 662, in __init__
    self._derive_context_length(context_length)
  File "/job/repo/python/sglang/srt/configs/model_config.py", line 1023, in _derive_context_length
    raise ValueError(
ValueError: Warning: User-specified context_length (4096) is greater than the derived context_length (256). This may lead to incorrect model outputs or CUDA errors. Note that the derived context_length may differ from max_position_embeddings in the model's config. To allow overriding this maximum, set the env var SGLANG_ALLOW_OVERWRITE_LONGER_CONTEXT_LEN=1
