FFFF.                                                                    [100%]
=================================== FAILURES ===================================
_ TestGemma4UnifiedLMHead.test_constructor_records_tied_head_and_first_forward_uses_embedding _

self = <test_candidate_regression.TestGemma4UnifiedLMHead testMethod=test_constructor_records_tied_head_and_first_forward_uses_embedding>

    def test_constructor_records_tied_head_and_first_forward_uses_embedding(self):
        device = torch.device("cuda" if torch.cuda.is_available() else "cpu")
        model = self._build(tied=True).to(device)
>       self.assertTrue(model.lm_head_is_tied)
                        ^^^^^^^^^^^^^^^^^^^^^

../review-evidence/test_candidate_regression.py:91: 
_ _ _ _ _ _ _ _ _ _ _ _ _ _ _ _ _ _ _ _ _ _ _ _ _ _ _ _ _ _ _ _ _ _ _ _ _ _ _ _ 

self = Gemma4UnifiedForConditionalGeneration(
  (language_model): _FakeTextModel(
    (embed_tokens): Embedding(17, 8)
  )
  (lm_head): Embedding(17, 8)
  (logits_processor): _FakeLogitsProcessor()
)
name = 'lm_head_is_tied'

    def __getattr__(self, name: str) -> Union[Tensor, "Module"]:
        if "_parameters" in self.__dict__:
            _parameters = self.__dict__["_parameters"]
            if name in _parameters:
                return _parameters[name]
        if "_buffers" in self.__dict__:
            _buffers = self.__dict__["_buffers"]
            if name in _buffers:
                return _buffers[name]
        if "_modules" in self.__dict__:
            modules = self.__dict__["_modules"]
            if name in modules:
                return modules[name]
>       raise AttributeError(
            f"'{type(self).__name__}' object has no attribute '{name}'"
        )
E       AttributeError: 'Gemma4UnifiedForConditionalGeneration' object has no attribute 'lm_head_is_tied'

/opt/venv/lib/python3.12/site-packages/torch/nn/modules/module.py:1968: AttributeError

During handling of the above exception, another exception occurred:
python/sglang/test/test_utils.py:2194: in _callTestMethod
    retry(
_ _ _ _ _ _ _ _ _ _ _ _ _ _ _ _ _ _ _ _ _ _ _ _ _ _ _ _ _ _ _ _ _ _ _ _ _ _ _ _ 

fn = <function CustomTestCase._callTestMethod.<locals>.<lambda> at 0x7fc13195cc20>
max_retry = 0, initial_delay = 2.0, max_delay = 60.0
should_retry = <function <lambda> at 0x7fca12343420>

    def retry(
        fn,
        max_retry: int,
        initial_delay: float = 2.0,
        max_delay: float = 60.0,
        should_retry: Callable[[Any], bool] = lambda e: True,
    ):
        for try_index in itertools.count():
            try:
                return fn()
            except SkipTest:
                # Do NOT retry skipped tests - used in CI and unittest
                raise
            except _ShouldStop:
                # `unittest.case._ShouldStop` is raised by `subTest.__exit__`
                # when a subtest fails/skips and `result.failfast` is True
                # (CI invokes `python3 file.py -f`). It signals the outer
                # `testPartExecutor` to stop the test method cleanly; do
                # NOT retry, just propagate so unittest handles it.
                raise
            except Exception as e:
                traceback.print_exc()
    
                if try_index >= max_retry:
>                   raise Exception(f"retry() exceed maximum number of retries.")
E                   Exception: retry() exceed maximum number of retries.

python/sglang/srt/utils/common.py:3529: Exception
----------------------------- Captured stdout call -----------------------------
[CI Test Method] TestGemma4UnifiedLMHead.test_constructor_records_tied_head_and_first_forward_uses_embedding
----------------------------- Captured stderr call -----------------------------
[transformers] Last layer must use `full_attention`, but got `sliding_attention`. Forcing last layer to `full_attention`.
[transformers] Unrecognized keys in `rope_parameters` for 'rope_type'='default': {'full_attention', 'sliding_attention'}
Traceback (most recent call last):
  File "/job/repo/python/sglang/srt/utils/common.py", line 3514, in retry
    return fn()
           ^^^^
  File "/job/repo/python/sglang/test/test_utils.py", line 2195, in <lambda>
    lambda: super(CustomTestCase, self)._callTestMethod(method),
            ^^^^^^^^^^^^^^^^^^^^^^^^^^^^^^^^^^^^^^^^^^^^^^^^^^^
  File "/usr/lib/python3.12/unittest/case.py", line 589, in _callTestMethod
    if method() is not None:
       ^^^^^^^^
  File "/job/review-evidence/test_candidate_regression.py", line 91, in test_constructor_records_tied_head_and_first_forward_uses_embedding
    self.assertTrue(model.lm_head_is_tied)
                    ^^^^^^^^^^^^^^^^^^^^^
  File "/opt/venv/lib/python3.12/site-packages/torch/nn/modules/module.py", line 1968, in __getattr__
    raise AttributeError(
AttributeError: 'Gemma4UnifiedForConditionalGeneration' object has no attribute 'lm_head_is_tied'
_ TestGemma4UnifiedLMHead.test_constructor_records_untied_head_and_first_forward_uses_lm_head _

self = <test_candidate_regression.TestGemma4UnifiedLMHead testMethod=test_constructor_records_untied_head_and_first_forward_uses_lm_head>

    def test_constructor_records_untied_head_and_first_forward_uses_lm_head(self):
        device = torch.device("cuda" if torch.cuda.is_available() else "cpu")
        model = self._build(tied=False).to(device)
>       self.assertFalse(model.lm_head_is_tied)
                         ^^^^^^^^^^^^^^^^^^^^^

../review-evidence/test_candidate_regression.py:110: 
_ _ _ _ _ _ _ _ _ _ _ _ _ _ _ _ _ _ _ _ _ _ _ _ _ _ _ _ _ _ _ _ _ _ _ _ _ _ _ _ 

self = Gemma4UnifiedForConditionalGeneration(
  (language_model): _FakeTextModel(
    (embed_tokens): Embedding(17, 8)
  )
  (lm_head): _FakeLMHead(in_features=8, out_features=17, bias=False)
  (logits_processor): _FakeLogitsProcessor()
)
name = 'lm_head_is_tied'

    def __getattr__(self, name: str) -> Union[Tensor, "Module"]:
        if "_parameters" in self.__dict__:
            _parameters = self.__dict__["_parameters"]
            if name in _parameters:
                return _parameters[name]
        if "_buffers" in self.__dict__:
            _buffers = self.__dict__["_buffers"]
            if name in _buffers:
                return _buffers[name]
        if "_modules" in self.__dict__:
            modules = self.__dict__["_modules"]
            if name in modules:
                return modules[name]
>       raise AttributeError(
            f"'{type(self).__name__}' object has no attribute '{name}'"
        )
E       AttributeError: 'Gemma4UnifiedForConditionalGeneration' object has no attribute 'lm_head_is_tied'

/opt/venv/lib/python3.12/site-packages/torch/nn/modules/module.py:1968: AttributeError

During handling of the above exception, another exception occurred:
python/sglang/test/test_utils.py:2194: in _callTestMethod
    retry(
_ _ _ _ _ _ _ _ _ _ _ _ _ _ _ _ _ _ _ _ _ _ _ _ _ _ _ _ _ _ _ _ _ _ _ _ _ _ _ _ 

fn = <function CustomTestCase._callTestMethod.<locals>.<lambda> at 0x7fc131a067a0>
max_retry = 0, initial_delay = 2.0, max_delay = 60.0
should_retry = <function <lambda> at 0x7fca12343420>

    def retry(
        fn,
        max_retry: int,
        initial_delay: float = 2.0,
        max_delay: float = 60.0,
        should_retry: Callable[[Any], bool] = lambda e: True,
    ):
        for try_index in itertools.count():
            try:
                return fn()
            except SkipTest:
                # Do NOT retry skipped tests - used in CI and unittest
                raise
            except _ShouldStop:
                # `unittest.case._ShouldStop` is raised by `subTest.__exit__`
                # when a subtest fails/skips and `result.failfast` is True
                # (CI invokes `python3 file.py -f`). It signals the outer
                # `testPartExecutor` to stop the test method cleanly; do
                # NOT retry, just propagate so unittest handles it.
                raise
            except Exception as e:
                traceback.print_exc()
    
                if try_index >= max_retry:
>                   raise Exception(f"retry() exceed maximum number of retries.")
E                   Exception: retry() exceed maximum number of retries.

python/sglang/srt/utils/common.py:3529: Exception
----------------------------- Captured stdout call -----------------------------
[CI Test Method] TestGemma4UnifiedLMHead.test_constructor_records_untied_head_and_first_forward_uses_lm_head
----------------------------- Captured stderr call -----------------------------
[transformers] Last layer must use `full_attention`, but got `sliding_attention`. Forcing last layer to `full_attention`.
[transformers] Unrecognized keys in `rope_parameters` for 'rope_type'='default': {'full_attention', 'sliding_attention'}
Traceback (most recent call last):
  File "/job/repo/python/sglang/srt/utils/common.py", line 3514, in retry
    return fn()
           ^^^^
  File "/job/repo/python/sglang/test/test_utils.py", line 2195, in <lambda>
    lambda: super(CustomTestCase, self)._callTestMethod(method),
            ^^^^^^^^^^^^^^^^^^^^^^^^^^^^^^^^^^^^^^^^^^^^^^^^^^^
  File "/usr/lib/python3.12/unittest/case.py", line 589, in _callTestMethod
    if method() is not None:
       ^^^^^^^^
  File "/job/review-evidence/test_candidate_regression.py", line 110, in test_constructor_records_untied_head_and_first_forward_uses_lm_head
    self.assertFalse(model.lm_head_is_tied)
                     ^^^^^^^^^^^^^^^^^^^^^
  File "/opt/venv/lib/python3.12/site-packages/torch/nn/modules/module.py", line 1968, in __getattr__
    raise AttributeError(
AttributeError: 'Gemma4UnifiedForConditionalGeneration' object has no attribute 'lm_head_is_tied'
_ TestGemma4UnifiedLMHead.test_cpu_amx_materializes_head_for_tied_checkpoint_loading _

self = <test_candidate_regression.TestGemma4UnifiedLMHead testMethod=test_cpu_amx_materializes_head_for_tied_checkpoint_loading>

    def test_cpu_amx_materializes_head_for_tied_checkpoint_loading(self):
        model = self._build(tied=True, cpu=True, amx=True)
>       self.assertFalse(model.lm_head_is_tied)
                         ^^^^^^^^^^^^^^^^^^^^^

../review-evidence/test_candidate_regression.py:128: 
_ _ _ _ _ _ _ _ _ _ _ _ _ _ _ _ _ _ _ _ _ _ _ _ _ _ _ _ _ _ _ _ _ _ _ _ _ _ _ _ 

self = Gemma4UnifiedForConditionalGeneration(
  (language_model): _FakeTextModel(
    (embed_tokens): Embedding(17, 8)
  )
  (lm_head): Embedding(17, 8)
  (logits_processor): _FakeLogitsProcessor()
)
name = 'lm_head_is_tied'

    def __getattr__(self, name: str) -> Union[Tensor, "Module"]:
        if "_parameters" in self.__dict__:
            _parameters = self.__dict__["_parameters"]
            if name in _parameters:
                return _parameters[name]
        if "_buffers" in self.__dict__:
            _buffers = self.__dict__["_buffers"]
            if name in _buffers:
                return _buffers[name]
        if "_modules" in self.__dict__:
            modules = self.__dict__["_modules"]
            if name in modules:
                return modules[name]
>       raise AttributeError(
            f"'{type(self).__name__}' object has no attribute '{name}'"
        )
E       AttributeError: 'Gemma4UnifiedForConditionalGeneration' object has no attribute 'lm_head_is_tied'

/opt/venv/lib/python3.12/site-packages/torch/nn/modules/module.py:1968: AttributeError

During handling of the above exception, another exception occurred:
python/sglang/test/test_utils.py:2194: in _callTestMethod
    retry(
_ _ _ _ _ _ _ _ _ _ _ _ _ _ _ _ _ _ _ _ _ _ _ _ _ _ _ _ _ _ _ _ _ _ _ _ _ _ _ _ 

fn = <function CustomTestCase._callTestMethod.<locals>.<lambda> at 0x7fc131a06ca0>
max_retry = 0, initial_delay = 2.0, max_delay = 60.0
should_retry = <function <lambda> at 0x7fca12343420>

    def retry(
        fn,
        max_retry: int,
        initial_delay: float = 2.0,
        max_delay: float = 60.0,
        should_retry: Callable[[Any], bool] = lambda e: True,
    ):
        for try_index in itertools.count():
            try:
                return fn()
            except SkipTest:
                # Do NOT retry skipped tests - used in CI and unittest
                raise
            except _ShouldStop:
                # `unittest.case._ShouldStop` is raised by `subTest.__exit__`
                # when a subtest fails/skips and `result.failfast` is True
                # (CI invokes `python3 file.py -f`). It signals the outer
                # `testPartExecutor` to stop the test method cleanly; do
                # NOT retry, just propagate so unittest handles it.
                raise
            except Exception as e:
                traceback.print_exc()
    
                if try_index >= max_retry:
>                   raise Exception(f"retry() exceed maximum number of retries.")
E                   Exception: retry() exceed maximum number of retries.

python/sglang/srt/utils/common.py:3529: Exception
----------------------------- Captured stdout call -----------------------------
[CI Test Method] TestGemma4UnifiedLMHead.test_cpu_amx_materializes_head_for_tied_checkpoint_loading
----------------------------- Captured stderr call -----------------------------
[transformers] Last layer must use `full_attention`, but got `sliding_attention`. Forcing last layer to `full_attention`.
[transformers] Unrecognized keys in `rope_parameters` for 'rope_type'='default': {'full_attention', 'sliding_attention'}
Traceback (most recent call last):
  File "/job/repo/python/sglang/srt/utils/common.py", line 3514, in retry
    return fn()
           ^^^^
  File "/job/repo/python/sglang/test/test_utils.py", line 2195, in <lambda>
    lambda: super(CustomTestCase, self)._callTestMethod(method),
            ^^^^^^^^^^^^^^^^^^^^^^^^^^^^^^^^^^^^^^^^^^^^^^^^^^^
  File "/usr/lib/python3.12/unittest/case.py", line 589, in _callTestMethod
    if method() is not None:
       ^^^^^^^^
  File "/job/review-evidence/test_candidate_regression.py", line 128, in test_cpu_amx_materializes_head_for_tied_checkpoint_loading
    self.assertFalse(model.lm_head_is_tied)
                     ^^^^^^^^^^^^^^^^^^^^^
  File "/opt/venv/lib/python3.12/site-packages/torch/nn/modules/module.py", line 1968, in __getattr__
    raise AttributeError(
AttributeError: 'Gemma4UnifiedForConditionalGeneration' object has no attribute 'lm_head_is_tied'
__ TestGemma4UnifiedLMHead.test_tied_head_forward_captures_and_replays_on_gpu __

self = <test_candidate_regression.TestGemma4UnifiedLMHead testMethod=test_tied_head_forward_captures_and_replays_on_gpu>

    @unittest.skipUnless(torch.cuda.is_available(), "requires CUDA or ROCm")
    def test_tied_head_forward_captures_and_replays_on_gpu(self):
        model = self._build(tied=True).cuda()
        hidden = torch.arange(16, dtype=torch.float32, device="cuda").reshape(2, 8)
        input_ids = torch.tensor([3, 4], device="cuda")
        positions = torch.tensor([0, 1], device="cuda")
        batch = SimpleNamespace(forward_mode=None, contains_image_inputs=lambda: False)
    
        graph = torch.cuda.CUDAGraph()
        with patch(
            "sglang.srt.models.gemma4_mm.general_mm_embed_routine",
            return_value=hidden,
        ):
            with torch.cuda.graph(graph):
>               actual = model(input_ids, positions, batch)
                         ^^^^^^^^^^^^^^^^^^^^^^^^^^^^^^^^^^

../review-evidence/test_candidate_regression.py:172: 
_ _ _ _ _ _ _ _ _ _ _ _ _ _ _ _ _ _ _ _ _ _ _ _ _ _ _ _ _ _ _ _ _ _ _ _ _ _ _ _ 
/opt/venv/lib/python3.12/site-packages/torch/nn/modules/module.py:1779: in _wrapped_call_impl
    return self._call_impl(*args, **kwargs)
           ^^^^^^^^^^^^^^^^^^^^^^^^^^^^^^^^
/opt/venv/lib/python3.12/site-packages/torch/nn/modules/module.py:1790: in _call_impl
    return forward_call(*args, **kwargs)
           ^^^^^^^^^^^^^^^^^^^^^^^^^^^^^
/opt/venv/lib/python3.12/site-packages/torch/utils/_contextlib.py:124: in decorate_context
    return func(*args, **kwargs)
           ^^^^^^^^^^^^^^^^^^^^^
python/sglang/srt/models/gemma4_unified.py:234: in forward
    out = super().forward(*args, **kwargs)
          ^^^^^^^^^^^^^^^^^^^^^^^^^^^^^^^^
/opt/venv/lib/python3.12/site-packages/torch/utils/_contextlib.py:124: in decorate_context
    return func(*args, **kwargs)
           ^^^^^^^^^^^^^^^^^^^^^
python/sglang/srt/models/gemma4_mm.py:685: in forward
    self.language_model.embed_tokens if self.lm_head_is_tied else self.lm_head
                                        ^^^^^^^^^^^^^^^^^^^^
_ _ _ _ _ _ _ _ _ _ _ _ _ _ _ _ _ _ _ _ _ _ _ _ _ _ _ _ _ _ _ _ _ _ _ _ _ _ _ _ 

self = Gemma4UnifiedForConditionalGeneration(
  (language_model): _FakeTextModel(
    (embed_tokens): Embedding(17, 8)
  )
  (lm_head): Embedding(17, 8)
  (logits_processor): _FakeLogitsProcessor()
)
name = 'lm_head_is_tied'

    def __getattr__(self, name: str) -> Union[Tensor, "Module"]:
        if "_parameters" in self.__dict__:
            _parameters = self.__dict__["_parameters"]
            if name in _parameters:
                return _parameters[name]
        if "_buffers" in self.__dict__:
            _buffers = self.__dict__["_buffers"]
            if name in _buffers:
                return _buffers[name]
        if "_modules" in self.__dict__:
            modules = self.__dict__["_modules"]
            if name in modules:
                return modules[name]
>       raise AttributeError(
            f"'{type(self).__name__}' object has no attribute '{name}'"
        )
E       AttributeError: 'Gemma4UnifiedForConditionalGeneration' object has no attribute 'lm_head_is_tied'

/opt/venv/lib/python3.12/site-packages/torch/nn/modules/module.py:1968: AttributeError

During handling of the above exception, another exception occurred:
python/sglang/test/test_utils.py:2194: in _callTestMethod
    retry(
_ _ _ _ _ _ _ _ _ _ _ _ _ _ _ _ _ _ _ _ _ _ _ _ _ _ _ _ _ _ _ _ _ _ _ _ _ _ _ _ 

fn = <function CustomTestCase._callTestMethod.<locals>.<lambda> at 0x7fc131a07240>
max_retry = 0, initial_delay = 2.0, max_delay = 60.0
should_retry = <function <lambda> at 0x7fca12343420>

    def retry(
        fn,
        max_retry: int,
        initial_delay: float = 2.0,
        max_delay: float = 60.0,
        should_retry: Callable[[Any], bool] = lambda e: True,
    ):
        for try_index in itertools.count():
            try:
                return fn()
            except SkipTest:
                # Do NOT retry skipped tests - used in CI and unittest
                raise
            except _ShouldStop:
                # `unittest.case._ShouldStop` is raised by `subTest.__exit__`
                # when a subtest fails/skips and `result.failfast` is True
                # (CI invokes `python3 file.py -f`). It signals the outer
                # `testPartExecutor` to stop the test method cleanly; do
                # NOT retry, just propagate so unittest handles it.
                raise
            except Exception as e:
                traceback.print_exc()
    
                if try_index >= max_retry:
>                   raise Exception(f"retry() exceed maximum number of retries.")
E                   Exception: retry() exceed maximum number of retries.

python/sglang/srt/utils/common.py:3529: Exception
----------------------------- Captured stdout call -----------------------------
[CI Test Method] TestGemma4UnifiedLMHead.test_tied_head_forward_captures_and_replays_on_gpu
----------------------------- Captured stderr call -----------------------------
[transformers] Last layer must use `full_attention`, but got `sliding_attention`. Forcing last layer to `full_attention`.
[transformers] Unrecognized keys in `rope_parameters` for 'rope_type'='default': {'full_attention', 'sliding_attention'}
Traceback (most recent call last):
  File "/job/repo/python/sglang/srt/utils/common.py", line 3514, in retry
    return fn()
           ^^^^
  File "/job/repo/python/sglang/test/test_utils.py", line 2195, in <lambda>
    lambda: super(CustomTestCase, self)._callTestMethod(method),
            ^^^^^^^^^^^^^^^^^^^^^^^^^^^^^^^^^^^^^^^^^^^^^^^^^^^
  File "/usr/lib/python3.12/unittest/case.py", line 589, in _callTestMethod
    if method() is not None:
       ^^^^^^^^
  File "/job/review-evidence/test_candidate_regression.py", line 172, in test_tied_head_forward_captures_and_replays_on_gpu
    actual = model(input_ids, positions, batch)
             ^^^^^^^^^^^^^^^^^^^^^^^^^^^^^^^^^^
  File "/opt/venv/lib/python3.12/site-packages/torch/nn/modules/module.py", line 1779, in _wrapped_call_impl
    return self._call_impl(*args, **kwargs)
           ^^^^^^^^^^^^^^^^^^^^^^^^^^^^^^^^
  File "/opt/venv/lib/python3.12/site-packages/torch/nn/modules/module.py", line 1790, in _call_impl
    return forward_call(*args, **kwargs)
           ^^^^^^^^^^^^^^^^^^^^^^^^^^^^^
  File "/opt/venv/lib/python3.12/site-packages/torch/utils/_contextlib.py", line 124, in decorate_context
    return func(*args, **kwargs)
           ^^^^^^^^^^^^^^^^^^^^^
  File "/job/repo/python/sglang/srt/models/gemma4_unified.py", line 234, in forward
    out = super().forward(*args, **kwargs)
          ^^^^^^^^^^^^^^^^^^^^^^^^^^^^^^^^
  File "/opt/venv/lib/python3.12/site-packages/torch/utils/_contextlib.py", line 124, in decorate_context
    return func(*args, **kwargs)
           ^^^^^^^^^^^^^^^^^^^^^
  File "/job/repo/python/sglang/srt/models/gemma4_mm.py", line 685, in forward
    self.language_model.embed_tokens if self.lm_head_is_tied else self.lm_head
                                        ^^^^^^^^^^^^^^^^^^^^
  File "/opt/venv/lib/python3.12/site-packages/torch/nn/modules/module.py", line 1968, in __getattr__
    raise AttributeError(
AttributeError: 'Gemma4UnifiedForConditionalGeneration' object has no attribute 'lm_head_is_tied'
=============================== warnings summary ===============================
../../opt/venv/lib/python3.12/site-packages/torch/jit/_script.py:365: 14 warnings
  /opt/venv/lib/python3.12/site-packages/torch/jit/_script.py:365: DeprecationWarning: `torch.jit.script_method` is deprecated. Please switch to `torch.compile` or `torch.export`.
    warnings.warn(

../../opt/venv/lib/python3.12/site-packages/Cython/Distutils/old_build_ext.py:15
../../opt/venv/lib/python3.12/site-packages/Cython/Distutils/old_build_ext.py:15
  /opt/venv/lib/python3.12/site-packages/Cython/Distutils/old_build_ext.py:15: DeprecationWarning: dep_util is Deprecated. Use functions from setuptools instead.
    from distutils.dep_util import newer, newer_group

-- Docs: https://docs.pytest.org/en/stable/how-to/capture-warnings.html
=========================== short test summary info ============================
FAILED ../review-evidence/test_candidate_regression.py::TestGemma4UnifiedLMHead::test_constructor_records_tied_head_and_first_forward_uses_embedding
FAILED ../review-evidence/test_candidate_regression.py::TestGemma4UnifiedLMHead::test_constructor_records_untied_head_and_first_forward_uses_lm_head
FAILED ../review-evidence/test_candidate_regression.py::TestGemma4UnifiedLMHead::test_cpu_amx_materializes_head_for_tied_checkpoint_loading
FAILED ../review-evidence/test_candidate_regression.py::TestGemma4UnifiedLMHead::test_tied_head_forward_captures_and_replays_on_gpu
4 failed, 1 passed, 16 warnings in 13.17s
