[aiter] WARNING: NUMA balancing is enabled, which may cause errors. It is recommended to disable NUMA balancing by running "sudo sh -c 'echo 0 > /proc/sys/kernel/numa_balancing'" for more details: https://rocm.docs.amd.com/en/latest/how-to/system-optimization/mi300x.html#disable-numa-auto-balancing
[aiter] import [module_aiter_core] under /tmp/amdpilot-repo-j-9d51d02baf78/cache/aiter/module_aiter_core.so
Traceback (most recent call last):
  File "/opt/venv/lib/python3.12/site-packages/huggingface_hub/dataclasses.py", line 144, in __strict_setattr__
    validator(value)
  File "/opt/venv/lib/python3.12/site-packages/huggingface_hub/dataclasses.py", line 625, in validator
    type_validator(field.name, value, field.type)
  File "/opt/venv/lib/python3.12/site-packages/huggingface_hub/dataclasses.py", line 470, in type_validator
    validator(name, value, args)
  File "/opt/venv/lib/python3.12/site-packages/huggingface_hub/dataclasses.py", line 507, in _validate_union
    raise TypeError(
TypeError: Field 'compress_rates' with value [0, 4, 128, 0] doesn't match any type in (<class 'dict'>, <class 'NoneType'>). Errors: Field 'compress_rates' expected dict, got list (value: [0, 4, 128, 0]); Field 'compress_rates' expected NoneType, got list (value: [0, 4, 128, 0])

The above exception was the direct cause of the following exception:

Traceback (most recent call last):
  File "<stdin>", line 3, in <module>
  File "/job/repo/python/sglang/srt/configs/model_config.py", line 429, in __init__
    get_config(
  File "/job/repo/python/sglang/srt/utils/common.py", line 4308, in wrapper
    result = func(*args, **kwargs)
             ^^^^^^^^^^^^^^^^^^^^^
  File "/job/repo/python/sglang/srt/utils/hf_transformers/config.py", line 262, in get_config
    config = parser.parse(
             ^^^^^^^^^^^^^
  File "/job/repo/python/sglang/srt/utils/hf_transformers/config.py", line 88, in parse
    config = AutoConfig.from_pretrained(
             ^^^^^^^^^^^^^^^^^^^^^^^^^^^
  File "/opt/venv/lib/python3.12/site-packages/transformers/models/auto/configuration_auto.py", line 419, in from_pretrained
    return config_class.from_dict(config_dict, **unused_kwargs)
           ^^^^^^^^^^^^^^^^^^^^^^^^^^^^^^^^^^^^^^^^^^^^^^^^^^^^
  File "/opt/venv/lib/python3.12/site-packages/transformers/configuration_utils.py", line 844, in from_dict
    config = cls(**config_dict)
             ^^^^^^^^^^^^^^^^^^
  File "/opt/venv/lib/python3.12/site-packages/huggingface_hub/dataclasses.py", line 275, in init_with_validate
    initial_init(self, *args, **kwargs)  # type: ignore [call-arg]
    ^^^^^^^^^^^^^^^^^^^^^^^^^^^^^^^^^^^
  File "/opt/venv/lib/python3.12/site-packages/transformers/configuration_utils.py", line 101, in __init__
    setattr(self, f.name, standard_kwargs[f.name])
  File "/opt/venv/lib/python3.12/site-packages/huggingface_hub/dataclasses.py", line 146, in __strict_setattr__
    raise StrictDataclassFieldValidationError(field=name, cause=e) from e
huggingface_hub.errors.StrictDataclassFieldValidationError: Validation error for field 'compress_rates':
    TypeError: Field 'compress_rates' with value [0, 4, 128, 0] doesn't match any type in (<class 'dict'>, <class 'NoneType'>). Errors: Field 'compress_rates' expected dict, got list (value: [0, 4, 128, 0]); Field 'compress_rates' expected NoneType, got list (value: [0, 4, 128, 0])
