[aiter] WARNING: NUMA balancing is enabled, which may cause errors. It is recommended to disable NUMA balancing by running "sudo sh -c 'echo 0 > /proc/sys/kernel/numa_balancing'" for more details: https://rocm.docs.amd.com/en/latest/how-to/system-optimization/mi300x.html#disable-numa-auto-balancing
[aiter] import [module_aiter_core] under /tmp/amdpilot-repo-j-924074934b5f/cache/aiter/module_aiter_core.so
.....F.F..
======================================================================
FAIL: test_decode_lock_skip_is_enabled_by_default (__main__.TestMambaRatioEnvGate.test_decode_lock_skip_is_enabled_by_default)
The safe eviction path must protect default launches from pinning one
----------------------------------------------------------------------
Traceback (most recent call last):
  File "/job/review-evidence-j-924074934b5f/test_mamba_donated_alloc_ratio.py", line 171, in test_decode_lock_skip_is_enabled_by_default
    self.assertTrue(envs.SGLANG_OPT_MAMBA_SKIP_DECODE_LOCK.default)
AssertionError: False is not true

======================================================================
FAIL: test_flag_on_preserves_admission_peak_ratios (__main__.TestMambaRatioEnvGate.test_flag_on_preserves_admission_peak_ratios)
----------------------------------------------------------------------
Traceback (most recent call last):
  File "/job/review-evidence-j-924074934b5f/test_mamba_donated_alloc_ratio.py", line 158, in test_flag_on_preserves_admission_peak_ratios
    self.assertEqual(
AssertionError: 3 != 4

----------------------------------------------------------------------
Ran 10 tests in 0.090s

FAILED (failures=2)
