[aiter] WARNING: NUMA balancing is enabled, which may cause errors. It is recommended to disable NUMA balancing by running "sudo sh -c 'echo 0 > /proc/sys/kernel/numa_balancing'" for more details: https://rocm.docs.amd.com/en/latest/how-to/system-optimization/mi300x.html#disable-numa-auto-balancing
[aiter] import [module_aiter_core] under /tmp/amdpilot-repo-j-924074934b5f/cache/aiter/module_aiter_core.so
[CI Test Method] TestUnifiedRadixAllocationEviction.test_allocation_eviction_stops_when_shared_capacity_is_sufficient
.[CI Test Method] TestUnifiedRadixAllocationEviction.test_c128_component_keeps_zero_quota
.[CI Test Method] TestUnifiedRadixAllocationEviction.test_common_helper_uses_allocation_aware_entry_point
.[CI Test Method] TestUnifiedRadixAllocationEviction.test_explicit_evict_preserves_component_count_semantics
.[CI Test Method] TestUnifiedRadixAllocationEviction.test_full_donor_defers_preparation_until_safe_lower_bound
.[CI Test Method] TestUnifiedRadixAllocationEviction.test_full_donor_flushes_grouped_frees_before_capacity_recheck
.[CI Test Method] TestUnifiedRadixAllocationEviction.test_full_donor_observes_cascade_before_lower_bound
.[CI Test Method] TestUnifiedRadixAllocationEviction.test_full_donor_rechecks_each_leaf_after_lower_bound
.[CI Test Method] TestUnifiedRadixAllocationEviction.test_full_donor_walk_continues_until_mamba_capacity_is_visible
.[CI Test Method] TestUnifiedRadixAllocationEviction.test_mamba_allocation_counts_collateral_full_capacity
.[CI Test Method] TestUnifiedRadixAllocationEviction.test_mamba_allocation_does_not_evict_full_after_partial_id_recovery
.[CI Test Method] TestUnifiedRadixAllocationEviction.test_mamba_allocation_does_not_evict_full_while_id_bound
.[CI Test Method] TestUnifiedRadixAllocationEviction.test_mamba_allocation_recycles_mamba_for_id_shortfall
.[CI Test Method] TestUnifiedRadixAllocationEviction.test_mamba_allocation_splits_mixed_id_and_byte_pressure
.[CI Test Method] TestUnifiedRadixAllocationEviction.test_mamba_allocation_uses_full_as_donor_for_byte_shortfall
.[CI Test Method] TestUnifiedRadixAllocationEviction.test_mamba_cache_is_last_resort_when_full_donor_is_exhausted
.[CI Test Method] TestUnifiedRadixAllocationEviction.test_tri_pool_uses_the_same_full_donor_capability
.
----------------------------------------------------------------------
Ran 17 tests in 0.016s

OK
