FF                                                                       [100%]
=================================== FAILURES ===================================
_______________ TestMakeShmName.test_fits_macos_posix_shm_limit ________________

self = <test_stale_shm_cleanup.TestMakeShmName testMethod=test_fits_macos_posix_shm_limit>

    def test_fits_macos_posix_shm_limit(self):
        with patch("sglang.srt.utils.stale_shm_cleanup.os.getpid", return_value=12345):
            name = make_shm_name("nodecheck")
>       self.assertLessEqual(len(name), 30)
E       AssertionError: 32 not less than or equal to 30

test/registered/utils/test_stale_shm_cleanup.py:34: AssertionError
___________ TestMakeShmName.test_long_kind_still_fits_and_is_unique ____________

self = <test_stale_shm_cleanup.TestMakeShmName testMethod=test_long_kind_still_fits_and_is_unique>

    def test_long_kind_still_fits_and_is_unique(self):
        with patch("sglang.srt.utils.stale_shm_cleanup.os.getpid", return_value=4194304):
            a = make_shm_name("future_shared_memory_consumer")
            b = make_shm_name("future_shared_memory_consumer")
>       self.assertLessEqual(len(a), 30)
E       AssertionError: 54 not less than or equal to 30

test/registered/utils/test_stale_shm_cleanup.py:41: AssertionError
=============================== warnings summary ===============================
../../opt/venv/lib/python3.12/site-packages/_pytest/config/__init__.py:1434
  /opt/venv/lib/python3.12/site-packages/_pytest/config/__init__.py:1434: PytestConfigWarning: Unknown config option: asyncio_mode
  
    self._warn_or_fail_if_strict(f"Unknown config option: {key}\n")

-- Docs: https://docs.pytest.org/en/stable/how-to/capture-warnings.html
=========================== short test summary info ============================
FAILED test/registered/utils/test_stale_shm_cleanup.py::TestMakeShmName::test_fits_macos_posix_shm_limit
FAILED test/registered/utils/test_stale_shm_cleanup.py::TestMakeShmName::test_long_kind_still_fits_and_is_unique
2 failed, 8 deselected, 1 warning in 4.16s
