[aiter] WARNING: NUMA balancing is enabled, which may cause errors. It is recommended to disable NUMA balancing by running "sudo sh -c 'echo 0 > /proc/sys/kernel/numa_balancing'" for more details: https://rocm.docs.amd.com/en/latest/how-to/system-optimization/mi300x.html#disable-numa-auto-balancing
[aiter] import [module_aiter_core] under /tmp/amdpilot-repo-j-ad279a68e0fa/cache/aiter/module_aiter_core.so
Writing model shards:   0%|          | 0/1 [00:00<?, ?it/s]Writing model shards: 100%|██████████| 1/1 [00:00<00:00, 1376.08it/s]
Loading weights:   0%|          | 0/11 [00:00<?, ?it/s]Loading weights: 100%|██████████| 11/11 [00:00<00:00, 11462.69it/s]
[transformers] [1mT5Model LOAD REPORT[0m from: /tmp/amdpilot-repo-j-ad279a68e0fa/review-tiny-t5
Key                                                                  | Status  | 
---------------------------------------------------------------------+---------+-
decoder.block.0.layer.2.DenseReluDense.wo.weight                     | MISSING | 
decoder.block.0.layer.1.EncDecAttention.o.weight                     | MISSING | 
decoder.block.0.layer.0.SelfAttention.q.weight                       | MISSING | 
decoder.block.0.layer.{0, 1, 2}.layer_norm.weight                    | MISSING | 
decoder.block.0.layer.1.EncDecAttention.q.weight                     | MISSING | 
decoder.block.0.layer.0.SelfAttention.k.weight                       | MISSING | 
decoder.block.0.layer.1.EncDecAttention.v.weight                     | MISSING | 
decoder.final_layer_norm.weight                                      | MISSING | 
decoder.block.0.layer.0.SelfAttention.o.weight                       | MISSING | 
decoder.block.0.layer.1.EncDecAttention.k.weight                     | MISSING | 
decoder.block.0.layer.0.SelfAttention.relative_attention_bias.weight | MISSING | 
decoder.block.0.layer.0.SelfAttention.v.weight                       | MISSING | 
decoder.block.0.layer.2.DenseReluDense.wi.weight                     | MISSING | 

Notes:
- MISSING:	those params were newly initialized because missing from the checkpoint. Consider training on your downstream task.
torch 2.11.0+rocm7.2 hip 7.2.26015
device AMD Instinct MI350X capability (9, 5)
source /job/repo/python/sglang/multimodal_gen/runtime/loader/component_loaders/text_encoder_loader.py
devices ['cpu']
gpu_allocated_before 0 after 0 delta 0
native_load_manages_placement True
