[aiter] WARNING: NUMA balancing is enabled, which may cause errors. It is recommended to disable NUMA balancing by running "sudo sh -c 'echo 0 > /proc/sys/kernel/numa_balancing'" for more details: https://rocm.docs.amd.com/en/latest/how-to/system-optimization/mi300x.html#disable-numa-auto-balancing
[aiter] import [module_aiter_core] under /tmp/amdpilot-repo-j-36aff8398ebf/cache/aiter/module_aiter_core.so
Mismatch: More 'IMAGE' tokens found than corresponding data provided.
Traceback (most recent call last):
  File "/job/repo/python/sglang/srt/multimodal/processors/base_processor.py", line 1451, in legacy_load_mm_data
    modality, raw_data, frame_limit = next(task_info_iter)
                                      ^^^^^^^^^^^^^^^^^^^^
StopIteration

During handling of the above exception, another exception occurred:

Traceback (most recent call last):
  File "/job/review-evidence/j-36aff8398ebf/reproduce_processor_mismatch.py", line 50, in <module>
    asyncio.run(main())
  File "/usr/lib/python3.12/asyncio/runners.py", line 194, in run
    return runner.run(main)
           ^^^^^^^^^^^^^^^^
  File "/usr/lib/python3.12/asyncio/runners.py", line 118, in run
    return self._loop.run_until_complete(task)
           ^^^^^^^^^^^^^^^^^^^^^^^^^^^^^^^^^^^
  File "/usr/lib/python3.12/asyncio/base_events.py", line 687, in run_until_complete
    return future.result()
           ^^^^^^^^^^^^^^^
  File "/job/review-evidence/j-36aff8398ebf/reproduce_processor_mismatch.py", line 40, in main
    await processor.load_mm_data(
  File "/job/repo/python/sglang/srt/multimodal/processors/base_processor.py", line 1269, in load_mm_data
    return await self.legacy_load_mm_data(
           ^^^^^^^^^^^^^^^^^^^^^^^^^^^^^^^
  File "/job/repo/python/sglang/srt/multimodal/processors/base_processor.py", line 1497, in legacy_load_mm_data
    raise RuntimeError(
RuntimeError: An exception occurred while loading multimodal data: 
