=== semantics ===
[aiter] WARNING: NUMA balancing is enabled, which may cause errors. It is recommended to disable NUMA balancing by running "sudo sh -c 'echo 0 > /proc/sys/kernel/numa_balancing'" for more details: https://rocm.docs.amd.com/en/latest/how-to/system-optimization/mi300x.html#disable-numa-auto-balancing
[aiter] import [module_aiter_core] under /sgl-workspace/aiter/aiter/jit/module_aiter_core.so
can_use_fused_layernorm_modulate=False
can_use_fused_qk_head_layernorm=False
ln_modulate_bitwise_equal_to_torch_reference=True
ln_modulate_bitwise_equal_to_explicit_reference=True
ln_modulate_allclose_2e-2_2e-2=True
ln_modulate_max_abs_diff=0
ln_modulate_actual_head=[0.04296875, 2.296875, 0.546875, 0.49609375, -1.4140625, -1.3046875, -0.1875, -1.390625]
ln_modulate_actual_finite=True
ln_modulate_nan_mask_equal=True
ln_modulate_nan_count=256
ln_modulate_signed_zero_mask_equal=True
ln_modulate_negative_zero_count=760
ln_modulate_zero_row_signbits=[False, False, False, True, True, False, True, False, False, True, False, True, False, False, False, False]
qk_ln_bitwise_equal_to_explicit_reference=True
qk_ln_allclose_2e-2_2e-2=True
qk_ln_max_abs_diff=0
qk_ln_actual_head=[-0.921875, 0.52734375, 0.99609375, -1.6875, 0.81640625, 2.078125, 0.062255859375, 0.099609375]
qk_ln_actual_finite=True
qk_ln_nan_mask_equal=True
qk_ln_nan_count=64
exit_status=0
