.                                                                      [100%]
=================================== FAILURES ===================================
_ TestKimiVLEncoderParallelism.test_moonvit_reduction_group_matches_dp_attention (dp_attention_enabled=True) _

self = <test_kimi_vl.TestKimiVLEncoderParallelism testMethod=test_moonvit_reduction_group_matches_dp_attention>

    def test_moonvit_reduction_group_matches_dp_attention(self):
        for dp_attention_enabled in (True, False):
            with (
                self.subTest(dp_attention_enabled=dp_attention_enabled),
                get_flags().dp.override(enabled=dp_attention_enabled),
                get_parallel().override(
                    tp_size=4, tp_rank=0, attn_tp_size=2, attn_tp_rank=0
                ),
                get_context().override_server_args(),
            ):
                layer = MoonVitEncoderLayer(
                    num_heads=4,
                    hidden_dim=16,
                    mlp_dim=32,
                    prefix="vision_tower.encoder.blocks.0",
                )

>               self.assertEqual(
                    layer.attn.proj.use_dp_attention_reduce, dp_attention_enabled
                )
E               AssertionError: False != True

test/registered/unit/models/test_kimi_vl.py:116: AssertionError
=============================== warnings summary ===============================
../../opt/venv/lib/python3.12/site-packages/_pytest/config/__init__.py:1434
  /opt/venv/lib/python3.12/site-packages/_pytest/config/__init__.py:1434: PytestConfigWarning: Unknown config option: asyncio_mode

    self._warn_or_fail_if_strict(f"Unknown config option: {key}\n")

../../opt/venv/lib/python3.12/site-packages/torch/jit/_script.py:365: 14 warnings
  /opt/venv/lib/python3.12/site-packages/torch/jit/_script.py:365: DeprecationWarning: `torch.jit.script_method` is deprecated. Please switch to `torch.compile` or `torch.export`.
    warnings.warn(

../../opt/venv/lib/python3.12/site-packages/Cython/Distutils/old_build_ext.py:15
../../opt/venv/lib/python3.12/site-packages/Cython/Distutils/old_build_ext.py:15
  /opt/venv/lib/python3.12/site-packages/Cython/Distutils/old_build_ext.py:15: DeprecationWarning: dep_util is Deprecated. Use functions from setuptools instead.
    from distutils.dep_util import newer, newer_group

<frozen abc>:106
  <frozen abc>:106: DeprecationWarning: MultiPlatformOp is deprecated; subclass sglang.kernels.fused_op.BaseFusedOp instead (RFC #29630).

-- Docs: https://docs.pytest.org/en/stable/how-to/capture-warnings.html
=========================== short test summary info ============================
SUBFAILED(dp_attention_enabled=True) test/registered/unit/models/test_kimi_vl.py::TestKimiVLEncoderParallelism::test_moonvit_reduction_group_matches_dp_attention
1 failed, 1 passed, 18 warnings, 1 subtests passed in 27.51s
