[aiter] WARNING: NUMA balancing is enabled, which may cause errors. It is recommended to disable NUMA balancing by running "sudo sh -c 'echo 0 > /proc/sys/kernel/numa_balancing'" for more details: https://rocm.docs.amd.com/en/latest/how-to/system-optimization/mi300x.html#disable-numa-auto-balancing
[aiter] import [module_aiter_core] under /sgl-workspace/aiter/aiter/jit/module_aiter_core.so
[transformers] `torch_dtype` is deprecated! Use `dtype` instead!
Using default MoE kernel config. Performance might be sub-optimal! Config file not found at /job/workdir/moe_configs/current_fresh4/configs/triton_3_7_0/E=8,N=128,device_name=AMD_Instinct_MI300X,dtype=int4_w4a16.json, you can create them with https://github.com/sgl-project/sglang/tree/main/benchmark/kernels/fused_moe_triton
Using default MoE kernel config. Performance might be sub-optimal! Config file not found at /job/workdir/moe_configs/current_fresh4/configs/triton_3_7_0/E=8,N=64,device_name=AMD_Instinct_MI300X,dtype=int4_w4a16.json, you can create them with https://github.com/sgl-project/sglang/tree/main/benchmark/kernels/fused_moe_triton
Using default MoE kernel config. Performance might be sub-optimal! Config file not found at /job/workdir/moe_configs/current_fresh4/configs/triton_3_7_0/E=8,N=64,device_name=AMD_Instinct_MI300X,dtype=int4_w4a16_down.json, you can create them with https://github.com/sgl-project/sglang/tree/main/benchmark/kernels/fused_moe_triton
Down MoE config file not found at /job/workdir/moe_configs/current_fresh4/configs/triton_3_7_0/E=8,N=128,device_name=AMD_Instinct_MI300X,dtype=int4_w4a16_down.json; reusing the tuned up-projection config without TMA. Performance might be sub-optimal.
Writing best config to /job/workdir/artifacts/current_fresh4/E=8,N=64,device_name=AMD_Instinct_MI300X,dtype=int4_w4a16.json...
{
  "label": "current_fresh4",
  "repo": "/job/workdir/sglang",
  "commit": null,
  "python": "/opt/venv/bin/python",
  "sglang_python_path": "/job/workdir/sglang/python/sglang/__init__.py",
  "fused_moe_path": "/job/workdir/sglang/python/sglang/srt/layers/moe/moe_runner/triton_utils/fused_moe.py",
  "config_path": "/job/workdir/sglang/python/sglang/srt/layers/moe/moe_runner/triton_utils/fused_moe_triton_config.py",
  "sgl_kernel_path": "/opt/venv/lib/python3.10/site-packages/sgl_kernel/__init__.py",
  "torch_version": "2.9.1+rocm7.2.0.git7e1940d4",
  "triton_version": "3.7.0",
  "gpu_name": "AMD Instinct MI300X",
  "gpu_capability": [
    9,
    4
  ],
  "device_name_for_filename": "AMD Instinct MI300X",
  "model_config": {
    "num_experts": 8,
    "shard_intermediate_size": 256,
    "runtime_n": 128,
    "hidden_size": 128,
    "topk": 2,
    "dtype": "torch.bfloat16",
    "block_shape": [
      0,
      128
    ]
  },
  "tuner_filename": "E=8,N=64,device_name=AMD_Instinct_MI300X,dtype=int4_w4a16.json",
  "tuner_path": "/job/workdir/artifacts/current_fresh4/E=8,N=64,device_name=AMD_Instinct_MI300X,dtype=int4_w4a16.json",
  "runtime_filename": "E=8,N=128,device_name=AMD_Instinct_MI300X,dtype=int4_w4a16.json",
  "runtime_path": "/job/workdir/moe_configs/current_fresh4/configs/triton_3_7_0/E=8,N=128,device_name=AMD_Instinct_MI300X,dtype=int4_w4a16.json",
  "filename_match": false,
  "tuner_config": {
    "BLOCK_SIZE_M": 32,
    "BLOCK_SIZE_N": 16,
    "BLOCK_SIZE_K": 32,
    "GROUP_SIZE_M": 1,
    "num_warps": 1,
    "num_stages": 2,
    "waves_per_eu": 0
  },
  "tuner_kernel_time_us": 22.138620167970657,
  "pre_copy_runtime_configs": null,
  "pre_copy_selected_config": {
    "BLOCK_SIZE_M": 16,
    "BLOCK_SIZE_N": 32,
    "BLOCK_SIZE_K": 64,
    "GROUP_SIZE_M": 1
  },
  "selected_config": {
    "BLOCK_SIZE_M": 32,
    "BLOCK_SIZE_N": 16,
    "BLOCK_SIZE_K": 32,
    "GROUP_SIZE_M": 1,
    "num_warps": 1,
    "num_stages": 2,
    "waves_per_eu": 0
  },
  "actual_runtime_config": {
    "BLOCK_SIZE_M": 32,
    "BLOCK_SIZE_N": 16,
    "BLOCK_SIZE_K": 32,
    "GROUP_SIZE_M": 1,
    "num_warps": 1,
    "num_stages": 2,
    "waves_per_eu": 0
  },
  "actual_runtime_down_config": {
    "BLOCK_SIZE_M": 32,
    "BLOCK_SIZE_N": 16,
    "BLOCK_SIZE_K": 32,
    "GROUP_SIZE_M": 1,
    "num_warps": 1,
    "num_stages": 2,
    "waves_per_eu": 0
  },
  "comparison": {
    "gpu_output_norm": 0.07435648888349533,
    "reference_norm": 0.07439721375703812,
    "topk_weights": [
      [
        0.8538326621055603,
        0.04350820556282997
      ],
      [
        0.29368680715560913,
        0.21394489705562592
      ],
      [
        0.35143575072288513,
        0.19485944509506226
      ]
    ],
    "topk_ids": [
      [
        3,
        6
      ],
      [
        7,
        4
      ],
      [
        0,
        7
      ]
    ],
    "max_absolute_error": 6.103515625e-05,
    "mean_absolute_error": 1.0615835890348535e-05,
    "relative_l2_error": 0.00443923150804798,
    "gate": "torch.testing.assert_close(gpu_output, reference, atol=2e-2, rtol=0)",
    "gate_passed": true
  }
}
