FF                                                                       [100%]
=================================== FAILURES ===================================
_ TestEagleDsaKVIndexTranslator.test_late_created_draft_extend_backend_uses_runner_translator _

self = <test_eagle_dsa_kv_index_translator.TestEagleDsaKVIndexTranslator testMethod=test_late_created_draft_extend_backend_uses_runner_translator>

    def test_late_created_draft_extend_backend_uses_runner_translator(self):
        backend = DeepseekSparseAttnBackend(self.runner)

>       self.assertIs(backend.kv_index_translator, self.runner.kv_index_translator)
E       AssertionError: None is not <sglang.srt.mem_cache.kv_index_translator.KVIndexTranslator object at 0x772725397800>

../review-evidence-j-fc0804744b49/test/registered/amd/test_eagle_dsa_kv_index_translator.py:59: AssertionError

During handling of the above exception, another exception occurred:
python/sglang/test/test_utils.py:2194: in _callTestMethod
    retry(
_ _ _ _ _ _ _ _ _ _ _ _ _ _ _ _ _ _ _ _ _ _ _ _ _ _ _ _ _ _ _ _ _ _ _ _ _ _ _ _

fn = <function CustomTestCase._callTestMethod.<locals>.<lambda> at 0x772724e95e40>
max_retry = 0, initial_delay = 2.0, max_delay = 60.0
should_retry = <function <lambda> at 0x77300bafd580>

    def retry(
        fn,
        max_retry: int,
        initial_delay: float = 2.0,
        max_delay: float = 60.0,
        should_retry: Callable[[Any], bool] = lambda e: True,
    ):
        for try_index in itertools.count():
            try:
                return fn()
            except SkipTest:
                # Do NOT retry skipped tests - used in CI and unittest
                raise
            except _ShouldStop:
                # `unittest.case._ShouldStop` is raised by `subTest.__exit__`
                # when a subtest fails/skips and `result.failfast` is True
                # (CI invokes `python3 file.py -f`). It signals the outer
                # `testPartExecutor` to stop the test method cleanly; do
                # NOT retry, just propagate so unittest handles it.
                raise
            except Exception as e:
                traceback.print_exc()

                if try_index >= max_retry:
>                   raise Exception(f"retry() exceed maximum number of retries.")
E                   Exception: retry() exceed maximum number of retries.

python/sglang/srt/utils/common.py:3529: Exception
----------------------------- Captured stdout call -----------------------------
[CI Test Method] TestEagleDsaKVIndexTranslator.test_late_created_draft_extend_backend_uses_runner_translator
----------------------------- Captured stderr call -----------------------------
Traceback (most recent call last):
  File "/job/repo/python/sglang/srt/utils/common.py", line 3514, in retry
    return fn()
           ^^^^
  File "/job/repo/python/sglang/test/test_utils.py", line 2195, in <lambda>
    lambda: super(CustomTestCase, self)._callTestMethod(method),
            ^^^^^^^^^^^^^^^^^^^^^^^^^^^^^^^^^^^^^^^^^^^^^^^^^^^
  File "/usr/lib/python3.12/unittest/case.py", line 589, in _callTestMethod
    if method() is not None:
       ^^^^^^^^
  File "/job/review-evidence-j-fc0804744b49/test/registered/amd/test_eagle_dsa_kv_index_translator.py", line 59, in test_late_created_draft_extend_backend_uses_runner_translator
    self.assertIs(backend.kv_index_translator, self.runner.kv_index_translator)
  File "/usr/lib/python3.12/unittest/case.py", line 1166, in assertIs
    self.fail(self._formatMessage(msg, standardMsg))
  File "/usr/lib/python3.12/unittest/case.py", line 715, in fail
    raise self.failureException(msg)
AssertionError: None is not <sglang.srt.mem_cache.kv_index_translator.KVIndexTranslator object at 0x772725397800>
_ TestEagleDsaKVIndexTranslator.test_late_created_multistep_children_use_runner_translator _

self = <test_eagle_dsa_kv_index_translator.TestEagleDsaKVIndexTranslator testMethod=test_late_created_multistep_children_use_runner_translator>

    def test_late_created_multistep_children_use_runner_translator(self):
        backend = DeepseekSparseAttnMultiStepBackend(
            self.runner, topk=1, speculative_num_steps=3
        )

        self.assertEqual(len(backend.attn_backends), 2)
        for child in backend.attn_backends:
>           self.assertIs(
                child.kv_index_translator, self.runner.kv_index_translator
            )
E           AssertionError: None is not <sglang.srt.mem_cache.kv_index_translator.KVIndexTranslator object at 0x772724e841a0>

../review-evidence-j-fc0804744b49/test/registered/amd/test_eagle_dsa_kv_index_translator.py:71: AssertionError

During handling of the above exception, another exception occurred:
python/sglang/test/test_utils.py:2194: in _callTestMethod
    retry(
_ _ _ _ _ _ _ _ _ _ _ _ _ _ _ _ _ _ _ _ _ _ _ _ _ _ _ _ _ _ _ _ _ _ _ _ _ _ _ _

fn = <function CustomTestCase._callTestMethod.<locals>.<lambda> at 0x772724d2ae80>
max_retry = 0, initial_delay = 2.0, max_delay = 60.0
should_retry = <function <lambda> at 0x77300bafd580>

    def retry(
        fn,
        max_retry: int,
        initial_delay: float = 2.0,
        max_delay: float = 60.0,
        should_retry: Callable[[Any], bool] = lambda e: True,
    ):
        for try_index in itertools.count():
            try:
                return fn()
            except SkipTest:
                # Do NOT retry skipped tests - used in CI and unittest
                raise
            except _ShouldStop:
                # `unittest.case._ShouldStop` is raised by `subTest.__exit__`
                # when a subtest fails/skips and `result.failfast` is True
                # (CI invokes `python3 file.py -f`). It signals the outer
                # `testPartExecutor` to stop the test method cleanly; do
                # NOT retry, just propagate so unittest handles it.
                raise
            except Exception as e:
                traceback.print_exc()

                if try_index >= max_retry:
>                   raise Exception(f"retry() exceed maximum number of retries.")
E                   Exception: retry() exceed maximum number of retries.

python/sglang/srt/utils/common.py:3529: Exception
----------------------------- Captured stdout call -----------------------------
[CI Test Method] TestEagleDsaKVIndexTranslator.test_late_created_multistep_children_use_runner_translator
----------------------------- Captured stderr call -----------------------------
Traceback (most recent call last):
  File "/job/repo/python/sglang/srt/utils/common.py", line 3514, in retry
    return fn()
           ^^^^
  File "/job/repo/python/sglang/test/test_utils.py", line 2195, in <lambda>
    lambda: super(CustomTestCase, self)._callTestMethod(method),
            ^^^^^^^^^^^^^^^^^^^^^^^^^^^^^^^^^^^^^^^^^^^^^^^^^^^
  File "/usr/lib/python3.12/unittest/case.py", line 589, in _callTestMethod
    if method() is not None:
       ^^^^^^^^
  File "/job/review-evidence-j-fc0804744b49/test/registered/amd/test_eagle_dsa_kv_index_translator.py", line 71, in test_late_created_multistep_children_use_runner_translator
    self.assertIs(
  File "/usr/lib/python3.12/unittest/case.py", line 1166, in assertIs
    self.fail(self._formatMessage(msg, standardMsg))
  File "/usr/lib/python3.12/unittest/case.py", line 715, in fail
    raise self.failureException(msg)
AssertionError: None is not <sglang.srt.mem_cache.kv_index_translator.KVIndexTranslator object at 0x772724e841a0>
=============================== warnings summary ===============================
../../opt/venv/lib/python3.12/site-packages/torch/jit/_script.py:365: 14 warnings
  /opt/venv/lib/python3.12/site-packages/torch/jit/_script.py:365: DeprecationWarning: `torch.jit.script_method` is deprecated. Please switch to `torch.compile` or `torch.export`.
    warnings.warn(

../../opt/venv/lib/python3.12/site-packages/Cython/Distutils/old_build_ext.py:15
../../opt/venv/lib/python3.12/site-packages/Cython/Distutils/old_build_ext.py:15
  /opt/venv/lib/python3.12/site-packages/Cython/Distutils/old_build_ext.py:15: DeprecationWarning: dep_util is Deprecated. Use functions from setuptools instead.
    from distutils.dep_util import newer, newer_group

-- Docs: https://docs.pytest.org/en/stable/how-to/capture-warnings.html
=========================== short test summary info ============================
FAILED ../review-evidence-j-fc0804744b49/test/registered/amd/test_eagle_dsa_kv_index_translator.py::TestEagleDsaKVIndexTranslator::test_late_created_draft_extend_backend_uses_runner_translator
FAILED ../review-evidence-j-fc0804744b49/test/registered/amd/test_eagle_dsa_kv_index_translator.py::TestEagleDsaKVIndexTranslator::test_late_created_multistep_children_use_runner_translator
2 failed, 16 warnings in 9.35s
