F                                                                        [100%]
=================================== FAILURES ===================================
__ TestPoolBackedAlloc.test_eagle_width_specific_select_index_does_not_alias ___

self = <test_cuda_graph_buffer_registry.TestPoolBackedAlloc testMethod=test_eagle_width_specific_select_index_does_not_alias>

    def test_eagle_width_specific_select_index_does_not_alias(self):
        def eagle_buffers(input_ids, select_index):
            max_bs = select_index.numel()
            num_tokens = input_ids.numel()
            return EagleDraftExtendInputBuffers(
                input_ids=input_ids,
                req_pool_indices=torch.zeros(max_bs, dtype=torch.int64),
                out_cache_loc=torch.zeros(num_tokens, dtype=torch.int64),
                positions=torch.zeros(num_tokens, dtype=torch.int64),
                mrope_positions=torch.zeros(3, num_tokens, dtype=torch.int64),
                hidden_states=None,
                seq_lens=torch.zeros(max_bs, dtype=torch.int32),
                seq_lens_cpu=torch.zeros(max_bs, dtype=torch.int64),
                extend_seq_lens=torch.zeros(max_bs, dtype=torch.int32),
                num_correct_drafts=torch.zeros(max_bs, dtype=torch.int32),
                num_accept_tokens=torch.zeros(max_bs, dtype=torch.int32),
                select_index=select_index,
                next_token_logits_buffer=torch.zeros(max_bs, 2),
                global_num_tokens_gpu=None,
                global_num_tokens_for_logprob_gpu=None,
            )
    
        narrow = eagle_buffers(
            input_ids=torch.zeros(4, dtype=torch.int64),
            select_index=torch.tensor([1, 3], dtype=torch.int64),
        )
        wide = eagle_buffers(
            input_ids=torch.ones(8, dtype=torch.int64),
            select_index=torch.tensor([3, 7], dtype=torch.int64),
        )
    
        narrow.share_buffers()
        wide.share_buffers()
    
        # The equally-shaped indices derived from different EAGLE capture
        # widths must not share storage. If the wide runner overwrote the
        # narrow runner's indices with [3, 7], the second index would be outside
        # this four-row narrow graph output.
        self.assertNotEqual(narrow.input_ids.data_ptr(), wide.input_ids.data_ptr())
>       self.assertNotEqual(
            narrow.select_index.data_ptr(), wide.select_index.data_ptr()
        )
E       AssertionError: 343763520 == 343763520

test/registered/unit/model_executor/test_cuda_graph_buffer_registry.py:695: AssertionError
=============================== warnings summary ===============================
../../opt/venv/lib/python3.12/site-packages/_pytest/config/__init__.py:1434
  /opt/venv/lib/python3.12/site-packages/_pytest/config/__init__.py:1434: PytestConfigWarning: Unknown config option: asyncio_mode
  
    self._warn_or_fail_if_strict(f"Unknown config option: {key}\n")

../../opt/venv/lib/python3.12/site-packages/torch/jit/_script.py:365: 14 warnings
  /opt/venv/lib/python3.12/site-packages/torch/jit/_script.py:365: DeprecationWarning: `torch.jit.script_method` is deprecated. Please switch to `torch.compile` or `torch.export`.
    warnings.warn(

../../opt/venv/lib/python3.12/site-packages/Cython/Distutils/old_build_ext.py:15
../../opt/venv/lib/python3.12/site-packages/Cython/Distutils/old_build_ext.py:15
  /opt/venv/lib/python3.12/site-packages/Cython/Distutils/old_build_ext.py:15: DeprecationWarning: dep_util is Deprecated. Use functions from setuptools instead.
    from distutils.dep_util import newer, newer_group

-- Docs: https://docs.pytest.org/en/stable/how-to/capture-warnings.html
=========================== short test summary info ============================
FAILED test/registered/unit/model_executor/test_cuda_graph_buffer_registry.py::TestPoolBackedAlloc::test_eagle_width_specific_select_index_does_not_alias
1 failed, 40 deselected, 17 warnings in 9.07s
