[aiter] WARNING: NUMA balancing is enabled, which may cause errors. It is recommended to disable NUMA balancing by running "sudo sh -c 'echo 0 > /proc/sys/kernel/numa_balancing'" for more details: https://rocm.docs.amd.com/en/latest/how-to/system-optimization/mi300x.html#disable-numa-auto-balancing
[aiter] import [module_aiter_core] under /tmp/amdpilot-repo-j-e3c8fe329a4c/cache/aiter/module_aiter_core.so
[CI Test Method] TestRetractionReplaySSMState.test_cpu_retraction_preserves_committed_recurrence
FFFF
======================================================================
FAIL: test_cpu_retraction_preserves_committed_recurrence (__main__.TestRetractionReplaySSMState.test_cpu_retraction_preserves_committed_recurrence) (carries_mamba=True, dtype=torch.float32, pending=3, base=0)
----------------------------------------------------------------------
Traceback (most recent call last):
  File "/tmp/amdpilot-repo-j-e3c8fe329a4c/test_retraction_replayssm_state.py", line 168, in test_cpu_retraction_preserves_committed_recurrence
    torch.testing.assert_close(
  File "/opt/venv/lib/python3.12/site-packages/torch/testing/_comparison.py", line 1600, in assert_close
    raise error_metas[0].to_error(msg)
AssertionError: Tensor-likes are not close!

Mismatched elements: 131010 / 131072 (100.0%)
Greatest absolute difference: 0.14473502382543962 at index (0, 2, 76, 60) (up to 1e-05 allowed)
Greatest relative difference: 35075.62943897928 at index (1, 0, 49, 65) (up to 0.0001 allowed)

======================================================================
FAIL: test_cpu_retraction_preserves_committed_recurrence (__main__.TestRetractionReplaySSMState.test_cpu_retraction_preserves_committed_recurrence) (carries_mamba=False, dtype=torch.float32, pending=3, base=0)
----------------------------------------------------------------------
Traceback (most recent call last):
  File "/tmp/amdpilot-repo-j-e3c8fe329a4c/test_retraction_replayssm_state.py", line 168, in test_cpu_retraction_preserves_committed_recurrence
    torch.testing.assert_close(
  File "/opt/venv/lib/python3.12/site-packages/torch/testing/_comparison.py", line 1600, in assert_close
    raise error_metas[0].to_error(msg)
AssertionError: Tensor-likes are not close!

Mismatched elements: 131010 / 131072 (100.0%)
Greatest absolute difference: 0.14473502382543962 at index (0, 2, 76, 60) (up to 1e-05 allowed)
Greatest relative difference: 35075.62943897928 at index (1, 0, 49, 65) (up to 0.0001 allowed)

======================================================================
FAIL: test_cpu_retraction_preserves_committed_recurrence (__main__.TestRetractionReplaySSMState.test_cpu_retraction_preserves_committed_recurrence) (carries_mamba=True, dtype=torch.float32, pending=5, base=14)
----------------------------------------------------------------------
Traceback (most recent call last):
  File "/tmp/amdpilot-repo-j-e3c8fe329a4c/test_retraction_replayssm_state.py", line 168, in test_cpu_retraction_preserves_committed_recurrence
    torch.testing.assert_close(
  File "/opt/venv/lib/python3.12/site-packages/torch/testing/_comparison.py", line 1600, in assert_close
    raise error_metas[0].to_error(msg)
AssertionError: Tensor-likes are not close!

Mismatched elements: 131039 / 131072 (100.0%)
Greatest absolute difference: 0.19466370652218612 at index (1, 1, 75, 50) (up to 1e-05 allowed)
Greatest relative difference: 70712.3037181834 at index (0, 2, 91, 126) (up to 0.0001 allowed)

======================================================================
FAIL: test_cpu_retraction_preserves_committed_recurrence (__main__.TestRetractionReplaySSMState.test_cpu_retraction_preserves_committed_recurrence) (carries_mamba=False, dtype=torch.float32, pending=5, base=14)
----------------------------------------------------------------------
Traceback (most recent call last):
  File "/tmp/amdpilot-repo-j-e3c8fe329a4c/test_retraction_replayssm_state.py", line 168, in test_cpu_retraction_preserves_committed_recurrence
    torch.testing.assert_close(
  File "/opt/venv/lib/python3.12/site-packages/torch/testing/_comparison.py", line 1600, in assert_close
    raise error_metas[0].to_error(msg)
AssertionError: Tensor-likes are not close!

Mismatched elements: 131039 / 131072 (100.0%)
Greatest absolute difference: 0.19466370652218612 at index (1, 1, 75, 50) (up to 1e-05 allowed)
Greatest relative difference: 70712.3037181834 at index (0, 2, 91, 126) (up to 0.0001 allowed)

----------------------------------------------------------------------
Ran 1 test in 0.931s

FAILED (failures=4)
