[aiter] WARNING: NUMA balancing is enabled, which may cause errors. It is recommended to disable NUMA balancing by running "sudo sh -c 'echo 0 > /proc/sys/kernel/numa_balancing'" for more details: https://rocm.docs.amd.com/en/latest/how-to/system-optimization/mi300x.html#disable-numa-auto-balancing
[aiter] import [module_aiter_core] under /tmp/amdpilot-repo-j-6fcda1eec5fe/cache/aiter/module_aiter_core.so
FF.
======================================================================
FAIL: test_parallel_sampling_balances_one_release_per_acquire (__main__.TestParallelSamplingLoRAAccounting.test_parallel_sampling_balances_one_release_per_acquire)
----------------------------------------------------------------------
Traceback (most recent call last):
  File "/usr/lib/python3.12/unittest/async_case.py", line 90, in _callTestMethod
    if self._callMaybeAsync(method) is not None:
       ^^^^^^^^^^^^^^^^^^^^^^^^^^^^
  File "/usr/lib/python3.12/unittest/async_case.py", line 112, in _callMaybeAsync
    return self._asyncioRunner.run(
           ^^^^^^^^^^^^^^^^^^^^^^^^
  File "/usr/lib/python3.12/asyncio/runners.py", line 118, in run
    return self._loop.run_until_complete(task)
           ^^^^^^^^^^^^^^^^^^^^^^^^^^^^^^^^^^^
  File "/usr/lib/python3.12/asyncio/base_events.py", line 687, in run_until_complete
    return future.result()
           ^^^^^^^^^^^^^^^
  File "/job/repo/test/registered/lora/test_parallel_sampling_lora_accounting.py", line 133, in test_parallel_sampling_balances_one_release_per_acquire
    self.assertEqual(manager.release_count, acquired_count)
AssertionError: 5 != 4

======================================================================
FAIL: test_parallel_sampling_multiple_prompts_balances_each_prefix (__main__.TestParallelSamplingLoRAAccounting.test_parallel_sampling_multiple_prompts_balances_each_prefix)
----------------------------------------------------------------------
Traceback (most recent call last):
  File "/usr/lib/python3.12/unittest/async_case.py", line 90, in _callTestMethod
    if self._callMaybeAsync(method) is not None:
       ^^^^^^^^^^^^^^^^^^^^^^^^^^^^
  File "/usr/lib/python3.12/unittest/async_case.py", line 112, in _callMaybeAsync
    return self._asyncioRunner.run(
           ^^^^^^^^^^^^^^^^^^^^^^^^
  File "/usr/lib/python3.12/asyncio/runners.py", line 118, in run
    return self._loop.run_until_complete(task)
           ^^^^^^^^^^^^^^^^^^^^^^^^^^^^^^^^^^^
  File "/usr/lib/python3.12/asyncio/base_events.py", line 687, in run_until_complete
    return future.result()
           ^^^^^^^^^^^^^^^
  File "/job/repo/test/registered/lora/test_parallel_sampling_lora_accounting.py", line 143, in test_parallel_sampling_multiple_prompts_balances_each_prefix
    self.assertEqual(manager.release_count, acquired_count)
AssertionError: 8 != 6

----------------------------------------------------------------------
Ran 3 tests in 0.006s

FAILED (failures=2)
