[aiter] WARNING: NUMA balancing is enabled, which may cause errors. It is recommended to disable NUMA balancing by running "sudo sh -c 'echo 0 > /proc/sys/kernel/numa_balancing'" for more details: https://rocm.docs.amd.com/en/latest/how-to/system-optimization/mi300x.html#disable-numa-auto-balancing
[aiter] import [module_aiter_core] under /tmp/amdpilot-repo-j-956e818f217c/cache/aiter/module_aiter_core.so
[CI Test Method] TestTritonAttentionWindowSink.test_reference_matches_hand_computed_example
.[CI Test Method] TestTritonAttentionWindowSink.test_kernel_matches_reference_full_attention
.[CI Test Method] TestTritonAttentionWindowSink.test_backend_window_and_sinks_acceptance
Traceback (most recent call last):
  File "/job/repo/python/sglang/srt/utils/common.py", line 3514, in retry
    return fn()
           ^^^^
  File "/job/repo/python/sglang/test/test_utils.py", line 2195, in <lambda>
    lambda: super(CustomTestCase, self)._callTestMethod(method),
            ^^^^^^^^^^^^^^^^^^^^^^^^^^^^^^^^^^^^^^^^^^^^^^^^^^^
  File "/usr/lib/python3.12/unittest/case.py", line 589, in _callTestMethod
    if method() is not None:
       ^^^^^^^^
  File "/tmp/test_triton_attention_window_sink.py", line 480, in test_backend_window_and_sinks_acceptance
    torch.testing.assert_close(
  File "/opt/venv/lib/python3.12/site-packages/torch/testing/_comparison.py", line 1600, in assert_close
    raise error_metas[0].to_error(msg)
AssertionError: VisionTritonAttention silently dropped window_size/s_aux (issue #37983): output equals full attention without sinks
E
======================================================================
ERROR: test_backend_window_and_sinks_acceptance (__main__.TestTritonAttentionWindowSink.test_backend_window_and_sinks_acceptance)
The issue #37983 reproducer.
----------------------------------------------------------------------
Traceback (most recent call last):
  File "/job/repo/python/sglang/srt/utils/common.py", line 3514, in retry
    return fn()
           ^^^^
  File "/job/repo/python/sglang/test/test_utils.py", line 2195, in <lambda>
    lambda: super(CustomTestCase, self)._callTestMethod(method),
            ^^^^^^^^^^^^^^^^^^^^^^^^^^^^^^^^^^^^^^^^^^^^^^^^^^^
AssertionError: VisionTritonAttention silently dropped window_size/s_aux (issue #37983): output equals full attention without sinks

During handling of the above exception, another exception occurred:

Traceback (most recent call last):
  File "/job/repo/python/sglang/test/test_utils.py", line 2194, in _callTestMethod
    retry(
  File "/job/repo/python/sglang/srt/utils/common.py", line 3529, in retry
    raise Exception(f"retry() exceed maximum number of retries.")
Exception: retry() exceed maximum number of retries.

----------------------------------------------------------------------
Ran 3 tests in 5.003s

FAILED (errors=1)
