[aiter] WARNING: NUMA balancing is enabled, which may cause errors. It is recommended to disable NUMA balancing by running "sudo sh -c 'echo 0 > /proc/sys/kernel/numa_balancing'" for more details: https://rocm.docs.amd.com/en/latest/how-to/system-optimization/mi300x.html#disable-numa-auto-balancing
[aiter] import [module_aiter_core] under /tmp/amdpilot-repo-j-956e818f217c/cache/aiter/module_aiter_core.so
[CI Test Method] TestTritonAttentionWindowSink.test_backend_kwargs_change_output
.[CI Test Method] TestTritonAttentionWindowSink.test_backend_window_and_sinks_acceptance
.[CI Test Method] TestTritonAttentionWindowSink.test_fa3_cross_check_reference
s[CI Test Method] TestTritonAttentionWindowSink.test_kernel_causal_with_window
.[CI Test Method] TestTritonAttentionWindowSink.test_kernel_matches_reference_full_attention
.[CI Test Method] TestTritonAttentionWindowSink.test_kernel_matches_reference_full_attention_gqa
.[CI Test Method] TestTritonAttentionWindowSink.test_kernel_rejects_mismatched_sinks
.[CI Test Method] TestTritonAttentionWindowSink.test_kernel_sinks_only
.[CI Test Method] TestTritonAttentionWindowSink.test_kernel_window_and_sinks
.[CI Test Method] TestTritonAttentionWindowSink.test_kernel_window_and_sinks_varlen_gqa
.[CI Test Method] TestTritonAttentionWindowSink.test_kernel_window_long_seq_multi_block
.[CI Test Method] TestTritonAttentionWindowSink.test_kernel_window_no_sinks_long_seq
.[CI Test Method] TestTritonAttentionWindowSink.test_kernel_window_only
.[CI Test Method] TestTritonAttentionWindowSink.test_reference_matches_hand_computed_example
.
----------------------------------------------------------------------
Ran 14 tests in 2.636s

OK (skipped=1)
