Exact candidate test diff from 4d68007d1345b03fd894dcc23e56f3f2bc687f8f applied to the prepared base:

/tmp/amdpilot-repo-j-dca03528cf46/venv/bin/python -m pytest -q test/registered/unit/mem_cache/test_radix_cache_unit.py::TestRadixCache::test_cache_unfinished_req_deferred_paged_free_owns_original_indices test/registered/unit/mem_cache/test_radix_cache_unit.py::TestRadixCache::test_cache_unfinished_req_deferred_free_owns_original_indices
..                                                                       [100%]
2 passed, 17 warnings in 19.21s
Exit code: 0

Independent no-clone rerun of the candidate test:

/tmp/amdpilot-repo-j-dca03528cf46/venv/bin/python -m pytest -q test/registered/unit/mem_cache/test_radix_cache_unit.py::TestRadixCache::test_cache_unfinished_req_deferred_paged_free_owns_original_indices
FAILED ... AssertionError: tensor(False) is not true
1 failed, 17 warnings in 8.51s
Exit code: 1

The no-clone run fails because its manually queued request_table_view is
overwritten before free_group_end; this does not occur in either real
cache_unfinished_req implementation.

Prepared-base lifecycle command:

/tmp/amdpilot-repo-j-dca03528cf46/venv/bin/python -m pytest -q test/registered/unit/managers/test_scheduler_chunked_abort_race.py test/registered/unit/managers/test_scheduler_pause_generation.py
.......................                                                [100%]
23 passed, 17 warnings, 2 subtests passed in 9.59s
Exit code: 0

Prepared-base generic grouped-free regression:

/tmp/amdpilot-repo-j-dca03528cf46/venv/bin/python -m pytest -q test/registered/unit/mem_cache/test_radix_cache_unit.py::TestRadixCache::test_cache_unfinished_req_deferred_free_owns_original_indices
.                                                                        [100%]
1 passed, 17 warnings in 8.43s
Exit code: 0
