def _handle_dspark(server_args: ServerArgs) -> None:
    cfg = resolving_view(server_args)
    _is_npu = cfg.device.startswith("npu")
    if not cfg.device.startswith(("cuda", "npu")):
        raise ValueError(
            "DSpark speculative decoding only supports CUDA or NPU device."
        )

    # dp_size==1 with dp_attention is a degenerate flag under DSV4 CP; skip DP-only checks.
    if cfg.enable_dp_attention and cfg.dp_size > 1:
        if not cfg.enable_dp_lm_head:
            raise ValueError("DSpark with dp attention requires --enable-dp-lm-head.")

    if cfg.disaggregation_mode == "decode":
        if cfg.disaggregation_decode_enable_radix_cache:
            if cfg.enable_hisparse:
                raise ValueError(
                    "--disaggregation-decode-enable-radix-cache is incompatible "
                    "with --enable-hisparse"
                )
            if cfg.disaggregation_transfer_backend == "fake":
                raise ValueError(
                    "--disaggregation-decode-enable-radix-cache is incompatible "
                    "with --disaggregation-transfer-backend fake"
                )
            if cfg.speculative_algorithm is not None:
                raise ValueError(
                    "--disaggregation-decode-enable-radix-cache is incompatible "
                    "with speculative decoding "
                    f"(--speculative-algorithm {cfg.speculative_algorithm})"
                )

            if resolved_view(server_args).enable_dp_attention:
                logger.warning(
                    "EXPERIMENTAL: Decode radix cache with DP attention. "
