F                                                                        [100%]
=================================== FAILURES ===================================
_ TestQwen3_5PipelineParallel.test_vl_load_weights_filters_only_decoder_layer_range _

self = <test_qwen3_5_pipeline_parallel.TestQwen3_5PipelineParallel testMethod=test_vl_load_weights_filters_only_decoder_layer_range>

    def test_vl_load_weights_filters_only_decoder_layer_range(self):
        model = self._make_vl_weight_loader_stub()
        weights = [
            ("model.layers.0.weight", torch.tensor([[10.0]])),
            ("model.layers.1.weight", torch.tensor([[11.0]])),
            ("model.layers.2.weight", torch.tensor([[12.0]])),
            ("model.layers.3.weight", torch.tensor([[13.0]])),
            ("model.visual.layers.3.weight", torch.tensor([[23.0]])),
        ]
    
        loaded = model.load_weights(weights)
    
>       self.assertEqual(
            loaded,
            {
                "model.layers.1.weight",
                "model.layers.2.weight",
                "visual.layers.3.weight",
            },
        )
E       AssertionError: Items in the second set but not the first:
E       'visual.layers.3.weight'

test/registered/unit/models/test_qwen3_5_pipeline_parallel.py:140: AssertionError

During handling of the above exception, another exception occurred:
python/sglang/test/test_utils.py:2194: in _callTestMethod
    retry(
_ _ _ _ _ _ _ _ _ _ _ _ _ _ _ _ _ _ _ _ _ _ _ _ _ _ _ _ _ _ _ _ _ _ _ _ _ _ _ _ 

fn = <function CustomTestCase._callTestMethod.<locals>.<lambda> at 0x7f2133dc4c20>
max_retry = 0, initial_delay = 2.0, max_delay = 60.0
should_retry = <function <lambda> at 0x7f2a19dbe840>

    def retry(
        fn,
        max_retry: int,
        initial_delay: float = 2.0,
        max_delay: float = 60.0,
        should_retry: Callable[[Any], bool] = lambda e: True,
    ):
        for try_index in itertools.count():
            try:
                return fn()
            except SkipTest:
                # Do NOT retry skipped tests - used in CI and unittest
                raise
            except _ShouldStop:
                # `unittest.case._ShouldStop` is raised by `subTest.__exit__`
                # when a subtest fails/skips and `result.failfast` is True
                # (CI invokes `python3 file.py -f`). It signals the outer
                # `testPartExecutor` to stop the test method cleanly; do
                # NOT retry, just propagate so unittest handles it.
                raise
            except Exception as e:
                traceback.print_exc()
    
                if try_index >= max_retry:
>                   raise Exception(f"retry() exceed maximum number of retries.")
E                   Exception: retry() exceed maximum number of retries.

python/sglang/srt/utils/common.py:3529: Exception
----------------------------- Captured stdout call -----------------------------
[CI Test Method] TestQwen3_5PipelineParallel.test_vl_load_weights_filters_only_decoder_layer_range
----------------------------- Captured stderr call -----------------------------
Traceback (most recent call last):
  File "/job/repo/python/sglang/srt/utils/common.py", line 3514, in retry
    return fn()
           ^^^^
  File "/job/repo/python/sglang/test/test_utils.py", line 2195, in <lambda>
    lambda: super(CustomTestCase, self)._callTestMethod(method),
            ^^^^^^^^^^^^^^^^^^^^^^^^^^^^^^^^^^^^^^^^^^^^^^^^^^^
  File "/usr/lib/python3.12/unittest/case.py", line 589, in _callTestMethod
    if method() is not None:
       ^^^^^^^^
  File "/job/repo/test/registered/unit/models/test_qwen3_5_pipeline_parallel.py", line 140, in test_vl_load_weights_filters_only_decoder_layer_range
    self.assertEqual(
  File "/usr/lib/python3.12/unittest/case.py", line 885, in assertEqual
    assertion_func(first, second, msg=msg)
  File "/usr/lib/python3.12/unittest/case.py", line 1145, in assertSetEqual
    self.fail(self._formatMessage(msg, standardMsg))
  File "/usr/lib/python3.12/unittest/case.py", line 715, in fail
    raise self.failureException(msg)
AssertionError: Items in the second set but not the first:
'visual.layers.3.weight'
=============================== warnings summary ===============================
../../opt/venv/lib/python3.12/site-packages/_pytest/config/__init__.py:1434
  /opt/venv/lib/python3.12/site-packages/_pytest/config/__init__.py:1434: PytestConfigWarning: Unknown config option: asyncio_mode
  
    self._warn_or_fail_if_strict(f"Unknown config option: {key}\n")

../../opt/venv/lib/python3.12/site-packages/torch/jit/_script.py:365: 14 warnings
  /opt/venv/lib/python3.12/site-packages/torch/jit/_script.py:365: DeprecationWarning: `torch.jit.script_method` is deprecated. Please switch to `torch.compile` or `torch.export`.
    warnings.warn(

../../opt/venv/lib/python3.12/site-packages/Cython/Distutils/old_build_ext.py:15
../../opt/venv/lib/python3.12/site-packages/Cython/Distutils/old_build_ext.py:15
  /opt/venv/lib/python3.12/site-packages/Cython/Distutils/old_build_ext.py:15: DeprecationWarning: dep_util is Deprecated. Use functions from setuptools instead.
    from distutils.dep_util import newer, newer_group

-- Docs: https://docs.pytest.org/en/stable/how-to/capture-warnings.html
=========================== short test summary info ============================
FAILED test/registered/unit/models/test_qwen3_5_pipeline_parallel.py::TestQwen3_5PipelineParallel::test_vl_load_weights_filters_only_decoder_layer_range
1 failed, 5 deselected, 17 warnings in 27.96s
