.FFFFF                                                                   [100%]
=================================== FAILURES ===================================
_ test_mqa_logits_budget_boundaries[8192-348032-15032385536-102005473280-expected1] _

num_q = 8192, num_k = 348032, free_mem = 15032385536, total_mem = 102005473280
expected = (True, 3758096384)

    @pytest.mark.parametrize(
        "num_q,num_k,free_mem,total_mem,expected",
        [
            (1_000, 1_000, None, None, (False, 0)),
            (8_192, 348_032, 14 * GIB, 95 * GIB, (True, 14 * GIB // 4)),
            (8_192, 348_032, 80 * GIB, 95 * GIB, (False, 20 * GIB)),
            (8_192, 1_310_720, 80 * GIB, 95 * GIB, (True, 20 * GIB)),
            (8_192, 348_032, 0, 95 * GIB, (True, 1)),
        ],
    )
    def test_mqa_logits_budget_boundaries(num_q, num_k, free_mem, total_mem, expected):
        with mock.patch("torch.cuda.mem_get_info") as mem_get_info:
            if free_mem is not None:
                mem_get_info.return_value = (free_mem, total_mem)
            result = _indexer()._should_chunk_mqa_logits(
                num_q, num_k, torch.device("cuda")
            )
>       assert result == expected
E       assert (True, 15032385536) == (True, 3758096384)
E         
E         At index 1 diff: 15032385536 != 3758096384
E         Use -v to get more diff

../review-evidence-j-31dcc661abc9/test_candidate_regression.py:49: AssertionError
_ test_mqa_logits_budget_boundaries[8192-348032-85899345920-102005473280-expected2] _

num_q = 8192, num_k = 348032, free_mem = 85899345920, total_mem = 102005473280
expected = (False, 21474836480)

    @pytest.mark.parametrize(
        "num_q,num_k,free_mem,total_mem,expected",
        [
            (1_000, 1_000, None, None, (False, 0)),
            (8_192, 348_032, 14 * GIB, 95 * GIB, (True, 14 * GIB // 4)),
            (8_192, 348_032, 80 * GIB, 95 * GIB, (False, 20 * GIB)),
            (8_192, 1_310_720, 80 * GIB, 95 * GIB, (True, 20 * GIB)),
            (8_192, 348_032, 0, 95 * GIB, (True, 1)),
        ],
    )
    def test_mqa_logits_budget_boundaries(num_q, num_k, free_mem, total_mem, expected):
        with mock.patch("torch.cuda.mem_get_info") as mem_get_info:
            if free_mem is not None:
                mem_get_info.return_value = (free_mem, total_mem)
            result = _indexer()._should_chunk_mqa_logits(
                num_q, num_k, torch.device("cuda")
            )
>       assert result == expected
E       assert (False, 85899345920) == (False, 21474836480)
E         
E         At index 1 diff: 85899345920 != 21474836480
E         Use -v to get more diff

../review-evidence-j-31dcc661abc9/test_candidate_regression.py:49: AssertionError
_ test_mqa_logits_budget_boundaries[8192-1310720-85899345920-102005473280-expected3] _

num_q = 8192, num_k = 1310720, free_mem = 85899345920, total_mem = 102005473280
expected = (True, 21474836480)

    @pytest.mark.parametrize(
        "num_q,num_k,free_mem,total_mem,expected",
        [
            (1_000, 1_000, None, None, (False, 0)),
            (8_192, 348_032, 14 * GIB, 95 * GIB, (True, 14 * GIB // 4)),
            (8_192, 348_032, 80 * GIB, 95 * GIB, (False, 20 * GIB)),
            (8_192, 1_310_720, 80 * GIB, 95 * GIB, (True, 20 * GIB)),
            (8_192, 348_032, 0, 95 * GIB, (True, 1)),
        ],
    )
    def test_mqa_logits_budget_boundaries(num_q, num_k, free_mem, total_mem, expected):
        with mock.patch("torch.cuda.mem_get_info") as mem_get_info:
            if free_mem is not None:
                mem_get_info.return_value = (free_mem, total_mem)
            result = _indexer()._should_chunk_mqa_logits(
                num_q, num_k, torch.device("cuda")
            )
>       assert result == expected
E       assert (True, 85899345920) == (True, 21474836480)
E         
E         At index 1 diff: 85899345920 != 21474836480
E         Use -v to get more diff

../review-evidence-j-31dcc661abc9/test_candidate_regression.py:49: AssertionError
___ test_mqa_logits_budget_boundaries[8192-348032-0-102005473280-expected4] ____

num_q = 8192, num_k = 348032, free_mem = 0, total_mem = 102005473280
expected = (True, 1)

    @pytest.mark.parametrize(
        "num_q,num_k,free_mem,total_mem,expected",
        [
            (1_000, 1_000, None, None, (False, 0)),
            (8_192, 348_032, 14 * GIB, 95 * GIB, (True, 14 * GIB // 4)),
            (8_192, 348_032, 80 * GIB, 95 * GIB, (False, 20 * GIB)),
            (8_192, 1_310_720, 80 * GIB, 95 * GIB, (True, 20 * GIB)),
            (8_192, 348_032, 0, 95 * GIB, (True, 1)),
        ],
    )
    def test_mqa_logits_budget_boundaries(num_q, num_k, free_mem, total_mem, expected):
        with mock.patch("torch.cuda.mem_get_info") as mem_get_info:
            if free_mem is not None:
                mem_get_info.return_value = (free_mem, total_mem)
            result = _indexer()._should_chunk_mqa_logits(
                num_q, num_k, torch.device("cuda")
            )
>       assert result == expected
E       assert (True, 0) == (True, 1)
E         
E         At index 1 diff: 0 != 1
E         Use -v to get more diff

../review-evidence-j-31dcc661abc9/test_candidate_regression.py:49: AssertionError
______________ test_kpool_plan_chunks_rows_and_preserves_results _______________

    @pytest.mark.skipif(not torch.cuda.is_available(), reason="requires one GPU")
    def test_kpool_plan_chunks_rows_and_preserves_results():
        device = torch.device("cuda")
        n_real, total_q, total_k, head_dim = 5, 7, 12, 8
        starts = torch.tensor([0, 0, 6, 6, 6], dtype=torch.int32, device=device)
        ends = torch.tensor([5, 6, 9, 11, 12], dtype=torch.int32, device=device)
        pool_lens = ends - starts
        plan = SimpleNamespace(
            seq_lens_expanded=pool_lens * 4,
            pooled_seq_lens_expanded=pool_lens,
            ragged_q_ks=starts,
            ragged_q_ke=ends,
            ragged_total_k_rows=total_k,
            ragged_k_u8=torch.zeros((total_k, head_dim), dtype=torch.uint8, device=device),
            ragged_k_scale=torch.ones(total_k, dtype=torch.float32, device=device),
            ragged_concat_page_table=torch.zeros(1, dtype=torch.int32, device=device),
            ragged_paged_page_table=None,
            ragged_paged_page_table_row_index=None,
        )
        metadata = SimpleNamespace(
            attn_metadata=SimpleNamespace(
                kpool_extend_plan=plan, topk_indices_offset=None
            ),
            topk_transform_method=TopkTransformMethod.RAGGED,
        )
        q = torch.zeros(
            (total_q, 1, head_dim), dtype=torch.float8_e4m3fn, device=device
        )
        weights = torch.ones((total_q, 1, 1), dtype=torch.float32, device=device)
    
        def fake_logits(q_chunk, kv, weights_chunk, ks, ke, clean_logits):
            cols = torch.arange(total_k, dtype=torch.float32, device=device)
            return ke.float().unsqueeze(1) * 100 + cols.unsqueeze(0)
    
        def fake_topk(logits, pool_lens_chunk, **kwargs):
            rows = torch.arange(logits.shape[0], device=device)
            return torch.stack((rows, pool_lens_chunk.to(torch.int64)), dim=1).to(
                torch.int32
            )
    
        def run(chunk_rows):
            indexer = _indexer()
            budget = chunk_rows * total_k * 4
            with (
                mock.patch.object(
                    IndexerKPool,
                    "_should_chunk_mqa_logits",
                    return_value=(chunk_rows < n_real, budget),
                ),
                mock.patch.object(IndexerKPool, "_get_index_k_read_buffer"),
                mock.patch.object(
                    IndexerKPool, "_topk_from_kpool_logits", side_effect=fake_topk
                ),
                mock.patch(
                    "sglang.srt.layers.attention.dsa.dsa_indexer_kpool.get_token_to_kv_pool"
                ),
                mock.patch(
                    "sglang.srt.layers.attention.dsa.kpool_fp8_index."
                    "gather_index_k_scale_prefix_into"
                ),
                mock.patch(
                    "sglang.srt.layers.attention.dsa.dsa_indexer_kpool.deep_gemm",
                    SimpleNamespace(fp8_mqa_logits=mock.Mock(side_effect=fake_logits)),
                    create=True,
                ) as deep_gemm,
                envs.SGLANG_DSA_FUSE_TOPK.override(False),
            ):
                result = indexer._get_topk_ragged_kpool_plan(
                    mock.Mock(), 0, q, weights, metadata
                )
            return result, deep_gemm.fp8_mqa_logits.call_count
    
        dense, dense_calls = run(n_real)
        chunked, chunked_calls = run(2)
        assert dense_calls == 1
>       assert chunked_calls == 3
E       assert 1 == 3

../review-evidence-j-31dcc661abc9/test_candidate_regression.py:128: AssertionError
=============================== warnings summary ===============================
../../opt/venv/lib/python3.12/site-packages/torch/jit/_script.py:365: 14 warnings
  /opt/venv/lib/python3.12/site-packages/torch/jit/_script.py:365: DeprecationWarning: `torch.jit.script_method` is deprecated. Please switch to `torch.compile` or `torch.export`.
    warnings.warn(

../../opt/venv/lib/python3.12/site-packages/Cython/Distutils/old_build_ext.py:15
../../opt/venv/lib/python3.12/site-packages/Cython/Distutils/old_build_ext.py:15
  /opt/venv/lib/python3.12/site-packages/Cython/Distutils/old_build_ext.py:15: DeprecationWarning: dep_util is Deprecated. Use functions from setuptools instead.
    from distutils.dep_util import newer, newer_group

<frozen abc>:106
  <frozen abc>:106: DeprecationWarning: MultiPlatformOp is deprecated; subclass sglang.kernels.fused_op.BaseFusedOp instead (RFC #29630).

-- Docs: https://docs.pytest.org/en/stable/how-to/capture-warnings.html
=========================== short test summary info ============================
FAILED ../review-evidence-j-31dcc661abc9/test_candidate_regression.py::test_mqa_logits_budget_boundaries[8192-348032-15032385536-102005473280-expected1]
FAILED ../review-evidence-j-31dcc661abc9/test_candidate_regression.py::test_mqa_logits_budget_boundaries[8192-348032-85899345920-102005473280-expected2]
FAILED ../review-evidence-j-31dcc661abc9/test_candidate_regression.py::test_mqa_logits_budget_boundaries[8192-1310720-85899345920-102005473280-expected3]
FAILED ../review-evidence-j-31dcc661abc9/test_candidate_regression.py::test_mqa_logits_budget_boundaries[8192-348032-0-102005473280-expected4]
FAILED ../review-evidence-j-31dcc661abc9/test_candidate_regression.py::test_kpool_plan_chunks_rows_and_preserves_results
5 failed, 1 passed, 17 warnings in 27.60s
