[aiter] WARNING: NUMA balancing is enabled, which may cause errors. It is recommended to disable NUMA balancing by running "sudo sh -c 'echo 0 > /proc/sys/kernel/numa_balancing'" for more details: https://rocm.docs.amd.com/en/latest/how-to/system-optimization/mi300x.html#disable-numa-auto-balancing
[aiter] import [module_aiter_core] under /tmp/amdpilot-repo-j-d9b8eed965f8/cache/aiter/module_aiter_core.so
test_batched_cache_namespace_lengths_must_match_prompts (__main__.ServingCompletionTestCase.test_batched_cache_namespace_lengths_must_match_prompts) ... ok
test_batched_cache_namespaces_are_normalized_per_prompt (__main__.ServingCompletionTestCase.test_batched_cache_namespaces_are_normalized_per_prompt) ... ok
test_cache_salt_and_extra_key_remain_distinct (__main__.ServingCompletionTestCase.test_cache_salt_and_extra_key_remain_distinct) ... ok
test_echo_with_list_of_strings_streaming (__main__.ServingCompletionTestCase.test_echo_with_list_of_strings_streaming) ... ok
test_echo_with_multiple_token_ids_streaming (__main__.ServingCompletionTestCase.test_echo_with_multiple_token_ids_streaming) ... ok
test_echo_with_token_ids_streaming (__main__.ServingCompletionTestCase.test_echo_with_token_ids_streaming) ... ok
test_non_streaming_cached_tokens_details_emits_sglext (__main__.ServingCompletionTestCase.test_non_streaming_cached_tokens_details_emits_sglext)
Test that non-streaming completion responses emit cached token details in sglext. ... ok
test_non_streaming_response (__main__.ServingCompletionTestCase.test_non_streaming_response) ... ok
test_parallel_sampling_returns_spec_details_per_choice (__main__.ServingCompletionTestCase.test_parallel_sampling_returns_spec_details_per_choice) ... ok
test_prepare_echo_prompts_non_streaming (__main__.ServingCompletionTestCase.test_prepare_echo_prompts_non_streaming) ... ok
test_response_format_json_object (__main__.ServingCompletionTestCase.test_response_format_json_object)
Test that response_format json_object is correctly processed in sampling params. ... ok
test_response_format_json_schema (__main__.ServingCompletionTestCase.test_response_format_json_schema)
Test that response_format json_schema is correctly processed in sampling params. ... ok
test_response_format_json_schema_missing_schema (__main__.ServingCompletionTestCase.test_response_format_json_schema_missing_schema)
Test that json_schema response_format without a schema raises a ValueError. ... ok
test_response_format_none (__main__.ServingCompletionTestCase.test_response_format_none)
Test that no response_format doesn't add extra constraints. ... ok
test_response_format_structural_tag (__main__.ServingCompletionTestCase.test_response_format_structural_tag)
Test that response_format structural_tag is correctly processed in sampling params. ... ok
test_scalar_cache_namespaces_are_broadcast_for_batched_prompts (__main__.ServingCompletionTestCase.test_scalar_cache_namespaces_are_broadcast_for_batched_prompts) ... ok
test_single_request_rejects_batched_cache_salt (__main__.ServingCompletionTestCase.test_single_request_rejects_batched_cache_salt) ... ok
test_single_token_ids_prompt (__main__.ServingCompletionTestCase.test_single_token_ids_prompt) ... ok
test_streaming_abort_yields_error (__main__.ServingCompletionTestCase.test_streaming_abort_yields_error)
Test that an abort finish reason during streaming correctly yields an error and stops. ... ok
test_streaming_cached_tokens_details_emits_sglext (__main__.ServingCompletionTestCase.test_streaming_cached_tokens_details_emits_sglext)
Test that streaming completion responses emit cached token details in sglext. ... ok
test_streaming_parallel_sampling_orders_spec_details_by_choice (__main__.ServingCompletionTestCase.test_streaming_parallel_sampling_orders_spec_details_by_choice) ... ok
test_streaming_token_ids_deltas_cover_output_exactly (__main__.ServingCompletionTestCase.test_streaming_token_ids_deltas_cover_output_exactly) ... ok

----------------------------------------------------------------------
Ran 22 tests in 0.042s

OK
