/job/repo/python/sglang/launch_server.py:63: UserWarning: 'python -m sglang.launch_server' is still supported, but 'sglang serve' is the recommended entrypoint.
  Example: sglang serve --model-path <model> [options]
  warnings.warn(
[1;33m'--disable-cuda-graph' is deprecated and will be removed in a future release. Use '--cuda-graph-backend-{decode,prefill}=disabled' instead.[0m
[aiter] WARNING: NUMA balancing is enabled, which may cause errors. It is recommended to disable NUMA balancing by running "sudo sh -c 'echo 0 > /proc/sys/kernel/numa_balancing'" for more details: https://rocm.docs.amd.com/en/latest/how-to/system-optimization/mi300x.html#disable-numa-auto-balancing
[aiter] import [module_aiter_core] under /tmp/amdpilot-repo-j-d48ad7a0df84/cache/aiter/module_aiter_core.so
[2026-09-12 07:53:05] Max running requests is reset to 48 for speculative decoding. You can override this by explicitly setting --max-running-requests.
[2026-09-12 07:53:05] kill_process_tree called: parent_pid=4989, include_parent=False, pid=4989
Traceback (most recent call last):
  File "<frozen runpy>", line 198, in _run_module_as_main
  File "<frozen runpy>", line 88, in _run_code
  File "/job/repo/python/sglang/launch_server.py", line 76, in <module>
    run_server(server_args)
  File "/job/repo/python/sglang/launch_server.py", line 21, in run_server
    server_args.resolve_once()
  File "/job/repo/python/sglang/srt/server_args.py", line 281, in resolve_once
    run_resolution_pipeline(self)
  File "/job/repo/python/sglang/srt/arg_groups/pipeline.py", line 318, in run_resolution_pipeline
    handle_speculative_decoding(server_args)
  File "/job/repo/python/sglang/srt/arg_groups/speculative_hook.py", line 196, in handle_speculative_decoding
    algo.handle_server_args(server_args)
  File "/job/repo/python/sglang/srt/speculative/spec_info.py", line 248, in handle_server_args
    _handle_eagle_family(server_args)
  File "/job/repo/python/sglang/srt/arg_groups/speculative_hook.py", line 862, in _handle_eagle_family
    raise ValueError(
ValueError: --enable-multi-layer-eagle is not supported for LlamaForCausalLM. Multi-layer EAGLE requires a checkpoint with embedded MTP draft layers; use a separate EAGLE draft model without --enable-multi-layer-eagle instead.
