[aiter] WARNING: NUMA balancing is enabled, which may cause errors. It is recommended to disable NUMA balancing by running "sudo sh -c 'echo 0 > /proc/sys/kernel/numa_balancing'" for more details: https://rocm.docs.amd.com/en/latest/how-to/system-optimization/mi300x.html#disable-numa-auto-balancing
[aiter] import [module_aiter_core] under /tmp/amdpilot-repo-j-d1ae0f9a0a4c/cache/aiter/module_aiter_core.so
[CI Test Method] TestRetractionReplaySSMState.test_cpu_retraction_preserves_committed_recurrence
FFF
======================================================================
FAIL: test_cpu_retraction_preserves_committed_recurrence (__main__.TestRetractionReplaySSMState.test_cpu_retraction_preserves_committed_recurrence) (carries_mamba=True, dtype=torch.bfloat16, pending=1, base=15)
----------------------------------------------------------------------
Traceback (most recent call last):
  File "/job/review_evidence/adversarial_dtype_aware_test.py", line 164, in test_cpu_retraction_preserves_committed_recurrence
    torch.testing.assert_close(
  File "/opt/venv/lib/python3.12/site-packages/torch/testing/_comparison.py", line 1600, in assert_close
    raise error_metas[0].to_error(msg)
AssertionError: Tensor-likes are not close!

Mismatched elements: 1 / 131072 (0.0%)
Greatest absolute difference: 0.00048828125 at index (1, 3, 64, 76) (up to 1e-05 allowed)
Greatest relative difference: 0.00592041015625 at index (1, 3, 64, 76) (up to 0.0001 allowed)

======================================================================
FAIL: test_cpu_retraction_preserves_committed_recurrence (__main__.TestRetractionReplaySSMState.test_cpu_retraction_preserves_committed_recurrence) (carries_mamba=False, dtype=torch.bfloat16, pending=7, base=13)
----------------------------------------------------------------------
Traceback (most recent call last):
  File "/job/review_evidence/adversarial_dtype_aware_test.py", line 164, in test_cpu_retraction_preserves_committed_recurrence
    torch.testing.assert_close(
  File "/opt/venv/lib/python3.12/site-packages/torch/testing/_comparison.py", line 1600, in assert_close
    raise error_metas[0].to_error(msg)
AssertionError: Tensor-likes are not close!

Mismatched elements: 26 / 131072 (0.0%)
Greatest absolute difference: 0.00048828125 at index (0, 1, 47, 23) (up to 1e-05 allowed)
Greatest relative difference: 0.0076904296875 at index (0, 0, 15, 89) (up to 0.0001 allowed)

======================================================================
FAIL: test_cpu_retraction_preserves_committed_recurrence (__main__.TestRetractionReplaySSMState.test_cpu_retraction_preserves_committed_recurrence) (carries_mamba=True, dtype=torch.bfloat16, pending=16, base=5)
----------------------------------------------------------------------
Traceback (most recent call last):
  File "/job/review_evidence/adversarial_dtype_aware_test.py", line 164, in test_cpu_retraction_preserves_committed_recurrence
    torch.testing.assert_close(
  File "/opt/venv/lib/python3.12/site-packages/torch/testing/_comparison.py", line 1600, in assert_close
    raise error_metas[0].to_error(msg)
AssertionError: Tensor-likes are not close!

Mismatched elements: 55 / 131072 (0.0%)
Greatest absolute difference: 0.000244140625 at index (0, 1, 126, 122) (up to 1e-05 allowed)
Greatest relative difference: 0.00775146484375 at index (0, 2, 20, 100) (up to 0.0001 allowed)

----------------------------------------------------------------------
Ran 1 test in 12.686s

FAILED (failures=3)
