[aiter] WARNING: NUMA balancing is enabled, which may cause errors. It is recommended to disable NUMA balancing by running "sudo sh -c 'echo 0 > /proc/sys/kernel/numa_balancing'" for more details: https://rocm.docs.amd.com/en/latest/how-to/system-optimization/mi300x.html#disable-numa-auto-balancing
[aiter] import [module_aiter_core] under /tmp/amdpilot-repo-j-d1ae0f9a0a4c/cache/aiter/module_aiter_core.so
[CI Test Method] TestRetractionReplaySSMState.test_cpu_retraction_preserves_committed_recurrence
FFF
======================================================================
FAIL: test_cpu_retraction_preserves_committed_recurrence (__main__.TestRetractionReplaySSMState.test_cpu_retraction_preserves_committed_recurrence) (carries_mamba=True, dtype=torch.bfloat16, pending=1, base=15)
----------------------------------------------------------------------
Traceback (most recent call last):
  File "/job/review_evidence/adversarial_test.py", line 164, in test_cpu_retraction_preserves_committed_recurrence
    torch.testing.assert_close(
  File "/opt/venv/lib/python3.12/site-packages/torch/testing/_comparison.py", line 1600, in assert_close
    raise error_metas[0].to_error(msg)
AssertionError: Tensor-likes are not close!

Mismatched elements: 108568 / 131072 (82.8%)
Greatest absolute difference: 0.0009763290329374286 at index (0, 1, 102, 41) (up to 1e-05 allowed)
Greatest relative difference: 0.0038866779011115593 at index (0, 2, 93, 100) (up to 0.0001 allowed)

======================================================================
FAIL: test_cpu_retraction_preserves_committed_recurrence (__main__.TestRetractionReplaySSMState.test_cpu_retraction_preserves_committed_recurrence) (carries_mamba=False, dtype=torch.bfloat16, pending=7, base=13)
----------------------------------------------------------------------
Traceback (most recent call last):
  File "/job/review_evidence/adversarial_test.py", line 164, in test_cpu_retraction_preserves_committed_recurrence
    torch.testing.assert_close(
  File "/opt/venv/lib/python3.12/site-packages/torch/testing/_comparison.py", line 1600, in assert_close
    raise error_metas[0].to_error(msg)
AssertionError: Tensor-likes are not close!

Mismatched elements: 99689 / 131072 (76.1%)
Greatest absolute difference: 0.0004879255046019715 at index (0, 2, 71, 52) (up to 1e-05 allowed)
Greatest relative difference: 0.003887943488877222 at index (1, 2, 67, 80) (up to 0.0001 allowed)

======================================================================
FAIL: test_cpu_retraction_preserves_committed_recurrence (__main__.TestRetractionReplaySSMState.test_cpu_retraction_preserves_committed_recurrence) (carries_mamba=True, dtype=torch.bfloat16, pending=16, base=5)
----------------------------------------------------------------------
Traceback (most recent call last):
  File "/job/review_evidence/adversarial_test.py", line 164, in test_cpu_retraction_preserves_committed_recurrence
    torch.testing.assert_close(
  File "/opt/venv/lib/python3.12/site-packages/torch/testing/_comparison.py", line 1600, in assert_close
    raise error_metas[0].to_error(msg)
AssertionError: Tensor-likes are not close!

Mismatched elements: 85060 / 131072 (64.9%)
Greatest absolute difference: 0.00046951363086289444 at index (1, 1, 88, 74) (up to 1e-05 allowed)
Greatest relative difference: 0.0038934838551123317 at index (0, 2, 20, 100) (up to 0.0001 allowed)

----------------------------------------------------------------------
Ran 1 test in 14.719s

FAILED (failures=3)
