   Compiling sgl-router v0.1.0 (/job/repo/experimental/sgl-router)
    Finished `test` profile [unoptimized + debuginfo] target(s) in 11.93s
     Running unittests src/lib.rs (/tmp/amdpilot-repo-j-d45c5e2aaaed/cargo-target/debug/deps/sgl_router-7e8b16461a7b905c)

running 15 tests
test policies::registry::tests::unknown_model_returns_no_healthy_workers ... ok
test policies::registry::tests::plain_mode_returns_all_plain_workers ... ok
test policies::registry::tests::pd_mode_all_breakers_open_keeps_per_pool_codes ... ok
test policies::registry::tests::decoder_with_affinity_errors_when_all_breakers_open ... ok
test policies::registry::tests::decoder_falls_back_when_no_same_host_peer ... ok
test policies::registry::tests::distinct_models_isolated_across_pd_and_plain ... ok
test policies::registry::tests::plain_mode_prefill_candidates_returns_plain_pool ... ok
test policies::registry::tests::pd_mode_with_no_prefill_errors_on_prefill_dispatch ... ok
test policies::registry::tests::pd_mode_returns_distinct_pools ... ok
test policies::registry::tests::decoder_with_affinity_returns_error_when_pool_empty ... ok
test policies::registry::tests::pd_mode_with_no_decode_errors_on_decode_dispatch ... ok
test policies::registry::tests::decoder_handles_malformed_prefill_url_via_min_load_fallback ... ok
test policies::registry::tests::decoder_picks_same_host_when_available ... ok
test policies::registry::tests::decoder_falls_back_when_affinity_peer_breaker_open ... ok
test policies::registry::tests::decoder_falls_back_when_affinity_peer_load_imbalance ... ok

test result: ok. 15 passed; 0 failed; 0 ignored; 0 measured; 530 filtered out; finished in 0.00s

