FF..F                                                             [100%]
=================================== FAILURES ===================================
_ TestHybridVerifyGroupPadding.test_dp_max_len_pads_active_and_idle_ranks_to_same_group_boundary _

self = <test_hybrid_verify_group_padding.TestHybridVerifyGroupPadding testMethod=test_dp_max_len_pads_active_and_idle_ranks_to_same_group_boundary>

    def test_dp_max_len_pads_active_and_idle_ranks_to_same_group_boundary(self):
        global_tokens = [33 * 6, 0]
        active = _batch(batch_size=33, spec=_spec(), global_num_tokens=global_tokens)
        idle = _batch(
            mode=ForwardMode.IDLE,
            batch_size=0,
            spec=_spec(),
            global_num_tokens=global_tokens,
        )
    
        active_dp = _prepare(active, _model_runner(), attn_dp_rank=0, attn_dp_size=2)
        idle_dp = _prepare(idle, _model_runner(), attn_dp_rank=1, attn_dp_size=2)
    
        self.assertEqual(active.dp_padding_mode, DpPaddingMode.MAX_LEN)
        self.assertEqual(idle.dp_padding_mode, DpPaddingMode.MAX_LEN)
>       self.assertEqual(active.global_num_tokens_cpu, [216, 216])
E       AssertionError: Lists differ: [200, 200] != [216, 216]
E       
E       First differing element 0:
E       200
E       216
E       
E       - [200, 200]
E       + [216, 216]

/tmp/amdpilot-repo-j-533a411ed246/review-evidence/test_hybrid_verify_group_padding.py:199: AssertionError

During handling of the above exception, another exception occurred:
python/sglang/test/test_utils.py:2194: in _callTestMethod
    retry(
_ _ _ _ _ _ _ _ _ _ _ _ _ _ _ _ _ _ _ _ _ _ _ _ _ _ _ _ _ _ _ _ _ _ _ _ _ _ _ _ 

fn = <function CustomTestCase._callTestMethod.<locals>.<lambda> at 0x7c3635931b20>
max_retry = 0, initial_delay = 2.0, max_delay = 60.0
should_retry = <function <lambda> at 0x7c3f194f1760>

    def retry(
        fn,
        max_retry: int,
        initial_delay: float = 2.0,
        max_delay: float = 60.0,
        should_retry: Callable[[Any], bool] = lambda e: True,
    ):
        for try_index in itertools.count():
            try:
                return fn()
            except SkipTest:
                # Do NOT retry skipped tests - used in CI and unittest
                raise
            except _ShouldStop:
                # `unittest.case._ShouldStop` is raised by `subTest.__exit__`
                # when a subtest fails/skips and `result.failfast` is True
                # (CI invokes `python3 file.py -f`). It signals the outer
                # `testPartExecutor` to stop the test method cleanly; do
                # NOT retry, just propagate so unittest handles it.
                raise
            except Exception as e:
                traceback.print_exc()
    
                if try_index >= max_retry:
>                   raise Exception(f"retry() exceed maximum number of retries.")
E                   Exception: retry() exceed maximum number of retries.

python/sglang/srt/utils/common.py:3529: Exception
----------------------------- Captured stdout call -----------------------------
[CI Test Method] TestHybridVerifyGroupPadding.test_dp_max_len_pads_active_and_idle_ranks_to_same_group_boundary
----------------------------- Captured stderr call -----------------------------
Traceback (most recent call last):
  File "/job/repo/python/sglang/srt/utils/common.py", line 3514, in retry
    return fn()
           ^^^^
  File "/job/repo/python/sglang/test/test_utils.py", line 2195, in <lambda>
    lambda: super(CustomTestCase, self)._callTestMethod(method),
            ^^^^^^^^^^^^^^^^^^^^^^^^^^^^^^^^^^^^^^^^^^^^^^^^^^^
  File "/usr/lib/python3.12/unittest/case.py", line 589, in _callTestMethod
    if method() is not None:
       ^^^^^^^^
  File "/tmp/amdpilot-repo-j-533a411ed246/review-evidence/test_hybrid_verify_group_padding.py", line 199, in test_dp_max_len_pads_active_and_idle_ranks_to_same_group_boundary
    self.assertEqual(active.global_num_tokens_cpu, [216, 216])
  File "/usr/lib/python3.12/unittest/case.py", line 885, in assertEqual
    assertion_func(first, second, msg=msg)
  File "/usr/lib/python3.12/unittest/case.py", line 1091, in assertListEqual
    self.assertSequenceEqual(list1, list2, msg, seq_type=list)
  File "/usr/lib/python3.12/unittest/case.py", line 1073, in assertSequenceEqual
    self.fail(msg)
  File "/usr/lib/python3.12/unittest/case.py", line 715, in fail
    raise self.failureException(msg)
AssertionError: Lists differ: [200, 200] != [216, 216]

First differing element 0:
200
216

- [200, 200]
+ [216, 216]
_ TestHybridVerifyGroupPadding.test_dp_sum_len_preserves_rank_local_group_boundaries _

self = <test_hybrid_verify_group_padding.TestHybridVerifyGroupPadding testMethod=test_dp_sum_len_preserves_rank_local_group_boundaries>

    def test_dp_sum_len_preserves_rank_local_group_boundaries(self):
        global_tokens = [1 * 6, 33 * 6, 0]
        active = _batch(
            batch_size=33,
            spec=_spec(),
            global_num_tokens=global_tokens,
        )
        idle = _batch(
            mode=ForwardMode.IDLE,
            batch_size=0,
            spec=_spec(),
            global_num_tokens=global_tokens,
        )
    
        active_dp = _prepare(active, _model_runner(), attn_dp_rank=1, attn_dp_size=3)
        idle_dp = _prepare(idle, _model_runner(), attn_dp_rank=2, attn_dp_size=3)
    
        self.assertEqual(active.dp_padding_mode, DpPaddingMode.SUM_LEN)
        self.assertEqual(idle.dp_padding_mode, DpPaddingMode.SUM_LEN)
>       self.assertEqual(active.global_num_tokens_cpu, [24, 216, 0])
E       AssertionError: Lists differ: [8, 200, 0] != [24, 216, 0]
E       
E       First differing element 0:
E       8
E       24
E       
E       - [8, 200, 0]
E       + [24, 216, 0]

/tmp/amdpilot-repo-j-533a411ed246/review-evidence/test_hybrid_verify_group_padding.py:230: AssertionError

During handling of the above exception, another exception occurred:
python/sglang/test/test_utils.py:2194: in _callTestMethod
    retry(
_ _ _ _ _ _ _ _ _ _ _ _ _ _ _ _ _ _ _ _ _ _ _ _ _ _ _ _ _ _ _ _ _ _ _ _ _ _ _ _ 

fn = <function CustomTestCase._callTestMethod.<locals>.<lambda> at 0x7c3633ef25c0>
max_retry = 0, initial_delay = 2.0, max_delay = 60.0
should_retry = <function <lambda> at 0x7c3f194f1760>

    def retry(
        fn,
        max_retry: int,
        initial_delay: float = 2.0,
        max_delay: float = 60.0,
        should_retry: Callable[[Any], bool] = lambda e: True,
    ):
        for try_index in itertools.count():
            try:
                return fn()
            except SkipTest:
                # Do NOT retry skipped tests - used in CI and unittest
                raise
            except _ShouldStop:
                # `unittest.case._ShouldStop` is raised by `subTest.__exit__`
                # when a subtest fails/skips and `result.failfast` is True
                # (CI invokes `python3 file.py -f`). It signals the outer
                # `testPartExecutor` to stop the test method cleanly; do
                # NOT retry, just propagate so unittest handles it.
                raise
            except Exception as e:
                traceback.print_exc()
    
                if try_index >= max_retry:
>                   raise Exception(f"retry() exceed maximum number of retries.")
E                   Exception: retry() exceed maximum number of retries.

python/sglang/srt/utils/common.py:3529: Exception
----------------------------- Captured stdout call -----------------------------
[CI Test Method] TestHybridVerifyGroupPadding.test_dp_sum_len_preserves_rank_local_group_boundaries
----------------------------- Captured stderr call -----------------------------
Traceback (most recent call last):
  File "/job/repo/python/sglang/srt/utils/common.py", line 3514, in retry
    return fn()
           ^^^^
  File "/job/repo/python/sglang/test/test_utils.py", line 2195, in <lambda>
    lambda: super(CustomTestCase, self)._callTestMethod(method),
            ^^^^^^^^^^^^^^^^^^^^^^^^^^^^^^^^^^^^^^^^^^^^^^^^^^^
  File "/usr/lib/python3.12/unittest/case.py", line 589, in _callTestMethod
    if method() is not None:
       ^^^^^^^^
  File "/tmp/amdpilot-repo-j-533a411ed246/review-evidence/test_hybrid_verify_group_padding.py", line 230, in test_dp_sum_len_preserves_rank_local_group_boundaries
    self.assertEqual(active.global_num_tokens_cpu, [24, 216, 0])
  File "/usr/lib/python3.12/unittest/case.py", line 885, in assertEqual
    assertion_func(first, second, msg=msg)
  File "/usr/lib/python3.12/unittest/case.py", line 1091, in assertListEqual
    self.assertSequenceEqual(list1, list2, msg, seq_type=list)
  File "/usr/lib/python3.12/unittest/case.py", line 1073, in assertSequenceEqual
    self.fail(msg)
  File "/usr/lib/python3.12/unittest/case.py", line 715, in fail
    raise self.failureException(msg)
AssertionError: Lists differ: [8, 200, 0] != [24, 216, 0]

First differing element 0:
8
24

- [8, 200, 0]
+ [24, 216, 0]
_ TestHybridVerifyGroupPadding.test_hybrid_target_verify_aligns_to_complete_request_groups (batch_size=33) _

self = <test_hybrid_verify_group_padding.TestHybridVerifyGroupPadding testMethod=test_hybrid_target_verify_aligns_to_complete_request_groups>

    def test_hybrid_target_verify_aligns_to_complete_request_groups(self):
        for batch_size, expected_tokens, expected_bs in [
            (33, 216, 36),
            (36, 216, 36),
            (38, 240, 40),
            (39, 240, 40),
        ]:
            with self.subTest(batch_size=batch_size):
                fb = _batch(batch_size=batch_size, spec=_spec())
    
                dp_buffer = _prepare(fb, _model_runner())
    
>               self.assertEqual(fb.global_num_tokens_cpu, [expected_tokens])
E               AssertionError: Lists differ: [200] != [216]
E               
E               First differing element 0:
E               200
E               216
E               
E               - [200]
E               + [216]

/tmp/amdpilot-repo-j-533a411ed246/review-evidence/test_hybrid_verify_group_padding.py:150: AssertionError
_ TestHybridVerifyGroupPadding.test_hybrid_target_verify_aligns_to_complete_request_groups (batch_size=38) _

self = <test_hybrid_verify_group_padding.TestHybridVerifyGroupPadding testMethod=test_hybrid_target_verify_aligns_to_complete_request_groups>

    def test_hybrid_target_verify_aligns_to_complete_request_groups(self):
        for batch_size, expected_tokens, expected_bs in [
            (33, 216, 36),
            (36, 216, 36),
            (38, 240, 40),
            (39, 240, 40),
        ]:
            with self.subTest(batch_size=batch_size):
                fb = _batch(batch_size=batch_size, spec=_spec())
    
                dp_buffer = _prepare(fb, _model_runner())
    
>               self.assertEqual(fb.global_num_tokens_cpu, [expected_tokens])
E               AssertionError: Lists differ: [232] != [240]
E               
E               First differing element 0:
E               232
E               240
E               
E               - [232]
E               + [240]

/tmp/amdpilot-repo-j-533a411ed246/review-evidence/test_hybrid_verify_group_padding.py:150: AssertionError
_ TestHybridVerifyGroupPadding.test_target_verify_post_forward_restores_known_output_domain _

self = <test_hybrid_verify_group_padding.TestHybridVerifyGroupPadding testMethod=test_target_verify_post_forward_restores_known_output_domain>

    def test_target_verify_post_forward_restores_known_output_domain(self):
        fb = _batch(batch_size=38, spec=_spec())
        _prepare(fb, _model_runner())
        logits_output = SimpleNamespace(
            next_token_logits=torch.randn(240, 16),
            hidden_states=torch.randn(240, 4),
        )
    
        fb.post_forward_mlp_sync_batch(logits_output)
    
        self.assertEqual(fb.batch_size, 38)
        self.assertEqual(logits_output.next_token_logits.shape[0], 228)
        self.assertEqual(logits_output.hidden_states.shape[0], 228)
        # Target-verify callers consume the sliced outputs above. The prepared
        # input metadata remains padded today; keep that as an explicit
        # diagnostic rather than a required contract without a caller proving it.
>       self.assertEqual(fb.positions.shape[0], 240)
E       AssertionError: 232 != 240

/tmp/amdpilot-repo-j-533a411ed246/review-evidence/test_hybrid_verify_group_padding.py:179: AssertionError

During handling of the above exception, another exception occurred:
python/sglang/test/test_utils.py:2194: in _callTestMethod
    retry(
_ _ _ _ _ _ _ _ _ _ _ _ _ _ _ _ _ _ _ _ _ _ _ _ _ _ _ _ _ _ _ _ _ _ _ _ _ _ _ _ 

fn = <function CustomTestCase._callTestMethod.<locals>.<lambda> at 0x7c3633ef2700>
max_retry = 0, initial_delay = 2.0, max_delay = 60.0
should_retry = <function <lambda> at 0x7c3f194f1760>

    def retry(
        fn,
        max_retry: int,
        initial_delay: float = 2.0,
        max_delay: float = 60.0,
        should_retry: Callable[[Any], bool] = lambda e: True,
    ):
        for try_index in itertools.count():
            try:
                return fn()
            except SkipTest:
                # Do NOT retry skipped tests - used in CI and unittest
                raise
            except _ShouldStop:
                # `unittest.case._ShouldStop` is raised by `subTest.__exit__`
                # when a subtest fails/skips and `result.failfast` is True
                # (CI invokes `python3 file.py -f`). It signals the outer
                # `testPartExecutor` to stop the test method cleanly; do
                # NOT retry, just propagate so unittest handles it.
                raise
            except Exception as e:
                traceback.print_exc()
    
                if try_index >= max_retry:
>                   raise Exception(f"retry() exceed maximum number of retries.")
E                   Exception: retry() exceed maximum number of retries.

python/sglang/srt/utils/common.py:3529: Exception
----------------------------- Captured stdout call -----------------------------
[CI Test Method] TestHybridVerifyGroupPadding.test_target_verify_post_forward_restores_known_output_domain
----------------------------- Captured stderr call -----------------------------
Traceback (most recent call last):
  File "/job/repo/python/sglang/srt/utils/common.py", line 3514, in retry
    return fn()
           ^^^^
  File "/job/repo/python/sglang/test/test_utils.py", line 2195, in <lambda>
    lambda: super(CustomTestCase, self)._callTestMethod(method),
            ^^^^^^^^^^^^^^^^^^^^^^^^^^^^^^^^^^^^^^^^^^^^^^^^^^^
  File "/usr/lib/python3.12/unittest/case.py", line 589, in _callTestMethod
    if method() is not None:
       ^^^^^^^^
  File "/tmp/amdpilot-repo-j-533a411ed246/review-evidence/test_hybrid_verify_group_padding.py", line 179, in test_target_verify_post_forward_restores_known_output_domain
    self.assertEqual(fb.positions.shape[0], 240)
  File "/usr/lib/python3.12/unittest/case.py", line 885, in assertEqual
    assertion_func(first, second, msg=msg)
  File "/usr/lib/python3.12/unittest/case.py", line 878, in _baseAssertEqual
    raise self.failureException(msg)
AssertionError: 232 != 240
=============================== warnings summary ===============================
../../opt/venv/lib/python3.12/site-packages/torch/jit/_script.py:365: 14 warnings
  /opt/venv/lib/python3.12/site-packages/torch/jit/_script.py:365: DeprecationWarning: `torch.jit.script_method` is deprecated. Please switch to `torch.compile` or `torch.export`.
    warnings.warn(

../../opt/venv/lib/python3.12/site-packages/Cython/Distutils/old_build_ext.py:15
../../opt/venv/lib/python3.12/site-packages/Cython/Distutils/old_build_ext.py:15
  /opt/venv/lib/python3.12/site-packages/Cython/Distutils/old_build_ext.py:15: DeprecationWarning: dep_util is Deprecated. Use functions from setuptools instead.
    from distutils.dep_util import newer, newer_group

-- Docs: https://docs.pytest.org/en/stable/how-to/capture-warnings.html
=========================== short test summary info ============================
FAILED ../../tmp/amdpilot-repo-j-533a411ed246/review-evidence/test_hybrid_verify_group_padding.py::TestHybridVerifyGroupPadding::test_dp_max_len_pads_active_and_idle_ranks_to_same_group_boundary
FAILED ../../tmp/amdpilot-repo-j-533a411ed246/review-evidence/test_hybrid_verify_group_padding.py::TestHybridVerifyGroupPadding::test_dp_sum_len_preserves_rank_local_group_boundaries
SUBFAILED(batch_size=33) ../../tmp/amdpilot-repo-j-533a411ed246/review-evidence/test_hybrid_verify_group_padding.py::TestHybridVerifyGroupPadding::test_hybrid_target_verify_aligns_to_complete_request_groups
SUBFAILED(batch_size=38) ../../tmp/amdpilot-repo-j-533a411ed246/review-evidence/test_hybrid_verify_group_padding.py::TestHybridVerifyGroupPadding::test_hybrid_target_verify_aligns_to_complete_request_groups
FAILED ../../tmp/amdpilot-repo-j-533a411ed246/review-evidence/test_hybrid_verify_group_padding.py::TestHybridVerifyGroupPadding::test_target_verify_post_forward_restores_known_output_domain
5 failed, 2 passed, 16 warnings, 5 subtests passed in 20.44s
