FFFFFFFFFFFFFFFFF                                                        [100%]
=================================== FAILURES ===================================
____________ test_conv_dummy_output_is_initialized[False-dtype0-1] _____________

steps = 1, dtype = torch.float32, tree = False

    @pytest.mark.parametrize("steps", [1, 6])
    @pytest.mark.parametrize("dtype", [torch.float32, torch.bfloat16])
    @pytest.mark.parametrize("tree", [False, True])
    def test_conv_dummy_output_is_initialized(steps, dtype, tree):
        torch.manual_seed(17)
        x = torch.randn(2, steps, 65, device="cuda", dtype=dtype).transpose(1, 2)
        x[1].fill_(float("nan"))
        state = torch.randn(4, 3, 65, device="cuda", dtype=dtype).transpose(1, 2)
        before = state.clone()
        weight = torch.randn(65, 4, device="cuda", dtype=dtype)
        indices = torch.tensor([1, -1], device="cuda", dtype=torch.int32)
        intermediate_indices = torch.tensor([0], device="cuda", dtype=torch.int32)
        window = torch.full((2, steps, 3, 65), 73.0, device="cuda", dtype=dtype).transpose(
            2, 3
        )
        reference_window = window.clone()
        tree_kwargs = {}
        if tree:
            tree_kwargs = {
                "retrieve_next_token": torch.tensor(
                    [list(range(1, steps)) + [-1]], device="cuda", dtype=torch.int32
                ),
                "retrieve_next_sibling": torch.full(
                    (1, steps), -1, device="cuda", dtype=torch.int32
                ),
                "retrieve_parent_token": torch.empty(
                    (1, steps), device="cuda", dtype=torch.int32
                ),
            }
        reference_state = before.clone()
        reference = causal_conv1d_update(
            x[:1],
            reference_state,
            weight,
            activation="silu",
            conv_state_indices=indices[:1],
            intermediate_conv_window=reference_window,
            intermediate_state_indices=intermediate_indices,
            **tree_kwargs,
        )
        empty_like = torch.empty_like
    
        def poison_allocation(*args, **kwargs):
            return empty_like(*args, **kwargs).fill_(float("nan"))
    
        with patch("torch.empty_like", side_effect=poison_allocation):
            output = causal_conv1d_update(
                x,
                state,
                weight,
                activation="silu",
                conv_state_indices=indices,
                intermediate_conv_window=window,
                intermediate_state_indices=intermediate_indices,
                **tree_kwargs,
            )
        torch.testing.assert_close(output[:1], reference, atol=0, rtol=0)
>       torch.testing.assert_close(output[1], torch.zeros_like(output[1]), atol=0, rtol=0)
E       AssertionError: Tensor-likes are not equal!
E       
E       Mismatched elements: 65 / 65 (100.0%)
E       Greatest absolute difference: nan at index (0, 0)
E       Greatest relative difference: nan at index (0, 0)

/tmp/amdpilot-repo-j-533a411ed246/review-evidence/test_linear_verify_dummy_requests.py:78: AssertionError
____________ test_conv_dummy_output_is_initialized[False-dtype0-6] _____________

steps = 6, dtype = torch.float32, tree = False

    @pytest.mark.parametrize("steps", [1, 6])
    @pytest.mark.parametrize("dtype", [torch.float32, torch.bfloat16])
    @pytest.mark.parametrize("tree", [False, True])
    def test_conv_dummy_output_is_initialized(steps, dtype, tree):
        torch.manual_seed(17)
        x = torch.randn(2, steps, 65, device="cuda", dtype=dtype).transpose(1, 2)
        x[1].fill_(float("nan"))
        state = torch.randn(4, 3, 65, device="cuda", dtype=dtype).transpose(1, 2)
        before = state.clone()
        weight = torch.randn(65, 4, device="cuda", dtype=dtype)
        indices = torch.tensor([1, -1], device="cuda", dtype=torch.int32)
        intermediate_indices = torch.tensor([0], device="cuda", dtype=torch.int32)
        window = torch.full((2, steps, 3, 65), 73.0, device="cuda", dtype=dtype).transpose(
            2, 3
        )
        reference_window = window.clone()
        tree_kwargs = {}
        if tree:
            tree_kwargs = {
                "retrieve_next_token": torch.tensor(
                    [list(range(1, steps)) + [-1]], device="cuda", dtype=torch.int32
                ),
                "retrieve_next_sibling": torch.full(
                    (1, steps), -1, device="cuda", dtype=torch.int32
                ),
                "retrieve_parent_token": torch.empty(
                    (1, steps), device="cuda", dtype=torch.int32
                ),
            }
        reference_state = before.clone()
        reference = causal_conv1d_update(
            x[:1],
            reference_state,
            weight,
            activation="silu",
            conv_state_indices=indices[:1],
            intermediate_conv_window=reference_window,
            intermediate_state_indices=intermediate_indices,
            **tree_kwargs,
        )
        empty_like = torch.empty_like
    
        def poison_allocation(*args, **kwargs):
            return empty_like(*args, **kwargs).fill_(float("nan"))
    
        with patch("torch.empty_like", side_effect=poison_allocation):
            output = causal_conv1d_update(
                x,
                state,
                weight,
                activation="silu",
                conv_state_indices=indices,
                intermediate_conv_window=window,
                intermediate_state_indices=intermediate_indices,
                **tree_kwargs,
            )
        torch.testing.assert_close(output[:1], reference, atol=0, rtol=0)
>       torch.testing.assert_close(output[1], torch.zeros_like(output[1]), atol=0, rtol=0)
E       AssertionError: Tensor-likes are not equal!
E       
E       Mismatched elements: 390 / 390 (100.0%)
E       Greatest absolute difference: nan at index (0, 0)
E       Greatest relative difference: nan at index (0, 0)

/tmp/amdpilot-repo-j-533a411ed246/review-evidence/test_linear_verify_dummy_requests.py:78: AssertionError
____________ test_conv_dummy_output_is_initialized[False-dtype1-1] _____________

steps = 1, dtype = torch.bfloat16, tree = False

    @pytest.mark.parametrize("steps", [1, 6])
    @pytest.mark.parametrize("dtype", [torch.float32, torch.bfloat16])
    @pytest.mark.parametrize("tree", [False, True])
    def test_conv_dummy_output_is_initialized(steps, dtype, tree):
        torch.manual_seed(17)
        x = torch.randn(2, steps, 65, device="cuda", dtype=dtype).transpose(1, 2)
        x[1].fill_(float("nan"))
        state = torch.randn(4, 3, 65, device="cuda", dtype=dtype).transpose(1, 2)
        before = state.clone()
        weight = torch.randn(65, 4, device="cuda", dtype=dtype)
        indices = torch.tensor([1, -1], device="cuda", dtype=torch.int32)
        intermediate_indices = torch.tensor([0], device="cuda", dtype=torch.int32)
        window = torch.full((2, steps, 3, 65), 73.0, device="cuda", dtype=dtype).transpose(
            2, 3
        )
        reference_window = window.clone()
        tree_kwargs = {}
        if tree:
            tree_kwargs = {
                "retrieve_next_token": torch.tensor(
                    [list(range(1, steps)) + [-1]], device="cuda", dtype=torch.int32
                ),
                "retrieve_next_sibling": torch.full(
                    (1, steps), -1, device="cuda", dtype=torch.int32
                ),
                "retrieve_parent_token": torch.empty(
                    (1, steps), device="cuda", dtype=torch.int32
                ),
            }
        reference_state = before.clone()
        reference = causal_conv1d_update(
            x[:1],
            reference_state,
            weight,
            activation="silu",
            conv_state_indices=indices[:1],
            intermediate_conv_window=reference_window,
            intermediate_state_indices=intermediate_indices,
            **tree_kwargs,
        )
        empty_like = torch.empty_like
    
        def poison_allocation(*args, **kwargs):
            return empty_like(*args, **kwargs).fill_(float("nan"))
    
        with patch("torch.empty_like", side_effect=poison_allocation):
            output = causal_conv1d_update(
                x,
                state,
                weight,
                activation="silu",
                conv_state_indices=indices,
                intermediate_conv_window=window,
                intermediate_state_indices=intermediate_indices,
                **tree_kwargs,
            )
        torch.testing.assert_close(output[:1], reference, atol=0, rtol=0)
>       torch.testing.assert_close(output[1], torch.zeros_like(output[1]), atol=0, rtol=0)
E       AssertionError: Tensor-likes are not equal!
E       
E       Mismatched elements: 65 / 65 (100.0%)
E       Greatest absolute difference: nan at index (0, 0)
E       Greatest relative difference: nan at index (0, 0)

/tmp/amdpilot-repo-j-533a411ed246/review-evidence/test_linear_verify_dummy_requests.py:78: AssertionError
____________ test_conv_dummy_output_is_initialized[False-dtype1-6] _____________

steps = 6, dtype = torch.bfloat16, tree = False

    @pytest.mark.parametrize("steps", [1, 6])
    @pytest.mark.parametrize("dtype", [torch.float32, torch.bfloat16])
    @pytest.mark.parametrize("tree", [False, True])
    def test_conv_dummy_output_is_initialized(steps, dtype, tree):
        torch.manual_seed(17)
        x = torch.randn(2, steps, 65, device="cuda", dtype=dtype).transpose(1, 2)
        x[1].fill_(float("nan"))
        state = torch.randn(4, 3, 65, device="cuda", dtype=dtype).transpose(1, 2)
        before = state.clone()
        weight = torch.randn(65, 4, device="cuda", dtype=dtype)
        indices = torch.tensor([1, -1], device="cuda", dtype=torch.int32)
        intermediate_indices = torch.tensor([0], device="cuda", dtype=torch.int32)
        window = torch.full((2, steps, 3, 65), 73.0, device="cuda", dtype=dtype).transpose(
            2, 3
        )
        reference_window = window.clone()
        tree_kwargs = {}
        if tree:
            tree_kwargs = {
                "retrieve_next_token": torch.tensor(
                    [list(range(1, steps)) + [-1]], device="cuda", dtype=torch.int32
                ),
                "retrieve_next_sibling": torch.full(
                    (1, steps), -1, device="cuda", dtype=torch.int32
                ),
                "retrieve_parent_token": torch.empty(
                    (1, steps), device="cuda", dtype=torch.int32
                ),
            }
        reference_state = before.clone()
        reference = causal_conv1d_update(
            x[:1],
            reference_state,
            weight,
            activation="silu",
            conv_state_indices=indices[:1],
            intermediate_conv_window=reference_window,
            intermediate_state_indices=intermediate_indices,
            **tree_kwargs,
        )
        empty_like = torch.empty_like
    
        def poison_allocation(*args, **kwargs):
            return empty_like(*args, **kwargs).fill_(float("nan"))
    
        with patch("torch.empty_like", side_effect=poison_allocation):
            output = causal_conv1d_update(
                x,
                state,
                weight,
                activation="silu",
                conv_state_indices=indices,
                intermediate_conv_window=window,
                intermediate_state_indices=intermediate_indices,
                **tree_kwargs,
            )
        torch.testing.assert_close(output[:1], reference, atol=0, rtol=0)
>       torch.testing.assert_close(output[1], torch.zeros_like(output[1]), atol=0, rtol=0)
E       AssertionError: Tensor-likes are not equal!
E       
E       Mismatched elements: 390 / 390 (100.0%)
E       Greatest absolute difference: nan at index (0, 0)
E       Greatest relative difference: nan at index (0, 0)

/tmp/amdpilot-repo-j-533a411ed246/review-evidence/test_linear_verify_dummy_requests.py:78: AssertionError
_____________ test_conv_dummy_output_is_initialized[True-dtype0-1] _____________

steps = 1, dtype = torch.float32, tree = True

    @pytest.mark.parametrize("steps", [1, 6])
    @pytest.mark.parametrize("dtype", [torch.float32, torch.bfloat16])
    @pytest.mark.parametrize("tree", [False, True])
    def test_conv_dummy_output_is_initialized(steps, dtype, tree):
        torch.manual_seed(17)
        x = torch.randn(2, steps, 65, device="cuda", dtype=dtype).transpose(1, 2)
        x[1].fill_(float("nan"))
        state = torch.randn(4, 3, 65, device="cuda", dtype=dtype).transpose(1, 2)
        before = state.clone()
        weight = torch.randn(65, 4, device="cuda", dtype=dtype)
        indices = torch.tensor([1, -1], device="cuda", dtype=torch.int32)
        intermediate_indices = torch.tensor([0], device="cuda", dtype=torch.int32)
        window = torch.full((2, steps, 3, 65), 73.0, device="cuda", dtype=dtype).transpose(
            2, 3
        )
        reference_window = window.clone()
        tree_kwargs = {}
        if tree:
            tree_kwargs = {
                "retrieve_next_token": torch.tensor(
                    [list(range(1, steps)) + [-1]], device="cuda", dtype=torch.int32
                ),
                "retrieve_next_sibling": torch.full(
                    (1, steps), -1, device="cuda", dtype=torch.int32
                ),
                "retrieve_parent_token": torch.empty(
                    (1, steps), device="cuda", dtype=torch.int32
                ),
            }
        reference_state = before.clone()
        reference = causal_conv1d_update(
            x[:1],
            reference_state,
            weight,
            activation="silu",
            conv_state_indices=indices[:1],
            intermediate_conv_window=reference_window,
            intermediate_state_indices=intermediate_indices,
            **tree_kwargs,
        )
        empty_like = torch.empty_like
    
        def poison_allocation(*args, **kwargs):
            return empty_like(*args, **kwargs).fill_(float("nan"))
    
        with patch("torch.empty_like", side_effect=poison_allocation):
            output = causal_conv1d_update(
                x,
                state,
                weight,
                activation="silu",
                conv_state_indices=indices,
                intermediate_conv_window=window,
                intermediate_state_indices=intermediate_indices,
                **tree_kwargs,
            )
        torch.testing.assert_close(output[:1], reference, atol=0, rtol=0)
>       torch.testing.assert_close(output[1], torch.zeros_like(output[1]), atol=0, rtol=0)
E       AssertionError: Tensor-likes are not equal!
E       
E       Mismatched elements: 65 / 65 (100.0%)
E       Greatest absolute difference: nan at index (0, 0)
E       Greatest relative difference: nan at index (0, 0)

/tmp/amdpilot-repo-j-533a411ed246/review-evidence/test_linear_verify_dummy_requests.py:78: AssertionError
_____________ test_conv_dummy_output_is_initialized[True-dtype0-6] _____________

steps = 6, dtype = torch.float32, tree = True

    @pytest.mark.parametrize("steps", [1, 6])
    @pytest.mark.parametrize("dtype", [torch.float32, torch.bfloat16])
    @pytest.mark.parametrize("tree", [False, True])
    def test_conv_dummy_output_is_initialized(steps, dtype, tree):
        torch.manual_seed(17)
        x = torch.randn(2, steps, 65, device="cuda", dtype=dtype).transpose(1, 2)
        x[1].fill_(float("nan"))
        state = torch.randn(4, 3, 65, device="cuda", dtype=dtype).transpose(1, 2)
        before = state.clone()
        weight = torch.randn(65, 4, device="cuda", dtype=dtype)
        indices = torch.tensor([1, -1], device="cuda", dtype=torch.int32)
        intermediate_indices = torch.tensor([0], device="cuda", dtype=torch.int32)
        window = torch.full((2, steps, 3, 65), 73.0, device="cuda", dtype=dtype).transpose(
            2, 3
        )
        reference_window = window.clone()
        tree_kwargs = {}
        if tree:
            tree_kwargs = {
                "retrieve_next_token": torch.tensor(
                    [list(range(1, steps)) + [-1]], device="cuda", dtype=torch.int32
                ),
                "retrieve_next_sibling": torch.full(
                    (1, steps), -1, device="cuda", dtype=torch.int32
                ),
                "retrieve_parent_token": torch.empty(
                    (1, steps), device="cuda", dtype=torch.int32
                ),
            }
        reference_state = before.clone()
        reference = causal_conv1d_update(
            x[:1],
            reference_state,
            weight,
            activation="silu",
            conv_state_indices=indices[:1],
            intermediate_conv_window=reference_window,
            intermediate_state_indices=intermediate_indices,
            **tree_kwargs,
        )
        empty_like = torch.empty_like
    
        def poison_allocation(*args, **kwargs):
            return empty_like(*args, **kwargs).fill_(float("nan"))
    
        with patch("torch.empty_like", side_effect=poison_allocation):
            output = causal_conv1d_update(
                x,
                state,
                weight,
                activation="silu",
                conv_state_indices=indices,
                intermediate_conv_window=window,
                intermediate_state_indices=intermediate_indices,
                **tree_kwargs,
            )
        torch.testing.assert_close(output[:1], reference, atol=0, rtol=0)
>       torch.testing.assert_close(output[1], torch.zeros_like(output[1]), atol=0, rtol=0)
E       AssertionError: Tensor-likes are not equal!
E       
E       Mismatched elements: 390 / 390 (100.0%)
E       Greatest absolute difference: nan at index (0, 0)
E       Greatest relative difference: nan at index (0, 0)

/tmp/amdpilot-repo-j-533a411ed246/review-evidence/test_linear_verify_dummy_requests.py:78: AssertionError
_____________ test_conv_dummy_output_is_initialized[True-dtype1-1] _____________

steps = 1, dtype = torch.bfloat16, tree = True

    @pytest.mark.parametrize("steps", [1, 6])
    @pytest.mark.parametrize("dtype", [torch.float32, torch.bfloat16])
    @pytest.mark.parametrize("tree", [False, True])
    def test_conv_dummy_output_is_initialized(steps, dtype, tree):
        torch.manual_seed(17)
        x = torch.randn(2, steps, 65, device="cuda", dtype=dtype).transpose(1, 2)
        x[1].fill_(float("nan"))
        state = torch.randn(4, 3, 65, device="cuda", dtype=dtype).transpose(1, 2)
        before = state.clone()
        weight = torch.randn(65, 4, device="cuda", dtype=dtype)
        indices = torch.tensor([1, -1], device="cuda", dtype=torch.int32)
        intermediate_indices = torch.tensor([0], device="cuda", dtype=torch.int32)
        window = torch.full((2, steps, 3, 65), 73.0, device="cuda", dtype=dtype).transpose(
            2, 3
        )
        reference_window = window.clone()
        tree_kwargs = {}
        if tree:
            tree_kwargs = {
                "retrieve_next_token": torch.tensor(
                    [list(range(1, steps)) + [-1]], device="cuda", dtype=torch.int32
                ),
                "retrieve_next_sibling": torch.full(
                    (1, steps), -1, device="cuda", dtype=torch.int32
                ),
                "retrieve_parent_token": torch.empty(
                    (1, steps), device="cuda", dtype=torch.int32
                ),
            }
        reference_state = before.clone()
        reference = causal_conv1d_update(
            x[:1],
            reference_state,
            weight,
            activation="silu",
            conv_state_indices=indices[:1],
            intermediate_conv_window=reference_window,
            intermediate_state_indices=intermediate_indices,
            **tree_kwargs,
        )
        empty_like = torch.empty_like
    
        def poison_allocation(*args, **kwargs):
            return empty_like(*args, **kwargs).fill_(float("nan"))
    
        with patch("torch.empty_like", side_effect=poison_allocation):
            output = causal_conv1d_update(
                x,
                state,
                weight,
                activation="silu",
                conv_state_indices=indices,
                intermediate_conv_window=window,
                intermediate_state_indices=intermediate_indices,
                **tree_kwargs,
            )
        torch.testing.assert_close(output[:1], reference, atol=0, rtol=0)
>       torch.testing.assert_close(output[1], torch.zeros_like(output[1]), atol=0, rtol=0)
E       AssertionError: Tensor-likes are not equal!
E       
E       Mismatched elements: 65 / 65 (100.0%)
E       Greatest absolute difference: nan at index (0, 0)
E       Greatest relative difference: nan at index (0, 0)

/tmp/amdpilot-repo-j-533a411ed246/review-evidence/test_linear_verify_dummy_requests.py:78: AssertionError
_____________ test_conv_dummy_output_is_initialized[True-dtype1-6] _____________

steps = 6, dtype = torch.bfloat16, tree = True

    @pytest.mark.parametrize("steps", [1, 6])
    @pytest.mark.parametrize("dtype", [torch.float32, torch.bfloat16])
    @pytest.mark.parametrize("tree", [False, True])
    def test_conv_dummy_output_is_initialized(steps, dtype, tree):
        torch.manual_seed(17)
        x = torch.randn(2, steps, 65, device="cuda", dtype=dtype).transpose(1, 2)
        x[1].fill_(float("nan"))
        state = torch.randn(4, 3, 65, device="cuda", dtype=dtype).transpose(1, 2)
        before = state.clone()
        weight = torch.randn(65, 4, device="cuda", dtype=dtype)
        indices = torch.tensor([1, -1], device="cuda", dtype=torch.int32)
        intermediate_indices = torch.tensor([0], device="cuda", dtype=torch.int32)
        window = torch.full((2, steps, 3, 65), 73.0, device="cuda", dtype=dtype).transpose(
            2, 3
        )
        reference_window = window.clone()
        tree_kwargs = {}
        if tree:
            tree_kwargs = {
                "retrieve_next_token": torch.tensor(
                    [list(range(1, steps)) + [-1]], device="cuda", dtype=torch.int32
                ),
                "retrieve_next_sibling": torch.full(
                    (1, steps), -1, device="cuda", dtype=torch.int32
                ),
                "retrieve_parent_token": torch.empty(
                    (1, steps), device="cuda", dtype=torch.int32
                ),
            }
        reference_state = before.clone()
        reference = causal_conv1d_update(
            x[:1],
            reference_state,
            weight,
            activation="silu",
            conv_state_indices=indices[:1],
            intermediate_conv_window=reference_window,
            intermediate_state_indices=intermediate_indices,
            **tree_kwargs,
        )
        empty_like = torch.empty_like
    
        def poison_allocation(*args, **kwargs):
            return empty_like(*args, **kwargs).fill_(float("nan"))
    
        with patch("torch.empty_like", side_effect=poison_allocation):
            output = causal_conv1d_update(
                x,
                state,
                weight,
                activation="silu",
                conv_state_indices=indices,
                intermediate_conv_window=window,
                intermediate_state_indices=intermediate_indices,
                **tree_kwargs,
            )
        torch.testing.assert_close(output[:1], reference, atol=0, rtol=0)
>       torch.testing.assert_close(output[1], torch.zeros_like(output[1]), atol=0, rtol=0)
E       AssertionError: Tensor-likes are not equal!
E       
E       Mismatched elements: 390 / 390 (100.0%)
E       Greatest absolute difference: nan at index (0, 0)
E       Greatest relative difference: nan at index (0, 0)

/tmp/amdpilot-repo-j-533a411ed246/review-evidence/test_linear_verify_dummy_requests.py:78: AssertionError
_____ test_recurrent_dummy_skips_inputs_and_short_metadata[0-False-False] ______

device = None

    def synchronize(device: Device = None) -> None:
        r"""Wait for all kernels in all streams on a CUDA device to complete.
    
        Args:
            device (torch.device or int, optional): device for which to synchronize.
                It uses the current device, given by :func:`~torch.cuda.current_device`,
                if :attr:`device` is ``None`` (default).
        """
        _lazy_init()
        with torch.cuda.device(device):
>           return torch._C._cuda_synchronize()
                   ^^^^^^^^^^^^^^^^^^^^^^^^^^^^
E           torch.AcceleratorError: CUDA error: an illegal memory access was encountered
E           Search for `hipErrorIllegalAddress' in https://rocm.docs.amd.com/projects/HIP/en/latest/index.html for more information.
E           CUDA kernel errors might be asynchronously reported at some other API call, so the stacktrace below might be incorrect.
E           For debugging consider passing AMD_SERIALIZE_KERNEL=3
E           Device-side assertion tracking was not enabled by user.

/opt/venv/lib/python3.12/site-packages/torch/cuda/__init__.py:1162: AcceleratorError

During handling of the above exception, another exception occurred:

is_kda = False, tree = False, real_requests = 0

    @pytest.mark.parametrize("is_kda", [False, True])
    @pytest.mark.parametrize("tree", [False, True])
    @pytest.mark.parametrize("real_requests", [0, 3])
    def test_recurrent_dummy_skips_inputs_and_short_metadata(is_kda, tree, real_requests):
        torch.manual_seed(23)
        physical_requests, steps, heads, dim = 4, 6, 2, 32
        tokens = physical_requests * steps
        real_tokens = real_requests * steps
        kwargs = {"device": "cuda", "dtype": torch.bfloat16}
        q, k, v = [torch.randn(1, tokens, heads, dim, **kwargs) * 0.2 for _ in range(3)]
        a = torch.randn(tokens, heads * dim if is_kda else heads, **kwargs)
        b = torch.randn(tokens, heads, **kwargs)
        for tensor in (q, k, v):
            tensor[:, real_tokens:].fill_(float("nan"))
        a[real_tokens:].fill_(float("nan"))
        b[real_tokens:].fill_(float("nan"))
        state = torch.randn(7, heads, dim, dim, device="cuda") * 0.2
        before = state.clone()
        indices = torch.tensor(
            [1, 3, 5][:real_requests] + [-1] * (physical_requests - real_requests),
            device="cuda",
            dtype=torch.int32,
        )
        # Deliberately allocate only real request rows. Run under compute-sanitizer
        # with PYTORCH_NO_CUDA_MEMORY_CACHING=1 to detect even speculative OOB reads.
        intermediate_indices = torch.arange(real_requests, device="cuda", dtype=torch.int32)
        parents = (
            torch.tensor(
                [[-1, 0, 0, 1, 1, 2]] * real_requests, device="cuda", dtype=torch.int32
            ).reshape(real_requests, steps)
            if tree
            else None
        )
        scratch = torch.full((5, steps, heads, dim, dim), 73.0, device="cuda")
        reference_scratch = scratch.clone()
        a_log = torch.randn(heads, device="cuda") * 0.2
        dt_bias = torch.randn(a.shape[-1], device="cuda") * 0.2
    
        def run(count, cache):
            n = count * steps
            return fused_sigmoid_gating_delta_rule_update(
                A_log=a_log,
                a=a[:n],
                dt_bias=dt_bias,
                softplus_beta=1.0,
                softplus_threshold=20.0,
                q=q[:, :n],
                k=k[:, :n],
                v=v[:, :n],
                b=b[:n],
                initial_state_source=state,
                initial_state_indices=indices[:count],
                cu_seqlens=torch.arange(0, n + 1, steps, device="cuda", dtype=torch.int32),
                is_kda=is_kda,
                use_qk_l2norm_in_kernel=True,
                disable_state_update=True,
                intermediate_states_buffer=cache,
                intermediate_state_indices=intermediate_indices,
                cache_steps=steps,
                retrieve_parent_token=parents,
            )
    
        reference = run(real_requests, reference_scratch) if real_requests else None
        output = run(physical_requests, scratch)
>       torch.cuda.synchronize()

/tmp/amdpilot-repo-j-533a411ed246/review-evidence/test_linear_verify_dummy_requests.py:148: 
_ _ _ _ _ _ _ _ _ _ _ _ _ _ _ _ _ _ _ _ _ _ _ _ _ _ _ _ _ _ _ _ _ _ _ _ _ _ _ _ 
/opt/venv/lib/python3.12/site-packages/torch/cuda/__init__.py:1161: in synchronize
    with torch.cuda.device(device):
_ _ _ _ _ _ _ _ _ _ _ _ _ _ _ _ _ _ _ _ _ _ _ _ _ _ _ _ _ _ _ _ _ _ _ _ _ _ _ _ 

self = <torch.cuda.device object at 0x7d74f4967c20>
type = <class 'torch.AcceleratorError'>
value = AcceleratorError("CUDA error: an illegal memory access was encountered\nSearch for `hipErrorIllegalAddress' in https:/...rect.\nFor debugging consider passing AMD_SERIALIZE_KERNEL=3\nDevice-side assertion tracking was not enabled by user.")
traceback = <traceback object at 0x7d74f5dd7a00>

    def __exit__(self, type: Any, value: Any, traceback: Any):
>       self.idx = torch.cuda._maybe_exchange_device(self.prev_idx)
                   ^^^^^^^^^^^^^^^^^^^^^^^^^^^^^^^^^^^^^^^^^^^^^^^^
E       torch.AcceleratorError: CUDA error: an illegal memory access was encountered
E       Search for `hipErrorIllegalAddress' in https://rocm.docs.amd.com/projects/HIP/en/latest/index.html for more information.
E       CUDA kernel errors might be asynchronously reported at some other API call, so the stacktrace below might be incorrect.
E       For debugging consider passing AMD_SERIALIZE_KERNEL=3
E       Device-side assertion tracking was not enabled by user.

/opt/venv/lib/python3.12/site-packages/torch/cuda/__init__.py:607: AcceleratorError
______ test_recurrent_dummy_skips_inputs_and_short_metadata[0-False-True] ______

is_kda = True, tree = False, real_requests = 0

    @pytest.mark.parametrize("is_kda", [False, True])
    @pytest.mark.parametrize("tree", [False, True])
    @pytest.mark.parametrize("real_requests", [0, 3])
    def test_recurrent_dummy_skips_inputs_and_short_metadata(is_kda, tree, real_requests):
>       torch.manual_seed(23)

/tmp/amdpilot-repo-j-533a411ed246/review-evidence/test_linear_verify_dummy_requests.py:88: 
_ _ _ _ _ _ _ _ _ _ _ _ _ _ _ _ _ _ _ _ _ _ _ _ _ _ _ _ _ _ _ _ _ _ _ _ _ _ _ _ 
/opt/venv/lib/python3.12/site-packages/torch/_compile.py:54: in inner
    return disable_fn(*args, **kwargs)
           ^^^^^^^^^^^^^^^^^^^^^^^^^^^
/opt/venv/lib/python3.12/site-packages/torch/_dynamo/eval_frame.py:1263: in _fn
    return fn(*args, **kwargs)
           ^^^^^^^^^^^^^^^^^^^
/opt/venv/lib/python3.12/site-packages/torch/random.py:42: in manual_seed
    return _manual_seed_impl(seed)
           ^^^^^^^^^^^^^^^^^^^^^^^
/opt/venv/lib/python3.12/site-packages/torch/random.py:50: in _manual_seed_impl
    torch.cuda.manual_seed_all(seed)
/opt/venv/lib/python3.12/site-packages/torch/cuda/random.py:128: in manual_seed_all
    _lazy_call(cb, seed_all=True)
/opt/venv/lib/python3.12/site-packages/torch/cuda/__init__.py:409: in _lazy_call
    callable()
_ _ _ _ _ _ _ _ _ _ _ _ _ _ _ _ _ _ _ _ _ _ _ _ _ _ _ _ _ _ _ _ _ _ _ _ _ _ _ _ 

    def cb():
        for i in range(device_count()):
            default_generator = torch.cuda.default_generators[i]
>           default_generator.manual_seed(seed)
E           torch.AcceleratorError: CUDA error: an illegal memory access was encountered
E           Search for `hipErrorIllegalAddress' in https://rocm.docs.amd.com/projects/HIP/en/latest/index.html for more information.
E           CUDA kernel errors might be asynchronously reported at some other API call, so the stacktrace below might be incorrect.
E           For debugging consider passing AMD_SERIALIZE_KERNEL=3
E           Device-side assertion tracking was not enabled by user.

/opt/venv/lib/python3.12/site-packages/torch/cuda/random.py:126: AcceleratorError
______ test_recurrent_dummy_skips_inputs_and_short_metadata[0-True-False] ______

is_kda = False, tree = True, real_requests = 0

    @pytest.mark.parametrize("is_kda", [False, True])
    @pytest.mark.parametrize("tree", [False, True])
    @pytest.mark.parametrize("real_requests", [0, 3])
    def test_recurrent_dummy_skips_inputs_and_short_metadata(is_kda, tree, real_requests):
>       torch.manual_seed(23)

/tmp/amdpilot-repo-j-533a411ed246/review-evidence/test_linear_verify_dummy_requests.py:88: 
_ _ _ _ _ _ _ _ _ _ _ _ _ _ _ _ _ _ _ _ _ _ _ _ _ _ _ _ _ _ _ _ _ _ _ _ _ _ _ _ 
/opt/venv/lib/python3.12/site-packages/torch/_compile.py:54: in inner
    return disable_fn(*args, **kwargs)
           ^^^^^^^^^^^^^^^^^^^^^^^^^^^
/opt/venv/lib/python3.12/site-packages/torch/_dynamo/eval_frame.py:1263: in _fn
    return fn(*args, **kwargs)
           ^^^^^^^^^^^^^^^^^^^
/opt/venv/lib/python3.12/site-packages/torch/random.py:42: in manual_seed
    return _manual_seed_impl(seed)
           ^^^^^^^^^^^^^^^^^^^^^^^
/opt/venv/lib/python3.12/site-packages/torch/random.py:50: in _manual_seed_impl
    torch.cuda.manual_seed_all(seed)
/opt/venv/lib/python3.12/site-packages/torch/cuda/random.py:128: in manual_seed_all
    _lazy_call(cb, seed_all=True)
/opt/venv/lib/python3.12/site-packages/torch/cuda/__init__.py:409: in _lazy_call
    callable()
_ _ _ _ _ _ _ _ _ _ _ _ _ _ _ _ _ _ _ _ _ _ _ _ _ _ _ _ _ _ _ _ _ _ _ _ _ _ _ _ 

    def cb():
        for i in range(device_count()):
            default_generator = torch.cuda.default_generators[i]
>           default_generator.manual_seed(seed)
E           torch.AcceleratorError: CUDA error: an illegal memory access was encountered
E           Search for `hipErrorIllegalAddress' in https://rocm.docs.amd.com/projects/HIP/en/latest/index.html for more information.
E           CUDA kernel errors might be asynchronously reported at some other API call, so the stacktrace below might be incorrect.
E           For debugging consider passing AMD_SERIALIZE_KERNEL=3
E           Device-side assertion tracking was not enabled by user.

/opt/venv/lib/python3.12/site-packages/torch/cuda/random.py:126: AcceleratorError
______ test_recurrent_dummy_skips_inputs_and_short_metadata[0-True-True] _______

is_kda = True, tree = True, real_requests = 0

    @pytest.mark.parametrize("is_kda", [False, True])
    @pytest.mark.parametrize("tree", [False, True])
    @pytest.mark.parametrize("real_requests", [0, 3])
    def test_recurrent_dummy_skips_inputs_and_short_metadata(is_kda, tree, real_requests):
>       torch.manual_seed(23)

/tmp/amdpilot-repo-j-533a411ed246/review-evidence/test_linear_verify_dummy_requests.py:88: 
_ _ _ _ _ _ _ _ _ _ _ _ _ _ _ _ _ _ _ _ _ _ _ _ _ _ _ _ _ _ _ _ _ _ _ _ _ _ _ _ 
/opt/venv/lib/python3.12/site-packages/torch/_compile.py:54: in inner
    return disable_fn(*args, **kwargs)
           ^^^^^^^^^^^^^^^^^^^^^^^^^^^
/opt/venv/lib/python3.12/site-packages/torch/_dynamo/eval_frame.py:1263: in _fn
    return fn(*args, **kwargs)
           ^^^^^^^^^^^^^^^^^^^
/opt/venv/lib/python3.12/site-packages/torch/random.py:42: in manual_seed
    return _manual_seed_impl(seed)
           ^^^^^^^^^^^^^^^^^^^^^^^
/opt/venv/lib/python3.12/site-packages/torch/random.py:50: in _manual_seed_impl
    torch.cuda.manual_seed_all(seed)
/opt/venv/lib/python3.12/site-packages/torch/cuda/random.py:128: in manual_seed_all
    _lazy_call(cb, seed_all=True)
/opt/venv/lib/python3.12/site-packages/torch/cuda/__init__.py:409: in _lazy_call
    callable()
_ _ _ _ _ _ _ _ _ _ _ _ _ _ _ _ _ _ _ _ _ _ _ _ _ _ _ _ _ _ _ _ _ _ _ _ _ _ _ _ 

    def cb():
        for i in range(device_count()):
            default_generator = torch.cuda.default_generators[i]
>           default_generator.manual_seed(seed)
E           torch.AcceleratorError: CUDA error: an illegal memory access was encountered
E           Search for `hipErrorIllegalAddress' in https://rocm.docs.amd.com/projects/HIP/en/latest/index.html for more information.
E           CUDA kernel errors might be asynchronously reported at some other API call, so the stacktrace below might be incorrect.
E           For debugging consider passing AMD_SERIALIZE_KERNEL=3
E           Device-side assertion tracking was not enabled by user.

/opt/venv/lib/python3.12/site-packages/torch/cuda/random.py:126: AcceleratorError
_____ test_recurrent_dummy_skips_inputs_and_short_metadata[3-False-False] ______

is_kda = False, tree = False, real_requests = 3

    @pytest.mark.parametrize("is_kda", [False, True])
    @pytest.mark.parametrize("tree", [False, True])
    @pytest.mark.parametrize("real_requests", [0, 3])
    def test_recurrent_dummy_skips_inputs_and_short_metadata(is_kda, tree, real_requests):
>       torch.manual_seed(23)

/tmp/amdpilot-repo-j-533a411ed246/review-evidence/test_linear_verify_dummy_requests.py:88: 
_ _ _ _ _ _ _ _ _ _ _ _ _ _ _ _ _ _ _ _ _ _ _ _ _ _ _ _ _ _ _ _ _ _ _ _ _ _ _ _ 
/opt/venv/lib/python3.12/site-packages/torch/_compile.py:54: in inner
    return disable_fn(*args, **kwargs)
           ^^^^^^^^^^^^^^^^^^^^^^^^^^^
/opt/venv/lib/python3.12/site-packages/torch/_dynamo/eval_frame.py:1263: in _fn
    return fn(*args, **kwargs)
           ^^^^^^^^^^^^^^^^^^^
/opt/venv/lib/python3.12/site-packages/torch/random.py:42: in manual_seed
    return _manual_seed_impl(seed)
           ^^^^^^^^^^^^^^^^^^^^^^^
/opt/venv/lib/python3.12/site-packages/torch/random.py:50: in _manual_seed_impl
    torch.cuda.manual_seed_all(seed)
/opt/venv/lib/python3.12/site-packages/torch/cuda/random.py:128: in manual_seed_all
    _lazy_call(cb, seed_all=True)
/opt/venv/lib/python3.12/site-packages/torch/cuda/__init__.py:409: in _lazy_call
    callable()
_ _ _ _ _ _ _ _ _ _ _ _ _ _ _ _ _ _ _ _ _ _ _ _ _ _ _ _ _ _ _ _ _ _ _ _ _ _ _ _ 

    def cb():
        for i in range(device_count()):
            default_generator = torch.cuda.default_generators[i]
>           default_generator.manual_seed(seed)
E           torch.AcceleratorError: CUDA error: an illegal memory access was encountered
E           Search for `hipErrorIllegalAddress' in https://rocm.docs.amd.com/projects/HIP/en/latest/index.html for more information.
E           CUDA kernel errors might be asynchronously reported at some other API call, so the stacktrace below might be incorrect.
E           For debugging consider passing AMD_SERIALIZE_KERNEL=3
E           Device-side assertion tracking was not enabled by user.

/opt/venv/lib/python3.12/site-packages/torch/cuda/random.py:126: AcceleratorError
______ test_recurrent_dummy_skips_inputs_and_short_metadata[3-False-True] ______

is_kda = True, tree = False, real_requests = 3

    @pytest.mark.parametrize("is_kda", [False, True])
    @pytest.mark.parametrize("tree", [False, True])
    @pytest.mark.parametrize("real_requests", [0, 3])
    def test_recurrent_dummy_skips_inputs_and_short_metadata(is_kda, tree, real_requests):
>       torch.manual_seed(23)

/tmp/amdpilot-repo-j-533a411ed246/review-evidence/test_linear_verify_dummy_requests.py:88: 
_ _ _ _ _ _ _ _ _ _ _ _ _ _ _ _ _ _ _ _ _ _ _ _ _ _ _ _ _ _ _ _ _ _ _ _ _ _ _ _ 
/opt/venv/lib/python3.12/site-packages/torch/_compile.py:54: in inner
    return disable_fn(*args, **kwargs)
           ^^^^^^^^^^^^^^^^^^^^^^^^^^^
/opt/venv/lib/python3.12/site-packages/torch/_dynamo/eval_frame.py:1263: in _fn
    return fn(*args, **kwargs)
           ^^^^^^^^^^^^^^^^^^^
/opt/venv/lib/python3.12/site-packages/torch/random.py:42: in manual_seed
    return _manual_seed_impl(seed)
           ^^^^^^^^^^^^^^^^^^^^^^^
/opt/venv/lib/python3.12/site-packages/torch/random.py:50: in _manual_seed_impl
    torch.cuda.manual_seed_all(seed)
/opt/venv/lib/python3.12/site-packages/torch/cuda/random.py:128: in manual_seed_all
    _lazy_call(cb, seed_all=True)
/opt/venv/lib/python3.12/site-packages/torch/cuda/__init__.py:409: in _lazy_call
    callable()
_ _ _ _ _ _ _ _ _ _ _ _ _ _ _ _ _ _ _ _ _ _ _ _ _ _ _ _ _ _ _ _ _ _ _ _ _ _ _ _ 

    def cb():
        for i in range(device_count()):
            default_generator = torch.cuda.default_generators[i]
>           default_generator.manual_seed(seed)
E           torch.AcceleratorError: CUDA error: an illegal memory access was encountered
E           Search for `hipErrorIllegalAddress' in https://rocm.docs.amd.com/projects/HIP/en/latest/index.html for more information.
E           CUDA kernel errors might be asynchronously reported at some other API call, so the stacktrace below might be incorrect.
E           For debugging consider passing AMD_SERIALIZE_KERNEL=3
E           Device-side assertion tracking was not enabled by user.

/opt/venv/lib/python3.12/site-packages/torch/cuda/random.py:126: AcceleratorError
______ test_recurrent_dummy_skips_inputs_and_short_metadata[3-True-False] ______

is_kda = False, tree = True, real_requests = 3

    @pytest.mark.parametrize("is_kda", [False, True])
    @pytest.mark.parametrize("tree", [False, True])
    @pytest.mark.parametrize("real_requests", [0, 3])
    def test_recurrent_dummy_skips_inputs_and_short_metadata(is_kda, tree, real_requests):
>       torch.manual_seed(23)

/tmp/amdpilot-repo-j-533a411ed246/review-evidence/test_linear_verify_dummy_requests.py:88: 
_ _ _ _ _ _ _ _ _ _ _ _ _ _ _ _ _ _ _ _ _ _ _ _ _ _ _ _ _ _ _ _ _ _ _ _ _ _ _ _ 
/opt/venv/lib/python3.12/site-packages/torch/_compile.py:54: in inner
    return disable_fn(*args, **kwargs)
           ^^^^^^^^^^^^^^^^^^^^^^^^^^^
/opt/venv/lib/python3.12/site-packages/torch/_dynamo/eval_frame.py:1263: in _fn
    return fn(*args, **kwargs)
           ^^^^^^^^^^^^^^^^^^^
/opt/venv/lib/python3.12/site-packages/torch/random.py:42: in manual_seed
    return _manual_seed_impl(seed)
           ^^^^^^^^^^^^^^^^^^^^^^^
/opt/venv/lib/python3.12/site-packages/torch/random.py:50: in _manual_seed_impl
    torch.cuda.manual_seed_all(seed)
/opt/venv/lib/python3.12/site-packages/torch/cuda/random.py:128: in manual_seed_all
    _lazy_call(cb, seed_all=True)
/opt/venv/lib/python3.12/site-packages/torch/cuda/__init__.py:409: in _lazy_call
    callable()
_ _ _ _ _ _ _ _ _ _ _ _ _ _ _ _ _ _ _ _ _ _ _ _ _ _ _ _ _ _ _ _ _ _ _ _ _ _ _ _ 

    def cb():
        for i in range(device_count()):
            default_generator = torch.cuda.default_generators[i]
>           default_generator.manual_seed(seed)
E           torch.AcceleratorError: CUDA error: an illegal memory access was encountered
E           Search for `hipErrorIllegalAddress' in https://rocm.docs.amd.com/projects/HIP/en/latest/index.html for more information.
E           CUDA kernel errors might be asynchronously reported at some other API call, so the stacktrace below might be incorrect.
E           For debugging consider passing AMD_SERIALIZE_KERNEL=3
E           Device-side assertion tracking was not enabled by user.

/opt/venv/lib/python3.12/site-packages/torch/cuda/random.py:126: AcceleratorError
______ test_recurrent_dummy_skips_inputs_and_short_metadata[3-True-True] _______

is_kda = True, tree = True, real_requests = 3

    @pytest.mark.parametrize("is_kda", [False, True])
    @pytest.mark.parametrize("tree", [False, True])
    @pytest.mark.parametrize("real_requests", [0, 3])
    def test_recurrent_dummy_skips_inputs_and_short_metadata(is_kda, tree, real_requests):
>       torch.manual_seed(23)

/tmp/amdpilot-repo-j-533a411ed246/review-evidence/test_linear_verify_dummy_requests.py:88: 
_ _ _ _ _ _ _ _ _ _ _ _ _ _ _ _ _ _ _ _ _ _ _ _ _ _ _ _ _ _ _ _ _ _ _ _ _ _ _ _ 
/opt/venv/lib/python3.12/site-packages/torch/_compile.py:54: in inner
    return disable_fn(*args, **kwargs)
           ^^^^^^^^^^^^^^^^^^^^^^^^^^^
/opt/venv/lib/python3.12/site-packages/torch/_dynamo/eval_frame.py:1263: in _fn
    return fn(*args, **kwargs)
           ^^^^^^^^^^^^^^^^^^^
/opt/venv/lib/python3.12/site-packages/torch/random.py:42: in manual_seed
    return _manual_seed_impl(seed)
           ^^^^^^^^^^^^^^^^^^^^^^^
/opt/venv/lib/python3.12/site-packages/torch/random.py:50: in _manual_seed_impl
    torch.cuda.manual_seed_all(seed)
/opt/venv/lib/python3.12/site-packages/torch/cuda/random.py:128: in manual_seed_all
    _lazy_call(cb, seed_all=True)
/opt/venv/lib/python3.12/site-packages/torch/cuda/__init__.py:409: in _lazy_call
    callable()
_ _ _ _ _ _ _ _ _ _ _ _ _ _ _ _ _ _ _ _ _ _ _ _ _ _ _ _ _ _ _ _ _ _ _ _ _ _ _ _ 

    def cb():
        for i in range(device_count()):
            default_generator = torch.cuda.default_generators[i]
>           default_generator.manual_seed(seed)
E           torch.AcceleratorError: CUDA error: an illegal memory access was encountered
E           Search for `hipErrorIllegalAddress' in https://rocm.docs.amd.com/projects/HIP/en/latest/index.html for more information.
E           CUDA kernel errors might be asynchronously reported at some other API call, so the stacktrace below might be incorrect.
E           For debugging consider passing AMD_SERIALIZE_KERNEL=3
E           Device-side assertion tracking was not enabled by user.

/opt/venv/lib/python3.12/site-packages/torch/cuda/random.py:126: AcceleratorError
____________________ test_fused_kda_dummy_output_and_state _____________________

    def test_fused_kda_dummy_output_and_state():
>       torch.manual_seed(29)

/tmp/amdpilot-repo-j-533a411ed246/review-evidence/test_linear_verify_dummy_requests.py:162: 
_ _ _ _ _ _ _ _ _ _ _ _ _ _ _ _ _ _ _ _ _ _ _ _ _ _ _ _ _ _ _ _ _ _ _ _ _ _ _ _ 
/opt/venv/lib/python3.12/site-packages/torch/_compile.py:54: in inner
    return disable_fn(*args, **kwargs)
           ^^^^^^^^^^^^^^^^^^^^^^^^^^^
/opt/venv/lib/python3.12/site-packages/torch/_dynamo/eval_frame.py:1263: in _fn
    return fn(*args, **kwargs)
           ^^^^^^^^^^^^^^^^^^^
/opt/venv/lib/python3.12/site-packages/torch/random.py:42: in manual_seed
    return _manual_seed_impl(seed)
           ^^^^^^^^^^^^^^^^^^^^^^^
/opt/venv/lib/python3.12/site-packages/torch/random.py:50: in _manual_seed_impl
    torch.cuda.manual_seed_all(seed)
/opt/venv/lib/python3.12/site-packages/torch/cuda/random.py:128: in manual_seed_all
    _lazy_call(cb, seed_all=True)
/opt/venv/lib/python3.12/site-packages/torch/cuda/__init__.py:409: in _lazy_call
    callable()
_ _ _ _ _ _ _ _ _ _ _ _ _ _ _ _ _ _ _ _ _ _ _ _ _ _ _ _ _ _ _ _ _ _ _ _ _ _ _ _ 

    def cb():
        for i in range(device_count()):
            default_generator = torch.cuda.default_generators[i]
>           default_generator.manual_seed(seed)
E           torch.AcceleratorError: CUDA error: an illegal memory access was encountered
E           Search for `hipErrorIllegalAddress' in https://rocm.docs.amd.com/projects/HIP/en/latest/index.html for more information.
E           CUDA kernel errors might be asynchronously reported at some other API call, so the stacktrace below might be incorrect.
E           For debugging consider passing AMD_SERIALIZE_KERNEL=3
E           Device-side assertion tracking was not enabled by user.

/opt/venv/lib/python3.12/site-packages/torch/cuda/random.py:126: AcceleratorError
=========================== short test summary info ============================
FAILED ../../tmp/amdpilot-repo-j-533a411ed246/review-evidence/test_linear_verify_dummy_requests.py::test_conv_dummy_output_is_initialized[False-dtype0-1]
FAILED ../../tmp/amdpilot-repo-j-533a411ed246/review-evidence/test_linear_verify_dummy_requests.py::test_conv_dummy_output_is_initialized[False-dtype0-6]
FAILED ../../tmp/amdpilot-repo-j-533a411ed246/review-evidence/test_linear_verify_dummy_requests.py::test_conv_dummy_output_is_initialized[False-dtype1-1]
FAILED ../../tmp/amdpilot-repo-j-533a411ed246/review-evidence/test_linear_verify_dummy_requests.py::test_conv_dummy_output_is_initialized[False-dtype1-6]
FAILED ../../tmp/amdpilot-repo-j-533a411ed246/review-evidence/test_linear_verify_dummy_requests.py::test_conv_dummy_output_is_initialized[True-dtype0-1]
FAILED ../../tmp/amdpilot-repo-j-533a411ed246/review-evidence/test_linear_verify_dummy_requests.py::test_conv_dummy_output_is_initialized[True-dtype0-6]
FAILED ../../tmp/amdpilot-repo-j-533a411ed246/review-evidence/test_linear_verify_dummy_requests.py::test_conv_dummy_output_is_initialized[True-dtype1-1]
FAILED ../../tmp/amdpilot-repo-j-533a411ed246/review-evidence/test_linear_verify_dummy_requests.py::test_conv_dummy_output_is_initialized[True-dtype1-6]
FAILED ../../tmp/amdpilot-repo-j-533a411ed246/review-evidence/test_linear_verify_dummy_requests.py::test_recurrent_dummy_skips_inputs_and_short_metadata[0-False-False]
FAILED ../../tmp/amdpilot-repo-j-533a411ed246/review-evidence/test_linear_verify_dummy_requests.py::test_recurrent_dummy_skips_inputs_and_short_metadata[0-False-True]
FAILED ../../tmp/amdpilot-repo-j-533a411ed246/review-evidence/test_linear_verify_dummy_requests.py::test_recurrent_dummy_skips_inputs_and_short_metadata[0-True-False]
FAILED ../../tmp/amdpilot-repo-j-533a411ed246/review-evidence/test_linear_verify_dummy_requests.py::test_recurrent_dummy_skips_inputs_and_short_metadata[0-True-True]
FAILED ../../tmp/amdpilot-repo-j-533a411ed246/review-evidence/test_linear_verify_dummy_requests.py::test_recurrent_dummy_skips_inputs_and_short_metadata[3-False-False]
FAILED ../../tmp/amdpilot-repo-j-533a411ed246/review-evidence/test_linear_verify_dummy_requests.py::test_recurrent_dummy_skips_inputs_and_short_metadata[3-False-True]
FAILED ../../tmp/amdpilot-repo-j-533a411ed246/review-evidence/test_linear_verify_dummy_requests.py::test_recurrent_dummy_skips_inputs_and_short_metadata[3-True-False]
FAILED ../../tmp/amdpilot-repo-j-533a411ed246/review-evidence/test_linear_verify_dummy_requests.py::test_recurrent_dummy_skips_inputs_and_short_metadata[3-True-True]
FAILED ../../tmp/amdpilot-repo-j-533a411ed246/review-evidence/test_linear_verify_dummy_requests.py::test_fused_kda_dummy_output_and_state
17 failed in 7.97s
