base_commit=358c163250ad3b1f62939b01ce1314a0a31a0365
upstream_fix_commit=1843384c7a59b8a904f4bdadef51f10cbcaa017b
base_longcat_blob=711094135cc7d7cadd4e85a3b32025409fe4384a
fix_longcat_blob=eeb289c8ccbd85d05e68c67a34615fb727b0bb0e
diff --git a/python/sglang/srt/models/longcat_flash.py b/python/sglang/srt/models/longcat_flash.py
index eeb289c8cc..711094135c 100644
--- a/python/sglang/srt/models/longcat_flash.py
+++ b/python/sglang/srt/models/longcat_flash.py
@@ -37,6 +37,8 @@ from typing import Iterable, List, Optional, Tuple
 import torch
 from torch import nn
 
+from sglang.kernels.ops.attention.dsv4 import linear_bf16_fp32
+from sglang.kernels.ops.attention.dsv4.gemm import mark_hpc_bf16xfp32_gemm_enabled
 from sglang.kernels.ops.moe.ep_moe_kernels import zero_experts_compute_triton
 from sglang.kernels.ops.quantization.fp8_kernel import is_fp8_fnuz
 from sglang.srt.configs import LongcatFlashConfig
@@ -86,7 +88,11 @@ from sglang.srt.model_loader.utils import (
 )
 from sglang.srt.model_loader.weight_utils import default_weight_loader
 from sglang.srt.models.deepseek_v2 import DeepseekV2AttentionMLA
-from sglang.srt.runtime_context import get_parallel, get_server_args, get_stream
+from sglang.srt.runtime_context import get_parallel
+from sglang.srt.runtime_context import get_parallel as _gp
+from sglang.srt.runtime_context import (
+    get_stream,
+)
 from sglang.srt.utils import (
     BumpAllocator,
     add_prefix,
@@ -110,7 +116,7 @@ _is_cpu = is_cpu()
 _device_sm = get_device_sm()
 
 if _is_cuda:
-    from sgl_kernel import awq_dequantize
+    from sglang.kernels.ops.quantization.awq_dequantize import awq_dequantize
 elif _is_cpu and _is_cpu_amx_available:
     pass
 elif _is_hip:
@@ -122,6 +128,15 @@ else:
 
 logger = logging.getLogger(__name__)
 
+# Minimum m (num_tokens) from which the JIT bf16xfp32 router GEMM beats
+# cublas, benchmarked per router shape (hidden_size, n_routed_experts) on H200.
+_LONGCAT_FLASH_ROUTER_HPC_GEMM_MIN_M = {
+    # LongCat-Flash-Chat-FP8: 6144 hidden size, 512 routed experts + 256 zero experts.
+    (6144, 768): 64,
+    # LongCat-Flash-Lite-FP8: 3072 hidden size, 256 routed experts + 128 zero experts.
+    (3072, 384): 128,
+}
+
 
 def _scmoe_align_rows(t, target):
     """Align a [rows,H] tensor to `target` rows across the attn-tp group:
@@ -130,7 +145,6 @@ def _scmoe_align_rows(t, target):
     if t is None or t.shape[0] == target:
         return t
     from sglang.srt.layers.dp_attention import attn_tp_all_gather_into_tensor as _ag
-    from sglang.srt.runtime_context import get_parallel as _gp
 
     cur = t.shape[0]
     if target > cur:
@@ -169,8 +183,7 @@ class LongcatFlashMLP(nn.Module):
         )
         if hidden_act != "silu":
             raise ValueError(
-                f"Unsupported activation: {hidden_act}. "
-                "Only silu is supported for now."
+                f"Unsupported activation: {hidden_act}. Only silu is supported for now."
             )
         self.act_fn = SiluAndMul()
 
@@ -207,14 +220,32 @@ class LongcatFlashRouter(nn.Module):
         self.e_score_correction_bias = nn.Parameter(
             torch.zeros((self.n_routed_experts), dtype=rounter_params_dtype)
         )
+        self.hpc_kernel_min_m = _LONGCAT_FLASH_ROUTER_HPC_GEMM_MIN_M.get(
+            (config.hidden_size, self.n_routed_experts)
+        )
+        if (
+            self.hpc_kernel_min_m is not None
+            and self.rounter_params_dtype == torch.float32
+            and self.classifier.bias is None
+        ):
+            mark_hpc_bf16xfp32_gemm_enabled()
 
     def forward(self, hidden_states):
+        if (
+            self.hpc_kernel_min_m is not None
+            and self.rounter_params_dtype == torch.float32
+            and self.classifier.bias is None
+        ):
+            return linear_bf16_fp32(
+                hidden_states,
+                self.classifier.weight,
+                hpc_kernel_min_m=self.hpc_kernel_min_m,
+            )
         logits, _ = self.classifier(hidden_states.to(self.rounter_params_dtype))
         return logits
 
 
 class LongcatFlashMoE(nn.Module):
-
     def __init__(
         self,
         config: LongcatFlashConfig,
@@ -324,7 +355,6 @@ class LongcatFlashMoE(nn.Module):
 
 
 class LongcatFlashDecoderLayer(nn.Module):
-
     def __init__(
         self,
         config: LongcatFlashConfig,
@@ -349,8 +379,12 @@ class LongcatFlashDecoderLayer(nn.Module):
                     v_head_dim=config.v_head_dim,
                     q_lora_rank=config.q_lora_rank,
                     kv_lora_rank=config.kv_lora_rank,
-                    rope_theta=config.rope_theta,
-                    rope_scaling=config.rope_scaling,
+                    rope_theta=(
+                        config.rope_parameters["rope_theta"]
+                        if "rope_theta" in getattr(config, "rope_parameters", {})
+                        else config.rope_theta
+                    ),
+                    rope_scaling=getattr(config, "rope_scaling", None),
                     max_position_embeddings=config.max_position_embeddings,
                     quant_config=(
                         None
@@ -687,7 +721,7 @@ class LongcatFlashForCausalLM(nn.Module):
             config.hidden_size,
             quant_config=quant_config,
             prefix=add_prefix("lm_head", prefix),
-            use_attn_tp_group=get_server_args().enable_dp_lm_head,
+            use_attn_tp_group=get_parallel().enable_dp_lm_head,
         )
         self.logits_processor = LogitsProcessor(config)
         self.capture_aux_hidden_states = False
longcat_source_diff_exit=1
