[aiter] WARNING: NUMA balancing is enabled, which may cause errors. It is recommended to disable NUMA balancing by running "sudo sh -c 'echo 0 > /proc/sys/kernel/numa_balancing'" for more details: https://rocm.docs.amd.com/en/latest/how-to/system-optimization/mi300x.html#disable-numa-auto-balancing
[aiter] import [module_aiter_core] under /tmp/amdpilot-repo-j-dde29a0d6b3d/cache/aiter/module_aiter_core.so
test_batched_draft_extend_emits_one_position_per_token (__main__.TestMropeDraftExtendPositions.test_batched_draft_extend_emits_one_position_per_token) ... Traceback (most recent call last):
  File "/job/repo/python/sglang/srt/utils/common.py", line 3514, in retry
    return fn()
           ^^^^
  File "/job/repo/python/sglang/test/test_utils.py", line 2195, in <lambda>
    lambda: super(CustomTestCase, self)._callTestMethod(method),
            ^^^^^^^^^^^^^^^^^^^^^^^^^^^^^^^^^^^^^^^^^^^^^^^^^^^
  File "/usr/lib/python3.12/unittest/case.py", line 589, in _callTestMethod
    if method() is not None:
       ^^^^^^^^
  File "/job/repo/test/registered/unit/spec/test_mrope_draft_extend_positions.py", line 53, in test_batched_draft_extend_emits_one_position_per_token
    self.assertEqual(positions.shape, (3, batch_size * num_draft_tokens))
  File "/usr/lib/python3.12/unittest/case.py", line 885, in assertEqual
    assertion_func(first, second, msg=msg)
  File "/usr/lib/python3.12/unittest/case.py", line 878, in _baseAssertEqual
    raise self.failureException(msg)
AssertionError: torch.Size([3, 10]) != (3, 40)
ERROR
test_in_range_prompt_slice_is_unchanged (__main__.TestMropeDraftExtendPositions.test_in_range_prompt_slice_is_unchanged) ... ok
test_ragged_batch_uses_each_request_delta_and_extend_length (__main__.TestMropeDraftExtendPositions.test_ragged_batch_uses_each_request_delta_and_extend_length) ... Traceback (most recent call last):
  File "/job/repo/python/sglang/srt/utils/common.py", line 3514, in retry
    return fn()
           ^^^^
  File "/job/repo/python/sglang/test/test_utils.py", line 2195, in <lambda>
    lambda: super(CustomTestCase, self)._callTestMethod(method),
            ^^^^^^^^^^^^^^^^^^^^^^^^^^^^^^^^^^^^^^^^^^^^^^^^^^^
  File "/usr/lib/python3.12/unittest/case.py", line 589, in _callTestMethod
    if method() is not None:
       ^^^^^^^^
  File "/job/repo/test/registered/unit/spec/test_mrope_draft_extend_positions.py", line 68, in test_ragged_batch_uses_each_request_delta_and_extend_length
    self.assertEqual(positions.shape, (3, 7))
  File "/usr/lib/python3.12/unittest/case.py", line 885, in assertEqual
    assertion_func(first, second, msg=msg)
  File "/usr/lib/python3.12/unittest/case.py", line 878, in _baseAssertEqual
    raise self.failureException(msg)
AssertionError: torch.Size([3, 2]) != (3, 7)
ERROR
test_single_token_extend_matches_decode_position (__main__.TestMropeDraftExtendPositions.test_single_token_extend_matches_decode_position) ... Traceback (most recent call last):
  File "/job/repo/python/sglang/srt/utils/common.py", line 3514, in retry
    return fn()
           ^^^^
  File "/job/repo/python/sglang/test/test_utils.py", line 2195, in <lambda>
    lambda: super(CustomTestCase, self)._callTestMethod(method),
            ^^^^^^^^^^^^^^^^^^^^^^^^^^^^^^^^^^^^^^^^^^^^^^^^^^^
  File "/usr/lib/python3.12/unittest/case.py", line 589, in _callTestMethod
    if method() is not None:
       ^^^^^^^^
  File "/job/repo/test/registered/unit/spec/test_mrope_draft_extend_positions.py", line 80, in test_single_token_extend_matches_decode_position
    self.assertTrue(torch.equal(extend, decode))
  File "/usr/lib/python3.12/unittest/case.py", line 727, in assertTrue
    raise self.failureException(msg)
AssertionError: False is not true
ERROR

======================================================================
ERROR: test_batched_draft_extend_emits_one_position_per_token (__main__.TestMropeDraftExtendPositions.test_batched_draft_extend_emits_one_position_per_token)
----------------------------------------------------------------------
Traceback (most recent call last):
  File "/job/repo/python/sglang/srt/utils/common.py", line 3514, in retry
    return fn()
           ^^^^
  File "/job/repo/python/sglang/test/test_utils.py", line 2195, in <lambda>
    lambda: super(CustomTestCase, self)._callTestMethod(method),
            ^^^^^^^^^^^^^^^^^^^^^^^^^^^^^^^^^^^^^^^^^^^^^^^^^^^
AssertionError: torch.Size([3, 10]) != (3, 40)

During handling of the above exception, another exception occurred:

Traceback (most recent call last):
  File "/job/repo/python/sglang/test/test_utils.py", line 2194, in _callTestMethod
    retry(
  File "/job/repo/python/sglang/srt/utils/common.py", line 3529, in retry
    raise Exception(f"retry() exceed maximum number of retries.")
Exception: retry() exceed maximum number of retries.

======================================================================
ERROR: test_ragged_batch_uses_each_request_delta_and_extend_length (__main__.TestMropeDraftExtendPositions.test_ragged_batch_uses_each_request_delta_and_extend_length)
----------------------------------------------------------------------
Traceback (most recent call last):
  File "/job/repo/python/sglang/srt/utils/common.py", line 3514, in retry
    return fn()
           ^^^^
  File "/job/repo/python/sglang/test/test_utils.py", line 2195, in <lambda>
    lambda: super(CustomTestCase, self)._callTestMethod(method),
            ^^^^^^^^^^^^^^^^^^^^^^^^^^^^^^^^^^^^^^^^^^^^^^^^^^^
AssertionError: torch.Size([3, 2]) != (3, 7)

During handling of the above exception, another exception occurred:

Traceback (most recent call last):
  File "/job/repo/python/sglang/test/test_utils.py", line 2194, in _callTestMethod
    retry(
  File "/job/repo/python/sglang/srt/utils/common.py", line 3529, in retry
    raise Exception(f"retry() exceed maximum number of retries.")
Exception: retry() exceed maximum number of retries.

======================================================================
ERROR: test_single_token_extend_matches_decode_position (__main__.TestMropeDraftExtendPositions.test_single_token_extend_matches_decode_position)
----------------------------------------------------------------------
Traceback (most recent call last):
  File "/job/repo/python/sglang/srt/utils/common.py", line 3514, in retry
    return fn()
           ^^^^
  File "/job/repo/python/sglang/test/test_utils.py", line 2195, in <lambda>
    lambda: super(CustomTestCase, self)._callTestMethod(method),
            ^^^^^^^^^^^^^^^^^^^^^^^^^^^^^^^^^^^^^^^^^^^^^^^^^^^
AssertionError: False is not true

During handling of the above exception, another exception occurred:

Traceback (most recent call last):
  File "/job/repo/python/sglang/test/test_utils.py", line 2194, in _callTestMethod
    retry(
  File "/job/repo/python/sglang/srt/utils/common.py", line 3529, in retry
    raise Exception(f"retry() exceed maximum number of retries.")
Exception: retry() exceed maximum number of retries.

----------------------------------------------------------------------
Ran 4 tests in 0.011s

FAILED (errors=3)
