....                                                                     [100%]
=============================== warnings summary ===============================
../../opt/venv/lib/python3.12/site-packages/_pytest/config/__init__.py:1434
  /opt/venv/lib/python3.12/site-packages/_pytest/config/__init__.py:1434: PytestConfigWarning: Unknown config option: asyncio_mode
  
    self._warn_or_fail_if_strict(f"Unknown config option: {key}\n")

registered/unit/layers/attention/test_dsa_dp_spec_padding.py: 14 warnings
  /opt/venv/lib/python3.12/site-packages/torch/jit/_script.py:365: DeprecationWarning: `torch.jit.script_method` is deprecated. Please switch to `torch.compile` or `torch.export`.
    warnings.warn(

registered/unit/layers/attention/test_dsa_dp_spec_padding.py::TestDsaDpSpecPadding::test_max_len_uses_shared_padded_size
registered/unit/layers/attention/test_dsa_dp_spec_padding.py::TestDsaDpSpecPadding::test_max_len_uses_shared_padded_size
  /opt/venv/lib/python3.12/site-packages/Cython/Distutils/old_build_ext.py:15: DeprecationWarning: dep_util is Deprecated. Use functions from setuptools instead.
    from distutils.dep_util import newer, newer_group

-- Docs: https://docs.pytest.org/en/stable/how-to/capture-warnings.html
4 passed, 17 warnings in 10.74s
....                                                                     [100%]
=============================== warnings summary ===============================
../../opt/venv/lib/python3.12/site-packages/_pytest/config/__init__.py:1434
  /opt/venv/lib/python3.12/site-packages/_pytest/config/__init__.py:1434: PytestConfigWarning: Unknown config option: asyncio_mode
  
    self._warn_or_fail_if_strict(f"Unknown config option: {key}\n")

registered/unit/layers/attention/test_dsa_dp_spec_padding.py: 14 warnings
  /opt/venv/lib/python3.12/site-packages/torch/jit/_script.py:365: DeprecationWarning: `torch.jit.script_method` is deprecated. Please switch to `torch.compile` or `torch.export`.
    warnings.warn(

registered/unit/layers/attention/test_dsa_dp_spec_padding.py::TestDsaDpSpecPadding::test_max_len_uses_shared_padded_size
registered/unit/layers/attention/test_dsa_dp_spec_padding.py::TestDsaDpSpecPadding::test_max_len_uses_shared_padded_size
  /opt/venv/lib/python3.12/site-packages/Cython/Distutils/old_build_ext.py:15: DeprecationWarning: dep_util is Deprecated. Use functions from setuptools instead.
    from distutils.dep_util import newer, newer_group

-- Docs: https://docs.pytest.org/en/stable/how-to/capture-warnings.html
4 passed, 17 warnings in 11.53s
