=== GPU ===


============================ ROCm System Management Interface ============================
=========================================== ID ===========================================
GPU[0]		: Device Name: 		AMD Instinct MI300X
GPU[0]		: Device ID: 		0x74a1
GPU[0]		: Device Rev: 		0x00
GPU[0]		: Subsystem ID: 	0x74a1
GPU[0]		: GUID: 		39656
==========================================================================================
===================================== Serial Number ======================================
GPU[0]		: Serial Number: 692440004359
==========================================================================================
====================================== Product Info ======================================
GPU[0]		: Card Series: 		AMD Instinct MI300X
GPU[0]		: Card Model: 		0x74a1
GPU[0]		: Card Vendor: 		Advanced Micro Devices, Inc. [AMD/ATI]
GPU[0]		: Card SKU: 		M3000108
GPU[0]		: Subsystem ID: 	0x74a1
GPU[0]		: Device Rev: 		0x00
GPU[0]		: Node ID: 		3
GPU[0]		: GUID: 		39656
GPU[0]		: GFX Version: 		gfx942
==========================================================================================
================================== End of ROCm SMI Log ===================================
=== TORCH ===
torch 2.9.1+rocm7.2.0.git7e1940d4
hip 7.2.26015-fc0010cf6a
name AMD Instinct MI300X
gcnArchName gfx942:sramecc+:xnack-
compute_capability 9.4
uuid 64373764-3538-3566-3936-383633613630
total_memory_GB 191.984375
=== DIRECT COMPARISON ===
y bit_exact=True max_abs=0.0
residual_out bit_exact=True max_abs=0.0
