=== REQUIRED FLYDSL EXPORT OWNERS ===
Tensor typing present=True
Stream typing present=True
Int32 numeric present=True
Float32 numeric present=True
BFloat16 numeric present=True
ReductionOp typing present=True
SharedAllocator gpu present=True
struct struct present=True
Array struct present=True
make_layout primitive present=True
logical_divide primitive present=True
slice primitive present=True
make_copy_atom primitive present=True
copy_atom_call primitive present=True
make_rmem_tensor derived present=True
memref_load_vec primitive present=True
memref_store_vec primitive present=True
memref_load primitive present=True
memref_store primitive present=True
const_expr primitive present=True
range_constexpr primitive present=True
gpu.__all__ thread_idx,block_idx,block_dim,grid_dim,barrier,shuffle_xor,shuffle_up,shuffle_down,shuffle_idx,known_block_size,SharedAllocator
math.__all__ absf,ceil,floor,trunc,round,roundeven,exp,exp2,expm1,log,log2,log10,log1p,sqrt,rsqrt,cbrt,sin,cos,tan,asin,acos,atan,sinh,cosh,tanh,asinh,acosh,atanh,erf,erfc,sincos,absi,ctlz,cttz,ctpop,powf,fpowi,ipowi,atan2,copysign,fma,clampf,isnan,isinf,isfinite,isnormal
rocdl.__all__ cdna3,cdna4,rdna3,rdna4,SyncScope,s_waitcnt,BufferCopy,BufferCopy8b,BufferCopy16b,BufferCopy32b,BufferCopy64b,BufferCopy128b,BufferCopyLDS,BufferCopyLDS32b,BufferCopyLDS64b,BufferCopyLDS128b,BufferAtomic,BufferAtomicAdd,BufferAtomicMax,BufferAtomicMin,BufferAtomicPkAdd,MFMA,WMMA,make_buffer_ptr,make_buffer_tensor,get_buffer_rsrc,sched_mfma,sched_vmem,sched_dsrd,sched_dswr
compiler.__all__ BaseBackend,CompiledFunction,compile_backend_name,get_backend,GPUTarget,register_backend,JitArgumentRegistry,from_dlpack,from_torch_tensor,from_c_void_p,jit,kernel,compile
