..F                                                                      [100%]
=================================== FAILURES ===================================
_ TestExternalCorpusManagerRemove.test_remove_rejects_same_corpus_while_load_is_pending _

self = <candidate_regression.TestExternalCorpusManagerRemove testMethod=test_remove_rejects_same_corpus_while_load_is_pending>

    def test_remove_rejects_same_corpus_while_load_is_pending(self):
        self.start_blocked_load()

        result = self.manager.remove(RemoveExternalCorpusReqInput(corpus_id="loading"))

>       self.assertFalse(result.success)
E       AssertionError: True is not false

../review-evidence-j-fc2c549eb929/candidate_regression.py:73: AssertionError
=============================== warnings summary ===============================
../../opt/venv/lib/python3.12/site-packages/torch/jit/_script.py:365: 14 warnings
  /opt/venv/lib/python3.12/site-packages/torch/jit/_script.py:365: DeprecationWarning: `torch.jit.script_method` is deprecated. Please switch to `torch.compile` or `torch.export`.
    warnings.warn(

../../opt/venv/lib/python3.12/site-packages/Cython/Distutils/old_build_ext.py:15
../../opt/venv/lib/python3.12/site-packages/Cython/Distutils/old_build_ext.py:15
  /opt/venv/lib/python3.12/site-packages/Cython/Distutils/old_build_ext.py:15: DeprecationWarning: dep_util is Deprecated. Use functions from setuptools instead.
    from distutils.dep_util import newer, newer_group

-- Docs: https://docs.pytest.org/en/stable/how-to/capture-warnings.html
=========================== short test summary info ============================
FAILED ../review-evidence-j-fc2c549eb929/candidate_regression.py::TestExternalCorpusManagerRemove::test_remove_rejects_same_corpus_while_load_is_pending
1 failed, 2 passed, 16 warnings in 26.01s
