.                                                                    [100%]
=================================== FAILURES ===================================
_ TestSchedulerKvEventsPublisher.test_kv_block_metrics_use_page_units (label='paged_half_full') _

self = <test_kv_events_publisher.TestSchedulerKvEventsPublisher testMethod=test_kv_block_metrics_use_page_units>
mock_sock_send = <MagicMock name='sock_send' id='140436837811312'>

    @patch(
        "sglang.srt.managers.scheduler_components.kv_events_publisher.sock_send"
    )
    def test_kv_block_metrics_use_page_units(self, mock_sock_send):
        cases = [
            ("paged_half_full", 8192, 16, 0.5, 512, 256),
            ("single_token_pages", 8192, 1, 0.5, 8192, 4096),
            ("empty_cache", 8192, 16, 0.0, 512, 0),
            ("partial_trailing_page", 8200, 16, 1.0, 512, 512),
        ]
    
        for label, max_tokens, page_size, usage, total_blocks, active_blocks in cases:
            with self.subTest(label=label):
                mock_sock_send.reset_mock()
                stats = SimpleNamespace(
                    num_running_reqs=SimpleNamespace(total=2),
                    num_queue_reqs=SimpleNamespace(total=3),
                    token_usage=usage,
                    cache_hit_rate=0.25,
                )
                socket = MagicMock()
                socket.closed = False
>               publisher = SchedulerKvEventsPublisher(
                    kv_events_config=None,
                    ps=SimpleNamespace(dp_rank=None),
                    attn_tp_rank=0,
                    attn_cp_rank=0,
                    attn_dp_rank=0,
                    dp_rank=None,
                    tree_cache=MagicMock(),
                    send_metrics_from_scheduler=socket,
                    max_running_requests=8,
                    max_total_num_tokens=max_tokens,
                    page_size=page_size,
                    get_stats=lambda: stats,
                )
E               TypeError: SchedulerKvEventsPublisher.__init__() got an unexpected keyword argument 'page_size'

test/registered/unit/managers/scheduler_components/test_kv_events_publisher.py:37: TypeError
_ TestSchedulerKvEventsPublisher.test_kv_block_metrics_use_page_units (label='single_token_pages') _

self = <test_kv_events_publisher.TestSchedulerKvEventsPublisher testMethod=test_kv_block_metrics_use_page_units>
mock_sock_send = <MagicMock name='sock_send' id='140436837811312'>

    @patch(
        "sglang.srt.managers.scheduler_components.kv_events_publisher.sock_send"
    )
    def test_kv_block_metrics_use_page_units(self, mock_sock_send):
        cases = [
            ("paged_half_full", 8192, 16, 0.5, 512, 256),
            ("single_token_pages", 8192, 1, 0.5, 8192, 4096),
            ("empty_cache", 8192, 16, 0.0, 512, 0),
            ("partial_trailing_page", 8200, 16, 1.0, 512, 512),
        ]
    
        for label, max_tokens, page_size, usage, total_blocks, active_blocks in cases:
            with self.subTest(label=label):
                mock_sock_send.reset_mock()
                stats = SimpleNamespace(
                    num_running_reqs=SimpleNamespace(total=2),
                    num_queue_reqs=SimpleNamespace(total=3),
                    token_usage=usage,
                    cache_hit_rate=0.25,
                )
                socket = MagicMock()
                socket.closed = False
>               publisher = SchedulerKvEventsPublisher(
                    kv_events_config=None,
                    ps=SimpleNamespace(dp_rank=None),
                    attn_tp_rank=0,
                    attn_cp_rank=0,
                    attn_dp_rank=0,
                    dp_rank=None,
                    tree_cache=MagicMock(),
                    send_metrics_from_scheduler=socket,
                    max_running_requests=8,
                    max_total_num_tokens=max_tokens,
                    page_size=page_size,
                    get_stats=lambda: stats,
                )
E               TypeError: SchedulerKvEventsPublisher.__init__() got an unexpected keyword argument 'page_size'

test/registered/unit/managers/scheduler_components/test_kv_events_publisher.py:37: TypeError
_ TestSchedulerKvEventsPublisher.test_kv_block_metrics_use_page_units (label='empty_cache') _

self = <test_kv_events_publisher.TestSchedulerKvEventsPublisher testMethod=test_kv_block_metrics_use_page_units>
mock_sock_send = <MagicMock name='sock_send' id='140436837811312'>

    @patch(
        "sglang.srt.managers.scheduler_components.kv_events_publisher.sock_send"
    )
    def test_kv_block_metrics_use_page_units(self, mock_sock_send):
        cases = [
            ("paged_half_full", 8192, 16, 0.5, 512, 256),
            ("single_token_pages", 8192, 1, 0.5, 8192, 4096),
            ("empty_cache", 8192, 16, 0.0, 512, 0),
            ("partial_trailing_page", 8200, 16, 1.0, 512, 512),
        ]
    
        for label, max_tokens, page_size, usage, total_blocks, active_blocks in cases:
            with self.subTest(label=label):
                mock_sock_send.reset_mock()
                stats = SimpleNamespace(
                    num_running_reqs=SimpleNamespace(total=2),
                    num_queue_reqs=SimpleNamespace(total=3),
                    token_usage=usage,
                    cache_hit_rate=0.25,
                )
                socket = MagicMock()
                socket.closed = False
>               publisher = SchedulerKvEventsPublisher(
                    kv_events_config=None,
                    ps=SimpleNamespace(dp_rank=None),
                    attn_tp_rank=0,
                    attn_cp_rank=0,
                    attn_dp_rank=0,
                    dp_rank=None,
                    tree_cache=MagicMock(),
                    send_metrics_from_scheduler=socket,
                    max_running_requests=8,
                    max_total_num_tokens=max_tokens,
                    page_size=page_size,
                    get_stats=lambda: stats,
                )
E               TypeError: SchedulerKvEventsPublisher.__init__() got an unexpected keyword argument 'page_size'

test/registered/unit/managers/scheduler_components/test_kv_events_publisher.py:37: TypeError
_ TestSchedulerKvEventsPublisher.test_kv_block_metrics_use_page_units (label='partial_trailing_page') _

self = <test_kv_events_publisher.TestSchedulerKvEventsPublisher testMethod=test_kv_block_metrics_use_page_units>
mock_sock_send = <MagicMock name='sock_send' id='140436837811312'>

    @patch(
        "sglang.srt.managers.scheduler_components.kv_events_publisher.sock_send"
    )
    def test_kv_block_metrics_use_page_units(self, mock_sock_send):
        cases = [
            ("paged_half_full", 8192, 16, 0.5, 512, 256),
            ("single_token_pages", 8192, 1, 0.5, 8192, 4096),
            ("empty_cache", 8192, 16, 0.0, 512, 0),
            ("partial_trailing_page", 8200, 16, 1.0, 512, 512),
        ]
    
        for label, max_tokens, page_size, usage, total_blocks, active_blocks in cases:
            with self.subTest(label=label):
                mock_sock_send.reset_mock()
                stats = SimpleNamespace(
                    num_running_reqs=SimpleNamespace(total=2),
                    num_queue_reqs=SimpleNamespace(total=3),
                    token_usage=usage,
                    cache_hit_rate=0.25,
                )
                socket = MagicMock()
                socket.closed = False
>               publisher = SchedulerKvEventsPublisher(
                    kv_events_config=None,
                    ps=SimpleNamespace(dp_rank=None),
                    attn_tp_rank=0,
                    attn_cp_rank=0,
                    attn_dp_rank=0,
                    dp_rank=None,
                    tree_cache=MagicMock(),
                    send_metrics_from_scheduler=socket,
                    max_running_requests=8,
                    max_total_num_tokens=max_tokens,
                    page_size=page_size,
                    get_stats=lambda: stats,
                )
E               TypeError: SchedulerKvEventsPublisher.__init__() got an unexpected keyword argument 'page_size'

test/registered/unit/managers/scheduler_components/test_kv_events_publisher.py:37: TypeError
=============================== warnings summary ===============================
../../opt/venv/lib/python3.12/site-packages/_pytest/config/__init__.py:1434
  /opt/venv/lib/python3.12/site-packages/_pytest/config/__init__.py:1434: PytestConfigWarning: Unknown config option: asyncio_mode
  
    self._warn_or_fail_if_strict(f"Unknown config option: {key}\n")

../../opt/venv/lib/python3.12/site-packages/torch/jit/_script.py:365: 14 warnings
  /opt/venv/lib/python3.12/site-packages/torch/jit/_script.py:365: DeprecationWarning: `torch.jit.script_method` is deprecated. Please switch to `torch.compile` or `torch.export`.
    warnings.warn(

../../opt/venv/lib/python3.12/site-packages/Cython/Distutils/old_build_ext.py:15
../../opt/venv/lib/python3.12/site-packages/Cython/Distutils/old_build_ext.py:15
  /opt/venv/lib/python3.12/site-packages/Cython/Distutils/old_build_ext.py:15: DeprecationWarning: dep_util is Deprecated. Use functions from setuptools instead.
    from distutils.dep_util import newer, newer_group

-- Docs: https://docs.pytest.org/en/stable/how-to/capture-warnings.html
=========================== short test summary info ============================
SUBFAILED(label='paged_half_full') test/registered/unit/managers/scheduler_components/test_kv_events_publisher.py::TestSchedulerKvEventsPublisher::test_kv_block_metrics_use_page_units
SUBFAILED(label='single_token_pages') test/registered/unit/managers/scheduler_components/test_kv_events_publisher.py::TestSchedulerKvEventsPublisher::test_kv_block_metrics_use_page_units
SUBFAILED(label='empty_cache') test/registered/unit/managers/scheduler_components/test_kv_events_publisher.py::TestSchedulerKvEventsPublisher::test_kv_block_metrics_use_page_units
SUBFAILED(label='partial_trailing_page') test/registered/unit/managers/scheduler_components/test_kv_events_publisher.py::TestSchedulerKvEventsPublisher::test_kv_block_metrics_use_page_units
4 failed, 1 passed, 17 warnings in 26.39s
