prepared_base=358c163250ad3b1f62939b01ce1314a0a31a0365
candidate=ce81df839f9b10ad98b581f394d24cf04d346940
source_import=/job/repo/python/sglang/srt/managers/cache_controller.py
native_changes=false

base_gpu_gate_exit=1
base_gpu_gate_device=AMD Instinct MI350X
base_gpu_gate_hip=7.2.26015
base_gpu_gate_matches=0/4096

candidate_gpu_gate_exit=0
candidate_gpu_gate_device=AMD Instinct MI350X
candidate_gpu_gate_hip=7.2.26015
candidate_gpu_gate_matches=4096/4096

candidate_regression_exit=0
candidate_regression_result=19 passed, 1 skipped, 17 warnings in 26.36s

candidate_independent_normal_failure_shutdown_exit=0
candidate_independent_normal_failure_shutdown_result=Ran 2 tests, OK

candidate_nested_abort_failure_exit=1
loader_escaped=event record failure during abort
enqueue_done_calls=0
acks=0
