.FF                                                                      [100%]
=================================== FAILURES ===================================
_ TestDeepseekV4DSparkConfidenceRuntimeGamma.test_uses_larger_runtime_window_instead_of_checkpoint_gamma _

self = <test_deepseek_v4_dspark_confidence.TestDeepseekV4DSparkConfidenceRuntimeGamma testMethod=test_uses_larger_runtime_window_instead_of_checkpoint_gamma>

    def test_uses_larger_runtime_window_instead_of_checkpoint_gamma(self):
>       confidence, head, markov, sampled = self._compute_confidence(
            checkpoint_gamma=5, runtime_gamma=7
        )

test/registered/spec/dspark/test_deepseek_v4_dspark_confidence.py:66: 
_ _ _ _ _ _ _ _ _ _ _ _ _ _ _ _ _ _ _ _ _ _ _ _ _ _ _ _ _ _ _ _ _ _ _ _ _ _ _ _ 
test/registered/spec/dspark/test_deepseek_v4_dspark_confidence.py:57: in _compute_confidence
    confidence = DeepseekV4ForCausalLMDSpark.compute_confidence(
_ _ _ _ _ _ _ _ _ _ _ _ _ _ _ _ _ _ _ _ _ _ _ _ _ _ _ _ _ _ _ _ _ _ _ _ _ _ _ _ 

self = namespace(confidence_head=<test_deepseek_v4_dspark_confidence._RecordingConfidenceHead object at 0x7f0106d82db0>, gamma=5, markov_head=<test_deepseek_v4_dspark_confidence._RecordingMarkovHead object at 0x7f0106d83020>)

    def compute_confidence(
        self,
        *,
        anchor_tokens: torch.Tensor,
        sampled_tokens: torch.Tensor,
        x_post_hc: torch.Tensor,
    ) -> Optional[torch.Tensor]:
        confidence_head = self.confidence_head
        if confidence_head is None:
            return None
        bs = int(anchor_tokens.shape[0])
>       x_post_hc = x_post_hc.view(bs, self.gamma, -1)
                    ^^^^^^^^^^^^^^^^^^^^^^^^^^^^^^^^^^
E       RuntimeError: shape '[2, 5, -1]' is invalid for input of size 56

python/sglang/srt/models/deepseek_v4_dspark.py:894: RuntimeError

During handling of the above exception, another exception occurred:
python/sglang/test/test_utils.py:2194: in _callTestMethod
    retry(
_ _ _ _ _ _ _ _ _ _ _ _ _ _ _ _ _ _ _ _ _ _ _ _ _ _ _ _ _ _ _ _ _ _ _ _ _ _ _ _ 

fn = <function CustomTestCase._callTestMethod.<locals>.<lambda> at 0x7f0106c1c540>
max_retry = 0, initial_delay = 2.0, max_delay = 60.0
should_retry = <function <lambda> at 0x7f09eb089760>

    def retry(
        fn,
        max_retry: int,
        initial_delay: float = 2.0,
        max_delay: float = 60.0,
        should_retry: Callable[[Any], bool] = lambda e: True,
    ):
        for try_index in itertools.count():
            try:
                return fn()
            except SkipTest:
                # Do NOT retry skipped tests - used in CI and unittest
                raise
            except _ShouldStop:
                # `unittest.case._ShouldStop` is raised by `subTest.__exit__`
                # when a subtest fails/skips and `result.failfast` is True
                # (CI invokes `python3 file.py -f`). It signals the outer
                # `testPartExecutor` to stop the test method cleanly; do
                # NOT retry, just propagate so unittest handles it.
                raise
            except Exception as e:
                traceback.print_exc()
    
                if try_index >= max_retry:
>                   raise Exception(f"retry() exceed maximum number of retries.")
E                   Exception: retry() exceed maximum number of retries.

python/sglang/srt/utils/common.py:3529: Exception
----------------------------- Captured stdout call -----------------------------
[CI Test Method] TestDeepseekV4DSparkConfidenceRuntimeGamma.test_uses_larger_runtime_window_instead_of_checkpoint_gamma
----------------------------- Captured stderr call -----------------------------
Traceback (most recent call last):
  File "/job/repo/python/sglang/srt/utils/common.py", line 3514, in retry
    return fn()
           ^^^^
  File "/job/repo/python/sglang/test/test_utils.py", line 2195, in <lambda>
    lambda: super(CustomTestCase, self)._callTestMethod(method),
            ^^^^^^^^^^^^^^^^^^^^^^^^^^^^^^^^^^^^^^^^^^^^^^^^^^^
  File "/usr/lib/python3.12/unittest/case.py", line 589, in _callTestMethod
    if method() is not None:
       ^^^^^^^^
  File "/job/repo/test/registered/spec/dspark/test_deepseek_v4_dspark_confidence.py", line 66, in test_uses_larger_runtime_window_instead_of_checkpoint_gamma
    confidence, head, markov, sampled = self._compute_confidence(
                                        ^^^^^^^^^^^^^^^^^^^^^^^^^
  File "/job/repo/test/registered/spec/dspark/test_deepseek_v4_dspark_confidence.py", line 57, in _compute_confidence
    confidence = DeepseekV4ForCausalLMDSpark.compute_confidence(
                 ^^^^^^^^^^^^^^^^^^^^^^^^^^^^^^^^^^^^^^^^^^^^^^^
  File "/job/repo/python/sglang/srt/models/deepseek_v4_dspark.py", line 894, in compute_confidence
    x_post_hc = x_post_hc.view(bs, self.gamma, -1)
                ^^^^^^^^^^^^^^^^^^^^^^^^^^^^^^^^^^
RuntimeError: shape '[2, 5, -1]' is invalid for input of size 56
_ TestDeepseekV4DSparkConfidenceRuntimeGamma.test_uses_smaller_runtime_window_instead_of_checkpoint_gamma _

self = <test_deepseek_v4_dspark_confidence.TestDeepseekV4DSparkConfidenceRuntimeGamma testMethod=test_uses_smaller_runtime_window_instead_of_checkpoint_gamma>

    def test_uses_smaller_runtime_window_instead_of_checkpoint_gamma(self):
>       confidence, head, markov, sampled = self._compute_confidence(
            checkpoint_gamma=5, runtime_gamma=3
        )

test/registered/spec/dspark/test_deepseek_v4_dspark_confidence.py:77: 
_ _ _ _ _ _ _ _ _ _ _ _ _ _ _ _ _ _ _ _ _ _ _ _ _ _ _ _ _ _ _ _ _ _ _ _ _ _ _ _ 
test/registered/spec/dspark/test_deepseek_v4_dspark_confidence.py:57: in _compute_confidence
    confidence = DeepseekV4ForCausalLMDSpark.compute_confidence(
_ _ _ _ _ _ _ _ _ _ _ _ _ _ _ _ _ _ _ _ _ _ _ _ _ _ _ _ _ _ _ _ _ _ _ _ _ _ _ _ 

self = namespace(confidence_head=<test_deepseek_v4_dspark_confidence._RecordingConfidenceHead object at 0x7f0106d820c0>, gamma=5, markov_head=<test_deepseek_v4_dspark_confidence._RecordingMarkovHead object at 0x7f0106d82420>)

    def compute_confidence(
        self,
        *,
        anchor_tokens: torch.Tensor,
        sampled_tokens: torch.Tensor,
        x_post_hc: torch.Tensor,
    ) -> Optional[torch.Tensor]:
        confidence_head = self.confidence_head
        if confidence_head is None:
            return None
        bs = int(anchor_tokens.shape[0])
>       x_post_hc = x_post_hc.view(bs, self.gamma, -1)
                    ^^^^^^^^^^^^^^^^^^^^^^^^^^^^^^^^^^
E       RuntimeError: shape '[2, 5, -1]' is invalid for input of size 24

python/sglang/srt/models/deepseek_v4_dspark.py:894: RuntimeError

During handling of the above exception, another exception occurred:
python/sglang/test/test_utils.py:2194: in _callTestMethod
    retry(
_ _ _ _ _ _ _ _ _ _ _ _ _ _ _ _ _ _ _ _ _ _ _ _ _ _ _ _ _ _ _ _ _ _ _ _ _ _ _ _ 

fn = <function CustomTestCase._callTestMethod.<locals>.<lambda> at 0x7f0106c1f4c0>
max_retry = 0, initial_delay = 2.0, max_delay = 60.0
should_retry = <function <lambda> at 0x7f09eb089760>

    def retry(
        fn,
        max_retry: int,
        initial_delay: float = 2.0,
        max_delay: float = 60.0,
        should_retry: Callable[[Any], bool] = lambda e: True,
    ):
        for try_index in itertools.count():
            try:
                return fn()
            except SkipTest:
                # Do NOT retry skipped tests - used in CI and unittest
                raise
            except _ShouldStop:
                # `unittest.case._ShouldStop` is raised by `subTest.__exit__`
                # when a subtest fails/skips and `result.failfast` is True
                # (CI invokes `python3 file.py -f`). It signals the outer
                # `testPartExecutor` to stop the test method cleanly; do
                # NOT retry, just propagate so unittest handles it.
                raise
            except Exception as e:
                traceback.print_exc()
    
                if try_index >= max_retry:
>                   raise Exception(f"retry() exceed maximum number of retries.")
E                   Exception: retry() exceed maximum number of retries.

python/sglang/srt/utils/common.py:3529: Exception
----------------------------- Captured stdout call -----------------------------
[CI Test Method] TestDeepseekV4DSparkConfidenceRuntimeGamma.test_uses_smaller_runtime_window_instead_of_checkpoint_gamma
----------------------------- Captured stderr call -----------------------------
Traceback (most recent call last):
  File "/job/repo/python/sglang/srt/utils/common.py", line 3514, in retry
    return fn()
           ^^^^
  File "/job/repo/python/sglang/test/test_utils.py", line 2195, in <lambda>
    lambda: super(CustomTestCase, self)._callTestMethod(method),
            ^^^^^^^^^^^^^^^^^^^^^^^^^^^^^^^^^^^^^^^^^^^^^^^^^^^
  File "/usr/lib/python3.12/unittest/case.py", line 589, in _callTestMethod
    if method() is not None:
       ^^^^^^^^
  File "/job/repo/test/registered/spec/dspark/test_deepseek_v4_dspark_confidence.py", line 77, in test_uses_smaller_runtime_window_instead_of_checkpoint_gamma
    confidence, head, markov, sampled = self._compute_confidence(
                                        ^^^^^^^^^^^^^^^^^^^^^^^^^
  File "/job/repo/test/registered/spec/dspark/test_deepseek_v4_dspark_confidence.py", line 57, in _compute_confidence
    confidence = DeepseekV4ForCausalLMDSpark.compute_confidence(
                 ^^^^^^^^^^^^^^^^^^^^^^^^^^^^^^^^^^^^^^^^^^^^^^^
  File "/job/repo/python/sglang/srt/models/deepseek_v4_dspark.py", line 894, in compute_confidence
    x_post_hc = x_post_hc.view(bs, self.gamma, -1)
                ^^^^^^^^^^^^^^^^^^^^^^^^^^^^^^^^^^
RuntimeError: shape '[2, 5, -1]' is invalid for input of size 24
=============================== warnings summary ===============================
../../opt/venv/lib/python3.12/site-packages/_pytest/config/__init__.py:1434
  /opt/venv/lib/python3.12/site-packages/_pytest/config/__init__.py:1434: PytestConfigWarning: Unknown config option: asyncio_mode
  
    self._warn_or_fail_if_strict(f"Unknown config option: {key}\n")

../../opt/venv/lib/python3.12/site-packages/torch/jit/_script.py:365: 14 warnings
  /opt/venv/lib/python3.12/site-packages/torch/jit/_script.py:365: DeprecationWarning: `torch.jit.script_method` is deprecated. Please switch to `torch.compile` or `torch.export`.
    warnings.warn(

../../opt/venv/lib/python3.12/site-packages/Cython/Distutils/old_build_ext.py:15
../../opt/venv/lib/python3.12/site-packages/Cython/Distutils/old_build_ext.py:15
  /opt/venv/lib/python3.12/site-packages/Cython/Distutils/old_build_ext.py:15: DeprecationWarning: dep_util is Deprecated. Use functions from setuptools instead.
    from distutils.dep_util import newer, newer_group

<frozen abc>:106
  <frozen abc>:106: DeprecationWarning: MultiPlatformOp is deprecated; subclass sglang.kernels.fused_op.BaseFusedOp instead (RFC #29630).

-- Docs: https://docs.pytest.org/en/stable/how-to/capture-warnings.html
=========================== short test summary info ============================
FAILED test/registered/spec/dspark/test_deepseek_v4_dspark_confidence.py::TestDeepseekV4DSparkConfidenceRuntimeGamma::test_uses_larger_runtime_window_instead_of_checkpoint_gamma
FAILED test/registered/spec/dspark/test_deepseek_v4_dspark_confidence.py::TestDeepseekV4DSparkConfidenceRuntimeGamma::test_uses_smaller_runtime_window_instead_of_checkpoint_gamma
2 failed, 1 passed, 18 warnings in 12.34s
