.                                                                    [100%]
=================================== FAILURES ===================================
_ TestTritonAttention.test_extend_attention_unified_vs_regular (B=8, N_CTX=256, H_Q=64, H_KV=8, D=80, xai_temperature_len=-1) _

self = <test_triton_attention_kernels.TestTritonAttention testMethod=test_extend_attention_unified_vs_regular>

    def test_extend_attention_unified_vs_regular(self):
        """Test unified kernel matches 2-stage kernel across different configs."""
        configs = [
            (4, 512, 32, 8, 128, -1),  # Standard config
            (2, 2048, 32, 8, 128, -1),  # Long sequence (test 2048 specifically)
            (8, 256, 64, 8, 80, -1),  # Non-standard head dim
            (2, 512, 32, 8, 128, 4),  # Grok/xAI temperature scaling
        ]
    
        for B, N_CTX, H_Q, H_KV, D, xai_temperature_len in configs:
            with self.subTest(
                B=B,
                N_CTX=N_CTX,
                H_Q=H_Q,
                H_KV=H_KV,
                D=D,
                xai_temperature_len=xai_temperature_len,
            ):
>               self._test_extend_attention_unified_vs_regular_once(
                    B, N_CTX, H_Q, H_KV, D, xai_temperature_len=xai_temperature_len
                )

test/registered/attention/test_triton_attention_kernels.py:1082: 
_ _ _ _ _ _ _ _ _ _ _ _ _ _ _ _ _ _ _ _ _ _ _ _ _ _ _ _ _ _ _ _ _ _ _ _ _ _ _ _ 
test/registered/attention/test_triton_attention_kernels.py:1058: in _test_extend_attention_unified_vs_regular_once
    self.assertTrue(
E   AssertionError: False is not true : Unified kernel output differs from 2-stage kernel. Max diff: 0.1669921875
=============================== warnings summary ===============================
../../opt/venv/lib/python3.12/site-packages/_pytest/config/__init__.py:1434
  /opt/venv/lib/python3.12/site-packages/_pytest/config/__init__.py:1434: PytestConfigWarning: Unknown config option: asyncio_mode
  
    self._warn_or_fail_if_strict(f"Unknown config option: {key}\n")

../../opt/venv/lib/python3.12/site-packages/torch/jit/_script.py:365: 14 warnings
  /opt/venv/lib/python3.12/site-packages/torch/jit/_script.py:365: DeprecationWarning: `torch.jit.script_method` is deprecated. Please switch to `torch.compile` or `torch.export`.
    warnings.warn(

../../opt/venv/lib/python3.12/site-packages/Cython/Distutils/old_build_ext.py:15
../../opt/venv/lib/python3.12/site-packages/Cython/Distutils/old_build_ext.py:15
  /opt/venv/lib/python3.12/site-packages/Cython/Distutils/old_build_ext.py:15: DeprecationWarning: dep_util is Deprecated. Use functions from setuptools instead.
    from distutils.dep_util import newer, newer_group

registered/attention/test_triton_attention_kernels.py::TestTritonAttention::test_extend_attention_unified_vs_regular
registered/attention/test_triton_attention_kernels.py::TestTritonAttention::test_extend_attention_unified_vs_regular
  /opt/venv/lib/python3.12/site-packages/triton/backends/amd/compiler.py:100: UserWarning: kpack is deprecated starting from gfx950 and will be removed in later releases. So for now kpack = 2 will be overwritten to 1 to make transitioning easier.
    warnings.warn(

-- Docs: https://docs.pytest.org/en/stable/how-to/capture-warnings.html
=========================== short test summary info ============================
SUBFAILED(B=8, N_CTX=256, H_Q=64, H_KV=8, D=80, xai_temperature_len=-1) test/registered/attention/test_triton_attention_kernels.py::TestTritonAttention::test_extend_attention_unified_vs_regular
1 failed, 1 passed, 19 warnings, 3 subtests passed in 21.75s
