{
  "device": "AMD Instinct MI355X",
  "arch": "gfx950:sramecc+:xnack-",
  "linear_fc1": {
    "input_dim": 4608,
    "output_dim": 4608,
    "rank": 32,
    "max_abs_error": 5.9735107421875,
    "mean_abs_error": 1.143091082572937,
    "max_reference_magnitude": 1358.528564453125
  },
  "linear_fc2": {
    "input_dim": 4608,
    "output_dim": 4096,
    "rank": 32,
    "max_abs_error": 7.4395751953125,
    "mean_abs_error": 1.2022851705551147,
    "max_reference_magnitude": 1708.8306884765625
  }
}
