warning: /job/repo/sgl-model-gateway/Cargo.toml: file `/job/repo/sgl-model-gateway/src/main.rs` found to be present in multiple build targets:
  * `bin` target `amg`
  * `bin` target `sgl-model-gateway`
  * `bin` target `smg`
    Checking sgl-model-gateway v0.3.2 (/job/repo/sgl-model-gateway)
error: the borrowed expression implements the required traits
   --> src/policies/cache_aware.rs:682:41
    |
682 |                 BasicWorkerBuilder::new(&format!("http://w{}:8000", j))
    |                                         ^^^^^^^^^^^^^^^^^^^^^^^^^^^^^^ help: change this to: `format!("http://w{}:8000", j)`
    |
    = help: for further information visit https://rust-lang.github.io/rust-clippy/master/index.html#needless_borrows_for_generic_args
    = note: `-D clippy::needless-borrows-for-generic-args` implied by `-D warnings`
    = help: to override `-D warnings` add `#[allow(clippy::needless_borrows_for_generic_args)]`

error: the borrowed expression implements the required traits
   --> src/policies/cache_aware.rs:741:41
    |
741 |                 BasicWorkerBuilder::new(&format!("http://w{}:8000", j))
    |                                         ^^^^^^^^^^^^^^^^^^^^^^^^^^^^^^ help: change this to: `format!("http://w{}:8000", j)`
    |
    = help: for further information visit https://rust-lang.github.io/rust-clippy/master/index.html#needless_borrows_for_generic_args

error: could not compile `sgl-model-gateway` (lib test) due to 2 previous errors
warning: build failed, waiting for other jobs to finish...
