[aiter] WARNING: NUMA balancing is enabled, which may cause errors. It is recommended to disable NUMA balancing by running "sudo sh -c 'echo 0 > /proc/sys/kernel/numa_balancing'" for more details: https://rocm.docs.amd.com/en/latest/how-to/system-optimization/mi300x.html#disable-numa-auto-balancing
[aiter] import [module_aiter_core] under /tmp/amdpilot-repo-j-237c14d3ae6f/cache/aiter/module_aiter_core.so
[CI Test Method] TestRaggedVerifyGraphCapability.test_base_backend_defaults_false
.[CI Test Method] TestRaggedVerifyGraphCapability.test_compact_capture_skips_unsupported_backend_and_replay
Traceback (most recent call last):
  File "/job/repo/python/sglang/srt/utils/common.py", line 3514, in retry
    return fn()
           ^^^^
  File "/job/repo/python/sglang/test/test_utils.py", line 2195, in <lambda>
    lambda: super(CustomTestCase, self)._callTestMethod(method),
            ^^^^^^^^^^^^^^^^^^^^^^^^^^^^^^^^^^^^^^^^^^^^^^^^^^^
  File "/usr/lib/python3.12/unittest/case.py", line 589, in _callTestMethod
    if method() is not None:
       ^^^^^^^^
  File "/tmp/j-237c14d3ae6f-review/test_candidate.py", line 71, in test_compact_capture_skips_unsupported_backend_and_replay
    runner.capture()
  File "/job/repo/python/sglang/srt/model_executor/runner/decode_cuda_graph_runner.py", line 996, in capture
    self.warmup()
  File "/usr/lib/python3.12/unittest/mock.py", line 1134, in __call__
    return self._mock_call(*args, **kwargs)
           ^^^^^^^^^^^^^^^^^^^^^^^^^^^^^^^^
  File "/usr/lib/python3.12/unittest/mock.py", line 1138, in _mock_call
    return self._execute_mock_call(*args, **kwargs)
           ^^^^^^^^^^^^^^^^^^^^^^^^^^^^^^^^^^^^^^^^
  File "/usr/lib/python3.12/unittest/mock.py", line 1193, in _execute_mock_call
    raise effect
AssertionError: must not warm up
E[CI Test Method] TestRaggedVerifyGraphCapability.test_non_compact_capture_ignores_ragged_capability
.[CI Test Method] TestRaggedVerifyGraphCapability.test_ragged_implementing_backends_declare_the_flag
<frozen abc>:106: DeprecationWarning: MultiPlatformOp is deprecated; subclass sglang.kernels.fused_op.BaseFusedOp instead (RFC #29630).
.[CI Test Method] TestRaggedVerifyGraphCapability.test_supported_compact_capture_continues
.[CI Test Method] TestRaggedVerifyGraphCapability.test_triton_hybrid_requires_both_children_to_support_ragged_graphs
.
======================================================================
ERROR: test_compact_capture_skips_unsupported_backend_and_replay (__main__.TestRaggedVerifyGraphCapability.test_compact_capture_skips_unsupported_backend_and_replay)
----------------------------------------------------------------------
Traceback (most recent call last):
  File "/job/repo/python/sglang/srt/utils/common.py", line 3514, in retry
    return fn()
           ^^^^
  File "/job/repo/python/sglang/test/test_utils.py", line 2195, in <lambda>
    lambda: super(CustomTestCase, self)._callTestMethod(method),
            ^^^^^^^^^^^^^^^^^^^^^^^^^^^^^^^^^^^^^^^^^^^^^^^^^^^
AssertionError: must not warm up

During handling of the above exception, another exception occurred:

Traceback (most recent call last):
  File "/job/repo/python/sglang/test/test_utils.py", line 2194, in _callTestMethod
    retry(
  File "/job/repo/python/sglang/srt/utils/common.py", line 3529, in retry
    raise Exception(f"retry() exceed maximum number of retries.")
Exception: retry() exceed maximum number of retries.

----------------------------------------------------------------------
Ran 6 tests in 0.403s

FAILED (errors=1)
