..F                                                                      [100%]
=================================== FAILURES ===================================
___ test_transient_builder_artifacts_are_not_committed_to_final_image_layers ___

    def test_transient_builder_artifacts_are_not_committed_to_final_image_layers():
        dockerfile = DOCKERFILE.read_text()
        transient_paths = {
            "/tmp/wheels/hpc-ops",
            "/tmp/local_src",
            "/tmp/gateway_wheels",
        }

        offending_paths = {path for path, _ in _copy_then_delete_pairs(dockerfile)}
>       assert offending_paths.isdisjoint(transient_paths)
E       AssertionError: assert False
E        +  where False = <built-in method isdisjoint of set object at 0x7ecc5a663220>({'/tmp/gateway_wheels', '/tmp/local_src', '/tmp/wheels/hpc-ops'})
E        +    where <built-in method isdisjoint of set object at 0x7ecc5a663220> = {'/tmp/gateway_wheels', '/tmp/local_src', '/tmp/wheels/hpc-ops'}.isdisjoint

test/registered/unit/tools/test_docker_transient_build_mounts.py:46: AssertionError
=============================== warnings summary ===============================
../../opt/venv/lib/python3.12/site-packages/_pytest/config/__init__.py:1434
  /opt/venv/lib/python3.12/site-packages/_pytest/config/__init__.py:1434: PytestConfigWarning: Unknown config option: asyncio_mode

    self._warn_or_fail_if_strict(f"Unknown config option: {key}\n")

-- Docs: https://docs.pytest.org/en/stable/how-to/capture-warnings.html
=========================== short test summary info ============================
FAILED test/registered/unit/tools/test_docker_transient_build_mounts.py::test_transient_builder_artifacts_are_not_committed_to_final_image_layers
1 failed, 2 passed, 1 warning in 0.30s
