..........F..                                                         [100%]
=================================== FAILURES ===================================
_ TestMooncakeFailedSessionRecovery.test_stale_probe_does_not_clear_reregistered_failure_generation _

self = <test_mooncake_transfer_batching.TestMooncakeFailedSessionRecovery testMethod=test_stale_probe_does_not_clear_reregistered_failure_generation>

    def test_stale_probe_does_not_clear_reregistered_failure_generation(self):
        probe_started = threading.Event()
        finish_probe = threading.Event()
    
        def send_probe(_):
            probe_started.set()
            self.assertTrue(finish_probe.wait(timeout=5))
            return 0
    
        manager = self._make_manager(["decode:1234"], send_probe)
        probe_thread = threading.Thread(
            target=MooncakeKVManager._run_one_probe_pass, args=(manager,)
        )
        probe_thread.start()
        self.assertTrue(probe_started.wait(timeout=5))
    
>       MooncakeKVManager._mark_session_registered(manager, "decode:1234")
        ^^^^^^^^^^^^^^^^^^^^^^^^^^^^^^^^^^^^^^^^^^
E       AttributeError: type object 'MooncakeKVManager' has no attribute '_mark_session_registered'

test/registered/unit/disaggregation/test_mooncake_transfer_batching.py:207: AttributeError
=============================== warnings summary ===============================
../../opt/venv/lib/python3.12/site-packages/_pytest/config/__init__.py:1434
  /opt/venv/lib/python3.12/site-packages/_pytest/config/__init__.py:1434: PytestConfigWarning: Unknown config option: asyncio_mode
  
    self._warn_or_fail_if_strict(f"Unknown config option: {key}\n")

../../opt/venv/lib/python3.12/site-packages/torch/jit/_script.py:365: 14 warnings
  /opt/venv/lib/python3.12/site-packages/torch/jit/_script.py:365: DeprecationWarning: `torch.jit.script_method` is deprecated. Please switch to `torch.compile` or `torch.export`.
    warnings.warn(

../../opt/venv/lib/python3.12/site-packages/Cython/Distutils/old_build_ext.py:15
../../opt/venv/lib/python3.12/site-packages/Cython/Distutils/old_build_ext.py:15
  /opt/venv/lib/python3.12/site-packages/Cython/Distutils/old_build_ext.py:15: DeprecationWarning: dep_util is Deprecated. Use functions from setuptools instead.
    from distutils.dep_util import newer, newer_group

-- Docs: https://docs.pytest.org/en/stable/how-to/capture-warnings.html
=========================== short test summary info ============================
FAILED test/registered/unit/disaggregation/test_mooncake_transfer_batching.py::TestMooncakeFailedSessionRecovery::test_stale_probe_does_not_clear_reregistered_failure_generation
1 failed, 12 passed, 17 warnings, 3 subtests passed in 27.13s
send_probe(decode:1234) raised: False is not true
