============================= test session starts ==============================
platform linux -- Python 3.12.3, pytest-9.0.3, pluggy-1.6.0 -- /tmp/amdpilot-repo-j-a4b7fb79edb1/venv/bin/python
cachedir: .pytest_cache
hypothesis profile 'default'
rootdir: /job/repo/test
configfile: pytest.ini
plugins: hypothesis-6.155.0, anyio-4.15.1
collecting ... collected 3 items

test/registered/unit/mem_cache/test_unified_mla_gpu_parity.py::TestUnifiedMLAPoolGPUParity::test_get_mla_kv_buffer_roundtrip [aiter] WARNING: NUMA balancing is enabled, which may cause errors. It is recommended to disable NUMA balancing by running "sudo sh -c 'echo 0 > /proc/sys/kernel/numa_balancing'" for more details: https://rocm.docs.amd.com/en/latest/how-to/system-optimization/mi300x.html#disable-numa-auto-balancing
[aiter] import [module_aiter_core] under /tmp/amdpilot-repo-j-a4b7fb79edb1/cache/aiter/module_aiter_core.so
PASSED
test/registered/unit/mem_cache/test_unified_mla_gpu_parity.py::TestUnifiedMLAPoolGPUParity::test_set_kv_buffer_combined_write PASSED
test/registered/unit/mem_cache/test_unified_mla_gpu_parity.py::TestUnifiedMLAPoolGPUParity::test_set_mla_kv_buffer_matches_stock_pool SUBPASSED(page_size=1, n_loc=256)
test/registered/unit/mem_cache/test_unified_mla_gpu_parity.py::TestUnifiedMLAPoolGPUParity::test_set_mla_kv_buffer_matches_stock_pool SUBPASSED(page_size=1, n_loc=1024)
test/registered/unit/mem_cache/test_unified_mla_gpu_parity.py::TestUnifiedMLAPoolGPUParity::test_set_mla_kv_buffer_matches_stock_pool SUBPASSED(page_size=64, n_loc=256)
test/registered/unit/mem_cache/test_unified_mla_gpu_parity.py::TestUnifiedMLAPoolGPUParity::test_set_mla_kv_buffer_matches_stock_pool SUBPASSED(page_size=64, n_loc=1024)
test/registered/unit/mem_cache/test_unified_mla_gpu_parity.py::TestUnifiedMLAPoolGPUParity::test_set_mla_kv_buffer_matches_stock_pool PASSED

=============================== warnings summary ===============================
../../opt/venv/lib/python3.12/site-packages/_pytest/config/__init__.py:1434
  /opt/venv/lib/python3.12/site-packages/_pytest/config/__init__.py:1434: PytestConfigWarning: Unknown config option: asyncio_mode
  
    self._warn_or_fail_if_strict(f"Unknown config option: {key}\n")

registered/unit/mem_cache/test_unified_mla_gpu_parity.py: 14 warnings
  /opt/venv/lib/python3.12/site-packages/torch/jit/_script.py:365: DeprecationWarning: `torch.jit.script_method` is deprecated. Please switch to `torch.compile` or `torch.export`.
    warnings.warn(

registered/unit/mem_cache/test_unified_mla_gpu_parity.py::TestUnifiedMLAPoolGPUParity::test_get_mla_kv_buffer_roundtrip
registered/unit/mem_cache/test_unified_mla_gpu_parity.py::TestUnifiedMLAPoolGPUParity::test_get_mla_kv_buffer_roundtrip
  /opt/venv/lib/python3.12/site-packages/Cython/Distutils/old_build_ext.py:15: DeprecationWarning: dep_util is Deprecated. Use functions from setuptools instead.
    from distutils.dep_util import newer, newer_group

-- Docs: https://docs.pytest.org/en/stable/how-to/capture-warnings.html
============== 3 passed, 17 warnings, 4 subtests passed in 9.20s ===============
