....                                                                   [100%]
=============================== warnings summary ===============================
../../opt/venv/lib/python3.12/site-packages/_pytest/config/__init__.py:1434
  /opt/venv/lib/python3.12/site-packages/_pytest/config/__init__.py:1434: PytestConfigWarning: Unknown config option: asyncio_mode
  
    self._warn_or_fail_if_strict(f"Unknown config option: {key}\n")

../../opt/venv/lib/python3.12/site-packages/torch/jit/_script.py:365: 14 warnings
  /opt/venv/lib/python3.12/site-packages/torch/jit/_script.py:365: DeprecationWarning: `torch.jit.script_method` is deprecated. Please switch to `torch.compile` or `torch.export`.
    warnings.warn(

../../opt/venv/lib/python3.12/site-packages/Cython/Distutils/old_build_ext.py:15
../../opt/venv/lib/python3.12/site-packages/Cython/Distutils/old_build_ext.py:15
  /opt/venv/lib/python3.12/site-packages/Cython/Distutils/old_build_ext.py:15: DeprecationWarning: dep_util is Deprecated. Use functions from setuptools instead.
    from distutils.dep_util import newer, newer_group

../../opt/venv/lib/python3.12/site-packages/triton/runtime/autotuner.py:106
../../opt/venv/lib/python3.12/site-packages/triton/runtime/autotuner.py:106
../../opt/venv/lib/python3.12/site-packages/triton/runtime/autotuner.py:106
../../opt/venv/lib/python3.12/site-packages/triton/runtime/autotuner.py:106
../../opt/venv/lib/python3.12/site-packages/triton/runtime/autotuner.py:106
../../opt/venv/lib/python3.12/site-packages/triton/runtime/autotuner.py:106
  /opt/venv/lib/python3.12/site-packages/triton/runtime/autotuner.py:106: DeprecationWarning: warmup, rep, and use_cuda_graph parameters are deprecated. See https://github.com/triton-lang/triton/pull/4496 for details.
    warnings.warn(("warmup, rep, and use_cuda_graph parameters are deprecated. See "

-- Docs: https://docs.pytest.org/en/stable/how-to/capture-warnings.html
4 passed, 23 warnings, 2 subtests passed in 12.37s
